2025/06/26 12:34:33 maxprocs: Leaving GOMAXPROCS=14: CPU quota undefined
Running Suite: Integration Suite - /Users/priyolahiri/Code/neo4j-kubernetes-operator/test/integration
=====================================================================================================
Random Seed: [1m1750934073[0m

Will run [1m16[0m of [1m16[0m specs
Running in parallel across [1m13[0m processes
[38;5;243m------------------------------[0m
[38;5;10m[BeforeSuite] PASSED [0.002 seconds][0m
[38;5;10m[1m[BeforeSuite] [0m
[38;5;243m/Users/priyolahiri/Code/neo4j-kubernetes-operator/test/integration/integration_suite_test.go:61[0m

  [38;5;243mTimeline >>[0m
  [1mSTEP:[0m connecting to existing cluster [38;5;243m@ 06/26/25 12:34:35.028[0m
  [1mSTEP:[0m setting up controller manager [38;5;243m@ 06/26/25 12:34:35.029[0m
  [1mSTEP:[0m webhooks disabled for integration tests [38;5;243m@ 06/26/25 12:34:35.029[0m
  [1mSTEP:[0m starting the manager [38;5;243m@ 06/26/25 12:34:35.029[0m
  [1mSTEP:[0m waiting for cache to sync [38;5;243m@ 06/26/25 12:34:35.029[0m
  [38;5;243m<< Timeline[0m
[38;5;243m------------------------------[0m
[38;5;10m[BeforeSuite] PASSED [0.002 seconds][0m
[38;5;10m[1m[BeforeSuite] [0m
[38;5;243m/Users/priyolahiri/Code/neo4j-kubernetes-operator/test/integration/integration_suite_test.go:61[0m

  [38;5;243mTimeline >>[0m
  [1mSTEP:[0m connecting to existing cluster [38;5;243m@ 06/26/25 12:34:35.028[0m
  [1mSTEP:[0m setting up controller manager [38;5;243m@ 06/26/25 12:34:35.029[0m
  [1mSTEP:[0m webhooks disabled for integration tests [38;5;243m@ 06/26/25 12:34:35.029[0m
  [1mSTEP:[0m starting the manager [38;5;243m@ 06/26/25 12:34:35.029[0m
  [1mSTEP:[0m waiting for cache to sync [38;5;243m@ 06/26/25 12:34:35.029[0m
  [38;5;243m<< Timeline[0m
[38;5;243m------------------------------[0m
[38;5;10m[BeforeSuite] PASSED [0.002 seconds][0m
[38;5;10m[1m[BeforeSuite] [0m
[38;5;243m/Users/priyolahiri/Code/neo4j-kubernetes-operator/test/integration/integration_suite_test.go:61[0m

  [38;5;243mTimeline >>[0m
  [1mSTEP:[0m connecting to existing cluster [38;5;243m@ 06/26/25 12:34:35.028[0m
  [1mSTEP:[0m setting up controller manager [38;5;243m@ 06/26/25 12:34:35.029[0m
  [1mSTEP:[0m webhooks disabled for integration tests [38;5;243m@ 06/26/25 12:34:35.029[0m
  [1mSTEP:[0m starting the manager [38;5;243m@ 06/26/25 12:34:35.029[0m
  [1mSTEP:[0m waiting for cache to sync [38;5;243m@ 06/26/25 12:34:35.029[0m
  [38;5;243m<< Timeline[0m
[38;5;243m------------------------------[0m
[38;5;10m[BeforeSuite] PASSED [0.002 seconds][0m
[38;5;10m[1m[BeforeSuite] [0m
[38;5;243m/Users/priyolahiri/Code/neo4j-kubernetes-operator/test/integration/integration_suite_test.go:61[0m

  [38;5;243mTimeline >>[0m
  [1mSTEP:[0m connecting to existing cluster [38;5;243m@ 06/26/25 12:34:35.028[0m
  [1mSTEP:[0m setting up controller manager [38;5;243m@ 06/26/25 12:34:35.029[0m
  [1mSTEP:[0m webhooks disabled for integration tests [38;5;243m@ 06/26/25 12:34:35.029[0m
  [1mSTEP:[0m starting the manager [38;5;243m@ 06/26/25 12:34:35.029[0m
  [1mSTEP:[0m waiting for cache to sync [38;5;243m@ 06/26/25 12:34:35.029[0m
  [38;5;243m<< Timeline[0m
[38;5;243m------------------------------[0m
[38;5;10m[BeforeSuite] PASSED [0.002 seconds][0m
[38;5;10m[1m[BeforeSuite] [0m
[38;5;243m/Users/priyolahiri/Code/neo4j-kubernetes-operator/test/integration/integration_suite_test.go:61[0m

  [38;5;243mTimeline >>[0m
  [1mSTEP:[0m connecting to existing cluster [38;5;243m@ 06/26/25 12:34:35.028[0m
  [1mSTEP:[0m setting up controller manager [38;5;243m@ 06/26/25 12:34:35.029[0m
  [1mSTEP:[0m webhooks disabled for integration tests [38;5;243m@ 06/26/25 12:34:35.029[0m
  [1mSTEP:[0m starting the manager [38;5;243m@ 06/26/25 12:34:35.029[0m
  [1mSTEP:[0m waiting for cache to sync [38;5;243m@ 06/26/25 12:34:35.029[0m
  [38;5;243m<< Timeline[0m
[38;5;243m------------------------------[0m
[38;5;10m[BeforeSuite] PASSED [0.003 seconds][0m
[38;5;10m[1m[BeforeSuite] [0m
[38;5;243m/Users/priyolahiri/Code/neo4j-kubernetes-operator/test/integration/integration_suite_test.go:61[0m

  [38;5;243mTimeline >>[0m
  [1mSTEP:[0m connecting to existing cluster [38;5;243m@ 06/26/25 12:34:35.028[0m
  [1mSTEP:[0m setting up controller manager [38;5;243m@ 06/26/25 12:34:35.03[0m
  [1mSTEP:[0m webhooks disabled for integration tests [38;5;243m@ 06/26/25 12:34:35.03[0m
  [1mSTEP:[0m starting the manager [38;5;243m@ 06/26/25 12:34:35.03[0m
  [1mSTEP:[0m waiting for cache to sync [38;5;243m@ 06/26/25 12:34:35.03[0m
  [38;5;243m<< Timeline[0m
[38;5;243m------------------------------[0m
[38;5;10m[BeforeSuite] PASSED [0.003 seconds][0m
[38;5;10m[1m[BeforeSuite] [0m
[38;5;243m/Users/priyolahiri/Code/neo4j-kubernetes-operator/test/integration/integration_suite_test.go:61[0m

  [38;5;243mTimeline >>[0m
  [1mSTEP:[0m connecting to existing cluster [38;5;243m@ 06/26/25 12:34:35.028[0m
  [1mSTEP:[0m setting up controller manager [38;5;243m@ 06/26/25 12:34:35.031[0m
  [1mSTEP:[0m webhooks disabled for integration tests [38;5;243m@ 06/26/25 12:34:35.031[0m
  [1mSTEP:[0m starting the manager [38;5;243m@ 06/26/25 12:34:35.031[0m
  [1mSTEP:[0m waiting for cache to sync [38;5;243m@ 06/26/25 12:34:35.031[0m
  [38;5;243m<< Timeline[0m
[38;5;243m------------------------------[0m
[38;5;10m[BeforeSuite] PASSED [0.001 seconds][0m
[38;5;10m[1m[BeforeSuite] [0m
[38;5;243m/Users/priyolahiri/Code/neo4j-kubernetes-operator/test/integration/integration_suite_test.go:61[0m

  [38;5;243mTimeline >>[0m
  [1mSTEP:[0m connecting to existing cluster [38;5;243m@ 06/26/25 12:34:35.031[0m
  [1mSTEP:[0m setting up controller manager [38;5;243m@ 06/26/25 12:34:35.032[0m
  [1mSTEP:[0m webhooks disabled for integration tests [38;5;243m@ 06/26/25 12:34:35.032[0m
  [1mSTEP:[0m starting the manager [38;5;243m@ 06/26/25 12:34:35.032[0m
  [1mSTEP:[0m waiting for cache to sync [38;5;243m@ 06/26/25 12:34:35.032[0m
  [38;5;243m<< Timeline[0m
[38;5;243m------------------------------[0m
[38;5;10m[BeforeSuite] PASSED [0.002 seconds][0m
[38;5;10m[1m[BeforeSuite] [0m
[38;5;243m/Users/priyolahiri/Code/neo4j-kubernetes-operator/test/integration/integration_suite_test.go:61[0m

  [38;5;243mTimeline >>[0m
  [1mSTEP:[0m connecting to existing cluster [38;5;243m@ 06/26/25 12:34:35.031[0m
  [1mSTEP:[0m setting up controller manager [38;5;243m@ 06/26/25 12:34:35.032[0m
  [1mSTEP:[0m webhooks disabled for integration tests [38;5;243m@ 06/26/25 12:34:35.032[0m
  [1mSTEP:[0m starting the manager [38;5;243m@ 06/26/25 12:34:35.032[0m
  [1mSTEP:[0m waiting for cache to sync [38;5;243m@ 06/26/25 12:34:35.032[0m
  [38;5;243m<< Timeline[0m
[38;5;243m------------------------------[0m
[38;5;10m[BeforeSuite] PASSED [0.001 seconds][0m
[38;5;10m[1m[BeforeSuite] [0m
[38;5;243m/Users/priyolahiri/Code/neo4j-kubernetes-operator/test/integration/integration_suite_test.go:61[0m

  [38;5;243mTimeline >>[0m
  [1mSTEP:[0m connecting to existing cluster [38;5;243m@ 06/26/25 12:34:35.031[0m
  [1mSTEP:[0m setting up controller manager [38;5;243m@ 06/26/25 12:34:35.032[0m
  [1mSTEP:[0m webhooks disabled for integration tests [38;5;243m@ 06/26/25 12:34:35.032[0m
  [1mSTEP:[0m starting the manager [38;5;243m@ 06/26/25 12:34:35.032[0m
  [1mSTEP:[0m waiting for cache to sync [38;5;243m@ 06/26/25 12:34:35.032[0m
  [38;5;243m<< Timeline[0m
[38;5;243m------------------------------[0m
[38;5;10m[BeforeSuite] PASSED [0.001 seconds][0m
[38;5;10m[1m[BeforeSuite] [0m
[38;5;243m/Users/priyolahiri/Code/neo4j-kubernetes-operator/test/integration/integration_suite_test.go:61[0m

  [38;5;243mTimeline >>[0m
  [1mSTEP:[0m connecting to existing cluster [38;5;243m@ 06/26/25 12:34:35.033[0m
  [1mSTEP:[0m setting up controller manager [38;5;243m@ 06/26/25 12:34:35.034[0m
  [1mSTEP:[0m webhooks disabled for integration tests [38;5;243m@ 06/26/25 12:34:35.034[0m
  [1mSTEP:[0m starting the manager [38;5;243m@ 06/26/25 12:34:35.034[0m
  [1mSTEP:[0m waiting for cache to sync [38;5;243m@ 06/26/25 12:34:35.034[0m
  [38;5;243m<< Timeline[0m
[38;5;243m------------------------------[0m
[38;5;10m[BeforeSuite] PASSED [0.001 seconds][0m
[38;5;10m[1m[BeforeSuite] [0m
[38;5;243m/Users/priyolahiri/Code/neo4j-kubernetes-operator/test/integration/integration_suite_test.go:61[0m

  [38;5;243mTimeline >>[0m
  [1mSTEP:[0m connecting to existing cluster [38;5;243m@ 06/26/25 12:34:35.033[0m
  [1mSTEP:[0m setting up controller manager [38;5;243m@ 06/26/25 12:34:35.034[0m
  [1mSTEP:[0m webhooks disabled for integration tests [38;5;243m@ 06/26/25 12:34:35.034[0m
  [1mSTEP:[0m starting the manager [38;5;243m@ 06/26/25 12:34:35.034[0m
  [1mSTEP:[0m waiting for cache to sync [38;5;243m@ 06/26/25 12:34:35.034[0m
  [38;5;243m<< Timeline[0m
[38;5;243m------------------------------[0m
[38;5;10m[BeforeSuite] PASSED [0.001 seconds][0m
[38;5;10m[1m[BeforeSuite] [0m
[38;5;243m/Users/priyolahiri/Code/neo4j-kubernetes-operator/test/integration/integration_suite_test.go:61[0m

  [38;5;243mTimeline >>[0m
  [1mSTEP:[0m connecting to existing cluster [38;5;243m@ 06/26/25 12:34:35.035[0m
  [1mSTEP:[0m setting up controller manager [38;5;243m@ 06/26/25 12:34:35.036[0m
  [1mSTEP:[0m webhooks disabled for integration tests [38;5;243m@ 06/26/25 12:34:35.036[0m
  [1mSTEP:[0m starting the manager [38;5;243m@ 06/26/25 12:34:35.036[0m
  [1mSTEP:[0m waiting for cache to sync [38;5;243m@ 06/26/25 12:34:35.036[0m
  [38;5;243m<< Timeline[0m
[38;5;243m------------------------------[0m
[38;5;14mS [SKIPPED] [0.099 seconds][0m
[0mFailure Scenarios [38;5;243mInvalid Cluster Configurations [38;5;14m[1m[It] should reject cluster with invalid storage size[0m
[38;5;243m/Users/priyolahiri/Code/neo4j-kubernetes-operator/test/integration/failure_scenarios_test.go:125[0m

  [38;5;14m[SKIPPED] Skipping validation test - webhooks are disabled for integration tests[0m
  [38;5;14mIn [1m[It][0m[38;5;14m at: [1m/Users/priyolahiri/Code/neo4j-kubernetes-operator/test/integration/failure_scenarios_test.go:129[0m [38;5;243m@ 06/26/25 12:34:35.1[0m
[38;5;243m------------------------------[0m
[38;5;10m• [0.161 seconds][0m
[0mFailure Scenarios [38;5;243mInvalid Cluster Configurations [38;5;10m[1mshould reject cluster with invalid secondary count[0m
[38;5;243m/Users/priyolahiri/Code/neo4j-kubernetes-operator/test/integration/failure_scenarios_test.go:97[0m

  [38;5;243mTimeline >>[0m
  2025-06-26T12:34:35+02:00	INFO	Starting Controller	{"controller": "neo4jrole", "controllerGroup": "neo4j.neo4j.com", "controllerKind": "Neo4jRole"}
  2025-06-26T12:34:35+02:00	INFO	Starting workers	{"controller": "neo4jrole", "controllerGroup": "neo4j.neo4j.com", "controllerKind": "Neo4jRole", "worker count": 1}
  2025-06-26T12:34:35+02:00	INFO	Starting Controller	{"controller": "neo4jbackup", "controllerGroup": "neo4j.neo4j.com", "controllerKind": "Neo4jBackup"}
  2025-06-26T12:34:35+02:00	INFO	Starting workers	{"controller": "neo4jbackup", "controllerGroup": "neo4j.neo4j.com", "controllerKind": "Neo4jBackup", "worker count": 1}
  2025-06-26T12:34:35+02:00	INFO	Starting Controller	{"controller": "neo4juser", "controllerGroup": "neo4j.neo4j.com", "controllerKind": "Neo4jUser"}
  2025-06-26T12:34:35+02:00	INFO	Starting workers	{"controller": "neo4juser", "controllerGroup": "neo4j.neo4j.com", "controllerKind": "Neo4jUser", "worker count": 1}
  2025-06-26T12:34:35+02:00	INFO	Starting Controller	{"controller": "neo4jenterprisecluster", "controllerGroup": "neo4j.neo4j.com", "controllerKind": "Neo4jEnterpriseCluster"}
  2025-06-26T12:34:35+02:00	INFO	Starting Controller	{"controller": "neo4jgrant", "controllerGroup": "neo4j.neo4j.com", "controllerKind": "Neo4jGrant"}
  2025-06-26T12:34:35+02:00	INFO	Starting workers	{"controller": "neo4jenterprisecluster", "controllerGroup": "neo4j.neo4j.com", "controllerKind": "Neo4jEnterpriseCluster", "worker count": 1}
  2025-06-26T12:34:35+02:00	INFO	Starting workers	{"controller": "neo4jgrant", "controllerGroup": "neo4j.neo4j.com", "controllerKind": "Neo4jGrant", "worker count": 1}
  2025-06-26T12:34:35+02:00	INFO	Starting Controller	{"controller": "neo4jdatabase", "controllerGroup": "neo4j.neo4j.com", "controllerKind": "Neo4jDatabase"}
  2025-06-26T12:34:35+02:00	INFO	Starting workers	{"controller": "neo4jdatabase", "controllerGroup": "neo4j.neo4j.com", "controllerKind": "Neo4jDatabase", "worker count": 1}
  2025-06-26T12:34:35+02:00	INFO	Starting Controller	{"controller": "neo4jrestore", "controllerGroup": "neo4j.neo4j.com", "controllerKind": "Neo4jRestore"}
  2025-06-26T12:34:35+02:00	INFO	Starting workers	{"controller": "neo4jrestore", "controllerGroup": "neo4j.neo4j.com", "controllerKind": "Neo4jRestore", "worker count": 1}
  2025-06-26T12:34:35+02:00	INFO	Starting Controller	{"controller": "neo4jplugin", "controllerGroup": "neo4j.neo4j.com", "controllerKind": "Neo4jPlugin"}
  2025-06-26T12:34:35+02:00	INFO	Starting workers	{"controller": "neo4jplugin", "controllerGroup": "neo4j.neo4j.com", "controllerKind": "Neo4jPlugin", "worker count": 1}
  2025-06-26T12:34:35+02:00	ERROR	Failed to add finalizer	{"controller": "neo4jbackup", "controllerGroup": "neo4j.neo4j.com", "controllerKind": "Neo4jBackup", "Neo4jBackup": {"name":"test-backup-invalid-storage","namespace":"test-failure-1750934075033884000-1750934075035500000"}, "namespace": "test-failure-1750934075033884000-1750934075035500000", "name": "test-backup-invalid-storage", "reconcileID": "1c64337d-9d06-47e9-8299-67adca60d19b", "error": "Operation cannot be fulfilled on neo4jbackups.neo4j.neo4j.com \"test-backup-invalid-storage\": the object has been modified; please apply your changes to the latest version and try again"}
  github.com/neo4j-labs/neo4j-kubernetes-operator/internal/controller.(*Neo4jBackupReconciler).Reconcile
  	/Users/priyolahiri/Code/neo4j-kubernetes-operator/internal/controller/neo4jbackup_controller.go:97
  sigs.k8s.io/controller-runtime/pkg/internal/controller.(*Controller[...]).Reconcile
  	/Users/priyolahiri/go/pkg/mod/sigs.k8s.io/controller-runtime@v0.21.0/pkg/internal/controller/controller.go:119
  sigs.k8s.io/controller-runtime/pkg/internal/controller.(*Controller[...]).reconcileHandler
  	/Users/priyolahiri/go/pkg/mod/sigs.k8s.io/controller-runtime@v0.21.0/pkg/internal/controller/controller.go:340
  sigs.k8s.io/controller-runtime/pkg/internal/controller.(*Controller[...]).processNextWorkItem
  	/Users/priyolahiri/go/pkg/mod/sigs.k8s.io/controller-runtime@v0.21.0/pkg/internal/controller/controller.go:300
  sigs.k8s.io/controller-runtime/pkg/internal/controller.(*Controller[...]).Start.func2.1
  	/Users/priyolahiri/go/pkg/mod/sigs.k8s.io/controller-runtime@v0.21.0/pkg/internal/controller/controller.go:202
  2025-06-26T12:34:35+02:00	ERROR	Reconciler error	{"controller": "neo4jbackup", "controllerGroup": "neo4j.neo4j.com", "controllerKind": "Neo4jBackup", "Neo4jBackup": {"name":"test-backup-invalid-storage","namespace":"test-failure-1750934075033884000-1750934075035500000"}, "namespace": "test-failure-1750934075033884000-1750934075035500000", "name": "test-backup-invalid-storage", "reconcileID": "1c64337d-9d06-47e9-8299-67adca60d19b", "error": "Operation cannot be fulfilled on neo4jbackups.neo4j.neo4j.com \"test-backup-invalid-storage\": the object has been modified; please apply your changes to the latest version and try again"}
  sigs.k8s.io/controller-runtime/pkg/internal/controller.(*Controller[...]).reconcileHandler
  	/Users/priyolahiri/go/pkg/mod/sigs.k8s.io/controller-runtime@v0.21.0/pkg/internal/controller/controller.go:353
  sigs.k8s.io/controller-runtime/pkg/internal/controller.(*Controller[...]).processNextWorkItem
  	/Users/priyolahiri/go/pkg/mod/sigs.k8s.io/controller-runtime@v0.21.0/pkg/internal/controller/controller.go:300
  sigs.k8s.io/controller-runtime/pkg/internal/controller.(*Controller[...]).Start.func2.1
  	/Users/priyolahiri/go/pkg/mod/sigs.k8s.io/controller-runtime@v0.21.0/pkg/internal/controller/controller.go:202
  2025-06-26T12:34:35+02:00	ERROR	Failed to get target cluster	{"controller": "neo4jbackup", "controllerGroup": "neo4j.neo4j.com", "controllerKind": "Neo4jBackup", "Neo4jBackup": {"name":"test-backup-no-cluster","namespace":"test-failure-1750934075031883000-1750934075034004000"}, "namespace": "test-failure-1750934075031883000-1750934075034004000", "name": "test-backup-no-cluster", "reconcileID": "4de6a60d-2fad-4f88-86f8-8343e5e02a41", "error": "Neo4jEnterpriseCluster.neo4j.neo4j.com \"non-existent-cluster\" not found"}
  github.com/neo4j-labs/neo4j-kubernetes-operator/internal/controller.(*Neo4jBackupReconciler).Reconcile
  	/Users/priyolahiri/Code/neo4j-kubernetes-operator/internal/controller/neo4jbackup_controller.go:106
  sigs.k8s.io/controller-runtime/pkg/internal/controller.(*Controller[...]).Reconcile
  	/Users/priyolahiri/go/pkg/mod/sigs.k8s.io/controller-runtime@v0.21.0/pkg/internal/controller/controller.go:119
  sigs.k8s.io/controller-runtime/pkg/internal/controller.(*Controller[...]).reconcileHandler
  	/Users/priyolahiri/go/pkg/mod/sigs.k8s.io/controller-runtime@v0.21.0/pkg/internal/controller/controller.go:340
  sigs.k8s.io/controller-runtime/pkg/internal/controller.(*Controller[...]).processNextWorkItem
  	/Users/priyolahiri/go/pkg/mod/sigs.k8s.io/controller-runtime@v0.21.0/pkg/internal/controller/controller.go:300
  sigs.k8s.io/controller-runtime/pkg/internal/controller.(*Controller[...]).Start.func2.1
  	/Users/priyolahiri/go/pkg/mod/sigs.k8s.io/controller-runtime@v0.21.0/pkg/internal/controller/controller.go:202
  2025-06-26T12:34:35+02:00	ERROR	Failed to add finalizer	{"controller": "neo4jrestore", "controllerGroup": "neo4j.neo4j.com", "controllerKind": "Neo4jRestore", "Neo4jRestore": {"name":"test-restore-no-cluster","namespace":"test-failure-1750934075035366000-1750934075036586000"}, "namespace": "test-failure-1750934075035366000-1750934075036586000", "name": "test-restore-no-cluster", "reconcileID": "c889d68e-a664-4a58-a2d9-4e482a43248d", "error": "Operation cannot be fulfilled on neo4jrestores.neo4j.neo4j.com \"test-restore-no-cluster\": the object has been modified; please apply your changes to the latest version and try again"}
  github.com/neo4j-labs/neo4j-kubernetes-operator/internal/controller.(*Neo4jRestoreReconciler).Reconcile
  	/Users/priyolahiri/Code/neo4j-kubernetes-operator/internal/controller/neo4jrestore_controller.go:109
  sigs.k8s.io/controller-runtime/pkg/internal/controller.(*Controller[...]).Reconcile
  	/Users/priyolahiri/go/pkg/mod/sigs.k8s.io/controller-runtime@v0.21.0/pkg/internal/controller/controller.go:119
  sigs.k8s.io/controller-runtime/pkg/internal/controller.(*Controller[...]).reconcileHandler
  	/Users/priyolahiri/go/pkg/mod/sigs.k8s.io/controller-runtime@v0.21.0/pkg/internal/controller/controller.go:340
  sigs.k8s.io/controller-runtime/pkg/internal/controller.(*Controller[...]).processNextWorkItem
  	/Users/priyolahiri/go/pkg/mod/sigs.k8s.io/controller-runtime@v0.21.0/pkg/internal/controller/controller.go:300
  sigs.k8s.io/controller-runtime/pkg/internal/controller.(*Controller[...]).Start.func2.1
  	/Users/priyolahiri/go/pkg/mod/sigs.k8s.io/controller-runtime@v0.21.0/pkg/internal/controller/controller.go:202
  2025-06-26T12:34:35+02:00	ERROR	Reconciler error	{"controller": "neo4jrestore", "controllerGroup": "neo4j.neo4j.com", "controllerKind": "Neo4jRestore", "Neo4jRestore": {"name":"test-restore-no-cluster","namespace":"test-failure-1750934075035366000-1750934075036586000"}, "namespace": "test-failure-1750934075035366000-1750934075036586000", "name": "test-restore-no-cluster", "reconcileID": "c889d68e-a664-4a58-a2d9-4e482a43248d", "error": "Operation cannot be fulfilled on neo4jrestores.neo4j.neo4j.com \"test-restore-no-cluster\": the object has been modified; please apply your changes to the latest version and try again"}
  sigs.k8s.io/controller-runtime/pkg/internal/controller.(*Controller[...]).reconcileHandler
  	/Users/priyolahiri/go/pkg/mod/sigs.k8s.io/controller-runtime@v0.21.0/pkg/internal/controller/controller.go:353
  sigs.k8s.io/controller-runtime/pkg/internal/controller.(*Controller[...]).processNextWorkItem
  	/Users/priyolahiri/go/pkg/mod/sigs.k8s.io/controller-runtime@v0.21.0/pkg/internal/controller/controller.go:300
  sigs.k8s.io/controller-runtime/pkg/internal/controller.(*Controller[...]).Start.func2.1
  	/Users/priyolahiri/go/pkg/mod/sigs.k8s.io/controller-runtime@v0.21.0/pkg/internal/controller/controller.go:202
  2025-06-26T12:34:35+02:00	ERROR	Failed to add finalizer	{"controller": "neo4jrestore", "controllerGroup": "neo4j.neo4j.com", "controllerKind": "Neo4jRestore", "Neo4jRestore": {"name":"test-restore-no-backup","namespace":"test-failure-1750934075033706000-1750934075035488000"}, "namespace": "test-failure-1750934075033706000-1750934075035488000", "name": "test-restore-no-backup", "reconcileID": "8d1d6d76-9f62-4f77-8c95-3fa0442cf727", "error": "Operation cannot be fulfilled on neo4jrestores.neo4j.neo4j.com \"test-restore-no-backup\": the object has been modified; please apply your changes to the latest version and try again"}
  github.com/neo4j-labs/neo4j-kubernetes-operator/internal/controller.(*Neo4jRestoreReconciler).Reconcile
  	/Users/priyolahiri/Code/neo4j-kubernetes-operator/internal/controller/neo4jrestore_controller.go:109
  sigs.k8s.io/controller-runtime/pkg/internal/controller.(*Controller[...]).Reconcile
  	/Users/priyolahiri/go/pkg/mod/sigs.k8s.io/controller-runtime@v0.21.0/pkg/internal/controller/controller.go:119
  sigs.k8s.io/controller-runtime/pkg/internal/controller.(*Controller[...]).reconcileHandler
  	/Users/priyolahiri/go/pkg/mod/sigs.k8s.io/controller-runtime@v0.21.0/pkg/internal/controller/controller.go:340
  sigs.k8s.io/controller-runtime/pkg/internal/controller.(*Controller[...]).processNextWorkItem
  	/Users/priyolahiri/go/pkg/mod/sigs.k8s.io/controller-runtime@v0.21.0/pkg/internal/controller/controller.go:300
  sigs.k8s.io/controller-runtime/pkg/internal/controller.(*Controller[...]).Start.func2.1
  	/Users/priyolahiri/go/pkg/mod/sigs.k8s.io/controller-runtime@v0.21.0/pkg/internal/controller/controller.go:202
  2025-06-26T12:34:35+02:00	ERROR	Reconciler error	{"controller": "neo4jrestore", "controllerGroup": "neo4j.neo4j.com", "controllerKind": "Neo4jRestore", "Neo4jRestore": {"name":"test-restore-no-backup","namespace":"test-failure-1750934075033706000-1750934075035488000"}, "namespace": "test-failure-1750934075033706000-1750934075035488000", "name": "test-restore-no-backup", "reconcileID": "8d1d6d76-9f62-4f77-8c95-3fa0442cf727", "error": "Operation cannot be fulfilled on neo4jrestores.neo4j.neo4j.com \"test-restore-no-backup\": the object has been modified; please apply your changes to the latest version and try again"}
  sigs.k8s.io/controller-runtime/pkg/internal/controller.(*Controller[...]).reconcileHandler
  	/Users/priyolahiri/go/pkg/mod/sigs.k8s.io/controller-runtime@v0.21.0/pkg/internal/controller/controller.go:353
  sigs.k8s.io/controller-runtime/pkg/internal/controller.(*Controller[...]).processNextWorkItem
  	/Users/priyolahiri/go/pkg/mod/sigs.k8s.io/controller-runtime@v0.21.0/pkg/internal/controller/controller.go:300
  sigs.k8s.io/controller-runtime/pkg/internal/controller.(*Controller[...]).Start.func2.1
  	/Users/priyolahiri/go/pkg/mod/sigs.k8s.io/controller-runtime@v0.21.0/pkg/internal/controller/controller.go:202
  2025-06-26T12:34:35+02:00	ERROR	Failed to get target cluster	{"controller": "neo4jrestore", "controllerGroup": "neo4j.neo4j.com", "controllerKind": "Neo4jRestore", "Neo4jRestore": {"name":"test-restore-no-cluster","namespace":"test-failure-1750934075035366000-1750934075036586000"}, "namespace": "test-failure-1750934075035366000-1750934075036586000", "name": "test-restore-no-cluster", "reconcileID": "065dc585-e2d5-4df9-bf0e-3e7476e154f0", "error": "Neo4jEnterpriseCluster.neo4j.neo4j.com \"non-existent-cluster\" not found"}
  github.com/neo4j-labs/neo4j-kubernetes-operator/internal/controller.(*Neo4jRestoreReconciler).Reconcile
  	/Users/priyolahiri/Code/neo4j-kubernetes-operator/internal/controller/neo4jrestore_controller.go:118
  sigs.k8s.io/controller-runtime/pkg/internal/controller.(*Controller[...]).Reconcile
  	/Users/priyolahiri/go/pkg/mod/sigs.k8s.io/controller-runtime@v0.21.0/pkg/internal/controller/controller.go:119
  sigs.k8s.io/controller-runtime/pkg/internal/controller.(*Controller[...]).reconcileHandler
  	/Users/priyolahiri/go/pkg/mod/sigs.k8s.io/controller-runtime@v0.21.0/pkg/internal/controller/controller.go:340
  sigs.k8s.io/controller-runtime/pkg/internal/controller.(*Controller[...]).processNextWorkItem
  	/Users/priyolahiri/go/pkg/mod/sigs.k8s.io/controller-runtime@v0.21.0/pkg/internal/controller/controller.go:300
  sigs.k8s.io/controller-runtime/pkg/internal/controller.(*Controller[...]).Start.func2.1
  	/Users/priyolahiri/go/pkg/mod/sigs.k8s.io/controller-runtime@v0.21.0/pkg/internal/controller/controller.go:202
  2025-06-26T12:34:35+02:00	INFO	Warning: Reconciler returned both a non-zero result and a non-nil error. The result will always be ignored if the error is non-nil and the non-nil error causes requeuing with exponential backoff. For more details, see: https://pkg.go.dev/sigs.k8s.io/controller-runtime/pkg/reconcile#Reconciler	{"controller": "neo4jbackup", "controllerGroup": "neo4j.neo4j.com", "controllerKind": "Neo4jBackup", "Neo4jBackup": {"name":"test-backup-no-cluster","namespace":"test-failure-1750934075031883000-1750934075034004000"}, "namespace": "test-failure-1750934075031883000-1750934075034004000", "name": "test-backup-no-cluster", "reconcileID": "4de6a60d-2fad-4f88-86f8-8343e5e02a41"}
  2025-06-26T12:34:35+02:00	ERROR	Reconciler error	{"controller": "neo4jbackup", "controllerGroup": "neo4j.neo4j.com", "controllerKind": "Neo4jBackup", "Neo4jBackup": {"name":"test-backup-no-cluster","namespace":"test-failure-1750934075031883000-1750934075034004000"}, "namespace": "test-failure-1750934075031883000-1750934075034004000", "name": "test-backup-no-cluster", "reconcileID": "4de6a60d-2fad-4f88-86f8-8343e5e02a41", "error": "Neo4jEnterpriseCluster.neo4j.neo4j.com \"non-existent-cluster\" not found"}
  sigs.k8s.io/controller-runtime/pkg/internal/controller.(*Controller[...]).reconcileHandler
  	/Users/priyolahiri/go/pkg/mod/sigs.k8s.io/controller-runtime@v0.21.0/pkg/internal/controller/controller.go:353
  sigs.k8s.io/controller-runtime/pkg/internal/controller.(*Controller[...]).processNextWorkItem
  	/Users/priyolahiri/go/pkg/mod/sigs.k8s.io/controller-runtime@v0.21.0/pkg/internal/controller/controller.go:300
  sigs.k8s.io/controller-runtime/pkg/internal/controller.(*Controller[...]).Start.func2.1
  	/Users/priyolahiri/go/pkg/mod/sigs.k8s.io/controller-runtime@v0.21.0/pkg/internal/controller/controller.go:202
  2025-06-26T12:34:35+02:00	ERROR	Failed to get target cluster	{"controller": "neo4jbackup", "controllerGroup": "neo4j.neo4j.com", "controllerKind": "Neo4jBackup", "Neo4jBackup": {"name":"test-backup-invalid-storage","namespace":"test-failure-1750934075033884000-1750934075035500000"}, "namespace": "test-failure-1750934075033884000-1750934075035500000", "name": "test-backup-invalid-storage", "reconcileID": "6c95c4ed-2a82-4747-a453-d47371c551b0", "error": "Neo4jEnterpriseCluster.neo4j.neo4j.com \"test-cluster\" not found"}
  github.com/neo4j-labs/neo4j-kubernetes-operator/internal/controller.(*Neo4jBackupReconciler).Reconcile
  	/Users/priyolahiri/Code/neo4j-kubernetes-operator/internal/controller/neo4jbackup_controller.go:106
  sigs.k8s.io/controller-runtime/pkg/internal/controller.(*Controller[...]).Reconcile
  	/Users/priyolahiri/go/pkg/mod/sigs.k8s.io/controller-runtime@v0.21.0/pkg/internal/controller/controller.go:119
  sigs.k8s.io/controller-runtime/pkg/internal/controller.(*Controller[...]).reconcileHandler
  	/Users/priyolahiri/go/pkg/mod/sigs.k8s.io/controller-runtime@v0.21.0/pkg/internal/controller/controller.go:340
  sigs.k8s.io/controller-runtime/pkg/internal/controller.(*Controller[...]).processNextWorkItem
  	/Users/priyolahiri/go/pkg/mod/sigs.k8s.io/controller-runtime@v0.21.0/pkg/internal/controller/controller.go:300
  sigs.k8s.io/controller-runtime/pkg/internal/controller.(*Controller[...]).Start.func2.1
  	/Users/priyolahiri/go/pkg/mod/sigs.k8s.io/controller-runtime@v0.21.0/pkg/internal/controller/controller.go:202
  2025-06-26T12:34:35+02:00	INFO	Warning: Reconciler returned both a non-zero result and a non-nil error. The result will always be ignored if the error is non-nil and the non-nil error causes requeuing with exponential backoff. For more details, see: https://pkg.go.dev/sigs.k8s.io/controller-runtime/pkg/reconcile#Reconciler	{"controller": "neo4jbackup", "controllerGroup": "neo4j.neo4j.com", "controllerKind": "Neo4jBackup", "Neo4jBackup": {"name":"test-backup-invalid-storage","namespace":"test-failure-1750934075033884000-1750934075035500000"}, "namespace": "test-failure-1750934075033884000-1750934075035500000", "name": "test-backup-invalid-storage", "reconcileID": "6c95c4ed-2a82-4747-a453-d47371c551b0"}
  2025-06-26T12:34:35+02:00	ERROR	Reconciler error	{"controller": "neo4jbackup", "controllerGroup": "neo4j.neo4j.com", "controllerKind": "Neo4jBackup", "Neo4jBackup": {"name":"test-backup-invalid-storage","namespace":"test-failure-1750934075033884000-1750934075035500000"}, "namespace": "test-failure-1750934075033884000-1750934075035500000", "name": "test-backup-invalid-storage", "reconcileID": "6c95c4ed-2a82-4747-a453-d47371c551b0", "error": "Neo4jEnterpriseCluster.neo4j.neo4j.com \"test-cluster\" not found"}
  sigs.k8s.io/controller-runtime/pkg/internal/controller.(*Controller[...]).reconcileHandler
  	/Users/priyolahiri/go/pkg/mod/sigs.k8s.io/controller-runtime@v0.21.0/pkg/internal/controller/controller.go:353
  sigs.k8s.io/controller-runtime/pkg/internal/controller.(*Controller[...]).processNextWorkItem
  	/Users/priyolahiri/go/pkg/mod/sigs.k8s.io/controller-runtime@v0.21.0/pkg/internal/controller/controller.go:300
  sigs.k8s.io/controller-runtime/pkg/internal/controller.(*Controller[...]).Start.func2.1
  	/Users/priyolahiri/go/pkg/mod/sigs.k8s.io/controller-runtime@v0.21.0/pkg/internal/controller/controller.go:202
  2025-06-26T12:34:35+02:00	ERROR	Failed to get target cluster	{"controller": "neo4jbackup", "controllerGroup": "neo4j.neo4j.com", "controllerKind": "Neo4jBackup", "Neo4jBackup": {"name":"test-backup-no-cluster","namespace":"test-failure-1750934075031883000-1750934075034004000"}, "namespace": "test-failure-1750934075031883000-1750934075034004000", "name": "test-backup-no-cluster", "reconcileID": "815f2d0d-fefa-41ac-9913-441c85de739d", "error": "Neo4jEnterpriseCluster.neo4j.neo4j.com \"non-existent-cluster\" not found"}
  github.com/neo4j-labs/neo4j-kubernetes-operator/internal/controller.(*Neo4jBackupReconciler).Reconcile
  	/Users/priyolahiri/Code/neo4j-kubernetes-operator/internal/controller/neo4jbackup_controller.go:106
  sigs.k8s.io/controller-runtime/pkg/internal/controller.(*Controller[...]).Reconcile
  	/Users/priyolahiri/go/pkg/mod/sigs.k8s.io/controller-runtime@v0.21.0/pkg/internal/controller/controller.go:119
  sigs.k8s.io/controller-runtime/pkg/internal/controller.(*Controller[...]).reconcileHandler
  	/Users/priyolahiri/go/pkg/mod/sigs.k8s.io/controller-runtime@v0.21.0/pkg/internal/controller/controller.go:340
  sigs.k8s.io/controller-runtime/pkg/internal/controller.(*Controller[...]).processNextWorkItem
  	/Users/priyolahiri/go/pkg/mod/sigs.k8s.io/controller-runtime@v0.21.0/pkg/internal/controller/controller.go:300
  sigs.k8s.io/controller-runtime/pkg/internal/controller.(*Controller[...]).Start.func2.1
  	/Users/priyolahiri/go/pkg/mod/sigs.k8s.io/controller-runtime@v0.21.0/pkg/internal/controller/controller.go:202
  2025-06-26T12:34:35+02:00	INFO	Warning: Reconciler returned both a non-zero result and a non-nil error. The result will always be ignored if the error is non-nil and the non-nil error causes requeuing with exponential backoff. For more details, see: https://pkg.go.dev/sigs.k8s.io/controller-runtime/pkg/reconcile#Reconciler	{"controller": "neo4jbackup", "controllerGroup": "neo4j.neo4j.com", "controllerKind": "Neo4jBackup", "Neo4jBackup": {"name":"test-backup-no-cluster","namespace":"test-failure-1750934075031883000-1750934075034004000"}, "namespace": "test-failure-1750934075031883000-1750934075034004000", "name": "test-backup-no-cluster", "reconcileID": "815f2d0d-fefa-41ac-9913-441c85de739d"}
  2025-06-26T12:34:35+02:00	ERROR	Reconciler error	{"controller": "neo4jbackup", "controllerGroup": "neo4j.neo4j.com", "controllerKind": "Neo4jBackup", "Neo4jBackup": {"name":"test-backup-no-cluster","namespace":"test-failure-1750934075031883000-1750934075034004000"}, "namespace": "test-failure-1750934075031883000-1750934075034004000", "name": "test-backup-no-cluster", "reconcileID": "815f2d0d-fefa-41ac-9913-441c85de739d", "error": "Neo4jEnterpriseCluster.neo4j.neo4j.com \"non-existent-cluster\" not found"}
  sigs.k8s.io/controller-runtime/pkg/internal/controller.(*Controller[...]).reconcileHandler
  	/Users/priyolahiri/go/pkg/mod/sigs.k8s.io/controller-runtime@v0.21.0/pkg/internal/controller/controller.go:353
  sigs.k8s.io/controller-runtime/pkg/internal/controller.(*Controller[...]).processNextWorkItem
  	/Users/priyolahiri/go/pkg/mod/sigs.k8s.io/controller-runtime@v0.21.0/pkg/internal/controller/controller.go:300
  sigs.k8s.io/controller-runtime/pkg/internal/controller.(*Controller[...]).Start.func2.1
  	/Users/priyolahiri/go/pkg/mod/sigs.k8s.io/controller-runtime@v0.21.0/pkg/internal/controller/controller.go:202
  2025-06-26T12:34:35+02:00	ERROR	Failed to get target cluster	{"controller": "neo4jbackup", "controllerGroup": "neo4j.neo4j.com", "controllerKind": "Neo4jBackup", "Neo4jBackup": {"name":"test-backup-no-cluster","namespace":"test-failure-1750934075031883000-1750934075034004000"}, "namespace": "test-failure-1750934075031883000-1750934075034004000", "name": "test-backup-no-cluster", "reconcileID": "0b6e48e3-638d-44f3-b430-f742d09d90d0", "error": "Neo4jEnterpriseCluster.neo4j.neo4j.com \"non-existent-cluster\" not found"}
  github.com/neo4j-labs/neo4j-kubernetes-operator/internal/controller.(*Neo4jBackupReconciler).Reconcile
  	/Users/priyolahiri/Code/neo4j-kubernetes-operator/internal/controller/neo4jbackup_controller.go:106
  sigs.k8s.io/controller-runtime/pkg/internal/controller.(*Controller[...]).Reconcile
  	/Users/priyolahiri/go/pkg/mod/sigs.k8s.io/controller-runtime@v0.21.0/pkg/internal/controller/controller.go:119
  sigs.k8s.io/controller-runtime/pkg/internal/controller.(*Controller[...]).reconcileHandler
  	/Users/priyolahiri/go/pkg/mod/sigs.k8s.io/controller-runtime@v0.21.0/pkg/internal/controller/controller.go:340
  sigs.k8s.io/controller-runtime/pkg/internal/controller.(*Controller[...]).processNextWorkItem
  	/Users/priyolahiri/go/pkg/mod/sigs.k8s.io/controller-runtime@v0.21.0/pkg/internal/controller/controller.go:300
  sigs.k8s.io/controller-runtime/pkg/internal/controller.(*Controller[...]).Start.func2.1
  	/Users/priyolahiri/go/pkg/mod/sigs.k8s.io/controller-runtime@v0.21.0/pkg/internal/controller/controller.go:202
  [38;5;243m<< Timeline[0m
[38;5;243m------------------------------[0m
[38;5;9m• [FAILED] [0.241 seconds][0m
[0mEnterprise Features Integration Tests [38;5;243mPlugin Management Feature [38;5;9m[1m[It] Should create and manage Neo4j plugins[0m
[38;5;243m/Users/priyolahiri/Code/neo4j-kubernetes-operator/test/integration/enterprise_features_test.go:160[0m

  [38;5;243mTimeline >>[0m
  2025-06-26T12:34:35+02:00	INFO	Starting Controller	{"controller": "neo4jplugin", "controllerGroup": "neo4j.neo4j.com", "controllerKind": "Neo4jPlugin"}
  2025-06-26T12:34:35+02:00	INFO	Starting workers	{"controller": "neo4jplugin", "controllerGroup": "neo4j.neo4j.com", "controllerKind": "Neo4jPlugin", "worker count": 1}
  2025-06-26T12:34:35+02:00	INFO	Starting Controller	{"controller": "neo4jgrant", "controllerGroup": "neo4j.neo4j.com", "controllerKind": "Neo4jGrant"}
  2025-06-26T12:34:35+02:00	INFO	Starting workers	{"controller": "neo4jgrant", "controllerGroup": "neo4j.neo4j.com", "controllerKind": "Neo4jGrant", "worker count": 1}
  2025-06-26T12:34:35+02:00	INFO	Starting Controller	{"controller": "neo4jrole", "controllerGroup": "neo4j.neo4j.com", "controllerKind": "Neo4jRole"}
  2025-06-26T12:34:35+02:00	INFO	Starting workers	{"controller": "neo4jrole", "controllerGroup": "neo4j.neo4j.com", "controllerKind": "Neo4jRole", "worker count": 1}
  2025-06-26T12:34:35+02:00	INFO	Starting Controller	{"controller": "neo4jdatabase", "controllerGroup": "neo4j.neo4j.com", "controllerKind": "Neo4jDatabase"}
  2025-06-26T12:34:35+02:00	INFO	Starting workers	{"controller": "neo4jdatabase", "controllerGroup": "neo4j.neo4j.com", "controllerKind": "Neo4jDatabase", "worker count": 1}
  2025-06-26T12:34:35+02:00	INFO	Starting Controller	{"controller": "neo4jbackup", "controllerGroup": "neo4j.neo4j.com", "controllerKind": "Neo4jBackup"}
  2025-06-26T12:34:35+02:00	INFO	Starting workers	{"controller": "neo4jbackup", "controllerGroup": "neo4j.neo4j.com", "controllerKind": "Neo4jBackup", "worker count": 1}
  2025-06-26T12:34:35+02:00	INFO	Starting Controller	{"controller": "neo4juser", "controllerGroup": "neo4j.neo4j.com", "controllerKind": "Neo4jUser"}
  2025-06-26T12:34:35+02:00	INFO	Starting workers	{"controller": "neo4juser", "controllerGroup": "neo4j.neo4j.com", "controllerKind": "Neo4jUser", "worker count": 1}
  2025-06-26T12:34:35+02:00	INFO	Starting Controller	{"controller": "neo4jrestore", "controllerGroup": "neo4j.neo4j.com", "controllerKind": "Neo4jRestore"}
  2025-06-26T12:34:35+02:00	INFO	Starting workers	{"controller": "neo4jrestore", "controllerGroup": "neo4j.neo4j.com", "controllerKind": "Neo4jRestore", "worker count": 1}
  2025-06-26T12:34:35+02:00	INFO	Starting Controller	{"controller": "neo4jenterprisecluster", "controllerGroup": "neo4j.neo4j.com", "controllerKind": "Neo4jEnterpriseCluster"}
  2025-06-26T12:34:35+02:00	INFO	Starting workers	{"controller": "neo4jenterprisecluster", "controllerGroup": "neo4j.neo4j.com", "controllerKind": "Neo4jEnterpriseCluster", "worker count": 1}
  2025-06-26T12:34:35+02:00	ERROR	Failed to add finalizer	{"controller": "neo4jbackup", "controllerGroup": "neo4j.neo4j.com", "controllerKind": "Neo4jBackup", "Neo4jBackup": {"name":"test-backup-invalid-storage","namespace":"test-failure-1750934075033884000-1750934075035500000"}, "namespace": "test-failure-1750934075033884000-1750934075035500000", "name": "test-backup-invalid-storage", "reconcileID": "0ffd895e-0ef2-4ed8-825d-c9be83ef2fbc", "error": "Operation cannot be fulfilled on neo4jbackups.neo4j.neo4j.com \"test-backup-invalid-storage\": the object has been modified; please apply your changes to the latest version and try again"}
  github.com/neo4j-labs/neo4j-kubernetes-operator/internal/controller.(*Neo4jBackupReconciler).Reconcile
  	/Users/priyolahiri/Code/neo4j-kubernetes-operator/internal/controller/neo4jbackup_controller.go:97
  sigs.k8s.io/controller-runtime/pkg/internal/controller.(*Controller[...]).Reconcile
  	/Users/priyolahiri/go/pkg/mod/sigs.k8s.io/controller-runtime@v0.21.0/pkg/internal/controller/controller.go:119
  sigs.k8s.io/controller-runtime/pkg/internal/controller.(*Controller[...]).reconcileHandler
  	/Users/priyolahiri/go/pkg/mod/sigs.k8s.io/controller-runtime@v0.21.0/pkg/internal/controller/controller.go:340
  sigs.k8s.io/controller-runtime/pkg/internal/controller.(*Controller[...]).processNextWorkItem
  	/Users/priyolahiri/go/pkg/mod/sigs.k8s.io/controller-runtime@v0.21.0/pkg/internal/controller/controller.go:300
  sigs.k8s.io/controller-runtime/pkg/internal/controller.(*Controller[...]).Start.func2.1
  	/Users/priyolahiri/go/pkg/mod/sigs.k8s.io/controller-runtime@v0.21.0/pkg/internal/controller/controller.go:202
  2025-06-26T12:34:35+02:00	ERROR	Reconciler error	{"controller": "neo4jbackup", "controllerGroup": "neo4j.neo4j.com", "controllerKind": "Neo4jBackup", "Neo4jBackup": {"name":"test-backup-invalid-storage","namespace":"test-failure-1750934075033884000-1750934075035500000"}, "namespace": "test-failure-1750934075033884000-1750934075035500000", "name": "test-backup-invalid-storage", "reconcileID": "0ffd895e-0ef2-4ed8-825d-c9be83ef2fbc", "error": "Operation cannot be fulfilled on neo4jbackups.neo4j.neo4j.com \"test-backup-invalid-storage\": the object has been modified; please apply your changes to the latest version and try again"}
  sigs.k8s.io/controller-runtime/pkg/internal/controller.(*Controller[...]).reconcileHandler
  	/Users/priyolahiri/go/pkg/mod/sigs.k8s.io/controller-runtime@v0.21.0/pkg/internal/controller/controller.go:353
  sigs.k8s.io/controller-runtime/pkg/internal/controller.(*Controller[...]).processNextWorkItem
  	/Users/priyolahiri/go/pkg/mod/sigs.k8s.io/controller-runtime@v0.21.0/pkg/internal/controller/controller.go:300
  sigs.k8s.io/controller-runtime/pkg/internal/controller.(*Controller[...]).Start.func2.1
  	/Users/priyolahiri/go/pkg/mod/sigs.k8s.io/controller-runtime@v0.21.0/pkg/internal/controller/controller.go:202
  2025-06-26T12:34:35+02:00	ERROR	Failed to add finalizer	{"controller": "neo4jbackup", "controllerGroup": "neo4j.neo4j.com", "controllerKind": "Neo4jBackup", "Neo4jBackup": {"name":"test-backup-no-cluster","namespace":"test-failure-1750934075031883000-1750934075034004000"}, "namespace": "test-failure-1750934075031883000-1750934075034004000", "name": "test-backup-no-cluster", "reconcileID": "5a834722-6401-4fe5-a248-1348396b42a4", "error": "Operation cannot be fulfilled on neo4jbackups.neo4j.neo4j.com \"test-backup-no-cluster\": the object has been modified; please apply your changes to the latest version and try again"}
  github.com/neo4j-labs/neo4j-kubernetes-operator/internal/controller.(*Neo4jBackupReconciler).Reconcile
  	/Users/priyolahiri/Code/neo4j-kubernetes-operator/internal/controller/neo4jbackup_controller.go:97
  sigs.k8s.io/controller-runtime/pkg/internal/controller.(*Controller[...]).Reconcile
  	/Users/priyolahiri/go/pkg/mod/sigs.k8s.io/controller-runtime@v0.21.0/pkg/internal/controller/controller.go:119
  sigs.k8s.io/controller-runtime/pkg/internal/controller.(*Controller[...]).reconcileHandler
  	/Users/priyolahiri/go/pkg/mod/sigs.k8s.io/controller-runtime@v0.21.0/pkg/internal/controller/controller.go:340
  sigs.k8s.io/controller-runtime/pkg/internal/controller.(*Controller[...]).processNextWorkItem
  	/Users/priyolahiri/go/pkg/mod/sigs.k8s.io/controller-runtime@v0.21.0/pkg/internal/controller/controller.go:300
  sigs.k8s.io/controller-runtime/pkg/internal/controller.(*Controller[...]).Start.func2.1
  	/Users/priyolahiri/go/pkg/mod/sigs.k8s.io/controller-runtime@v0.21.0/pkg/internal/controller/controller.go:202
  2025-06-26T12:34:35+02:00	ERROR	Reconciler error	{"controller": "neo4jbackup", "controllerGroup": "neo4j.neo4j.com", "controllerKind": "Neo4jBackup", "Neo4jBackup": {"name":"test-backup-no-cluster","namespace":"test-failure-1750934075031883000-1750934075034004000"}, "namespace": "test-failure-1750934075031883000-1750934075034004000", "name": "test-backup-no-cluster", "reconcileID": "5a834722-6401-4fe5-a248-1348396b42a4", "error": "Operation cannot be fulfilled on neo4jbackups.neo4j.neo4j.com \"test-backup-no-cluster\": the object has been modified; please apply your changes to the latest version and try again"}
  sigs.k8s.io/controller-runtime/pkg/internal/controller.(*Controller[...]).reconcileHandler
  	/Users/priyolahiri/go/pkg/mod/sigs.k8s.io/controller-runtime@v0.21.0/pkg/internal/controller/controller.go:353
  sigs.k8s.io/controller-runtime/pkg/internal/controller.(*Controller[...]).processNextWorkItem
  	/Users/priyolahiri/go/pkg/mod/sigs.k8s.io/controller-runtime@v0.21.0/pkg/internal/controller/controller.go:300
  sigs.k8s.io/controller-runtime/pkg/internal/controller.(*Controller[...]).Start.func2.1
  	/Users/priyolahiri/go/pkg/mod/sigs.k8s.io/controller-runtime@v0.21.0/pkg/internal/controller/controller.go:202
  2025-06-26T12:34:35+02:00	ERROR	Failed to get target cluster	{"controller": "neo4jbackup", "controllerGroup": "neo4j.neo4j.com", "controllerKind": "Neo4jBackup", "Neo4jBackup": {"name":"test-backup-invalid-storage","namespace":"test-failure-1750934075033884000-1750934075035500000"}, "namespace": "test-failure-1750934075033884000-1750934075035500000", "name": "test-backup-invalid-storage", "reconcileID": "fc11d22b-2e07-4524-8de7-7ea25a07ed2c", "error": "Neo4jEnterpriseCluster.neo4j.neo4j.com \"test-cluster\" not found"}
  github.com/neo4j-labs/neo4j-kubernetes-operator/internal/controller.(*Neo4jBackupReconciler).Reconcile
  	/Users/priyolahiri/Code/neo4j-kubernetes-operator/internal/controller/neo4jbackup_controller.go:106
  sigs.k8s.io/controller-runtime/pkg/internal/controller.(*Controller[...]).Reconcile
  	/Users/priyolahiri/go/pkg/mod/sigs.k8s.io/controller-runtime@v0.21.0/pkg/internal/controller/controller.go:119
  sigs.k8s.io/controller-runtime/pkg/internal/controller.(*Controller[...]).reconcileHandler
  	/Users/priyolahiri/go/pkg/mod/sigs.k8s.io/controller-runtime@v0.21.0/pkg/internal/controller/controller.go:340
  sigs.k8s.io/controller-runtime/pkg/internal/controller.(*Controller[...]).processNextWorkItem
  	/Users/priyolahiri/go/pkg/mod/sigs.k8s.io/controller-runtime@v0.21.0/pkg/internal/controller/controller.go:300
  sigs.k8s.io/controller-runtime/pkg/internal/controller.(*Controller[...]).Start.func2.1
  	/Users/priyolahiri/go/pkg/mod/sigs.k8s.io/controller-runtime@v0.21.0/pkg/internal/controller/controller.go:202
  2025-06-26T12:34:35+02:00	ERROR	Failed to get target cluster	{"controller": "neo4jrestore", "controllerGroup": "neo4j.neo4j.com", "controllerKind": "Neo4jRestore", "Neo4jRestore": {"name":"test-restore-no-cluster","namespace":"test-failure-1750934075035366000-1750934075036586000"}, "namespace": "test-failure-1750934075035366000-1750934075036586000", "name": "test-restore-no-cluster", "reconcileID": "d783b544-cd57-4361-ad88-64a13a33ab3c", "error": "Neo4jEnterpriseCluster.neo4j.neo4j.com \"non-existent-cluster\" not found"}
  github.com/neo4j-labs/neo4j-kubernetes-operator/internal/controller.(*Neo4jRestoreReconciler).Reconcile
  	/Users/priyolahiri/Code/neo4j-kubernetes-operator/internal/controller/neo4jrestore_controller.go:118
  sigs.k8s.io/controller-runtime/pkg/internal/controller.(*Controller[...]).Reconcile
  	/Users/priyolahiri/go/pkg/mod/sigs.k8s.io/controller-runtime@v0.21.0/pkg/internal/controller/controller.go:119
  sigs.k8s.io/controller-runtime/pkg/internal/controller.(*Controller[...]).reconcileHandler
  	/Users/priyolahiri/go/pkg/mod/sigs.k8s.io/controller-runtime@v0.21.0/pkg/internal/controller/controller.go:340
  sigs.k8s.io/controller-runtime/pkg/internal/controller.(*Controller[...]).processNextWorkItem
  	/Users/priyolahiri/go/pkg/mod/sigs.k8s.io/controller-runtime@v0.21.0/pkg/internal/controller/controller.go:300
  sigs.k8s.io/controller-runtime/pkg/internal/controller.(*Controller[...]).Start.func2.1
  	/Users/priyolahiri/go/pkg/mod/sigs.k8s.io/controller-runtime@v0.21.0/pkg/internal/controller/controller.go:202
  2025-06-26T12:34:35+02:00	INFO	Warning: Reconciler returned both a non-zero result and a non-nil error. The result will always be ignored if the error is non-nil and the non-nil error causes requeuing with exponential backoff. For more details, see: https://pkg.go.dev/sigs.k8s.io/controller-runtime/pkg/reconcile#Reconciler	{"controller": "neo4jbackup", "controllerGroup": "neo4j.neo4j.com", "controllerKind": "Neo4jBackup", "Neo4jBackup": {"name":"test-backup-invalid-storage","namespace":"test-failure-1750934075033884000-1750934075035500000"}, "namespace": "test-failure-1750934075033884000-1750934075035500000", "name": "test-backup-invalid-storage", "reconcileID": "fc11d22b-2e07-4524-8de7-7ea25a07ed2c"}
  2025-06-26T12:34:35+02:00	ERROR	Reconciler error	{"controller": "neo4jbackup", "controllerGroup": "neo4j.neo4j.com", "controllerKind": "Neo4jBackup", "Neo4jBackup": {"name":"test-backup-invalid-storage","namespace":"test-failure-1750934075033884000-1750934075035500000"}, "namespace": "test-failure-1750934075033884000-1750934075035500000", "name": "test-backup-invalid-storage", "reconcileID": "fc11d22b-2e07-4524-8de7-7ea25a07ed2c", "error": "Neo4jEnterpriseCluster.neo4j.neo4j.com \"test-cluster\" not found"}
  sigs.k8s.io/controller-runtime/pkg/internal/controller.(*Controller[...]).reconcileHandler
  	/Users/priyolahiri/go/pkg/mod/sigs.k8s.io/controller-runtime@v0.21.0/pkg/internal/controller/controller.go:353
  sigs.k8s.io/controller-runtime/pkg/internal/controller.(*Controller[...]).processNextWorkItem
  	/Users/priyolahiri/go/pkg/mod/sigs.k8s.io/controller-runtime@v0.21.0/pkg/internal/controller/controller.go:300
  sigs.k8s.io/controller-runtime/pkg/internal/controller.(*Controller[...]).Start.func2.1
  	/Users/priyolahiri/go/pkg/mod/sigs.k8s.io/controller-runtime@v0.21.0/pkg/internal/controller/controller.go:202
  2025-06-26T12:34:35+02:00	ERROR	Failed to get target cluster	{"controller": "neo4jbackup", "controllerGroup": "neo4j.neo4j.com", "controllerKind": "Neo4jBackup", "Neo4jBackup": {"name":"test-backup-no-cluster","namespace":"test-failure-1750934075031883000-1750934075034004000"}, "namespace": "test-failure-1750934075031883000-1750934075034004000", "name": "test-backup-no-cluster", "reconcileID": "b400599d-a0f7-4833-922b-4a09e997d5e6", "error": "Neo4jEnterpriseCluster.neo4j.neo4j.com \"non-existent-cluster\" not found"}
  github.com/neo4j-labs/neo4j-kubernetes-operator/internal/controller.(*Neo4jBackupReconciler).Reconcile
  	/Users/priyolahiri/Code/neo4j-kubernetes-operator/internal/controller/neo4jbackup_controller.go:106
  sigs.k8s.io/controller-runtime/pkg/internal/controller.(*Controller[...]).Reconcile
  	/Users/priyolahiri/go/pkg/mod/sigs.k8s.io/controller-runtime@v0.21.0/pkg/internal/controller/controller.go:119
  sigs.k8s.io/controller-runtime/pkg/internal/controller.(*Controller[...]).reconcileHandler
  	/Users/priyolahiri/go/pkg/mod/sigs.k8s.io/controller-runtime@v0.21.0/pkg/internal/controller/controller.go:340
  sigs.k8s.io/controller-runtime/pkg/internal/controller.(*Controller[...]).processNextWorkItem
  	/Users/priyolahiri/go/pkg/mod/sigs.k8s.io/controller-runtime@v0.21.0/pkg/internal/controller/controller.go:300
  sigs.k8s.io/controller-runtime/pkg/internal/controller.(*Controller[...]).Start.func2.1
  	/Users/priyolahiri/go/pkg/mod/sigs.k8s.io/controller-runtime@v0.21.0/pkg/internal/controller/controller.go:202
  2025-06-26T12:34:35+02:00	INFO	Warning: Reconciler returned both a non-zero result and a non-nil error. The result will always be ignored if the error is non-nil and the non-nil error causes requeuing with exponential backoff. For more details, see: https://pkg.go.dev/sigs.k8s.io/controller-runtime/pkg/reconcile#Reconciler	{"controller": "neo4jrestore", "controllerGroup": "neo4j.neo4j.com", "controllerKind": "Neo4jRestore", "Neo4jRestore": {"name":"test-restore-no-cluster","namespace":"test-failure-1750934075035366000-1750934075036586000"}, "namespace": "test-failure-1750934075035366000-1750934075036586000", "name": "test-restore-no-cluster", "reconcileID": "d783b544-cd57-4361-ad88-64a13a33ab3c"}
  2025-06-26T12:34:35+02:00	ERROR	Reconciler error	{"controller": "neo4jrestore", "controllerGroup": "neo4j.neo4j.com", "controllerKind": "Neo4jRestore", "Neo4jRestore": {"name":"test-restore-no-cluster","namespace":"test-failure-1750934075035366000-1750934075036586000"}, "namespace": "test-failure-1750934075035366000-1750934075036586000", "name": "test-restore-no-cluster", "reconcileID": "d783b544-cd57-4361-ad88-64a13a33ab3c", "error": "Neo4jEnterpriseCluster.neo4j.neo4j.com \"non-existent-cluster\" not found"}
  sigs.k8s.io/controller-runtime/pkg/internal/controller.(*Controller[...]).reconcileHandler
  	/Users/priyolahiri/go/pkg/mod/sigs.k8s.io/controller-runtime@v0.21.0/pkg/internal/controller/controller.go:353
  sigs.k8s.io/controller-runtime/pkg/internal/controller.(*Controller[...]).processNextWorkItem
  	/Users/priyolahiri/go/pkg/mod/sigs.k8s.io/controller-runtime@v0.21.0/pkg/internal/controller/controller.go:300
  sigs.k8s.io/controller-runtime/pkg/internal/controller.(*Controller[...]).Start.func2.1
  	/Users/priyolahiri/go/pkg/mod/sigs.k8s.io/controller-runtime@v0.21.0/pkg/internal/controller/controller.go:202
  2025-06-26T12:34:35+02:00	ERROR	Failed to get target cluster	{"controller": "neo4jrestore", "controllerGroup": "neo4j.neo4j.com", "controllerKind": "Neo4jRestore", "Neo4jRestore": {"name":"test-restore-no-backup","namespace":"test-failure-1750934075033706000-1750934075035488000"}, "namespace": "test-failure-1750934075033706000-1750934075035488000", "name": "test-restore-no-backup", "reconcileID": "8b3c1b24-5ccf-4086-a08d-b1e974e41784", "error": "Neo4jEnterpriseCluster.neo4j.neo4j.com \"test-cluster\" not found"}
  github.com/neo4j-labs/neo4j-kubernetes-operator/internal/controller.(*Neo4jRestoreReconciler).Reconcile
  	/Users/priyolahiri/Code/neo4j-kubernetes-operator/internal/controller/neo4jrestore_controller.go:118
  sigs.k8s.io/controller-runtime/pkg/internal/controller.(*Controller[...]).Reconcile
  	/Users/priyolahiri/go/pkg/mod/sigs.k8s.io/controller-runtime@v0.21.0/pkg/internal/controller/controller.go:119
  sigs.k8s.io/controller-runtime/pkg/internal/controller.(*Controller[...]).reconcileHandler
  	/Users/priyolahiri/go/pkg/mod/sigs.k8s.io/controller-runtime@v0.21.0/pkg/internal/controller/controller.go:340
  sigs.k8s.io/controller-runtime/pkg/internal/controller.(*Controller[...]).processNextWorkItem
  	/Users/priyolahiri/go/pkg/mod/sigs.k8s.io/controller-runtime@v0.21.0/pkg/internal/controller/controller.go:300
  sigs.k8s.io/controller-runtime/pkg/internal/controller.(*Controller[...]).Start.func2.1
  	/Users/priyolahiri/go/pkg/mod/sigs.k8s.io/controller-runtime@v0.21.0/pkg/internal/controller/controller.go:202
  2025-06-26T12:34:35+02:00	INFO	Warning: Reconciler returned both a non-zero result and a non-nil error. The result will always be ignored if the error is non-nil and the non-nil error causes requeuing with exponential backoff. For more details, see: https://pkg.go.dev/sigs.k8s.io/controller-runtime/pkg/reconcile#Reconciler	{"controller": "neo4jrestore", "controllerGroup": "neo4j.neo4j.com", "controllerKind": "Neo4jRestore", "Neo4jRestore": {"name":"test-restore-no-backup","namespace":"test-failure-1750934075033706000-1750934075035488000"}, "namespace": "test-failure-1750934075033706000-1750934075035488000", "name": "test-restore-no-backup", "reconcileID": "8b3c1b24-5ccf-4086-a08d-b1e974e41784"}
  2025-06-26T12:34:35+02:00	ERROR	Reconciler error	{"controller": "neo4jrestore", "controllerGroup": "neo4j.neo4j.com", "controllerKind": "Neo4jRestore", "Neo4jRestore": {"name":"test-restore-no-backup","namespace":"test-failure-1750934075033706000-1750934075035488000"}, "namespace": "test-failure-1750934075033706000-1750934075035488000", "name": "test-restore-no-backup", "reconcileID": "8b3c1b24-5ccf-4086-a08d-b1e974e41784", "error": "Neo4jEnterpriseCluster.neo4j.neo4j.com \"test-cluster\" not found"}
  sigs.k8s.io/controller-runtime/pkg/internal/controller.(*Controller[...]).reconcileHandler
  	/Users/priyolahiri/go/pkg/mod/sigs.k8s.io/controller-runtime@v0.21.0/pkg/internal/controller/controller.go:353
  sigs.k8s.io/controller-runtime/pkg/internal/controller.(*Controller[...]).processNextWorkItem
  	/Users/priyolahiri/go/pkg/mod/sigs.k8s.io/controller-runtime@v0.21.0/pkg/internal/controller/controller.go:300
  sigs.k8s.io/controller-runtime/pkg/internal/controller.(*Controller[...]).Start.func2.1
  	/Users/priyolahiri/go/pkg/mod/sigs.k8s.io/controller-runtime@v0.21.0/pkg/internal/controller/controller.go:202
  2025-06-26T12:34:35+02:00	ERROR	Failed to get target cluster	{"controller": "neo4jrestore", "controllerGroup": "neo4j.neo4j.com", "controllerKind": "Neo4jRestore", "Neo4jRestore": {"name":"test-restore-no-cluster","namespace":"test-failure-1750934075035366000-1750934075036586000"}, "namespace": "test-failure-1750934075035366000-1750934075036586000", "name": "test-restore-no-cluster", "reconcileID": "432054d4-00e3-4b61-aade-d7dfd627713e", "error": "Neo4jEnterpriseCluster.neo4j.neo4j.com \"non-existent-cluster\" not found"}
  github.com/neo4j-labs/neo4j-kubernetes-operator/internal/controller.(*Neo4jRestoreReconciler).Reconcile
  	/Users/priyolahiri/Code/neo4j-kubernetes-operator/internal/controller/neo4jrestore_controller.go:118
  sigs.k8s.io/controller-runtime/pkg/internal/controller.(*Controller[...]).Reconcile
  	/Users/priyolahiri/go/pkg/mod/sigs.k8s.io/controller-runtime@v0.21.0/pkg/internal/controller/controller.go:119
  sigs.k8s.io/controller-runtime/pkg/internal/controller.(*Controller[...]).reconcileHandler
  	/Users/priyolahiri/go/pkg/mod/sigs.k8s.io/controller-runtime@v0.21.0/pkg/internal/controller/controller.go:340
  sigs.k8s.io/controller-runtime/pkg/internal/controller.(*Controller[...]).processNextWorkItem
  	/Users/priyolahiri/go/pkg/mod/sigs.k8s.io/controller-runtime@v0.21.0/pkg/internal/controller/controller.go:300
  sigs.k8s.io/controller-runtime/pkg/internal/controller.(*Controller[...]).Start.func2.1
  	/Users/priyolahiri/go/pkg/mod/sigs.k8s.io/controller-runtime@v0.21.0/pkg/internal/controller/controller.go:202
  2025-06-26T12:34:35+02:00	INFO	Warning: Reconciler returned both a non-zero result and a non-nil error. The result will always be ignored if the error is non-nil and the non-nil error causes requeuing with exponential backoff. For more details, see: https://pkg.go.dev/sigs.k8s.io/controller-runtime/pkg/reconcile#Reconciler	{"controller": "neo4jbackup", "controllerGroup": "neo4j.neo4j.com", "controllerKind": "Neo4jBackup", "Neo4jBackup": {"name":"test-backup-no-cluster","namespace":"test-failure-1750934075031883000-1750934075034004000"}, "namespace": "test-failure-1750934075031883000-1750934075034004000", "name": "test-backup-no-cluster", "reconcileID": "b400599d-a0f7-4833-922b-4a09e997d5e6"}
  2025-06-26T12:34:35+02:00	ERROR	Reconciler error	{"controller": "neo4jbackup", "controllerGroup": "neo4j.neo4j.com", "controllerKind": "Neo4jBackup", "Neo4jBackup": {"name":"test-backup-no-cluster","namespace":"test-failure-1750934075031883000-1750934075034004000"}, "namespace": "test-failure-1750934075031883000-1750934075034004000", "name": "test-backup-no-cluster", "reconcileID": "b400599d-a0f7-4833-922b-4a09e997d5e6", "error": "Neo4jEnterpriseCluster.neo4j.neo4j.com \"non-existent-cluster\" not found"}
  sigs.k8s.io/controller-runtime/pkg/internal/controller.(*Controller[...]).reconcileHandler
  	/Users/priyolahiri/go/pkg/mod/sigs.k8s.io/controller-runtime@v0.21.0/pkg/internal/controller/controller.go:353
  sigs.k8s.io/controller-runtime/pkg/internal/controller.(*Controller[...]).processNextWorkItem
  	/Users/priyolahiri/go/pkg/mod/sigs.k8s.io/controller-runtime@v0.21.0/pkg/internal/controller/controller.go:300
  sigs.k8s.io/controller-runtime/pkg/internal/controller.(*Controller[...]).Start.func2.1
  	/Users/priyolahiri/go/pkg/mod/sigs.k8s.io/controller-runtime@v0.21.0/pkg/internal/controller/controller.go:202
  2025-06-26T12:34:35+02:00	ERROR	Failed to get target cluster	{"controller": "neo4jbackup", "controllerGroup": "neo4j.neo4j.com", "controllerKind": "Neo4jBackup", "Neo4jBackup": {"name":"test-backup-invalid-storage","namespace":"test-failure-1750934075033884000-1750934075035500000"}, "namespace": "test-failure-1750934075033884000-1750934075035500000", "name": "test-backup-invalid-storage", "reconcileID": "6266a082-402f-4ecb-9557-bc608d641776", "error": "Neo4jEnterpriseCluster.neo4j.neo4j.com \"test-cluster\" not found"}
  github.com/neo4j-labs/neo4j-kubernetes-operator/internal/controller.(*Neo4jBackupReconciler).Reconcile
  	/Users/priyolahiri/Code/neo4j-kubernetes-operator/internal/controller/neo4jbackup_controller.go:106
  sigs.k8s.io/controller-runtime/pkg/internal/controller.(*Controller[...]).Reconcile
  	/Users/priyolahiri/go/pkg/mod/sigs.k8s.io/controller-runtime@v0.21.0/pkg/internal/controller/controller.go:119
  sigs.k8s.io/controller-runtime/pkg/internal/controller.(*Controller[...]).reconcileHandler
  	/Users/priyolahiri/go/pkg/mod/sigs.k8s.io/controller-runtime@v0.21.0/pkg/internal/controller/controller.go:340
  sigs.k8s.io/controller-runtime/pkg/internal/controller.(*Controller[...]).processNextWorkItem
  	/Users/priyolahiri/go/pkg/mod/sigs.k8s.io/controller-runtime@v0.21.0/pkg/internal/controller/controller.go:300
  sigs.k8s.io/controller-runtime/pkg/internal/controller.(*Controller[...]).Start.func2.1
  	/Users/priyolahiri/go/pkg/mod/sigs.k8s.io/controller-runtime@v0.21.0/pkg/internal/controller/controller.go:202
  2025-06-26T12:34:35+02:00	INFO	Warning: Reconciler returned both a non-zero result and a non-nil error. The result will always be ignored if the error is non-nil and the non-nil error causes requeuing with exponential backoff. For more details, see: https://pkg.go.dev/sigs.k8s.io/controller-runtime/pkg/reconcile#Reconciler	{"controller": "neo4jbackup", "controllerGroup": "neo4j.neo4j.com", "controllerKind": "Neo4jBackup", "Neo4jBackup": {"name":"test-backup-invalid-storage","namespace":"test-failure-1750934075033884000-1750934075035500000"}, "namespace": "test-failure-1750934075033884000-1750934075035500000", "name": "test-backup-invalid-storage", "reconcileID": "6266a082-402f-4ecb-9557-bc608d641776"}
  2025-06-26T12:34:35+02:00	ERROR	Reconciler error	{"controller": "neo4jbackup", "controllerGroup": "neo4j.neo4j.com", "controllerKind": "Neo4jBackup", "Neo4jBackup": {"name":"test-backup-invalid-storage","namespace":"test-failure-1750934075033884000-1750934075035500000"}, "namespace": "test-failure-1750934075033884000-1750934075035500000", "name": "test-backup-invalid-storage", "reconcileID": "6266a082-402f-4ecb-9557-bc608d641776", "error": "Neo4jEnterpriseCluster.neo4j.neo4j.com \"test-cluster\" not found"}
  sigs.k8s.io/controller-runtime/pkg/internal/controller.(*Controller[...]).reconcileHandler
  	/Users/priyolahiri/go/pkg/mod/sigs.k8s.io/controller-runtime@v0.21.0/pkg/internal/controller/controller.go:353
  sigs.k8s.io/controller-runtime/pkg/internal/controller.(*Controller[...]).processNextWorkItem
  	/Users/priyolahiri/go/pkg/mod/sigs.k8s.io/controller-runtime@v0.21.0/pkg/internal/controller/controller.go:300
  sigs.k8s.io/controller-runtime/pkg/internal/controller.(*Controller[...]).Start.func2.1
  	/Users/priyolahiri/go/pkg/mod/sigs.k8s.io/controller-runtime@v0.21.0/pkg/internal/controller/controller.go:202
  2025-06-26T12:34:35+02:00	ERROR	Failed to get target cluster	{"controller": "neo4jbackup", "controllerGroup": "neo4j.neo4j.com", "controllerKind": "Neo4jBackup", "Neo4jBackup": {"name":"test-backup-invalid-storage","namespace":"test-failure-1750934075033884000-1750934075035500000"}, "namespace": "test-failure-1750934075033884000-1750934075035500000", "name": "test-backup-invalid-storage", "reconcileID": "637e569d-2dae-406e-9c57-920dfdce686e", "error": "Neo4jEnterpriseCluster.neo4j.neo4j.com \"test-cluster\" not found"}
  github.com/neo4j-labs/neo4j-kubernetes-operator/internal/controller.(*Neo4jBackupReconciler).Reconcile
  	/Users/priyolahiri/Code/neo4j-kubernetes-operator/internal/controller/neo4jbackup_controller.go:106
  sigs.k8s.io/controller-runtime/pkg/internal/controller.(*Controller[...]).Reconcile
  	/Users/priyolahiri/go/pkg/mod/sigs.k8s.io/controller-runtime@v0.21.0/pkg/internal/controller/controller.go:119
  sigs.k8s.io/controller-runtime/pkg/internal/controller.(*Controller[...]).reconcileHandler
  	/Users/priyolahiri/go/pkg/mod/sigs.k8s.io/controller-runtime@v0.21.0/pkg/internal/controller/controller.go:340
  sigs.k8s.io/controller-runtime/pkg/internal/controller.(*Controller[...]).processNextWorkItem
  	/Users/priyolahiri/go/pkg/mod/sigs.k8s.io/controller-runtime@v0.21.0/pkg/internal/controller/controller.go:300
  sigs.k8s.io/controller-runtime/pkg/internal/controller.(*Controller[...]).Start.func2.1
  	/Users/priyolahiri/go/pkg/mod/sigs.k8s.io/controller-runtime@v0.21.0/pkg/internal/controller/controller.go:202
  2025-06-26T12:34:35+02:00	INFO	Warning: Reconciler returned both a non-zero result and a non-nil error. The result will always be ignored if the error is non-nil and the non-nil error causes requeuing with exponential backoff. For more details, see: https://pkg.go.dev/sigs.k8s.io/controller-runtime/pkg/reconcile#Reconciler	{"controller": "neo4jrestore", "controllerGroup": "neo4j.neo4j.com", "controllerKind": "Neo4jRestore", "Neo4jRestore": {"name":"test-restore-no-cluster","namespace":"test-failure-1750934075035366000-1750934075036586000"}, "namespace": "test-failure-1750934075035366000-1750934075036586000", "name": "test-restore-no-cluster", "reconcileID": "432054d4-00e3-4b61-aade-d7dfd627713e"}
  2025-06-26T12:34:35+02:00	ERROR	Reconciler error	{"controller": "neo4jrestore", "controllerGroup": "neo4j.neo4j.com", "controllerKind": "Neo4jRestore", "Neo4jRestore": {"name":"test-restore-no-cluster","namespace":"test-failure-1750934075035366000-1750934075036586000"}, "namespace": "test-failure-1750934075035366000-1750934075036586000", "name": "test-restore-no-cluster", "reconcileID": "432054d4-00e3-4b61-aade-d7dfd627713e", "error": "Neo4jEnterpriseCluster.neo4j.neo4j.com \"non-existent-cluster\" not found"}
  sigs.k8s.io/controller-runtime/pkg/internal/controller.(*Controller[...]).reconcileHandler
  	/Users/priyolahiri/go/pkg/mod/sigs.k8s.io/controller-runtime@v0.21.0/pkg/internal/controller/controller.go:353
  sigs.k8s.io/controller-runtime/pkg/internal/controller.(*Controller[...]).processNextWorkItem
  	/Users/priyolahiri/go/pkg/mod/sigs.k8s.io/controller-runtime@v0.21.0/pkg/internal/controller/controller.go:300
  sigs.k8s.io/controller-runtime/pkg/internal/controller.(*Controller[...]).Start.func2.1
  	/Users/priyolahiri/go/pkg/mod/sigs.k8s.io/controller-runtime@v0.21.0/pkg/internal/controller/controller.go:202
  2025-06-26T12:34:35+02:00	INFO	Warning: Reconciler returned both a non-zero result and a non-nil error. The result will always be ignored if the error is non-nil and the non-nil error causes requeuing with exponential backoff. For more details, see: https://pkg.go.dev/sigs.k8s.io/controller-runtime/pkg/reconcile#Reconciler	{"controller": "neo4jbackup", "controllerGroup": "neo4j.neo4j.com", "controllerKind": "Neo4jBackup", "Neo4jBackup": {"name":"test-backup-invalid-storage","namespace":"test-failure-1750934075033884000-1750934075035500000"}, "namespace": "test-failure-1750934075033884000-1750934075035500000", "name": "test-backup-invalid-storage", "reconcileID": "637e569d-2dae-406e-9c57-920dfdce686e"}
  2025-06-26T12:34:35+02:00	ERROR	Reconciler error	{"controller": "neo4jbackup", "controllerGroup": "neo4j.neo4j.com", "controllerKind": "Neo4jBackup", "Neo4jBackup": {"name":"test-backup-invalid-storage","namespace":"test-failure-1750934075033884000-1750934075035500000"}, "namespace": "test-failure-1750934075033884000-1750934075035500000", "name": "test-backup-invalid-storage", "reconcileID": "637e569d-2dae-406e-9c57-920dfdce686e", "error": "Neo4jEnterpriseCluster.neo4j.neo4j.com \"test-cluster\" not found"}
  sigs.k8s.io/controller-runtime/pkg/internal/controller.(*Controller[...]).reconcileHandler
  	/Users/priyolahiri/go/pkg/mod/sigs.k8s.io/controller-runtime@v0.21.0/pkg/internal/controller/controller.go:353
  sigs.k8s.io/controller-runtime/pkg/internal/controller.(*Controller[...]).processNextWorkItem
  	/Users/priyolahiri/go/pkg/mod/sigs.k8s.io/controller-runtime@v0.21.0/pkg/internal/controller/controller.go:300
  sigs.k8s.io/controller-runtime/pkg/internal/controller.(*Controller[...]).Start.func2.1
  	/Users/priyolahiri/go/pkg/mod/sigs.k8s.io/controller-runtime@v0.21.0/pkg/internal/controller/controller.go:202
  2025-06-26T12:34:35+02:00	ERROR	Failed to get target cluster	{"controller": "neo4jrestore", "controllerGroup": "neo4j.neo4j.com", "controllerKind": "Neo4jRestore", "Neo4jRestore": {"name":"test-restore-no-cluster","namespace":"test-failure-1750934075035366000-1750934075036586000"}, "namespace": "test-failure-1750934075035366000-1750934075036586000", "name": "test-restore-no-cluster", "reconcileID": "950dfe96-a5da-4032-a18d-c0e6f659dbe3", "error": "Neo4jEnterpriseCluster.neo4j.neo4j.com \"non-existent-cluster\" not found"}
  github.com/neo4j-labs/neo4j-kubernetes-operator/internal/controller.(*Neo4jRestoreReconciler).Reconcile
  	/Users/priyolahiri/Code/neo4j-kubernetes-operator/internal/controller/neo4jrestore_controller.go:118
  sigs.k8s.io/controller-runtime/pkg/internal/controller.(*Controller[...]).Reconcile
  	/Users/priyolahiri/go/pkg/mod/sigs.k8s.io/controller-runtime@v0.21.0/pkg/internal/controller/controller.go:119
  sigs.k8s.io/controller-runtime/pkg/internal/controller.(*Controller[...]).reconcileHandler
  	/Users/priyolahiri/go/pkg/mod/sigs.k8s.io/controller-runtime@v0.21.0/pkg/internal/controller/controller.go:340
  sigs.k8s.io/controller-runtime/pkg/internal/controller.(*Controller[...]).processNextWorkItem
  	/Users/priyolahiri/go/pkg/mod/sigs.k8s.io/controller-runtime@v0.21.0/pkg/internal/controller/controller.go:300
  sigs.k8s.io/controller-runtime/pkg/internal/controller.(*Controller[...]).Start.func2.1
  	/Users/priyolahiri/go/pkg/mod/sigs.k8s.io/controller-runtime@v0.21.0/pkg/internal/controller/controller.go:202
  2025-06-26T12:34:35+02:00	INFO	Warning: Reconciler returned both a non-zero result and a non-nil error. The result will always be ignored if the error is non-nil and the non-nil error causes requeuing with exponential backoff. For more details, see: https://pkg.go.dev/sigs.k8s.io/controller-runtime/pkg/reconcile#Reconciler	{"controller": "neo4jrestore", "controllerGroup": "neo4j.neo4j.com", "controllerKind": "Neo4jRestore", "Neo4jRestore": {"name":"test-restore-no-cluster","namespace":"test-failure-1750934075035366000-1750934075036586000"}, "namespace": "test-failure-1750934075035366000-1750934075036586000", "name": "test-restore-no-cluster", "reconcileID": "950dfe96-a5da-4032-a18d-c0e6f659dbe3"}
  2025-06-26T12:34:35+02:00	ERROR	Reconciler error	{"controller": "neo4jrestore", "controllerGroup": "neo4j.neo4j.com", "controllerKind": "Neo4jRestore", "Neo4jRestore": {"name":"test-restore-no-cluster","namespace":"test-failure-1750934075035366000-1750934075036586000"}, "namespace": "test-failure-1750934075035366000-1750934075036586000", "name": "test-restore-no-cluster", "reconcileID": "950dfe96-a5da-4032-a18d-c0e6f659dbe3", "error": "Neo4jEnterpriseCluster.neo4j.neo4j.com \"non-existent-cluster\" not found"}
  sigs.k8s.io/controller-runtime/pkg/internal/controller.(*Controller[...]).reconcileHandler
  	/Users/priyolahiri/go/pkg/mod/sigs.k8s.io/controller-runtime@v0.21.0/pkg/internal/controller/controller.go:353
  sigs.k8s.io/controller-runtime/pkg/internal/controller.(*Controller[...]).processNextWorkItem
  	/Users/priyolahiri/go/pkg/mod/sigs.k8s.io/controller-runtime@v0.21.0/pkg/internal/controller/controller.go:300
  sigs.k8s.io/controller-runtime/pkg/internal/controller.(*Controller[...]).Start.func2.1
  	/Users/priyolahiri/go/pkg/mod/sigs.k8s.io/controller-runtime@v0.21.0/pkg/internal/controller/controller.go:202
  2025-06-26T12:34:35+02:00	ERROR	Failed to get target cluster	{"controller": "neo4jrestore", "controllerGroup": "neo4j.neo4j.com", "controllerKind": "Neo4jRestore", "Neo4jRestore": {"name":"test-restore-no-backup","namespace":"test-failure-1750934075033706000-1750934075035488000"}, "namespace": "test-failure-1750934075033706000-1750934075035488000", "name": "test-restore-no-backup", "reconcileID": "341c9fd1-865f-4d97-805a-a6dff0a3154b", "error": "Neo4jEnterpriseCluster.neo4j.neo4j.com \"test-cluster\" not found"}
  github.com/neo4j-labs/neo4j-kubernetes-operator/internal/controller.(*Neo4jRestoreReconciler).Reconcile
  	/Users/priyolahiri/Code/neo4j-kubernetes-operator/internal/controller/neo4jrestore_controller.go:118
  sigs.k8s.io/controller-runtime/pkg/internal/controller.(*Controller[...]).Reconcile
  	/Users/priyolahiri/go/pkg/mod/sigs.k8s.io/controller-runtime@v0.21.0/pkg/internal/controller/controller.go:119
  sigs.k8s.io/controller-runtime/pkg/internal/controller.(*Controller[...]).reconcileHandler
  	/Users/priyolahiri/go/pkg/mod/sigs.k8s.io/controller-runtime@v0.21.0/pkg/internal/controller/controller.go:340
  sigs.k8s.io/controller-runtime/pkg/internal/controller.(*Controller[...]).processNextWorkItem
  	/Users/priyolahiri/go/pkg/mod/sigs.k8s.io/controller-runtime@v0.21.0/pkg/internal/controller/controller.go:300
  sigs.k8s.io/controller-runtime/pkg/internal/controller.(*Controller[...]).Start.func2.1
  	/Users/priyolahiri/go/pkg/mod/sigs.k8s.io/controller-runtime@v0.21.0/pkg/internal/controller/controller.go:202
  2025-06-26T12:34:35+02:00	ERROR	Failed to get target cluster	{"controller": "neo4jbackup", "controllerGroup": "neo4j.neo4j.com", "controllerKind": "Neo4jBackup", "Neo4jBackup": {"name":"test-backup-no-cluster","namespace":"test-failure-1750934075031883000-1750934075034004000"}, "namespace": "test-failure-1750934075031883000-1750934075034004000", "name": "test-backup-no-cluster", "reconcileID": "18a804ad-9508-4970-840b-79513b49329c", "error": "Neo4jEnterpriseCluster.neo4j.neo4j.com \"non-existent-cluster\" not found"}
  github.com/neo4j-labs/neo4j-kubernetes-operator/internal/controller.(*Neo4jBackupReconciler).Reconcile
  	/Users/priyolahiri/Code/neo4j-kubernetes-operator/internal/controller/neo4jbackup_controller.go:106
  sigs.k8s.io/controller-runtime/pkg/internal/controller.(*Controller[...]).Reconcile
  	/Users/priyolahiri/go/pkg/mod/sigs.k8s.io/controller-runtime@v0.21.0/pkg/internal/controller/controller.go:119
  sigs.k8s.io/controller-runtime/pkg/internal/controller.(*Controller[...]).reconcileHandler
  	/Users/priyolahiri/go/pkg/mod/sigs.k8s.io/controller-runtime@v0.21.0/pkg/internal/controller/controller.go:340
  sigs.k8s.io/controller-runtime/pkg/internal/controller.(*Controller[...]).processNextWorkItem
  	/Users/priyolahiri/go/pkg/mod/sigs.k8s.io/controller-runtime@v0.21.0/pkg/internal/controller/controller.go:300
  sigs.k8s.io/controller-runtime/pkg/internal/controller.(*Controller[...]).Start.func2.1
  	/Users/priyolahiri/go/pkg/mod/sigs.k8s.io/controller-runtime@v0.21.0/pkg/internal/controller/controller.go:202
  2025-06-26T12:34:35+02:00	INFO	Warning: Reconciler returned both a non-zero result and a non-nil error. The result will always be ignored if the error is non-nil and the non-nil error causes requeuing with exponential backoff. For more details, see: https://pkg.go.dev/sigs.k8s.io/controller-runtime/pkg/reconcile#Reconciler	{"controller": "neo4jrestore", "controllerGroup": "neo4j.neo4j.com", "controllerKind": "Neo4jRestore", "Neo4jRestore": {"name":"test-restore-no-backup","namespace":"test-failure-1750934075033706000-1750934075035488000"}, "namespace": "test-failure-1750934075033706000-1750934075035488000", "name": "test-restore-no-backup", "reconcileID": "341c9fd1-865f-4d97-805a-a6dff0a3154b"}
  2025-06-26T12:34:35+02:00	ERROR	Reconciler error	{"controller": "neo4jrestore", "controllerGroup": "neo4j.neo4j.com", "controllerKind": "Neo4jRestore", "Neo4jRestore": {"name":"test-restore-no-backup","namespace":"test-failure-1750934075033706000-1750934075035488000"}, "namespace": "test-failure-1750934075033706000-1750934075035488000", "name": "test-restore-no-backup", "reconcileID": "341c9fd1-865f-4d97-805a-a6dff0a3154b", "error": "Neo4jEnterpriseCluster.neo4j.neo4j.com \"test-cluster\" not found"}
  sigs.k8s.io/controller-runtime/pkg/internal/controller.(*Controller[...]).reconcileHandler
  	/Users/priyolahiri/go/pkg/mod/sigs.k8s.io/controller-runtime@v0.21.0/pkg/internal/controller/controller.go:353
  sigs.k8s.io/controller-runtime/pkg/internal/controller.(*Controller[...]).processNextWorkItem
  	/Users/priyolahiri/go/pkg/mod/sigs.k8s.io/controller-runtime@v0.21.0/pkg/internal/controller/controller.go:300
  sigs.k8s.io/controller-runtime/pkg/internal/controller.(*Controller[...]).Start.func2.1
  	/Users/priyolahiri/go/pkg/mod/sigs.k8s.io/controller-runtime@v0.21.0/pkg/internal/controller/controller.go:202
  2025-06-26T12:34:35+02:00	INFO	Warning: Reconciler returned both a non-zero result and a non-nil error. The result will always be ignored if the error is non-nil and the non-nil error causes requeuing with exponential backoff. For more details, see: https://pkg.go.dev/sigs.k8s.io/controller-runtime/pkg/reconcile#Reconciler	{"controller": "neo4jbackup", "controllerGroup": "neo4j.neo4j.com", "controllerKind": "Neo4jBackup", "Neo4jBackup": {"name":"test-backup-no-cluster","namespace":"test-failure-1750934075031883000-1750934075034004000"}, "namespace": "test-failure-1750934075031883000-1750934075034004000", "name": "test-backup-no-cluster", "reconcileID": "18a804ad-9508-4970-840b-79513b49329c"}
  2025-06-26T12:34:35+02:00	ERROR	Reconciler error	{"controller": "neo4jbackup", "controllerGroup": "neo4j.neo4j.com", "controllerKind": "Neo4jBackup", "Neo4jBackup": {"name":"test-backup-no-cluster","namespace":"test-failure-1750934075031883000-1750934075034004000"}, "namespace": "test-failure-1750934075031883000-1750934075034004000", "name": "test-backup-no-cluster", "reconcileID": "18a804ad-9508-4970-840b-79513b49329c", "error": "Neo4jEnterpriseCluster.neo4j.neo4j.com \"non-existent-cluster\" not found"}
  sigs.k8s.io/controller-runtime/pkg/internal/controller.(*Controller[...]).reconcileHandler
  	/Users/priyolahiri/go/pkg/mod/sigs.k8s.io/controller-runtime@v0.21.0/pkg/internal/controller/controller.go:353
  sigs.k8s.io/controller-runtime/pkg/internal/controller.(*Controller[...]).processNextWorkItem
  	/Users/priyolahiri/go/pkg/mod/sigs.k8s.io/controller-runtime@v0.21.0/pkg/internal/controller/controller.go:300
  sigs.k8s.io/controller-runtime/pkg/internal/controller.(*Controller[...]).Start.func2.1
  	/Users/priyolahiri/go/pkg/mod/sigs.k8s.io/controller-runtime@v0.21.0/pkg/internal/controller/controller.go:202
  2025-06-26T12:34:35+02:00	ERROR	Failed to get target cluster	{"controller": "neo4jbackup", "controllerGroup": "neo4j.neo4j.com", "controllerKind": "Neo4jBackup", "Neo4jBackup": {"name":"test-backup-invalid-storage","namespace":"test-failure-1750934075033884000-1750934075035500000"}, "namespace": "test-failure-1750934075033884000-1750934075035500000", "name": "test-backup-invalid-storage", "reconcileID": "30460262-1d9a-41ca-b1d7-076182cac44a", "error": "Neo4jEnterpriseCluster.neo4j.neo4j.com \"test-cluster\" not found"}
  github.com/neo4j-labs/neo4j-kubernetes-operator/internal/controller.(*Neo4jBackupReconciler).Reconcile
  	/Users/priyolahiri/Code/neo4j-kubernetes-operator/internal/controller/neo4jbackup_controller.go:106
  sigs.k8s.io/controller-runtime/pkg/internal/controller.(*Controller[...]).Reconcile
  	/Users/priyolahiri/go/pkg/mod/sigs.k8s.io/controller-runtime@v0.21.0/pkg/internal/controller/controller.go:119
  sigs.k8s.io/controller-runtime/pkg/internal/controller.(*Controller[...]).reconcileHandler
  	/Users/priyolahiri/go/pkg/mod/sigs.k8s.io/controller-runtime@v0.21.0/pkg/internal/controller/controller.go:340
  sigs.k8s.io/controller-runtime/pkg/internal/controller.(*Controller[...]).processNextWorkItem
  	/Users/priyolahiri/go/pkg/mod/sigs.k8s.io/controller-runtime@v0.21.0/pkg/internal/controller/controller.go:300
  sigs.k8s.io/controller-runtime/pkg/internal/controller.(*Controller[...]).Start.func2.1
  	/Users/priyolahiri/go/pkg/mod/sigs.k8s.io/controller-runtime@v0.21.0/pkg/internal/controller/controller.go:202
  [38;5;9m[FAILED][0m in [It] - /Users/priyolahiri/Code/neo4j-kubernetes-operator/test/integration/enterprise_features_test.go:185 [38;5;243m@ 06/26/25 12:34:35.236[0m
  2025-06-26T12:34:35+02:00	ERROR	Failed to get target cluster	{"controller": "neo4jrestore", "controllerGroup": "neo4j.neo4j.com", "controllerKind": "Neo4jRestore", "Neo4jRestore": {"name":"test-restore-no-backup","namespace":"test-failure-1750934075033706000-1750934075035488000"}, "namespace": "test-failure-1750934075033706000-1750934075035488000", "name": "test-restore-no-backup", "reconcileID": "2da8e3f4-75e9-4d04-b101-61120f1e6bb6", "error": "Neo4jEnterpriseCluster.neo4j.neo4j.com \"test-cluster\" not found"}
  github.com/neo4j-labs/neo4j-kubernetes-operator/internal/controller.(*Neo4jRestoreReconciler).Reconcile
  	/Users/priyolahiri/Code/neo4j-kubernetes-operator/internal/controller/neo4jrestore_controller.go:118
  sigs.k8s.io/controller-runtime/pkg/internal/controller.(*Controller[...]).Reconcile
  	/Users/priyolahiri/go/pkg/mod/sigs.k8s.io/controller-runtime@v0.21.0/pkg/internal/controller/controller.go:119
  sigs.k8s.io/controller-runtime/pkg/internal/controller.(*Controller[...]).reconcileHandler
  	/Users/priyolahiri/go/pkg/mod/sigs.k8s.io/controller-runtime@v0.21.0/pkg/internal/controller/controller.go:340
  sigs.k8s.io/controller-runtime/pkg/internal/controller.(*Controller[...]).processNextWorkItem
  	/Users/priyolahiri/go/pkg/mod/sigs.k8s.io/controller-runtime@v0.21.0/pkg/internal/controller/controller.go:300
  sigs.k8s.io/controller-runtime/pkg/internal/controller.(*Controller[...]).Start.func2.1
  	/Users/priyolahiri/go/pkg/mod/sigs.k8s.io/controller-runtime@v0.21.0/pkg/internal/controller/controller.go:202
  2025-06-26T12:34:35+02:00	INFO	Warning: Reconciler returned both a non-zero result and a non-nil error. The result will always be ignored if the error is non-nil and the non-nil error causes requeuing with exponential backoff. For more details, see: https://pkg.go.dev/sigs.k8s.io/controller-runtime/pkg/reconcile#Reconciler	{"controller": "neo4jbackup", "controllerGroup": "neo4j.neo4j.com", "controllerKind": "Neo4jBackup", "Neo4jBackup": {"name":"test-backup-invalid-storage","namespace":"test-failure-1750934075033884000-1750934075035500000"}, "namespace": "test-failure-1750934075033884000-1750934075035500000", "name": "test-backup-invalid-storage", "reconcileID": "30460262-1d9a-41ca-b1d7-076182cac44a"}
  2025-06-26T12:34:35+02:00	ERROR	Reconciler error	{"controller": "neo4jbackup", "controllerGroup": "neo4j.neo4j.com", "controllerKind": "Neo4jBackup", "Neo4jBackup": {"name":"test-backup-invalid-storage","namespace":"test-failure-1750934075033884000-1750934075035500000"}, "namespace": "test-failure-1750934075033884000-1750934075035500000", "name": "test-backup-invalid-storage", "reconcileID": "30460262-1d9a-41ca-b1d7-076182cac44a", "error": "Neo4jEnterpriseCluster.neo4j.neo4j.com \"test-cluster\" not found"}
  sigs.k8s.io/controller-runtime/pkg/internal/controller.(*Controller[...]).reconcileHandler
  	/Users/priyolahiri/go/pkg/mod/sigs.k8s.io/controller-runtime@v0.21.0/pkg/internal/controller/controller.go:353
  sigs.k8s.io/controller-runtime/pkg/internal/controller.(*Controller[...]).processNextWorkItem
  	/Users/priyolahiri/go/pkg/mod/sigs.k8s.io/controller-runtime@v0.21.0/pkg/internal/controller/controller.go:300
  sigs.k8s.io/controller-runtime/pkg/internal/controller.(*Controller[...]).Start.func2.1
  	/Users/priyolahiri/go/pkg/mod/sigs.k8s.io/controller-runtime@v0.21.0/pkg/internal/controller/controller.go:202
  2025-06-26T12:34:35+02:00	ERROR	Failed to get target cluster	{"controller": "neo4jbackup", "controllerGroup": "neo4j.neo4j.com", "controllerKind": "Neo4jBackup", "Neo4jBackup": {"name":"test-backup-no-cluster","namespace":"test-failure-1750934075031883000-1750934075034004000"}, "namespace": "test-failure-1750934075031883000-1750934075034004000", "name": "test-backup-no-cluster", "reconcileID": "575c4a5b-a96d-4a46-ac7b-6bb2ca5e2cb1", "error": "Neo4jEnterpriseCluster.neo4j.neo4j.com \"non-existent-cluster\" not found"}
  github.com/neo4j-labs/neo4j-kubernetes-operator/internal/controller.(*Neo4jBackupReconciler).Reconcile
  	/Users/priyolahiri/Code/neo4j-kubernetes-operator/internal/controller/neo4jbackup_controller.go:106
  sigs.k8s.io/controller-runtime/pkg/internal/controller.(*Controller[...]).Reconcile
  	/Users/priyolahiri/go/pkg/mod/sigs.k8s.io/controller-runtime@v0.21.0/pkg/internal/controller/controller.go:119
  sigs.k8s.io/controller-runtime/pkg/internal/controller.(*Controller[...]).reconcileHandler
  	/Users/priyolahiri/go/pkg/mod/sigs.k8s.io/controller-runtime@v0.21.0/pkg/internal/controller/controller.go:340
  sigs.k8s.io/controller-runtime/pkg/internal/controller.(*Controller[...]).processNextWorkItem
  	/Users/priyolahiri/go/pkg/mod/sigs.k8s.io/controller-runtime@v0.21.0/pkg/internal/controller/controller.go:300
  sigs.k8s.io/controller-runtime/pkg/internal/controller.(*Controller[...]).Start.func2.1
  	/Users/priyolahiri/go/pkg/mod/sigs.k8s.io/controller-runtime@v0.21.0/pkg/internal/controller/controller.go:202
  2025-06-26T12:34:35+02:00	INFO	Warning: Reconciler returned both a non-zero result and a non-nil error. The result will always be ignored if the error is non-nil and the non-nil error causes requeuing with exponential backoff. For more details, see: https://pkg.go.dev/sigs.k8s.io/controller-runtime/pkg/reconcile#Reconciler	{"controller": "neo4jrestore", "controllerGroup": "neo4j.neo4j.com", "controllerKind": "Neo4jRestore", "Neo4jRestore": {"name":"test-restore-no-backup","namespace":"test-failure-1750934075033706000-1750934075035488000"}, "namespace": "test-failure-1750934075033706000-1750934075035488000", "name": "test-restore-no-backup", "reconcileID": "2da8e3f4-75e9-4d04-b101-61120f1e6bb6"}
  2025-06-26T12:34:35+02:00	ERROR	Reconciler error	{"controller": "neo4jrestore", "controllerGroup": "neo4j.neo4j.com", "controllerKind": "Neo4jRestore", "Neo4jRestore": {"name":"test-restore-no-backup","namespace":"test-failure-1750934075033706000-1750934075035488000"}, "namespace": "test-failure-1750934075033706000-1750934075035488000", "name": "test-restore-no-backup", "reconcileID": "2da8e3f4-75e9-4d04-b101-61120f1e6bb6", "error": "Neo4jEnterpriseCluster.neo4j.neo4j.com \"test-cluster\" not found"}
  sigs.k8s.io/controller-runtime/pkg/internal/controller.(*Controller[...]).reconcileHandler
  	/Users/priyolahiri/go/pkg/mod/sigs.k8s.io/controller-runtime@v0.21.0/pkg/internal/controller/controller.go:353
  sigs.k8s.io/controller-runtime/pkg/internal/controller.(*Controller[...]).processNextWorkItem
  	/Users/priyolahiri/go/pkg/mod/sigs.k8s.io/controller-runtime@v0.21.0/pkg/internal/controller/controller.go:300
  sigs.k8s.io/controller-runtime/pkg/internal/controller.(*Controller[...]).Start.func2.1
  	/Users/priyolahiri/go/pkg/mod/sigs.k8s.io/controller-runtime@v0.21.0/pkg/internal/controller/controller.go:202
  2025-06-26T12:34:35+02:00	ERROR	Failed to get target cluster	{"controller": "neo4jrestore", "controllerGroup": "neo4j.neo4j.com", "controllerKind": "Neo4jRestore", "Neo4jRestore": {"name":"test-restore-no-cluster","namespace":"test-failure-1750934075035366000-1750934075036586000"}, "namespace": "test-failure-1750934075035366000-1750934075036586000", "name": "test-restore-no-cluster", "reconcileID": "3abc702d-44d1-4bdf-9cc0-2dee0433bc2c", "error": "Neo4jEnterpriseCluster.neo4j.neo4j.com \"non-existent-cluster\" not found"}
  github.com/neo4j-labs/neo4j-kubernetes-operator/internal/controller.(*Neo4jRestoreReconciler).Reconcile
  	/Users/priyolahiri/Code/neo4j-kubernetes-operator/internal/controller/neo4jrestore_controller.go:118
  sigs.k8s.io/controller-runtime/pkg/internal/controller.(*Controller[...]).Reconcile
  	/Users/priyolahiri/go/pkg/mod/sigs.k8s.io/controller-runtime@v0.21.0/pkg/internal/controller/controller.go:119
  sigs.k8s.io/controller-runtime/pkg/internal/controller.(*Controller[...]).reconcileHandler
  	/Users/priyolahiri/go/pkg/mod/sigs.k8s.io/controller-runtime@v0.21.0/pkg/internal/controller/controller.go:340
  sigs.k8s.io/controller-runtime/pkg/internal/controller.(*Controller[...]).processNextWorkItem
  	/Users/priyolahiri/go/pkg/mod/sigs.k8s.io/controller-runtime@v0.21.0/pkg/internal/controller/controller.go:300
  sigs.k8s.io/controller-runtime/pkg/internal/controller.(*Controller[...]).Start.func2.1
  	/Users/priyolahiri/go/pkg/mod/sigs.k8s.io/controller-runtime@v0.21.0/pkg/internal/controller/controller.go:202
  2025-06-26T12:34:35+02:00	INFO	Warning: Reconciler returned both a non-zero result and a non-nil error. The result will always be ignored if the error is non-nil and the non-nil error causes requeuing with exponential backoff. For more details, see: https://pkg.go.dev/sigs.k8s.io/controller-runtime/pkg/reconcile#Reconciler	{"controller": "neo4jbackup", "controllerGroup": "neo4j.neo4j.com", "controllerKind": "Neo4jBackup", "Neo4jBackup": {"name":"test-backup-no-cluster","namespace":"test-failure-1750934075031883000-1750934075034004000"}, "namespace": "test-failure-1750934075031883000-1750934075034004000", "name": "test-backup-no-cluster", "reconcileID": "575c4a5b-a96d-4a46-ac7b-6bb2ca5e2cb1"}
  2025-06-26T12:34:35+02:00	ERROR	Reconciler error	{"controller": "neo4jbackup", "controllerGroup": "neo4j.neo4j.com", "controllerKind": "Neo4jBackup", "Neo4jBackup": {"name":"test-backup-no-cluster","namespace":"test-failure-1750934075031883000-1750934075034004000"}, "namespace": "test-failure-1750934075031883000-1750934075034004000", "name": "test-backup-no-cluster", "reconcileID": "575c4a5b-a96d-4a46-ac7b-6bb2ca5e2cb1", "error": "Neo4jEnterpriseCluster.neo4j.neo4j.com \"non-existent-cluster\" not found"}
  sigs.k8s.io/controller-runtime/pkg/internal/controller.(*Controller[...]).reconcileHandler
  	/Users/priyolahiri/go/pkg/mod/sigs.k8s.io/controller-runtime@v0.21.0/pkg/internal/controller/controller.go:353
  sigs.k8s.io/controller-runtime/pkg/internal/controller.(*Controller[...]).processNextWorkItem
  	/Users/priyolahiri/go/pkg/mod/sigs.k8s.io/controller-runtime@v0.21.0/pkg/internal/controller/controller.go:300
  sigs.k8s.io/controller-runtime/pkg/internal/controller.(*Controller[...]).Start.func2.1
  	/Users/priyolahiri/go/pkg/mod/sigs.k8s.io/controller-runtime@v0.21.0/pkg/internal/controller/controller.go:202
  2025-06-26T12:34:35+02:00	INFO	Warning: Reconciler returned both a non-zero result and a non-nil error. The result will always be ignored if the error is non-nil and the non-nil error causes requeuing with exponential backoff. For more details, see: https://pkg.go.dev/sigs.k8s.io/controller-runtime/pkg/reconcile#Reconciler	{"controller": "neo4jrestore", "controllerGroup": "neo4j.neo4j.com", "controllerKind": "Neo4jRestore", "Neo4jRestore": {"name":"test-restore-no-cluster","namespace":"test-failure-1750934075035366000-1750934075036586000"}, "namespace": "test-failure-1750934075035366000-1750934075036586000", "name": "test-restore-no-cluster", "reconcileID": "3abc702d-44d1-4bdf-9cc0-2dee0433bc2c"}
  2025-06-26T12:34:35+02:00	ERROR	Reconciler error	{"controller": "neo4jrestore", "controllerGroup": "neo4j.neo4j.com", "controllerKind": "Neo4jRestore", "Neo4jRestore": {"name":"test-restore-no-cluster","namespace":"test-failure-1750934075035366000-1750934075036586000"}, "namespace": "test-failure-1750934075035366000-1750934075036586000", "name": "test-restore-no-cluster", "reconcileID": "3abc702d-44d1-4bdf-9cc0-2dee0433bc2c", "error": "Neo4jEnterpriseCluster.neo4j.neo4j.com \"non-existent-cluster\" not found"}
  sigs.k8s.io/controller-runtime/pkg/internal/controller.(*Controller[...]).reconcileHandler
  	/Users/priyolahiri/go/pkg/mod/sigs.k8s.io/controller-runtime@v0.21.0/pkg/internal/controller/controller.go:353
  sigs.k8s.io/controller-runtime/pkg/internal/controller.(*Controller[...]).processNextWorkItem
  	/Users/priyolahiri/go/pkg/mod/sigs.k8s.io/controller-runtime@v0.21.0/pkg/internal/controller/controller.go:300
  sigs.k8s.io/controller-runtime/pkg/internal/controller.(*Controller[...]).Start.func2.1
  	/Users/priyolahiri/go/pkg/mod/sigs.k8s.io/controller-runtime@v0.21.0/pkg/internal/controller/controller.go:202
  [38;5;243m<< Timeline[0m

  [38;5;9m[FAILED] Expected success, but got an error:
      <*errors.StatusError | 0x14000a4c500>:
      admission webhook "vneo4jenterprisecluster.kb.io" denied the request: spec.tls.issuerRef.name: Required value: issuer name must be specified when using cert-manager
      {
          ErrStatus: {
              TypeMeta: {Kind: "", APIVersion: ""},
              ListMeta: {
                  SelfLink: "",
                  ResourceVersion: "",
                  Continue: "",
                  RemainingItemCount: nil,
              },
              Status: "Failure",
              Message: "admission webhook \"vneo4jenterprisecluster.kb.io\" denied the request: spec.tls.issuerRef.name: Required value: issuer name must be specified when using cert-manager",
              Reason: "Forbidden",
              Details: nil,
              Code: 403,
          },
      }[0m
  [38;5;9mIn [1m[It][0m[38;5;9m at: [1m/Users/priyolahiri/Code/neo4j-kubernetes-operator/test/integration/enterprise_features_test.go:185[0m [38;5;243m@ 06/26/25 12:34:35.236[0m
[38;5;243m------------------------------[0m
[38;5;14mS[0m
[38;5;243m------------------------------[0m
[38;5;9m• [FAILED] [0.241 seconds][0m
[0mFailure Scenarios [38;5;243mResource Conflicts [38;5;9m[1m[It] should handle duplicate cluster names gracefully[0m
[38;5;243m/Users/priyolahiri/Code/neo4j-kubernetes-operator/test/integration/failure_scenarios_test.go:161[0m

  [38;5;243mTimeline >>[0m
  2025-06-26T12:34:35+02:00	INFO	Starting Controller	{"controller": "neo4jrole", "controllerGroup": "neo4j.neo4j.com", "controllerKind": "Neo4jRole"}
  2025-06-26T12:34:35+02:00	INFO	Starting workers	{"controller": "neo4jrole", "controllerGroup": "neo4j.neo4j.com", "controllerKind": "Neo4jRole", "worker count": 1}
  2025-06-26T12:34:35+02:00	INFO	Starting Controller	{"controller": "neo4jdatabase", "controllerGroup": "neo4j.neo4j.com", "controllerKind": "Neo4jDatabase"}
  2025-06-26T12:34:35+02:00	INFO	Starting Controller	{"controller": "neo4jbackup", "controllerGroup": "neo4j.neo4j.com", "controllerKind": "Neo4jBackup"}
  2025-06-26T12:34:35+02:00	INFO	Starting workers	{"controller": "neo4jbackup", "controllerGroup": "neo4j.neo4j.com", "controllerKind": "Neo4jBackup", "worker count": 1}
  2025-06-26T12:34:35+02:00	ERROR	Failed to get target cluster	{"controller": "neo4jbackup", "controllerGroup": "neo4j.neo4j.com", "controllerKind": "Neo4jBackup", "Neo4jBackup": {"name":"test-backup-invalid-storage","namespace":"test-failure-1750934075033884000-1750934075035500000"}, "namespace": "test-failure-1750934075033884000-1750934075035500000", "name": "test-backup-invalid-storage", "reconcileID": "bdcceea2-be11-48e0-8a36-c9d574c3b80c", "error": "Neo4jEnterpriseCluster.neo4j.neo4j.com \"test-cluster\" not found"}
  github.com/neo4j-labs/neo4j-kubernetes-operator/internal/controller.(*Neo4jBackupReconciler).Reconcile
  	/Users/priyolahiri/Code/neo4j-kubernetes-operator/internal/controller/neo4jbackup_controller.go:106
  sigs.k8s.io/controller-runtime/pkg/internal/controller.(*Controller[...]).Reconcile
  	/Users/priyolahiri/go/pkg/mod/sigs.k8s.io/controller-runtime@v0.21.0/pkg/internal/controller/controller.go:119
  sigs.k8s.io/controller-runtime/pkg/internal/controller.(*Controller[...]).reconcileHandler
  	/Users/priyolahiri/go/pkg/mod/sigs.k8s.io/controller-runtime@v0.21.0/pkg/internal/controller/controller.go:340
  sigs.k8s.io/controller-runtime/pkg/internal/controller.(*Controller[...]).processNextWorkItem
  	/Users/priyolahiri/go/pkg/mod/sigs.k8s.io/controller-runtime@v0.21.0/pkg/internal/controller/controller.go:300
  sigs.k8s.io/controller-runtime/pkg/internal/controller.(*Controller[...]).Start.func2.1
  	/Users/priyolahiri/go/pkg/mod/sigs.k8s.io/controller-runtime@v0.21.0/pkg/internal/controller/controller.go:202
  2025-06-26T12:34:35+02:00	INFO	Starting workers	{"controller": "neo4jdatabase", "controllerGroup": "neo4j.neo4j.com", "controllerKind": "Neo4jDatabase", "worker count": 1}
  2025-06-26T12:34:35+02:00	INFO	Starting Controller	{"controller": "neo4jgrant", "controllerGroup": "neo4j.neo4j.com", "controllerKind": "Neo4jGrant"}
  2025-06-26T12:34:35+02:00	INFO	Starting workers	{"controller": "neo4jgrant", "controllerGroup": "neo4j.neo4j.com", "controllerKind": "Neo4jGrant", "worker count": 1}
  2025-06-26T12:34:35+02:00	INFO	Starting Controller	{"controller": "neo4juser", "controllerGroup": "neo4j.neo4j.com", "controllerKind": "Neo4jUser"}
  2025-06-26T12:34:35+02:00	INFO	Starting workers	{"controller": "neo4juser", "controllerGroup": "neo4j.neo4j.com", "controllerKind": "Neo4jUser", "worker count": 1}
  2025-06-26T12:34:35+02:00	INFO	Starting Controller	{"controller": "neo4jrestore", "controllerGroup": "neo4j.neo4j.com", "controllerKind": "Neo4jRestore"}
  2025-06-26T12:34:35+02:00	INFO	Starting workers	{"controller": "neo4jrestore", "controllerGroup": "neo4j.neo4j.com", "controllerKind": "Neo4jRestore", "worker count": 1}
  2025-06-26T12:34:35+02:00	INFO	Starting Controller	{"controller": "neo4jplugin", "controllerGroup": "neo4j.neo4j.com", "controllerKind": "Neo4jPlugin"}
  2025-06-26T12:34:35+02:00	INFO	Starting workers	{"controller": "neo4jplugin", "controllerGroup": "neo4j.neo4j.com", "controllerKind": "Neo4jPlugin", "worker count": 1}
  2025-06-26T12:34:35+02:00	INFO	Starting Controller	{"controller": "neo4jenterprisecluster", "controllerGroup": "neo4j.neo4j.com", "controllerKind": "Neo4jEnterpriseCluster"}
  2025-06-26T12:34:35+02:00	INFO	Starting workers	{"controller": "neo4jenterprisecluster", "controllerGroup": "neo4j.neo4j.com", "controllerKind": "Neo4jEnterpriseCluster", "worker count": 1}
  2025-06-26T12:34:35+02:00	ERROR	Failed to get target cluster	{"controller": "neo4jrestore", "controllerGroup": "neo4j.neo4j.com", "controllerKind": "Neo4jRestore", "Neo4jRestore": {"name":"test-restore-no-cluster","namespace":"test-failure-1750934075035366000-1750934075036586000"}, "namespace": "test-failure-1750934075035366000-1750934075036586000", "name": "test-restore-no-cluster", "reconcileID": "c30d405c-1d4f-4c7d-bf97-69b23c05945d", "error": "Neo4jEnterpriseCluster.neo4j.neo4j.com \"non-existent-cluster\" not found"}
  github.com/neo4j-labs/neo4j-kubernetes-operator/internal/controller.(*Neo4jRestoreReconciler).Reconcile
  	/Users/priyolahiri/Code/neo4j-kubernetes-operator/internal/controller/neo4jrestore_controller.go:118
  sigs.k8s.io/controller-runtime/pkg/internal/controller.(*Controller[...]).Reconcile
  	/Users/priyolahiri/go/pkg/mod/sigs.k8s.io/controller-runtime@v0.21.0/pkg/internal/controller/controller.go:119
  sigs.k8s.io/controller-runtime/pkg/internal/controller.(*Controller[...]).reconcileHandler
  	/Users/priyolahiri/go/pkg/mod/sigs.k8s.io/controller-runtime@v0.21.0/pkg/internal/controller/controller.go:340
  sigs.k8s.io/controller-runtime/pkg/internal/controller.(*Controller[...]).processNextWorkItem
  	/Users/priyolahiri/go/pkg/mod/sigs.k8s.io/controller-runtime@v0.21.0/pkg/internal/controller/controller.go:300
  sigs.k8s.io/controller-runtime/pkg/internal/controller.(*Controller[...]).Start.func2.1
  	/Users/priyolahiri/go/pkg/mod/sigs.k8s.io/controller-runtime@v0.21.0/pkg/internal/controller/controller.go:202
  2025-06-26T12:34:35+02:00	INFO	Warning: Reconciler returned both a non-zero result and a non-nil error. The result will always be ignored if the error is non-nil and the non-nil error causes requeuing with exponential backoff. For more details, see: https://pkg.go.dev/sigs.k8s.io/controller-runtime/pkg/reconcile#Reconciler	{"controller": "neo4jrestore", "controllerGroup": "neo4j.neo4j.com", "controllerKind": "Neo4jRestore", "Neo4jRestore": {"name":"test-restore-no-cluster","namespace":"test-failure-1750934075035366000-1750934075036586000"}, "namespace": "test-failure-1750934075035366000-1750934075036586000", "name": "test-restore-no-cluster", "reconcileID": "c30d405c-1d4f-4c7d-bf97-69b23c05945d"}
  2025-06-26T12:34:35+02:00	ERROR	Reconciler error	{"controller": "neo4jrestore", "controllerGroup": "neo4j.neo4j.com", "controllerKind": "Neo4jRestore", "Neo4jRestore": {"name":"test-restore-no-cluster","namespace":"test-failure-1750934075035366000-1750934075036586000"}, "namespace": "test-failure-1750934075035366000-1750934075036586000", "name": "test-restore-no-cluster", "reconcileID": "c30d405c-1d4f-4c7d-bf97-69b23c05945d", "error": "Neo4jEnterpriseCluster.neo4j.neo4j.com \"non-existent-cluster\" not found"}
  sigs.k8s.io/controller-runtime/pkg/internal/controller.(*Controller[...]).reconcileHandler
  	/Users/priyolahiri/go/pkg/mod/sigs.k8s.io/controller-runtime@v0.21.0/pkg/internal/controller/controller.go:353
  sigs.k8s.io/controller-runtime/pkg/internal/controller.(*Controller[...]).processNextWorkItem
  	/Users/priyolahiri/go/pkg/mod/sigs.k8s.io/controller-runtime@v0.21.0/pkg/internal/controller/controller.go:300
  sigs.k8s.io/controller-runtime/pkg/internal/controller.(*Controller[...]).Start.func2.1
  	/Users/priyolahiri/go/pkg/mod/sigs.k8s.io/controller-runtime@v0.21.0/pkg/internal/controller/controller.go:202
  2025-06-26T12:34:35+02:00	ERROR	Failed to get target cluster	{"controller": "neo4jrestore", "controllerGroup": "neo4j.neo4j.com", "controllerKind": "Neo4jRestore", "Neo4jRestore": {"name":"test-restore-no-backup","namespace":"test-failure-1750934075033706000-1750934075035488000"}, "namespace": "test-failure-1750934075033706000-1750934075035488000", "name": "test-restore-no-backup", "reconcileID": "4a8559b4-0212-437e-959f-c4ef8eb63444", "error": "Neo4jEnterpriseCluster.neo4j.neo4j.com \"test-cluster\" not found"}
  github.com/neo4j-labs/neo4j-kubernetes-operator/internal/controller.(*Neo4jRestoreReconciler).Reconcile
  	/Users/priyolahiri/Code/neo4j-kubernetes-operator/internal/controller/neo4jrestore_controller.go:118
  sigs.k8s.io/controller-runtime/pkg/internal/controller.(*Controller[...]).Reconcile
  	/Users/priyolahiri/go/pkg/mod/sigs.k8s.io/controller-runtime@v0.21.0/pkg/internal/controller/controller.go:119
  sigs.k8s.io/controller-runtime/pkg/internal/controller.(*Controller[...]).reconcileHandler
  	/Users/priyolahiri/go/pkg/mod/sigs.k8s.io/controller-runtime@v0.21.0/pkg/internal/controller/controller.go:340
  sigs.k8s.io/controller-runtime/pkg/internal/controller.(*Controller[...]).processNextWorkItem
  	/Users/priyolahiri/go/pkg/mod/sigs.k8s.io/controller-runtime@v0.21.0/pkg/internal/controller/controller.go:300
  sigs.k8s.io/controller-runtime/pkg/internal/controller.(*Controller[...]).Start.func2.1
  	/Users/priyolahiri/go/pkg/mod/sigs.k8s.io/controller-runtime@v0.21.0/pkg/internal/controller/controller.go:202
  2025-06-26T12:34:35+02:00	INFO	Warning: Reconciler returned both a non-zero result and a non-nil error. The result will always be ignored if the error is non-nil and the non-nil error causes requeuing with exponential backoff. For more details, see: https://pkg.go.dev/sigs.k8s.io/controller-runtime/pkg/reconcile#Reconciler	{"controller": "neo4jbackup", "controllerGroup": "neo4j.neo4j.com", "controllerKind": "Neo4jBackup", "Neo4jBackup": {"name":"test-backup-invalid-storage","namespace":"test-failure-1750934075033884000-1750934075035500000"}, "namespace": "test-failure-1750934075033884000-1750934075035500000", "name": "test-backup-invalid-storage", "reconcileID": "bdcceea2-be11-48e0-8a36-c9d574c3b80c"}
  2025-06-26T12:34:35+02:00	ERROR	Reconciler error	{"controller": "neo4jbackup", "controllerGroup": "neo4j.neo4j.com", "controllerKind": "Neo4jBackup", "Neo4jBackup": {"name":"test-backup-invalid-storage","namespace":"test-failure-1750934075033884000-1750934075035500000"}, "namespace": "test-failure-1750934075033884000-1750934075035500000", "name": "test-backup-invalid-storage", "reconcileID": "bdcceea2-be11-48e0-8a36-c9d574c3b80c", "error": "Neo4jEnterpriseCluster.neo4j.neo4j.com \"test-cluster\" not found"}
  sigs.k8s.io/controller-runtime/pkg/internal/controller.(*Controller[...]).reconcileHandler
  	/Users/priyolahiri/go/pkg/mod/sigs.k8s.io/controller-runtime@v0.21.0/pkg/internal/controller/controller.go:353
  sigs.k8s.io/controller-runtime/pkg/internal/controller.(*Controller[...]).processNextWorkItem
  	/Users/priyolahiri/go/pkg/mod/sigs.k8s.io/controller-runtime@v0.21.0/pkg/internal/controller/controller.go:300
  sigs.k8s.io/controller-runtime/pkg/internal/controller.(*Controller[...]).Start.func2.1
  	/Users/priyolahiri/go/pkg/mod/sigs.k8s.io/controller-runtime@v0.21.0/pkg/internal/controller/controller.go:202
  2025-06-26T12:34:35+02:00	ERROR	Failed to get target cluster	{"controller": "neo4jbackup", "controllerGroup": "neo4j.neo4j.com", "controllerKind": "Neo4jBackup", "Neo4jBackup": {"name":"test-backup-no-cluster","namespace":"test-failure-1750934075031883000-1750934075034004000"}, "namespace": "test-failure-1750934075031883000-1750934075034004000", "name": "test-backup-no-cluster", "reconcileID": "485f5717-9ce7-41a8-829f-e82949bfe25d", "error": "Neo4jEnterpriseCluster.neo4j.neo4j.com \"non-existent-cluster\" not found"}
  github.com/neo4j-labs/neo4j-kubernetes-operator/internal/controller.(*Neo4jBackupReconciler).Reconcile
  	/Users/priyolahiri/Code/neo4j-kubernetes-operator/internal/controller/neo4jbackup_controller.go:106
  sigs.k8s.io/controller-runtime/pkg/internal/controller.(*Controller[...]).Reconcile
  	/Users/priyolahiri/go/pkg/mod/sigs.k8s.io/controller-runtime@v0.21.0/pkg/internal/controller/controller.go:119
  sigs.k8s.io/controller-runtime/pkg/internal/controller.(*Controller[...]).reconcileHandler
  	/Users/priyolahiri/go/pkg/mod/sigs.k8s.io/controller-runtime@v0.21.0/pkg/internal/controller/controller.go:340
  sigs.k8s.io/controller-runtime/pkg/internal/controller.(*Controller[...]).processNextWorkItem
  	/Users/priyolahiri/go/pkg/mod/sigs.k8s.io/controller-runtime@v0.21.0/pkg/internal/controller/controller.go:300
  sigs.k8s.io/controller-runtime/pkg/internal/controller.(*Controller[...]).Start.func2.1
  	/Users/priyolahiri/go/pkg/mod/sigs.k8s.io/controller-runtime@v0.21.0/pkg/internal/controller/controller.go:202
  2025-06-26T12:34:35+02:00	INFO	Warning: Reconciler returned both a non-zero result and a non-nil error. The result will always be ignored if the error is non-nil and the non-nil error causes requeuing with exponential backoff. For more details, see: https://pkg.go.dev/sigs.k8s.io/controller-runtime/pkg/reconcile#Reconciler	{"controller": "neo4jrestore", "controllerGroup": "neo4j.neo4j.com", "controllerKind": "Neo4jRestore", "Neo4jRestore": {"name":"test-restore-no-backup","namespace":"test-failure-1750934075033706000-1750934075035488000"}, "namespace": "test-failure-1750934075033706000-1750934075035488000", "name": "test-restore-no-backup", "reconcileID": "4a8559b4-0212-437e-959f-c4ef8eb63444"}
  2025-06-26T12:34:35+02:00	ERROR	Reconciler error	{"controller": "neo4jrestore", "controllerGroup": "neo4j.neo4j.com", "controllerKind": "Neo4jRestore", "Neo4jRestore": {"name":"test-restore-no-backup","namespace":"test-failure-1750934075033706000-1750934075035488000"}, "namespace": "test-failure-1750934075033706000-1750934075035488000", "name": "test-restore-no-backup", "reconcileID": "4a8559b4-0212-437e-959f-c4ef8eb63444", "error": "Neo4jEnterpriseCluster.neo4j.neo4j.com \"test-cluster\" not found"}
  sigs.k8s.io/controller-runtime/pkg/internal/controller.(*Controller[...]).reconcileHandler
  	/Users/priyolahiri/go/pkg/mod/sigs.k8s.io/controller-runtime@v0.21.0/pkg/internal/controller/controller.go:353
  sigs.k8s.io/controller-runtime/pkg/internal/controller.(*Controller[...]).processNextWorkItem
  	/Users/priyolahiri/go/pkg/mod/sigs.k8s.io/controller-runtime@v0.21.0/pkg/internal/controller/controller.go:300
  sigs.k8s.io/controller-runtime/pkg/internal/controller.(*Controller[...]).Start.func2.1
  	/Users/priyolahiri/go/pkg/mod/sigs.k8s.io/controller-runtime@v0.21.0/pkg/internal/controller/controller.go:202
  2025-06-26T12:34:35+02:00	ERROR	Failed to get target cluster	{"controller": "neo4jrestore", "controllerGroup": "neo4j.neo4j.com", "controllerKind": "Neo4jRestore", "Neo4jRestore": {"name":"test-restore-no-cluster","namespace":"test-failure-1750934075035366000-1750934075036586000"}, "namespace": "test-failure-1750934075035366000-1750934075036586000", "name": "test-restore-no-cluster", "reconcileID": "1f2d0dac-c518-4e19-bcfe-17b91da7149c", "error": "Neo4jEnterpriseCluster.neo4j.neo4j.com \"non-existent-cluster\" not found"}
  github.com/neo4j-labs/neo4j-kubernetes-operator/internal/controller.(*Neo4jRestoreReconciler).Reconcile
  	/Users/priyolahiri/Code/neo4j-kubernetes-operator/internal/controller/neo4jrestore_controller.go:118
  sigs.k8s.io/controller-runtime/pkg/internal/controller.(*Controller[...]).Reconcile
  	/Users/priyolahiri/go/pkg/mod/sigs.k8s.io/controller-runtime@v0.21.0/pkg/internal/controller/controller.go:119
  sigs.k8s.io/controller-runtime/pkg/internal/controller.(*Controller[...]).reconcileHandler
  	/Users/priyolahiri/go/pkg/mod/sigs.k8s.io/controller-runtime@v0.21.0/pkg/internal/controller/controller.go:340
  sigs.k8s.io/controller-runtime/pkg/internal/controller.(*Controller[...]).processNextWorkItem
  	/Users/priyolahiri/go/pkg/mod/sigs.k8s.io/controller-runtime@v0.21.0/pkg/internal/controller/controller.go:300
  sigs.k8s.io/controller-runtime/pkg/internal/controller.(*Controller[...]).Start.func2.1
  	/Users/priyolahiri/go/pkg/mod/sigs.k8s.io/controller-runtime@v0.21.0/pkg/internal/controller/controller.go:202
  2025-06-26T12:34:35+02:00	INFO	Warning: Reconciler returned both a non-zero result and a non-nil error. The result will always be ignored if the error is non-nil and the non-nil error causes requeuing with exponential backoff. For more details, see: https://pkg.go.dev/sigs.k8s.io/controller-runtime/pkg/reconcile#Reconciler	{"controller": "neo4jrestore", "controllerGroup": "neo4j.neo4j.com", "controllerKind": "Neo4jRestore", "Neo4jRestore": {"name":"test-restore-no-cluster","namespace":"test-failure-1750934075035366000-1750934075036586000"}, "namespace": "test-failure-1750934075035366000-1750934075036586000", "name": "test-restore-no-cluster", "reconcileID": "1f2d0dac-c518-4e19-bcfe-17b91da7149c"}
  2025-06-26T12:34:35+02:00	ERROR	Reconciler error	{"controller": "neo4jrestore", "controllerGroup": "neo4j.neo4j.com", "controllerKind": "Neo4jRestore", "Neo4jRestore": {"name":"test-restore-no-cluster","namespace":"test-failure-1750934075035366000-1750934075036586000"}, "namespace": "test-failure-1750934075035366000-1750934075036586000", "name": "test-restore-no-cluster", "reconcileID": "1f2d0dac-c518-4e19-bcfe-17b91da7149c", "error": "Neo4jEnterpriseCluster.neo4j.neo4j.com \"non-existent-cluster\" not found"}
  sigs.k8s.io/controller-runtime/pkg/internal/controller.(*Controller[...]).reconcileHandler
  	/Users/priyolahiri/go/pkg/mod/sigs.k8s.io/controller-runtime@v0.21.0/pkg/internal/controller/controller.go:353
  sigs.k8s.io/controller-runtime/pkg/internal/controller.(*Controller[...]).processNextWorkItem
  	/Users/priyolahiri/go/pkg/mod/sigs.k8s.io/controller-runtime@v0.21.0/pkg/internal/controller/controller.go:300
  sigs.k8s.io/controller-runtime/pkg/internal/controller.(*Controller[...]).Start.func2.1
  	/Users/priyolahiri/go/pkg/mod/sigs.k8s.io/controller-runtime@v0.21.0/pkg/internal/controller/controller.go:202
  2025-06-26T12:34:35+02:00	ERROR	Failed to get target cluster	{"controller": "neo4jrestore", "controllerGroup": "neo4j.neo4j.com", "controllerKind": "Neo4jRestore", "Neo4jRestore": {"name":"test-restore-no-cluster","namespace":"test-failure-1750934075035366000-1750934075036586000"}, "namespace": "test-failure-1750934075035366000-1750934075036586000", "name": "test-restore-no-cluster", "reconcileID": "659438d4-d68c-440f-8874-439fbab57e71", "error": "Neo4jEnterpriseCluster.neo4j.neo4j.com \"non-existent-cluster\" not found"}
  github.com/neo4j-labs/neo4j-kubernetes-operator/internal/controller.(*Neo4jRestoreReconciler).Reconcile
  	/Users/priyolahiri/Code/neo4j-kubernetes-operator/internal/controller/neo4jrestore_controller.go:118
  sigs.k8s.io/controller-runtime/pkg/internal/controller.(*Controller[...]).Reconcile
  	/Users/priyolahiri/go/pkg/mod/sigs.k8s.io/controller-runtime@v0.21.0/pkg/internal/controller/controller.go:119
  sigs.k8s.io/controller-runtime/pkg/internal/controller.(*Controller[...]).reconcileHandler
  	/Users/priyolahiri/go/pkg/mod/sigs.k8s.io/controller-runtime@v0.21.0/pkg/internal/controller/controller.go:340
  sigs.k8s.io/controller-runtime/pkg/internal/controller.(*Controller[...]).processNextWorkItem
  	/Users/priyolahiri/go/pkg/mod/sigs.k8s.io/controller-runtime@v0.21.0/pkg/internal/controller/controller.go:300
  sigs.k8s.io/controller-runtime/pkg/internal/controller.(*Controller[...]).Start.func2.1
  	/Users/priyolahiri/go/pkg/mod/sigs.k8s.io/controller-runtime@v0.21.0/pkg/internal/controller/controller.go:202
  2025-06-26T12:34:35+02:00	INFO	Warning: Reconciler returned both a non-zero result and a non-nil error. The result will always be ignored if the error is non-nil and the non-nil error causes requeuing with exponential backoff. For more details, see: https://pkg.go.dev/sigs.k8s.io/controller-runtime/pkg/reconcile#Reconciler	{"controller": "neo4jbackup", "controllerGroup": "neo4j.neo4j.com", "controllerKind": "Neo4jBackup", "Neo4jBackup": {"name":"test-backup-no-cluster","namespace":"test-failure-1750934075031883000-1750934075034004000"}, "namespace": "test-failure-1750934075031883000-1750934075034004000", "name": "test-backup-no-cluster", "reconcileID": "485f5717-9ce7-41a8-829f-e82949bfe25d"}
  2025-06-26T12:34:35+02:00	ERROR	Reconciler error	{"controller": "neo4jbackup", "controllerGroup": "neo4j.neo4j.com", "controllerKind": "Neo4jBackup", "Neo4jBackup": {"name":"test-backup-no-cluster","namespace":"test-failure-1750934075031883000-1750934075034004000"}, "namespace": "test-failure-1750934075031883000-1750934075034004000", "name": "test-backup-no-cluster", "reconcileID": "485f5717-9ce7-41a8-829f-e82949bfe25d", "error": "Neo4jEnterpriseCluster.neo4j.neo4j.com \"non-existent-cluster\" not found"}
  sigs.k8s.io/controller-runtime/pkg/internal/controller.(*Controller[...]).reconcileHandler
  	/Users/priyolahiri/go/pkg/mod/sigs.k8s.io/controller-runtime@v0.21.0/pkg/internal/controller/controller.go:353
  sigs.k8s.io/controller-runtime/pkg/internal/controller.(*Controller[...]).processNextWorkItem
  	/Users/priyolahiri/go/pkg/mod/sigs.k8s.io/controller-runtime@v0.21.0/pkg/internal/controller/controller.go:300
  sigs.k8s.io/controller-runtime/pkg/internal/controller.(*Controller[...]).Start.func2.1
  	/Users/priyolahiri/go/pkg/mod/sigs.k8s.io/controller-runtime@v0.21.0/pkg/internal/controller/controller.go:202
  2025-06-26T12:34:35+02:00	ERROR	Failed to get target cluster	{"controller": "neo4jbackup", "controllerGroup": "neo4j.neo4j.com", "controllerKind": "Neo4jBackup", "Neo4jBackup": {"name":"test-backup-invalid-storage","namespace":"test-failure-1750934075033884000-1750934075035500000"}, "namespace": "test-failure-1750934075033884000-1750934075035500000", "name": "test-backup-invalid-storage", "reconcileID": "fa6da908-87b0-49b9-8cf8-5377687f4dd8", "error": "Neo4jEnterpriseCluster.neo4j.neo4j.com \"test-cluster\" not found"}
  github.com/neo4j-labs/neo4j-kubernetes-operator/internal/controller.(*Neo4jBackupReconciler).Reconcile
  	/Users/priyolahiri/Code/neo4j-kubernetes-operator/internal/controller/neo4jbackup_controller.go:106
  sigs.k8s.io/controller-runtime/pkg/internal/controller.(*Controller[...]).Reconcile
  	/Users/priyolahiri/go/pkg/mod/sigs.k8s.io/controller-runtime@v0.21.0/pkg/internal/controller/controller.go:119
  sigs.k8s.io/controller-runtime/pkg/internal/controller.(*Controller[...]).reconcileHandler
  	/Users/priyolahiri/go/pkg/mod/sigs.k8s.io/controller-runtime@v0.21.0/pkg/internal/controller/controller.go:340
  sigs.k8s.io/controller-runtime/pkg/internal/controller.(*Controller[...]).processNextWorkItem
  	/Users/priyolahiri/go/pkg/mod/sigs.k8s.io/controller-runtime@v0.21.0/pkg/internal/controller/controller.go:300
  sigs.k8s.io/controller-runtime/pkg/internal/controller.(*Controller[...]).Start.func2.1
  	/Users/priyolahiri/go/pkg/mod/sigs.k8s.io/controller-runtime@v0.21.0/pkg/internal/controller/controller.go:202
  2025-06-26T12:34:35+02:00	INFO	Warning: Reconciler returned both a non-zero result and a non-nil error. The result will always be ignored if the error is non-nil and the non-nil error causes requeuing with exponential backoff. For more details, see: https://pkg.go.dev/sigs.k8s.io/controller-runtime/pkg/reconcile#Reconciler	{"controller": "neo4jrestore", "controllerGroup": "neo4j.neo4j.com", "controllerKind": "Neo4jRestore", "Neo4jRestore": {"name":"test-restore-no-cluster","namespace":"test-failure-1750934075035366000-1750934075036586000"}, "namespace": "test-failure-1750934075035366000-1750934075036586000", "name": "test-restore-no-cluster", "reconcileID": "659438d4-d68c-440f-8874-439fbab57e71"}
  2025-06-26T12:34:35+02:00	ERROR	Reconciler error	{"controller": "neo4jrestore", "controllerGroup": "neo4j.neo4j.com", "controllerKind": "Neo4jRestore", "Neo4jRestore": {"name":"test-restore-no-cluster","namespace":"test-failure-1750934075035366000-1750934075036586000"}, "namespace": "test-failure-1750934075035366000-1750934075036586000", "name": "test-restore-no-cluster", "reconcileID": "659438d4-d68c-440f-8874-439fbab57e71", "error": "Neo4jEnterpriseCluster.neo4j.neo4j.com \"non-existent-cluster\" not found"}
  sigs.k8s.io/controller-runtime/pkg/internal/controller.(*Controller[...]).reconcileHandler
  	/Users/priyolahiri/go/pkg/mod/sigs.k8s.io/controller-runtime@v0.21.0/pkg/internal/controller/controller.go:353
  sigs.k8s.io/controller-runtime/pkg/internal/controller.(*Controller[...]).processNextWorkItem
  	/Users/priyolahiri/go/pkg/mod/sigs.k8s.io/controller-runtime@v0.21.0/pkg/internal/controller/controller.go:300
  sigs.k8s.io/controller-runtime/pkg/internal/controller.(*Controller[...]).Start.func2.1
  	/Users/priyolahiri/go/pkg/mod/sigs.k8s.io/controller-runtime@v0.21.0/pkg/internal/controller/controller.go:202
  2025-06-26T12:34:35+02:00	ERROR	Failed to get target cluster	{"controller": "neo4jrestore", "controllerGroup": "neo4j.neo4j.com", "controllerKind": "Neo4jRestore", "Neo4jRestore": {"name":"test-restore-no-backup","namespace":"test-failure-1750934075033706000-1750934075035488000"}, "namespace": "test-failure-1750934075033706000-1750934075035488000", "name": "test-restore-no-backup", "reconcileID": "ff0090ed-ad8c-4047-ba1e-a4cff808feb2", "error": "Neo4jEnterpriseCluster.neo4j.neo4j.com \"test-cluster\" not found"}
  github.com/neo4j-labs/neo4j-kubernetes-operator/internal/controller.(*Neo4jRestoreReconciler).Reconcile
  	/Users/priyolahiri/Code/neo4j-kubernetes-operator/internal/controller/neo4jrestore_controller.go:118
  sigs.k8s.io/controller-runtime/pkg/internal/controller.(*Controller[...]).Reconcile
  	/Users/priyolahiri/go/pkg/mod/sigs.k8s.io/controller-runtime@v0.21.0/pkg/internal/controller/controller.go:119
  sigs.k8s.io/controller-runtime/pkg/internal/controller.(*Controller[...]).reconcileHandler
  	/Users/priyolahiri/go/pkg/mod/sigs.k8s.io/controller-runtime@v0.21.0/pkg/internal/controller/controller.go:340
  sigs.k8s.io/controller-runtime/pkg/internal/controller.(*Controller[...]).processNextWorkItem
  	/Users/priyolahiri/go/pkg/mod/sigs.k8s.io/controller-runtime@v0.21.0/pkg/internal/controller/controller.go:300
  sigs.k8s.io/controller-runtime/pkg/internal/controller.(*Controller[...]).Start.func2.1
  	/Users/priyolahiri/go/pkg/mod/sigs.k8s.io/controller-runtime@v0.21.0/pkg/internal/controller/controller.go:202
  2025-06-26T12:34:35+02:00	INFO	Warning: Reconciler returned both a non-zero result and a non-nil error. The result will always be ignored if the error is non-nil and the non-nil error causes requeuing with exponential backoff. For more details, see: https://pkg.go.dev/sigs.k8s.io/controller-runtime/pkg/reconcile#Reconciler	{"controller": "neo4jbackup", "controllerGroup": "neo4j.neo4j.com", "controllerKind": "Neo4jBackup", "Neo4jBackup": {"name":"test-backup-invalid-storage","namespace":"test-failure-1750934075033884000-1750934075035500000"}, "namespace": "test-failure-1750934075033884000-1750934075035500000", "name": "test-backup-invalid-storage", "reconcileID": "fa6da908-87b0-49b9-8cf8-5377687f4dd8"}
  2025-06-26T12:34:35+02:00	ERROR	Reconciler error	{"controller": "neo4jbackup", "controllerGroup": "neo4j.neo4j.com", "controllerKind": "Neo4jBackup", "Neo4jBackup": {"name":"test-backup-invalid-storage","namespace":"test-failure-1750934075033884000-1750934075035500000"}, "namespace": "test-failure-1750934075033884000-1750934075035500000", "name": "test-backup-invalid-storage", "reconcileID": "fa6da908-87b0-49b9-8cf8-5377687f4dd8", "error": "Neo4jEnterpriseCluster.neo4j.neo4j.com \"test-cluster\" not found"}
  sigs.k8s.io/controller-runtime/pkg/internal/controller.(*Controller[...]).reconcileHandler
  	/Users/priyolahiri/go/pkg/mod/sigs.k8s.io/controller-runtime@v0.21.0/pkg/internal/controller/controller.go:353
  sigs.k8s.io/controller-runtime/pkg/internal/controller.(*Controller[...]).processNextWorkItem
  	/Users/priyolahiri/go/pkg/mod/sigs.k8s.io/controller-runtime@v0.21.0/pkg/internal/controller/controller.go:300
  sigs.k8s.io/controller-runtime/pkg/internal/controller.(*Controller[...]).Start.func2.1
  	/Users/priyolahiri/go/pkg/mod/sigs.k8s.io/controller-runtime@v0.21.0/pkg/internal/controller/controller.go:202
  2025-06-26T12:34:35+02:00	ERROR	Failed to get target cluster	{"controller": "neo4jbackup", "controllerGroup": "neo4j.neo4j.com", "controllerKind": "Neo4jBackup", "Neo4jBackup": {"name":"test-backup-no-cluster","namespace":"test-failure-1750934075031883000-1750934075034004000"}, "namespace": "test-failure-1750934075031883000-1750934075034004000", "name": "test-backup-no-cluster", "reconcileID": "0a33242a-7e4d-46f2-93f9-f372cb0364bf", "error": "Neo4jEnterpriseCluster.neo4j.neo4j.com \"non-existent-cluster\" not found"}
  github.com/neo4j-labs/neo4j-kubernetes-operator/internal/controller.(*Neo4jBackupReconciler).Reconcile
  	/Users/priyolahiri/Code/neo4j-kubernetes-operator/internal/controller/neo4jbackup_controller.go:106
  sigs.k8s.io/controller-runtime/pkg/internal/controller.(*Controller[...]).Reconcile
  	/Users/priyolahiri/go/pkg/mod/sigs.k8s.io/controller-runtime@v0.21.0/pkg/internal/controller/controller.go:119
  sigs.k8s.io/controller-runtime/pkg/internal/controller.(*Controller[...]).reconcileHandler
  	/Users/priyolahiri/go/pkg/mod/sigs.k8s.io/controller-runtime@v0.21.0/pkg/internal/controller/controller.go:340
  sigs.k8s.io/controller-runtime/pkg/internal/controller.(*Controller[...]).processNextWorkItem
  	/Users/priyolahiri/go/pkg/mod/sigs.k8s.io/controller-runtime@v0.21.0/pkg/internal/controller/controller.go:300
  sigs.k8s.io/controller-runtime/pkg/internal/controller.(*Controller[...]).Start.func2.1
  	/Users/priyolahiri/go/pkg/mod/sigs.k8s.io/controller-runtime@v0.21.0/pkg/internal/controller/controller.go:202
  2025-06-26T12:34:35+02:00	INFO	Warning: Reconciler returned both a non-zero result and a non-nil error. The result will always be ignored if the error is non-nil and the non-nil error causes requeuing with exponential backoff. For more details, see: https://pkg.go.dev/sigs.k8s.io/controller-runtime/pkg/reconcile#Reconciler	{"controller": "neo4jrestore", "controllerGroup": "neo4j.neo4j.com", "controllerKind": "Neo4jRestore", "Neo4jRestore": {"name":"test-restore-no-backup","namespace":"test-failure-1750934075033706000-1750934075035488000"}, "namespace": "test-failure-1750934075033706000-1750934075035488000", "name": "test-restore-no-backup", "reconcileID": "ff0090ed-ad8c-4047-ba1e-a4cff808feb2"}
  2025-06-26T12:34:35+02:00	ERROR	Reconciler error	{"controller": "neo4jrestore", "controllerGroup": "neo4j.neo4j.com", "controllerKind": "Neo4jRestore", "Neo4jRestore": {"name":"test-restore-no-backup","namespace":"test-failure-1750934075033706000-1750934075035488000"}, "namespace": "test-failure-1750934075033706000-1750934075035488000", "name": "test-restore-no-backup", "reconcileID": "ff0090ed-ad8c-4047-ba1e-a4cff808feb2", "error": "Neo4jEnterpriseCluster.neo4j.neo4j.com \"test-cluster\" not found"}
  sigs.k8s.io/controller-runtime/pkg/internal/controller.(*Controller[...]).reconcileHandler
  	/Users/priyolahiri/go/pkg/mod/sigs.k8s.io/controller-runtime@v0.21.0/pkg/internal/controller/controller.go:353
  sigs.k8s.io/controller-runtime/pkg/internal/controller.(*Controller[...]).processNextWorkItem
  	/Users/priyolahiri/go/pkg/mod/sigs.k8s.io/controller-runtime@v0.21.0/pkg/internal/controller/controller.go:300
  sigs.k8s.io/controller-runtime/pkg/internal/controller.(*Controller[...]).Start.func2.1
  	/Users/priyolahiri/go/pkg/mod/sigs.k8s.io/controller-runtime@v0.21.0/pkg/internal/controller/controller.go:202
  2025-06-26T12:34:35+02:00	INFO	Warning: Reconciler returned both a non-zero result and a non-nil error. The result will always be ignored if the error is non-nil and the non-nil error causes requeuing with exponential backoff. For more details, see: https://pkg.go.dev/sigs.k8s.io/controller-runtime/pkg/reconcile#Reconciler	{"controller": "neo4jbackup", "controllerGroup": "neo4j.neo4j.com", "controllerKind": "Neo4jBackup", "Neo4jBackup": {"name":"test-backup-no-cluster","namespace":"test-failure-1750934075031883000-1750934075034004000"}, "namespace": "test-failure-1750934075031883000-1750934075034004000", "name": "test-backup-no-cluster", "reconcileID": "0a33242a-7e4d-46f2-93f9-f372cb0364bf"}
  2025-06-26T12:34:35+02:00	ERROR	Reconciler error	{"controller": "neo4jbackup", "controllerGroup": "neo4j.neo4j.com", "controllerKind": "Neo4jBackup", "Neo4jBackup": {"name":"test-backup-no-cluster","namespace":"test-failure-1750934075031883000-1750934075034004000"}, "namespace": "test-failure-1750934075031883000-1750934075034004000", "name": "test-backup-no-cluster", "reconcileID": "0a33242a-7e4d-46f2-93f9-f372cb0364bf", "error": "Neo4jEnterpriseCluster.neo4j.neo4j.com \"non-existent-cluster\" not found"}
  sigs.k8s.io/controller-runtime/pkg/internal/controller.(*Controller[...]).reconcileHandler
  	/Users/priyolahiri/go/pkg/mod/sigs.k8s.io/controller-runtime@v0.21.0/pkg/internal/controller/controller.go:353
  sigs.k8s.io/controller-runtime/pkg/internal/controller.(*Controller[...]).processNextWorkItem
  	/Users/priyolahiri/go/pkg/mod/sigs.k8s.io/controller-runtime@v0.21.0/pkg/internal/controller/controller.go:300
  sigs.k8s.io/controller-runtime/pkg/internal/controller.(*Controller[...]).Start.func2.1
  	/Users/priyolahiri/go/pkg/mod/sigs.k8s.io/controller-runtime@v0.21.0/pkg/internal/controller/controller.go:202
  2025-06-26T12:34:35+02:00	ERROR	Failed to get target cluster	{"controller": "neo4jrestore", "controllerGroup": "neo4j.neo4j.com", "controllerKind": "Neo4jRestore", "Neo4jRestore": {"name":"test-restore-no-cluster","namespace":"test-failure-1750934075035366000-1750934075036586000"}, "namespace": "test-failure-1750934075035366000-1750934075036586000", "name": "test-restore-no-cluster", "reconcileID": "e287e943-db35-4dfc-96cd-d90f9f5071b6", "error": "Neo4jEnterpriseCluster.neo4j.neo4j.com \"non-existent-cluster\" not found"}
  github.com/neo4j-labs/neo4j-kubernetes-operator/internal/controller.(*Neo4jRestoreReconciler).Reconcile
  	/Users/priyolahiri/Code/neo4j-kubernetes-operator/internal/controller/neo4jrestore_controller.go:118
  sigs.k8s.io/controller-runtime/pkg/internal/controller.(*Controller[...]).Reconcile
  	/Users/priyolahiri/go/pkg/mod/sigs.k8s.io/controller-runtime@v0.21.0/pkg/internal/controller/controller.go:119
  sigs.k8s.io/controller-runtime/pkg/internal/controller.(*Controller[...]).reconcileHandler
  	/Users/priyolahiri/go/pkg/mod/sigs.k8s.io/controller-runtime@v0.21.0/pkg/internal/controller/controller.go:340
  sigs.k8s.io/controller-runtime/pkg/internal/controller.(*Controller[...]).processNextWorkItem
  	/Users/priyolahiri/go/pkg/mod/sigs.k8s.io/controller-runtime@v0.21.0/pkg/internal/controller/controller.go:300
  sigs.k8s.io/controller-runtime/pkg/internal/controller.(*Controller[...]).Start.func2.1
  	/Users/priyolahiri/go/pkg/mod/sigs.k8s.io/controller-runtime@v0.21.0/pkg/internal/controller/controller.go:202
  2025-06-26T12:34:35+02:00	INFO	Warning: Reconciler returned both a non-zero result and a non-nil error. The result will always be ignored if the error is non-nil and the non-nil error causes requeuing with exponential backoff. For more details, see: https://pkg.go.dev/sigs.k8s.io/controller-runtime/pkg/reconcile#Reconciler	{"controller": "neo4jrestore", "controllerGroup": "neo4j.neo4j.com", "controllerKind": "Neo4jRestore", "Neo4jRestore": {"name":"test-restore-no-cluster","namespace":"test-failure-1750934075035366000-1750934075036586000"}, "namespace": "test-failure-1750934075035366000-1750934075036586000", "name": "test-restore-no-cluster", "reconcileID": "e287e943-db35-4dfc-96cd-d90f9f5071b6"}
  2025-06-26T12:34:35+02:00	ERROR	Reconciler error	{"controller": "neo4jrestore", "controllerGroup": "neo4j.neo4j.com", "controllerKind": "Neo4jRestore", "Neo4jRestore": {"name":"test-restore-no-cluster","namespace":"test-failure-1750934075035366000-1750934075036586000"}, "namespace": "test-failure-1750934075035366000-1750934075036586000", "name": "test-restore-no-cluster", "reconcileID": "e287e943-db35-4dfc-96cd-d90f9f5071b6", "error": "Neo4jEnterpriseCluster.neo4j.neo4j.com \"non-existent-cluster\" not found"}
  sigs.k8s.io/controller-runtime/pkg/internal/controller.(*Controller[...]).reconcileHandler
  	/Users/priyolahiri/go/pkg/mod/sigs.k8s.io/controller-runtime@v0.21.0/pkg/internal/controller/controller.go:353
  sigs.k8s.io/controller-runtime/pkg/internal/controller.(*Controller[...]).processNextWorkItem
  	/Users/priyolahiri/go/pkg/mod/sigs.k8s.io/controller-runtime@v0.21.0/pkg/internal/controller/controller.go:300
  sigs.k8s.io/controller-runtime/pkg/internal/controller.(*Controller[...]).Start.func2.1
  	/Users/priyolahiri/go/pkg/mod/sigs.k8s.io/controller-runtime@v0.21.0/pkg/internal/controller/controller.go:202
  2025-06-26T12:34:35+02:00	ERROR	Failed to get target cluster	{"controller": "neo4jbackup", "controllerGroup": "neo4j.neo4j.com", "controllerKind": "Neo4jBackup", "Neo4jBackup": {"name":"test-backup-invalid-storage","namespace":"test-failure-1750934075033884000-1750934075035500000"}, "namespace": "test-failure-1750934075033884000-1750934075035500000", "name": "test-backup-invalid-storage", "reconcileID": "3aad728e-7ef0-44fd-abc2-b13d09f146af", "error": "Neo4jEnterpriseCluster.neo4j.neo4j.com \"test-cluster\" not found"}
  github.com/neo4j-labs/neo4j-kubernetes-operator/internal/controller.(*Neo4jBackupReconciler).Reconcile
  	/Users/priyolahiri/Code/neo4j-kubernetes-operator/internal/controller/neo4jbackup_controller.go:106
  sigs.k8s.io/controller-runtime/pkg/internal/controller.(*Controller[...]).Reconcile
  	/Users/priyolahiri/go/pkg/mod/sigs.k8s.io/controller-runtime@v0.21.0/pkg/internal/controller/controller.go:119
  sigs.k8s.io/controller-runtime/pkg/internal/controller.(*Controller[...]).reconcileHandler
  	/Users/priyolahiri/go/pkg/mod/sigs.k8s.io/controller-runtime@v0.21.0/pkg/internal/controller/controller.go:340
  sigs.k8s.io/controller-runtime/pkg/internal/controller.(*Controller[...]).processNextWorkItem
  	/Users/priyolahiri/go/pkg/mod/sigs.k8s.io/controller-runtime@v0.21.0/pkg/internal/controller/controller.go:300
  sigs.k8s.io/controller-runtime/pkg/internal/controller.(*Controller[...]).Start.func2.1
  	/Users/priyolahiri/go/pkg/mod/sigs.k8s.io/controller-runtime@v0.21.0/pkg/internal/controller/controller.go:202
  2025-06-26T12:34:35+02:00	ERROR	Failed to get target cluster	{"controller": "neo4jrestore", "controllerGroup": "neo4j.neo4j.com", "controllerKind": "Neo4jRestore", "Neo4jRestore": {"name":"test-restore-no-backup","namespace":"test-failure-1750934075033706000-1750934075035488000"}, "namespace": "test-failure-1750934075033706000-1750934075035488000", "name": "test-restore-no-backup", "reconcileID": "dd7d890e-548b-44fb-a357-ddbbd2b8a48a", "error": "Neo4jEnterpriseCluster.neo4j.neo4j.com \"test-cluster\" not found"}
  github.com/neo4j-labs/neo4j-kubernetes-operator/internal/controller.(*Neo4jRestoreReconciler).Reconcile
  	/Users/priyolahiri/Code/neo4j-kubernetes-operator/internal/controller/neo4jrestore_controller.go:118
  sigs.k8s.io/controller-runtime/pkg/internal/controller.(*Controller[...]).Reconcile
  	/Users/priyolahiri/go/pkg/mod/sigs.k8s.io/controller-runtime@v0.21.0/pkg/internal/controller/controller.go:119
  sigs.k8s.io/controller-runtime/pkg/internal/controller.(*Controller[...]).reconcileHandler
  	/Users/priyolahiri/go/pkg/mod/sigs.k8s.io/controller-runtime@v0.21.0/pkg/internal/controller/controller.go:340
  sigs.k8s.io/controller-runtime/pkg/internal/controller.(*Controller[...]).processNextWorkItem
  	/Users/priyolahiri/go/pkg/mod/sigs.k8s.io/controller-runtime@v0.21.0/pkg/internal/controller/controller.go:300
  sigs.k8s.io/controller-runtime/pkg/internal/controller.(*Controller[...]).Start.func2.1
  	/Users/priyolahiri/go/pkg/mod/sigs.k8s.io/controller-runtime@v0.21.0/pkg/internal/controller/controller.go:202
  2025-06-26T12:34:35+02:00	INFO	Warning: Reconciler returned both a non-zero result and a non-nil error. The result will always be ignored if the error is non-nil and the non-nil error causes requeuing with exponential backoff. For more details, see: https://pkg.go.dev/sigs.k8s.io/controller-runtime/pkg/reconcile#Reconciler	{"controller": "neo4jrestore", "controllerGroup": "neo4j.neo4j.com", "controllerKind": "Neo4jRestore", "Neo4jRestore": {"name":"test-restore-no-backup","namespace":"test-failure-1750934075033706000-1750934075035488000"}, "namespace": "test-failure-1750934075033706000-1750934075035488000", "name": "test-restore-no-backup", "reconcileID": "dd7d890e-548b-44fb-a357-ddbbd2b8a48a"}
  [38;5;9m[FAILED][0m in [It] - /Users/priyolahiri/Code/neo4j-kubernetes-operator/test/integration/failure_scenarios_test.go:186 [38;5;243m@ 06/26/25 12:34:35.236[0m
  2025-06-26T12:34:35+02:00	ERROR	Reconciler error	{"controller": "neo4jrestore", "controllerGroup": "neo4j.neo4j.com", "controllerKind": "Neo4jRestore", "Neo4jRestore": {"name":"test-restore-no-backup","namespace":"test-failure-1750934075033706000-1750934075035488000"}, "namespace": "test-failure-1750934075033706000-1750934075035488000", "name": "test-restore-no-backup", "reconcileID": "dd7d890e-548b-44fb-a357-ddbbd2b8a48a", "error": "Neo4jEnterpriseCluster.neo4j.neo4j.com \"test-cluster\" not found"}
  sigs.k8s.io/controller-runtime/pkg/internal/controller.(*Controller[...]).reconcileHandler
  	/Users/priyolahiri/go/pkg/mod/sigs.k8s.io/controller-runtime@v0.21.0/pkg/internal/controller/controller.go:353
  sigs.k8s.io/controller-runtime/pkg/internal/controller.(*Controller[...]).processNextWorkItem
  	/Users/priyolahiri/go/pkg/mod/sigs.k8s.io/controller-runtime@v0.21.0/pkg/internal/controller/controller.go:300
  sigs.k8s.io/controller-runtime/pkg/internal/controller.(*Controller[...]).Start.func2.1
  	/Users/priyolahiri/go/pkg/mod/sigs.k8s.io/controller-runtime@v0.21.0/pkg/internal/controller/controller.go:202
  2025-06-26T12:34:35+02:00	INFO	Warning: Reconciler returned both a non-zero result and a non-nil error. The result will always be ignored if the error is non-nil and the non-nil error causes requeuing with exponential backoff. For more details, see: https://pkg.go.dev/sigs.k8s.io/controller-runtime/pkg/reconcile#Reconciler	{"controller": "neo4jbackup", "controllerGroup": "neo4j.neo4j.com", "controllerKind": "Neo4jBackup", "Neo4jBackup": {"name":"test-backup-invalid-storage","namespace":"test-failure-1750934075033884000-1750934075035500000"}, "namespace": "test-failure-1750934075033884000-1750934075035500000", "name": "test-backup-invalid-storage", "reconcileID": "3aad728e-7ef0-44fd-abc2-b13d09f146af"}
  2025-06-26T12:34:35+02:00	ERROR	Reconciler error	{"controller": "neo4jbackup", "controllerGroup": "neo4j.neo4j.com", "controllerKind": "Neo4jBackup", "Neo4jBackup": {"name":"test-backup-invalid-storage","namespace":"test-failure-1750934075033884000-1750934075035500000"}, "namespace": "test-failure-1750934075033884000-1750934075035500000", "name": "test-backup-invalid-storage", "reconcileID": "3aad728e-7ef0-44fd-abc2-b13d09f146af", "error": "Neo4jEnterpriseCluster.neo4j.neo4j.com \"test-cluster\" not found"}
  sigs.k8s.io/controller-runtime/pkg/internal/controller.(*Controller[...]).reconcileHandler
  	/Users/priyolahiri/go/pkg/mod/sigs.k8s.io/controller-runtime@v0.21.0/pkg/internal/controller/controller.go:353
  sigs.k8s.io/controller-runtime/pkg/internal/controller.(*Controller[...]).processNextWorkItem
  	/Users/priyolahiri/go/pkg/mod/sigs.k8s.io/controller-runtime@v0.21.0/pkg/internal/controller/controller.go:300
  sigs.k8s.io/controller-runtime/pkg/internal/controller.(*Controller[...]).Start.func2.1
  	/Users/priyolahiri/go/pkg/mod/sigs.k8s.io/controller-runtime@v0.21.0/pkg/internal/controller/controller.go:202
  2025-06-26T12:34:35+02:00	ERROR	Failed to get target cluster	{"controller": "neo4jbackup", "controllerGroup": "neo4j.neo4j.com", "controllerKind": "Neo4jBackup", "Neo4jBackup": {"name":"test-backup-no-cluster","namespace":"test-failure-1750934075031883000-1750934075034004000"}, "namespace": "test-failure-1750934075031883000-1750934075034004000", "name": "test-backup-no-cluster", "reconcileID": "512fd2d8-da8a-421e-aa89-bc35e2e92125", "error": "Neo4jEnterpriseCluster.neo4j.neo4j.com \"non-existent-cluster\" not found"}
  github.com/neo4j-labs/neo4j-kubernetes-operator/internal/controller.(*Neo4jBackupReconciler).Reconcile
  	/Users/priyolahiri/Code/neo4j-kubernetes-operator/internal/controller/neo4jbackup_controller.go:106
  sigs.k8s.io/controller-runtime/pkg/internal/controller.(*Controller[...]).Reconcile
  	/Users/priyolahiri/go/pkg/mod/sigs.k8s.io/controller-runtime@v0.21.0/pkg/internal/controller/controller.go:119
  sigs.k8s.io/controller-runtime/pkg/internal/controller.(*Controller[...]).reconcileHandler
  	/Users/priyolahiri/go/pkg/mod/sigs.k8s.io/controller-runtime@v0.21.0/pkg/internal/controller/controller.go:340
  sigs.k8s.io/controller-runtime/pkg/internal/controller.(*Controller[...]).processNextWorkItem
  	/Users/priyolahiri/go/pkg/mod/sigs.k8s.io/controller-runtime@v0.21.0/pkg/internal/controller/controller.go:300
  sigs.k8s.io/controller-runtime/pkg/internal/controller.(*Controller[...]).Start.func2.1
  	/Users/priyolahiri/go/pkg/mod/sigs.k8s.io/controller-runtime@v0.21.0/pkg/internal/controller/controller.go:202
  2025-06-26T12:34:35+02:00	INFO	Warning: Reconciler returned both a non-zero result and a non-nil error. The result will always be ignored if the error is non-nil and the non-nil error causes requeuing with exponential backoff. For more details, see: https://pkg.go.dev/sigs.k8s.io/controller-runtime/pkg/reconcile#Reconciler	{"controller": "neo4jbackup", "controllerGroup": "neo4j.neo4j.com", "controllerKind": "Neo4jBackup", "Neo4jBackup": {"name":"test-backup-no-cluster","namespace":"test-failure-1750934075031883000-1750934075034004000"}, "namespace": "test-failure-1750934075031883000-1750934075034004000", "name": "test-backup-no-cluster", "reconcileID": "512fd2d8-da8a-421e-aa89-bc35e2e92125"}
  2025-06-26T12:34:35+02:00	ERROR	Reconciler error	{"controller": "neo4jbackup", "controllerGroup": "neo4j.neo4j.com", "controllerKind": "Neo4jBackup", "Neo4jBackup": {"name":"test-backup-no-cluster","namespace":"test-failure-1750934075031883000-1750934075034004000"}, "namespace": "test-failure-1750934075031883000-1750934075034004000", "name": "test-backup-no-cluster", "reconcileID": "512fd2d8-da8a-421e-aa89-bc35e2e92125", "error": "Neo4jEnterpriseCluster.neo4j.neo4j.com \"non-existent-cluster\" not found"}
  sigs.k8s.io/controller-runtime/pkg/internal/controller.(*Controller[...]).reconcileHandler
  	/Users/priyolahiri/go/pkg/mod/sigs.k8s.io/controller-runtime@v0.21.0/pkg/internal/controller/controller.go:353
  sigs.k8s.io/controller-runtime/pkg/internal/controller.(*Controller[...]).processNextWorkItem
  	/Users/priyolahiri/go/pkg/mod/sigs.k8s.io/controller-runtime@v0.21.0/pkg/internal/controller/controller.go:300
  sigs.k8s.io/controller-runtime/pkg/internal/controller.(*Controller[...]).Start.func2.1
  	/Users/priyolahiri/go/pkg/mod/sigs.k8s.io/controller-runtime@v0.21.0/pkg/internal/controller/controller.go:202
  2025-06-26T12:34:35+02:00	ERROR	Failed to get target cluster	{"controller": "neo4jrestore", "controllerGroup": "neo4j.neo4j.com", "controllerKind": "Neo4jRestore", "Neo4jRestore": {"name":"test-restore-no-cluster","namespace":"test-failure-1750934075035366000-1750934075036586000"}, "namespace": "test-failure-1750934075035366000-1750934075036586000", "name": "test-restore-no-cluster", "reconcileID": "8605d89d-9d7a-494e-9f71-f9f562f761de", "error": "Neo4jEnterpriseCluster.neo4j.neo4j.com \"non-existent-cluster\" not found"}
  github.com/neo4j-labs/neo4j-kubernetes-operator/internal/controller.(*Neo4jRestoreReconciler).Reconcile
  	/Users/priyolahiri/Code/neo4j-kubernetes-operator/internal/controller/neo4jrestore_controller.go:118
  sigs.k8s.io/controller-runtime/pkg/internal/controller.(*Controller[...]).Reconcile
  	/Users/priyolahiri/go/pkg/mod/sigs.k8s.io/controller-runtime@v0.21.0/pkg/internal/controller/controller.go:119
  sigs.k8s.io/controller-runtime/pkg/internal/controller.(*Controller[...]).reconcileHandler
  	/Users/priyolahiri/go/pkg/mod/sigs.k8s.io/controller-runtime@v0.21.0/pkg/internal/controller/controller.go:340
  sigs.k8s.io/controller-runtime/pkg/internal/controller.(*Controller[...]).processNextWorkItem
  	/Users/priyolahiri/go/pkg/mod/sigs.k8s.io/controller-runtime@v0.21.0/pkg/internal/controller/controller.go:300
  sigs.k8s.io/controller-runtime/pkg/internal/controller.(*Controller[...]).Start.func2.1
  	/Users/priyolahiri/go/pkg/mod/sigs.k8s.io/controller-runtime@v0.21.0/pkg/internal/controller/controller.go:202
  2025-06-26T12:34:35+02:00	ERROR	Failed to get target cluster	{"controller": "neo4jbackup", "controllerGroup": "neo4j.neo4j.com", "controllerKind": "Neo4jBackup", "Neo4jBackup": {"name":"test-backup-invalid-storage","namespace":"test-failure-1750934075033884000-1750934075035500000"}, "namespace": "test-failure-1750934075033884000-1750934075035500000", "name": "test-backup-invalid-storage", "reconcileID": "90bf71d2-be64-478f-9247-5e82a40fc98f", "error": "Neo4jEnterpriseCluster.neo4j.neo4j.com \"test-cluster\" not found"}
  github.com/neo4j-labs/neo4j-kubernetes-operator/internal/controller.(*Neo4jBackupReconciler).Reconcile
  	/Users/priyolahiri/Code/neo4j-kubernetes-operator/internal/controller/neo4jbackup_controller.go:106
  sigs.k8s.io/controller-runtime/pkg/internal/controller.(*Controller[...]).Reconcile
  	/Users/priyolahiri/go/pkg/mod/sigs.k8s.io/controller-runtime@v0.21.0/pkg/internal/controller/controller.go:119
  sigs.k8s.io/controller-runtime/pkg/internal/controller.(*Controller[...]).reconcileHandler
  	/Users/priyolahiri/go/pkg/mod/sigs.k8s.io/controller-runtime@v0.21.0/pkg/internal/controller/controller.go:340
  sigs.k8s.io/controller-runtime/pkg/internal/controller.(*Controller[...]).processNextWorkItem
  	/Users/priyolahiri/go/pkg/mod/sigs.k8s.io/controller-runtime@v0.21.0/pkg/internal/controller/controller.go:300
  sigs.k8s.io/controller-runtime/pkg/internal/controller.(*Controller[...]).Start.func2.1
  	/Users/priyolahiri/go/pkg/mod/sigs.k8s.io/controller-runtime@v0.21.0/pkg/internal/controller/controller.go:202
  2025-06-26T12:34:35+02:00	INFO	Warning: Reconciler returned both a non-zero result and a non-nil error. The result will always be ignored if the error is non-nil and the non-nil error causes requeuing with exponential backoff. For more details, see: https://pkg.go.dev/sigs.k8s.io/controller-runtime/pkg/reconcile#Reconciler	{"controller": "neo4jrestore", "controllerGroup": "neo4j.neo4j.com", "controllerKind": "Neo4jRestore", "Neo4jRestore": {"name":"test-restore-no-cluster","namespace":"test-failure-1750934075035366000-1750934075036586000"}, "namespace": "test-failure-1750934075035366000-1750934075036586000", "name": "test-restore-no-cluster", "reconcileID": "8605d89d-9d7a-494e-9f71-f9f562f761de"}
  2025-06-26T12:34:35+02:00	ERROR	Reconciler error	{"controller": "neo4jrestore", "controllerGroup": "neo4j.neo4j.com", "controllerKind": "Neo4jRestore", "Neo4jRestore": {"name":"test-restore-no-cluster","namespace":"test-failure-1750934075035366000-1750934075036586000"}, "namespace": "test-failure-1750934075035366000-1750934075036586000", "name": "test-restore-no-cluster", "reconcileID": "8605d89d-9d7a-494e-9f71-f9f562f761de", "error": "Neo4jEnterpriseCluster.neo4j.neo4j.com \"non-existent-cluster\" not found"}
  sigs.k8s.io/controller-runtime/pkg/internal/controller.(*Controller[...]).reconcileHandler
  	/Users/priyolahiri/go/pkg/mod/sigs.k8s.io/controller-runtime@v0.21.0/pkg/internal/controller/controller.go:353
  sigs.k8s.io/controller-runtime/pkg/internal/controller.(*Controller[...]).processNextWorkItem
  	/Users/priyolahiri/go/pkg/mod/sigs.k8s.io/controller-runtime@v0.21.0/pkg/internal/controller/controller.go:300
  sigs.k8s.io/controller-runtime/pkg/internal/controller.(*Controller[...]).Start.func2.1
  	/Users/priyolahiri/go/pkg/mod/sigs.k8s.io/controller-runtime@v0.21.0/pkg/internal/controller/controller.go:202
  2025-06-26T12:34:35+02:00	ERROR	Failed to get target cluster	{"controller": "neo4jrestore", "controllerGroup": "neo4j.neo4j.com", "controllerKind": "Neo4jRestore", "Neo4jRestore": {"name":"test-restore-no-backup","namespace":"test-failure-1750934075033706000-1750934075035488000"}, "namespace": "test-failure-1750934075033706000-1750934075035488000", "name": "test-restore-no-backup", "reconcileID": "1fb66138-a227-44bd-ab75-50d4fb0981ff", "error": "Neo4jEnterpriseCluster.neo4j.neo4j.com \"test-cluster\" not found"}
  github.com/neo4j-labs/neo4j-kubernetes-operator/internal/controller.(*Neo4jRestoreReconciler).Reconcile
  	/Users/priyolahiri/Code/neo4j-kubernetes-operator/internal/controller/neo4jrestore_controller.go:118
  sigs.k8s.io/controller-runtime/pkg/internal/controller.(*Controller[...]).Reconcile
  	/Users/priyolahiri/go/pkg/mod/sigs.k8s.io/controller-runtime@v0.21.0/pkg/internal/controller/controller.go:119
  sigs.k8s.io/controller-runtime/pkg/internal/controller.(*Controller[...]).reconcileHandler
  	/Users/priyolahiri/go/pkg/mod/sigs.k8s.io/controller-runtime@v0.21.0/pkg/internal/controller/controller.go:340
  sigs.k8s.io/controller-runtime/pkg/internal/controller.(*Controller[...]).processNextWorkItem
  	/Users/priyolahiri/go/pkg/mod/sigs.k8s.io/controller-runtime@v0.21.0/pkg/internal/controller/controller.go:300
  sigs.k8s.io/controller-runtime/pkg/internal/controller.(*Controller[...]).Start.func2.1
  	/Users/priyolahiri/go/pkg/mod/sigs.k8s.io/controller-runtime@v0.21.0/pkg/internal/controller/controller.go:202
  2025-06-26T12:34:35+02:00	INFO	Warning: Reconciler returned both a non-zero result and a non-nil error. The result will always be ignored if the error is non-nil and the non-nil error causes requeuing with exponential backoff. For more details, see: https://pkg.go.dev/sigs.k8s.io/controller-runtime/pkg/reconcile#Reconciler	{"controller": "neo4jbackup", "controllerGroup": "neo4j.neo4j.com", "controllerKind": "Neo4jBackup", "Neo4jBackup": {"name":"test-backup-invalid-storage","namespace":"test-failure-1750934075033884000-1750934075035500000"}, "namespace": "test-failure-1750934075033884000-1750934075035500000", "name": "test-backup-invalid-storage", "reconcileID": "90bf71d2-be64-478f-9247-5e82a40fc98f"}
  2025-06-26T12:34:35+02:00	ERROR	Reconciler error	{"controller": "neo4jbackup", "controllerGroup": "neo4j.neo4j.com", "controllerKind": "Neo4jBackup", "Neo4jBackup": {"name":"test-backup-invalid-storage","namespace":"test-failure-1750934075033884000-1750934075035500000"}, "namespace": "test-failure-1750934075033884000-1750934075035500000", "name": "test-backup-invalid-storage", "reconcileID": "90bf71d2-be64-478f-9247-5e82a40fc98f", "error": "Neo4jEnterpriseCluster.neo4j.neo4j.com \"test-cluster\" not found"}
  sigs.k8s.io/controller-runtime/pkg/internal/controller.(*Controller[...]).reconcileHandler
  	/Users/priyolahiri/go/pkg/mod/sigs.k8s.io/controller-runtime@v0.21.0/pkg/internal/controller/controller.go:353
  sigs.k8s.io/controller-runtime/pkg/internal/controller.(*Controller[...]).processNextWorkItem
  	/Users/priyolahiri/go/pkg/mod/sigs.k8s.io/controller-runtime@v0.21.0/pkg/internal/controller/controller.go:300
  sigs.k8s.io/controller-runtime/pkg/internal/controller.(*Controller[...]).Start.func2.1
  	/Users/priyolahiri/go/pkg/mod/sigs.k8s.io/controller-runtime@v0.21.0/pkg/internal/controller/controller.go:202
  2025-06-26T12:34:35+02:00	INFO	Warning: Reconciler returned both a non-zero result and a non-nil error. The result will always be ignored if the error is non-nil and the non-nil error causes requeuing with exponential backoff. For more details, see: https://pkg.go.dev/sigs.k8s.io/controller-runtime/pkg/reconcile#Reconciler	{"controller": "neo4jrestore", "controllerGroup": "neo4j.neo4j.com", "controllerKind": "Neo4jRestore", "Neo4jRestore": {"name":"test-restore-no-backup","namespace":"test-failure-1750934075033706000-1750934075035488000"}, "namespace": "test-failure-1750934075033706000-1750934075035488000", "name": "test-restore-no-backup", "reconcileID": "1fb66138-a227-44bd-ab75-50d4fb0981ff"}
  2025-06-26T12:34:35+02:00	ERROR	Reconciler error	{"controller": "neo4jrestore", "controllerGroup": "neo4j.neo4j.com", "controllerKind": "Neo4jRestore", "Neo4jRestore": {"name":"test-restore-no-backup","namespace":"test-failure-1750934075033706000-1750934075035488000"}, "namespace": "test-failure-1750934075033706000-1750934075035488000", "name": "test-restore-no-backup", "reconcileID": "1fb66138-a227-44bd-ab75-50d4fb0981ff", "error": "Neo4jEnterpriseCluster.neo4j.neo4j.com \"test-cluster\" not found"}
  sigs.k8s.io/controller-runtime/pkg/internal/controller.(*Controller[...]).reconcileHandler
  	/Users/priyolahiri/go/pkg/mod/sigs.k8s.io/controller-runtime@v0.21.0/pkg/internal/controller/controller.go:353
  sigs.k8s.io/controller-runtime/pkg/internal/controller.(*Controller[...]).processNextWorkItem
  	/Users/priyolahiri/go/pkg/mod/sigs.k8s.io/controller-runtime@v0.21.0/pkg/internal/controller/controller.go:300
  sigs.k8s.io/controller-runtime/pkg/internal/controller.(*Controller[...]).Start.func2.1
  	/Users/priyolahiri/go/pkg/mod/sigs.k8s.io/controller-runtime@v0.21.0/pkg/internal/controller/controller.go:202
  [38;5;243m<< Timeline[0m

  [38;5;9m[FAILED] Expected success, but got an error:
      <*errors.StatusError | 0x14000b5e0a0>:
      admission webhook "vneo4jenterprisecluster.kb.io" denied the request: spec.tls.issuerRef.name: Required value: issuer name must be specified when using cert-manager
      {
          ErrStatus: {
              TypeMeta: {Kind: "", APIVersion: ""},
              ListMeta: {
                  SelfLink: "",
                  ResourceVersion: "",
                  Continue: "",
                  RemainingItemCount: nil,
              },
              Status: "Failure",
              Message: "admission webhook \"vneo4jenterprisecluster.kb.io\" denied the request: spec.tls.issuerRef.name: Required value: issuer name must be specified when using cert-manager",
              Reason: "Forbidden",
              Details: nil,
              Code: 403,
          },
      }[0m
  [38;5;9mIn [1m[It][0m[38;5;9m at: [1m/Users/priyolahiri/Code/neo4j-kubernetes-operator/test/integration/failure_scenarios_test.go:186[0m [38;5;243m@ 06/26/25 12:34:35.236[0m
[38;5;243m------------------------------[0m
[38;5;9m• [FAILED] [0.243 seconds][0m
[0mCluster Lifecycle Integration Tests [38;5;243mEnd-to-end cluster lifecycle [38;5;9m[1m[It] Should create, scale, upgrade, and delete cluster successfully[0m
[38;5;243m/Users/priyolahiri/Code/neo4j-kubernetes-operator/test/integration/cluster_lifecycle_test.go:62[0m

  [38;5;243mTimeline >>[0m
  [1mSTEP:[0m Creating a basic cluster [38;5;243m@ 06/26/25 12:34:35.104[0m
  2025-06-26T12:34:35+02:00	INFO	Starting Controller	{"controller": "neo4jrole", "controllerGroup": "neo4j.neo4j.com", "controllerKind": "Neo4jRole"}
  2025-06-26T12:34:35+02:00	INFO	Starting workers	{"controller": "neo4jrole", "controllerGroup": "neo4j.neo4j.com", "controllerKind": "Neo4jRole", "worker count": 1}
  2025-06-26T12:34:35+02:00	INFO	Starting Controller	{"controller": "neo4jplugin", "controllerGroup": "neo4j.neo4j.com", "controllerKind": "Neo4jPlugin"}
  2025-06-26T12:34:35+02:00	INFO	Starting workers	{"controller": "neo4jplugin", "controllerGroup": "neo4j.neo4j.com", "controllerKind": "Neo4jPlugin", "worker count": 1}
  2025-06-26T12:34:35+02:00	INFO	Starting Controller	{"controller": "neo4juser", "controllerGroup": "neo4j.neo4j.com", "controllerKind": "Neo4jUser"}
  2025-06-26T12:34:35+02:00	INFO	Starting workers	{"controller": "neo4juser", "controllerGroup": "neo4j.neo4j.com", "controllerKind": "Neo4jUser", "worker count": 1}
  2025-06-26T12:34:35+02:00	INFO	Starting Controller	{"controller": "neo4jbackup", "controllerGroup": "neo4j.neo4j.com", "controllerKind": "Neo4jBackup"}
  2025-06-26T12:34:35+02:00	INFO	Starting Controller	{"controller": "neo4jrestore", "controllerGroup": "neo4j.neo4j.com", "controllerKind": "Neo4jRestore"}
  2025-06-26T12:34:35+02:00	INFO	Starting workers	{"controller": "neo4jbackup", "controllerGroup": "neo4j.neo4j.com", "controllerKind": "Neo4jBackup", "worker count": 1}
  2025-06-26T12:34:35+02:00	INFO	Starting workers	{"controller": "neo4jrestore", "controllerGroup": "neo4j.neo4j.com", "controllerKind": "Neo4jRestore", "worker count": 1}
  2025-06-26T12:34:35+02:00	INFO	Starting Controller	{"controller": "neo4jenterprisecluster", "controllerGroup": "neo4j.neo4j.com", "controllerKind": "Neo4jEnterpriseCluster"}
  2025-06-26T12:34:35+02:00	INFO	Starting workers	{"controller": "neo4jenterprisecluster", "controllerGroup": "neo4j.neo4j.com", "controllerKind": "Neo4jEnterpriseCluster", "worker count": 1}
  2025-06-26T12:34:35+02:00	INFO	Starting Controller	{"controller": "neo4jdatabase", "controllerGroup": "neo4j.neo4j.com", "controllerKind": "Neo4jDatabase"}
  2025-06-26T12:34:35+02:00	INFO	Starting workers	{"controller": "neo4jdatabase", "controllerGroup": "neo4j.neo4j.com", "controllerKind": "Neo4jDatabase", "worker count": 1}
  2025-06-26T12:34:35+02:00	ERROR	Failed to get target cluster	{"controller": "neo4jrestore", "controllerGroup": "neo4j.neo4j.com", "controllerKind": "Neo4jRestore", "Neo4jRestore": {"name":"test-restore-no-cluster","namespace":"test-failure-1750934075035366000-1750934075036586000"}, "namespace": "test-failure-1750934075035366000-1750934075036586000", "name": "test-restore-no-cluster", "reconcileID": "d67216ed-4966-4287-884e-1ef3e318eb12", "error": "Neo4jEnterpriseCluster.neo4j.neo4j.com \"non-existent-cluster\" not found"}
  github.com/neo4j-labs/neo4j-kubernetes-operator/internal/controller.(*Neo4jRestoreReconciler).Reconcile
  	/Users/priyolahiri/Code/neo4j-kubernetes-operator/internal/controller/neo4jrestore_controller.go:118
  sigs.k8s.io/controller-runtime/pkg/internal/controller.(*Controller[...]).Reconcile
  	/Users/priyolahiri/go/pkg/mod/sigs.k8s.io/controller-runtime@v0.21.0/pkg/internal/controller/controller.go:119
  sigs.k8s.io/controller-runtime/pkg/internal/controller.(*Controller[...]).reconcileHandler
  	/Users/priyolahiri/go/pkg/mod/sigs.k8s.io/controller-runtime@v0.21.0/pkg/internal/controller/controller.go:340
  sigs.k8s.io/controller-runtime/pkg/internal/controller.(*Controller[...]).processNextWorkItem
  	/Users/priyolahiri/go/pkg/mod/sigs.k8s.io/controller-runtime@v0.21.0/pkg/internal/controller/controller.go:300
  sigs.k8s.io/controller-runtime/pkg/internal/controller.(*Controller[...]).Start.func2.1
  	/Users/priyolahiri/go/pkg/mod/sigs.k8s.io/controller-runtime@v0.21.0/pkg/internal/controller/controller.go:202
  2025-06-26T12:34:35+02:00	ERROR	Failed to get target cluster	{"controller": "neo4jbackup", "controllerGroup": "neo4j.neo4j.com", "controllerKind": "Neo4jBackup", "Neo4jBackup": {"name":"test-backup-invalid-storage","namespace":"test-failure-1750934075033884000-1750934075035500000"}, "namespace": "test-failure-1750934075033884000-1750934075035500000", "name": "test-backup-invalid-storage", "reconcileID": "5d9b82fa-bfee-4822-a32e-39ad4138a0fe", "error": "Neo4jEnterpriseCluster.neo4j.neo4j.com \"test-cluster\" not found"}
  github.com/neo4j-labs/neo4j-kubernetes-operator/internal/controller.(*Neo4jBackupReconciler).Reconcile
  	/Users/priyolahiri/Code/neo4j-kubernetes-operator/internal/controller/neo4jbackup_controller.go:106
  sigs.k8s.io/controller-runtime/pkg/internal/controller.(*Controller[...]).Reconcile
  	/Users/priyolahiri/go/pkg/mod/sigs.k8s.io/controller-runtime@v0.21.0/pkg/internal/controller/controller.go:119
  sigs.k8s.io/controller-runtime/pkg/internal/controller.(*Controller[...]).reconcileHandler
  	/Users/priyolahiri/go/pkg/mod/sigs.k8s.io/controller-runtime@v0.21.0/pkg/internal/controller/controller.go:340
  sigs.k8s.io/controller-runtime/pkg/internal/controller.(*Controller[...]).processNextWorkItem
  	/Users/priyolahiri/go/pkg/mod/sigs.k8s.io/controller-runtime@v0.21.0/pkg/internal/controller/controller.go:300
  sigs.k8s.io/controller-runtime/pkg/internal/controller.(*Controller[...]).Start.func2.1
  	/Users/priyolahiri/go/pkg/mod/sigs.k8s.io/controller-runtime@v0.21.0/pkg/internal/controller/controller.go:202
  2025-06-26T12:34:35+02:00	INFO	Starting Controller	{"controller": "neo4jgrant", "controllerGroup": "neo4j.neo4j.com", "controllerKind": "Neo4jGrant"}
  2025-06-26T12:34:35+02:00	INFO	Starting workers	{"controller": "neo4jgrant", "controllerGroup": "neo4j.neo4j.com", "controllerKind": "Neo4jGrant", "worker count": 1}
  2025-06-26T12:34:35+02:00	INFO	Warning: Reconciler returned both a non-zero result and a non-nil error. The result will always be ignored if the error is non-nil and the non-nil error causes requeuing with exponential backoff. For more details, see: https://pkg.go.dev/sigs.k8s.io/controller-runtime/pkg/reconcile#Reconciler	{"controller": "neo4jrestore", "controllerGroup": "neo4j.neo4j.com", "controllerKind": "Neo4jRestore", "Neo4jRestore": {"name":"test-restore-no-cluster","namespace":"test-failure-1750934075035366000-1750934075036586000"}, "namespace": "test-failure-1750934075035366000-1750934075036586000", "name": "test-restore-no-cluster", "reconcileID": "d67216ed-4966-4287-884e-1ef3e318eb12"}
  2025-06-26T12:34:35+02:00	ERROR	Reconciler error	{"controller": "neo4jrestore", "controllerGroup": "neo4j.neo4j.com", "controllerKind": "Neo4jRestore", "Neo4jRestore": {"name":"test-restore-no-cluster","namespace":"test-failure-1750934075035366000-1750934075036586000"}, "namespace": "test-failure-1750934075035366000-1750934075036586000", "name": "test-restore-no-cluster", "reconcileID": "d67216ed-4966-4287-884e-1ef3e318eb12", "error": "Neo4jEnterpriseCluster.neo4j.neo4j.com \"non-existent-cluster\" not found"}
  sigs.k8s.io/controller-runtime/pkg/internal/controller.(*Controller[...]).reconcileHandler
  	/Users/priyolahiri/go/pkg/mod/sigs.k8s.io/controller-runtime@v0.21.0/pkg/internal/controller/controller.go:353
  sigs.k8s.io/controller-runtime/pkg/internal/controller.(*Controller[...]).processNextWorkItem
  	/Users/priyolahiri/go/pkg/mod/sigs.k8s.io/controller-runtime@v0.21.0/pkg/internal/controller/controller.go:300
  sigs.k8s.io/controller-runtime/pkg/internal/controller.(*Controller[...]).Start.func2.1
  	/Users/priyolahiri/go/pkg/mod/sigs.k8s.io/controller-runtime@v0.21.0/pkg/internal/controller/controller.go:202
  2025-06-26T12:34:35+02:00	ERROR	Failed to get target cluster	{"controller": "neo4jrestore", "controllerGroup": "neo4j.neo4j.com", "controllerKind": "Neo4jRestore", "Neo4jRestore": {"name":"test-restore-no-backup","namespace":"test-failure-1750934075033706000-1750934075035488000"}, "namespace": "test-failure-1750934075033706000-1750934075035488000", "name": "test-restore-no-backup", "reconcileID": "37ee4559-19fa-4d8b-8bfe-2fcfcf29f7d5", "error": "Neo4jEnterpriseCluster.neo4j.neo4j.com \"test-cluster\" not found"}
  github.com/neo4j-labs/neo4j-kubernetes-operator/internal/controller.(*Neo4jRestoreReconciler).Reconcile
  	/Users/priyolahiri/Code/neo4j-kubernetes-operator/internal/controller/neo4jrestore_controller.go:118
  sigs.k8s.io/controller-runtime/pkg/internal/controller.(*Controller[...]).Reconcile
  	/Users/priyolahiri/go/pkg/mod/sigs.k8s.io/controller-runtime@v0.21.0/pkg/internal/controller/controller.go:119
  sigs.k8s.io/controller-runtime/pkg/internal/controller.(*Controller[...]).reconcileHandler
  	/Users/priyolahiri/go/pkg/mod/sigs.k8s.io/controller-runtime@v0.21.0/pkg/internal/controller/controller.go:340
  sigs.k8s.io/controller-runtime/pkg/internal/controller.(*Controller[...]).processNextWorkItem
  	/Users/priyolahiri/go/pkg/mod/sigs.k8s.io/controller-runtime@v0.21.0/pkg/internal/controller/controller.go:300
  sigs.k8s.io/controller-runtime/pkg/internal/controller.(*Controller[...]).Start.func2.1
  	/Users/priyolahiri/go/pkg/mod/sigs.k8s.io/controller-runtime@v0.21.0/pkg/internal/controller/controller.go:202
  2025-06-26T12:34:35+02:00	INFO	Warning: Reconciler returned both a non-zero result and a non-nil error. The result will always be ignored if the error is non-nil and the non-nil error causes requeuing with exponential backoff. For more details, see: https://pkg.go.dev/sigs.k8s.io/controller-runtime/pkg/reconcile#Reconciler	{"controller": "neo4jrestore", "controllerGroup": "neo4j.neo4j.com", "controllerKind": "Neo4jRestore", "Neo4jRestore": {"name":"test-restore-no-backup","namespace":"test-failure-1750934075033706000-1750934075035488000"}, "namespace": "test-failure-1750934075033706000-1750934075035488000", "name": "test-restore-no-backup", "reconcileID": "37ee4559-19fa-4d8b-8bfe-2fcfcf29f7d5"}
  2025-06-26T12:34:35+02:00	ERROR	Reconciler error	{"controller": "neo4jrestore", "controllerGroup": "neo4j.neo4j.com", "controllerKind": "Neo4jRestore", "Neo4jRestore": {"name":"test-restore-no-backup","namespace":"test-failure-1750934075033706000-1750934075035488000"}, "namespace": "test-failure-1750934075033706000-1750934075035488000", "name": "test-restore-no-backup", "reconcileID": "37ee4559-19fa-4d8b-8bfe-2fcfcf29f7d5", "error": "Neo4jEnterpriseCluster.neo4j.neo4j.com \"test-cluster\" not found"}
  sigs.k8s.io/controller-runtime/pkg/internal/controller.(*Controller[...]).reconcileHandler
  	/Users/priyolahiri/go/pkg/mod/sigs.k8s.io/controller-runtime@v0.21.0/pkg/internal/controller/controller.go:353
  sigs.k8s.io/controller-runtime/pkg/internal/controller.(*Controller[...]).processNextWorkItem
  	/Users/priyolahiri/go/pkg/mod/sigs.k8s.io/controller-runtime@v0.21.0/pkg/internal/controller/controller.go:300
  sigs.k8s.io/controller-runtime/pkg/internal/controller.(*Controller[...]).Start.func2.1
  	/Users/priyolahiri/go/pkg/mod/sigs.k8s.io/controller-runtime@v0.21.0/pkg/internal/controller/controller.go:202
  2025-06-26T12:34:35+02:00	ERROR	Failed to get target cluster	{"controller": "neo4jrestore", "controllerGroup": "neo4j.neo4j.com", "controllerKind": "Neo4jRestore", "Neo4jRestore": {"name":"test-restore-no-cluster","namespace":"test-failure-1750934075035366000-1750934075036586000"}, "namespace": "test-failure-1750934075035366000-1750934075036586000", "name": "test-restore-no-cluster", "reconcileID": "462f7c8e-63df-41f7-8ad5-81810146ea80", "error": "Neo4jEnterpriseCluster.neo4j.neo4j.com \"non-existent-cluster\" not found"}
  github.com/neo4j-labs/neo4j-kubernetes-operator/internal/controller.(*Neo4jRestoreReconciler).Reconcile
  	/Users/priyolahiri/Code/neo4j-kubernetes-operator/internal/controller/neo4jrestore_controller.go:118
  sigs.k8s.io/controller-runtime/pkg/internal/controller.(*Controller[...]).Reconcile
  	/Users/priyolahiri/go/pkg/mod/sigs.k8s.io/controller-runtime@v0.21.0/pkg/internal/controller/controller.go:119
  sigs.k8s.io/controller-runtime/pkg/internal/controller.(*Controller[...]).reconcileHandler
  	/Users/priyolahiri/go/pkg/mod/sigs.k8s.io/controller-runtime@v0.21.0/pkg/internal/controller/controller.go:340
  sigs.k8s.io/controller-runtime/pkg/internal/controller.(*Controller[...]).processNextWorkItem
  	/Users/priyolahiri/go/pkg/mod/sigs.k8s.io/controller-runtime@v0.21.0/pkg/internal/controller/controller.go:300
  sigs.k8s.io/controller-runtime/pkg/internal/controller.(*Controller[...]).Start.func2.1
  	/Users/priyolahiri/go/pkg/mod/sigs.k8s.io/controller-runtime@v0.21.0/pkg/internal/controller/controller.go:202
  2025-06-26T12:34:35+02:00	INFO	Warning: Reconciler returned both a non-zero result and a non-nil error. The result will always be ignored if the error is non-nil and the non-nil error causes requeuing with exponential backoff. For more details, see: https://pkg.go.dev/sigs.k8s.io/controller-runtime/pkg/reconcile#Reconciler	{"controller": "neo4jrestore", "controllerGroup": "neo4j.neo4j.com", "controllerKind": "Neo4jRestore", "Neo4jRestore": {"name":"test-restore-no-cluster","namespace":"test-failure-1750934075035366000-1750934075036586000"}, "namespace": "test-failure-1750934075035366000-1750934075036586000", "name": "test-restore-no-cluster", "reconcileID": "462f7c8e-63df-41f7-8ad5-81810146ea80"}
  2025-06-26T12:34:35+02:00	ERROR	Reconciler error	{"controller": "neo4jrestore", "controllerGroup": "neo4j.neo4j.com", "controllerKind": "Neo4jRestore", "Neo4jRestore": {"name":"test-restore-no-cluster","namespace":"test-failure-1750934075035366000-1750934075036586000"}, "namespace": "test-failure-1750934075035366000-1750934075036586000", "name": "test-restore-no-cluster", "reconcileID": "462f7c8e-63df-41f7-8ad5-81810146ea80", "error": "Neo4jEnterpriseCluster.neo4j.neo4j.com \"non-existent-cluster\" not found"}
  sigs.k8s.io/controller-runtime/pkg/internal/controller.(*Controller[...]).reconcileHandler
  	/Users/priyolahiri/go/pkg/mod/sigs.k8s.io/controller-runtime@v0.21.0/pkg/internal/controller/controller.go:353
  sigs.k8s.io/controller-runtime/pkg/internal/controller.(*Controller[...]).processNextWorkItem
  	/Users/priyolahiri/go/pkg/mod/sigs.k8s.io/controller-runtime@v0.21.0/pkg/internal/controller/controller.go:300
  sigs.k8s.io/controller-runtime/pkg/internal/controller.(*Controller[...]).Start.func2.1
  	/Users/priyolahiri/go/pkg/mod/sigs.k8s.io/controller-runtime@v0.21.0/pkg/internal/controller/controller.go:202
  2025-06-26T12:34:35+02:00	ERROR	Failed to get target cluster	{"controller": "neo4jrestore", "controllerGroup": "neo4j.neo4j.com", "controllerKind": "Neo4jRestore", "Neo4jRestore": {"name":"test-restore-no-backup","namespace":"test-failure-1750934075033706000-1750934075035488000"}, "namespace": "test-failure-1750934075033706000-1750934075035488000", "name": "test-restore-no-backup", "reconcileID": "6bf35487-4c45-4c53-88f7-a6fdc07c10f2", "error": "Neo4jEnterpriseCluster.neo4j.neo4j.com \"test-cluster\" not found"}
  github.com/neo4j-labs/neo4j-kubernetes-operator/internal/controller.(*Neo4jRestoreReconciler).Reconcile
  	/Users/priyolahiri/Code/neo4j-kubernetes-operator/internal/controller/neo4jrestore_controller.go:118
  sigs.k8s.io/controller-runtime/pkg/internal/controller.(*Controller[...]).Reconcile
  	/Users/priyolahiri/go/pkg/mod/sigs.k8s.io/controller-runtime@v0.21.0/pkg/internal/controller/controller.go:119
  sigs.k8s.io/controller-runtime/pkg/internal/controller.(*Controller[...]).reconcileHandler
  	/Users/priyolahiri/go/pkg/mod/sigs.k8s.io/controller-runtime@v0.21.0/pkg/internal/controller/controller.go:340
  sigs.k8s.io/controller-runtime/pkg/internal/controller.(*Controller[...]).processNextWorkItem
  	/Users/priyolahiri/go/pkg/mod/sigs.k8s.io/controller-runtime@v0.21.0/pkg/internal/controller/controller.go:300
  sigs.k8s.io/controller-runtime/pkg/internal/controller.(*Controller[...]).Start.func2.1
  	/Users/priyolahiri/go/pkg/mod/sigs.k8s.io/controller-runtime@v0.21.0/pkg/internal/controller/controller.go:202
  2025-06-26T12:34:35+02:00	INFO	Warning: Reconciler returned both a non-zero result and a non-nil error. The result will always be ignored if the error is non-nil and the non-nil error causes requeuing with exponential backoff. For more details, see: https://pkg.go.dev/sigs.k8s.io/controller-runtime/pkg/reconcile#Reconciler	{"controller": "neo4jrestore", "controllerGroup": "neo4j.neo4j.com", "controllerKind": "Neo4jRestore", "Neo4jRestore": {"name":"test-restore-no-backup","namespace":"test-failure-1750934075033706000-1750934075035488000"}, "namespace": "test-failure-1750934075033706000-1750934075035488000", "name": "test-restore-no-backup", "reconcileID": "6bf35487-4c45-4c53-88f7-a6fdc07c10f2"}
  2025-06-26T12:34:35+02:00	ERROR	Reconciler error	{"controller": "neo4jrestore", "controllerGroup": "neo4j.neo4j.com", "controllerKind": "Neo4jRestore", "Neo4jRestore": {"name":"test-restore-no-backup","namespace":"test-failure-1750934075033706000-1750934075035488000"}, "namespace": "test-failure-1750934075033706000-1750934075035488000", "name": "test-restore-no-backup", "reconcileID": "6bf35487-4c45-4c53-88f7-a6fdc07c10f2", "error": "Neo4jEnterpriseCluster.neo4j.neo4j.com \"test-cluster\" not found"}
  sigs.k8s.io/controller-runtime/pkg/internal/controller.(*Controller[...]).reconcileHandler
  	/Users/priyolahiri/go/pkg/mod/sigs.k8s.io/controller-runtime@v0.21.0/pkg/internal/controller/controller.go:353
  sigs.k8s.io/controller-runtime/pkg/internal/controller.(*Controller[...]).processNextWorkItem
  	/Users/priyolahiri/go/pkg/mod/sigs.k8s.io/controller-runtime@v0.21.0/pkg/internal/controller/controller.go:300
  sigs.k8s.io/controller-runtime/pkg/internal/controller.(*Controller[...]).Start.func2.1
  	/Users/priyolahiri/go/pkg/mod/sigs.k8s.io/controller-runtime@v0.21.0/pkg/internal/controller/controller.go:202
  2025-06-26T12:34:35+02:00	ERROR	Failed to get target cluster	{"controller": "neo4jrestore", "controllerGroup": "neo4j.neo4j.com", "controllerKind": "Neo4jRestore", "Neo4jRestore": {"name":"test-restore-no-cluster","namespace":"test-failure-1750934075035366000-1750934075036586000"}, "namespace": "test-failure-1750934075035366000-1750934075036586000", "name": "test-restore-no-cluster", "reconcileID": "32f10351-dd22-423c-af06-6d0b895c083b", "error": "Neo4jEnterpriseCluster.neo4j.neo4j.com \"non-existent-cluster\" not found"}
  github.com/neo4j-labs/neo4j-kubernetes-operator/internal/controller.(*Neo4jRestoreReconciler).Reconcile
  	/Users/priyolahiri/Code/neo4j-kubernetes-operator/internal/controller/neo4jrestore_controller.go:118
  sigs.k8s.io/controller-runtime/pkg/internal/controller.(*Controller[...]).Reconcile
  	/Users/priyolahiri/go/pkg/mod/sigs.k8s.io/controller-runtime@v0.21.0/pkg/internal/controller/controller.go:119
  sigs.k8s.io/controller-runtime/pkg/internal/controller.(*Controller[...]).reconcileHandler
  	/Users/priyolahiri/go/pkg/mod/sigs.k8s.io/controller-runtime@v0.21.0/pkg/internal/controller/controller.go:340
  sigs.k8s.io/controller-runtime/pkg/internal/controller.(*Controller[...]).processNextWorkItem
  	/Users/priyolahiri/go/pkg/mod/sigs.k8s.io/controller-runtime@v0.21.0/pkg/internal/controller/controller.go:300
  sigs.k8s.io/controller-runtime/pkg/internal/controller.(*Controller[...]).Start.func2.1
  	/Users/priyolahiri/go/pkg/mod/sigs.k8s.io/controller-runtime@v0.21.0/pkg/internal/controller/controller.go:202
  2025-06-26T12:34:35+02:00	INFO	Warning: Reconciler returned both a non-zero result and a non-nil error. The result will always be ignored if the error is non-nil and the non-nil error causes requeuing with exponential backoff. For more details, see: https://pkg.go.dev/sigs.k8s.io/controller-runtime/pkg/reconcile#Reconciler	{"controller": "neo4jbackup", "controllerGroup": "neo4j.neo4j.com", "controllerKind": "Neo4jBackup", "Neo4jBackup": {"name":"test-backup-invalid-storage","namespace":"test-failure-1750934075033884000-1750934075035500000"}, "namespace": "test-failure-1750934075033884000-1750934075035500000", "name": "test-backup-invalid-storage", "reconcileID": "5d9b82fa-bfee-4822-a32e-39ad4138a0fe"}
  2025-06-26T12:34:35+02:00	ERROR	Reconciler error	{"controller": "neo4jbackup", "controllerGroup": "neo4j.neo4j.com", "controllerKind": "Neo4jBackup", "Neo4jBackup": {"name":"test-backup-invalid-storage","namespace":"test-failure-1750934075033884000-1750934075035500000"}, "namespace": "test-failure-1750934075033884000-1750934075035500000", "name": "test-backup-invalid-storage", "reconcileID": "5d9b82fa-bfee-4822-a32e-39ad4138a0fe", "error": "Neo4jEnterpriseCluster.neo4j.neo4j.com \"test-cluster\" not found"}
  sigs.k8s.io/controller-runtime/pkg/internal/controller.(*Controller[...]).reconcileHandler
  	/Users/priyolahiri/go/pkg/mod/sigs.k8s.io/controller-runtime@v0.21.0/pkg/internal/controller/controller.go:353
  sigs.k8s.io/controller-runtime/pkg/internal/controller.(*Controller[...]).processNextWorkItem
  	/Users/priyolahiri/go/pkg/mod/sigs.k8s.io/controller-runtime@v0.21.0/pkg/internal/controller/controller.go:300
  sigs.k8s.io/controller-runtime/pkg/internal/controller.(*Controller[...]).Start.func2.1
  	/Users/priyolahiri/go/pkg/mod/sigs.k8s.io/controller-runtime@v0.21.0/pkg/internal/controller/controller.go:202
  2025-06-26T12:34:35+02:00	ERROR	Failed to get target cluster	{"controller": "neo4jbackup", "controllerGroup": "neo4j.neo4j.com", "controllerKind": "Neo4jBackup", "Neo4jBackup": {"name":"test-backup-no-cluster","namespace":"test-failure-1750934075031883000-1750934075034004000"}, "namespace": "test-failure-1750934075031883000-1750934075034004000", "name": "test-backup-no-cluster", "reconcileID": "dcfef13a-08b9-44ea-9108-e1ef62264b6c", "error": "Neo4jEnterpriseCluster.neo4j.neo4j.com \"non-existent-cluster\" not found"}
  github.com/neo4j-labs/neo4j-kubernetes-operator/internal/controller.(*Neo4jBackupReconciler).Reconcile
  	/Users/priyolahiri/Code/neo4j-kubernetes-operator/internal/controller/neo4jbackup_controller.go:106
  sigs.k8s.io/controller-runtime/pkg/internal/controller.(*Controller[...]).Reconcile
  	/Users/priyolahiri/go/pkg/mod/sigs.k8s.io/controller-runtime@v0.21.0/pkg/internal/controller/controller.go:119
  sigs.k8s.io/controller-runtime/pkg/internal/controller.(*Controller[...]).reconcileHandler
  	/Users/priyolahiri/go/pkg/mod/sigs.k8s.io/controller-runtime@v0.21.0/pkg/internal/controller/controller.go:340
  sigs.k8s.io/controller-runtime/pkg/internal/controller.(*Controller[...]).processNextWorkItem
  	/Users/priyolahiri/go/pkg/mod/sigs.k8s.io/controller-runtime@v0.21.0/pkg/internal/controller/controller.go:300
  sigs.k8s.io/controller-runtime/pkg/internal/controller.(*Controller[...]).Start.func2.1
  	/Users/priyolahiri/go/pkg/mod/sigs.k8s.io/controller-runtime@v0.21.0/pkg/internal/controller/controller.go:202
  2025-06-26T12:34:35+02:00	INFO	Warning: Reconciler returned both a non-zero result and a non-nil error. The result will always be ignored if the error is non-nil and the non-nil error causes requeuing with exponential backoff. For more details, see: https://pkg.go.dev/sigs.k8s.io/controller-runtime/pkg/reconcile#Reconciler	{"controller": "neo4jrestore", "controllerGroup": "neo4j.neo4j.com", "controllerKind": "Neo4jRestore", "Neo4jRestore": {"name":"test-restore-no-cluster","namespace":"test-failure-1750934075035366000-1750934075036586000"}, "namespace": "test-failure-1750934075035366000-1750934075036586000", "name": "test-restore-no-cluster", "reconcileID": "32f10351-dd22-423c-af06-6d0b895c083b"}
  2025-06-26T12:34:35+02:00	ERROR	Reconciler error	{"controller": "neo4jrestore", "controllerGroup": "neo4j.neo4j.com", "controllerKind": "Neo4jRestore", "Neo4jRestore": {"name":"test-restore-no-cluster","namespace":"test-failure-1750934075035366000-1750934075036586000"}, "namespace": "test-failure-1750934075035366000-1750934075036586000", "name": "test-restore-no-cluster", "reconcileID": "32f10351-dd22-423c-af06-6d0b895c083b", "error": "Neo4jEnterpriseCluster.neo4j.neo4j.com \"non-existent-cluster\" not found"}
  sigs.k8s.io/controller-runtime/pkg/internal/controller.(*Controller[...]).reconcileHandler
  	/Users/priyolahiri/go/pkg/mod/sigs.k8s.io/controller-runtime@v0.21.0/pkg/internal/controller/controller.go:353
  sigs.k8s.io/controller-runtime/pkg/internal/controller.(*Controller[...]).processNextWorkItem
  	/Users/priyolahiri/go/pkg/mod/sigs.k8s.io/controller-runtime@v0.21.0/pkg/internal/controller/controller.go:300
  sigs.k8s.io/controller-runtime/pkg/internal/controller.(*Controller[...]).Start.func2.1
  	/Users/priyolahiri/go/pkg/mod/sigs.k8s.io/controller-runtime@v0.21.0/pkg/internal/controller/controller.go:202
  2025-06-26T12:34:35+02:00	ERROR	Failed to get target cluster	{"controller": "neo4jrestore", "controllerGroup": "neo4j.neo4j.com", "controllerKind": "Neo4jRestore", "Neo4jRestore": {"name":"test-restore-no-backup","namespace":"test-failure-1750934075033706000-1750934075035488000"}, "namespace": "test-failure-1750934075033706000-1750934075035488000", "name": "test-restore-no-backup", "reconcileID": "17d1bcc6-3179-42b3-ad00-c5d9a05f22ae", "error": "Neo4jEnterpriseCluster.neo4j.neo4j.com \"test-cluster\" not found"}
  github.com/neo4j-labs/neo4j-kubernetes-operator/internal/controller.(*Neo4jRestoreReconciler).Reconcile
  	/Users/priyolahiri/Code/neo4j-kubernetes-operator/internal/controller/neo4jrestore_controller.go:118
  sigs.k8s.io/controller-runtime/pkg/internal/controller.(*Controller[...]).Reconcile
  	/Users/priyolahiri/go/pkg/mod/sigs.k8s.io/controller-runtime@v0.21.0/pkg/internal/controller/controller.go:119
  sigs.k8s.io/controller-runtime/pkg/internal/controller.(*Controller[...]).reconcileHandler
  	/Users/priyolahiri/go/pkg/mod/sigs.k8s.io/controller-runtime@v0.21.0/pkg/internal/controller/controller.go:340
  sigs.k8s.io/controller-runtime/pkg/internal/controller.(*Controller[...]).processNextWorkItem
  	/Users/priyolahiri/go/pkg/mod/sigs.k8s.io/controller-runtime@v0.21.0/pkg/internal/controller/controller.go:300
  sigs.k8s.io/controller-runtime/pkg/internal/controller.(*Controller[...]).Start.func2.1
  	/Users/priyolahiri/go/pkg/mod/sigs.k8s.io/controller-runtime@v0.21.0/pkg/internal/controller/controller.go:202
  2025-06-26T12:34:35+02:00	INFO	Warning: Reconciler returned both a non-zero result and a non-nil error. The result will always be ignored if the error is non-nil and the non-nil error causes requeuing with exponential backoff. For more details, see: https://pkg.go.dev/sigs.k8s.io/controller-runtime/pkg/reconcile#Reconciler	{"controller": "neo4jbackup", "controllerGroup": "neo4j.neo4j.com", "controllerKind": "Neo4jBackup", "Neo4jBackup": {"name":"test-backup-no-cluster","namespace":"test-failure-1750934075031883000-1750934075034004000"}, "namespace": "test-failure-1750934075031883000-1750934075034004000", "name": "test-backup-no-cluster", "reconcileID": "dcfef13a-08b9-44ea-9108-e1ef62264b6c"}
  2025-06-26T12:34:35+02:00	ERROR	Reconciler error	{"controller": "neo4jbackup", "controllerGroup": "neo4j.neo4j.com", "controllerKind": "Neo4jBackup", "Neo4jBackup": {"name":"test-backup-no-cluster","namespace":"test-failure-1750934075031883000-1750934075034004000"}, "namespace": "test-failure-1750934075031883000-1750934075034004000", "name": "test-backup-no-cluster", "reconcileID": "dcfef13a-08b9-44ea-9108-e1ef62264b6c", "error": "Neo4jEnterpriseCluster.neo4j.neo4j.com \"non-existent-cluster\" not found"}
  sigs.k8s.io/controller-runtime/pkg/internal/controller.(*Controller[...]).reconcileHandler
  	/Users/priyolahiri/go/pkg/mod/sigs.k8s.io/controller-runtime@v0.21.0/pkg/internal/controller/controller.go:353
  sigs.k8s.io/controller-runtime/pkg/internal/controller.(*Controller[...]).processNextWorkItem
  	/Users/priyolahiri/go/pkg/mod/sigs.k8s.io/controller-runtime@v0.21.0/pkg/internal/controller/controller.go:300
  sigs.k8s.io/controller-runtime/pkg/internal/controller.(*Controller[...]).Start.func2.1
  	/Users/priyolahiri/go/pkg/mod/sigs.k8s.io/controller-runtime@v0.21.0/pkg/internal/controller/controller.go:202
  2025-06-26T12:34:35+02:00	ERROR	Failed to get target cluster	{"controller": "neo4jbackup", "controllerGroup": "neo4j.neo4j.com", "controllerKind": "Neo4jBackup", "Neo4jBackup": {"name":"test-backup-invalid-storage","namespace":"test-failure-1750934075033884000-1750934075035500000"}, "namespace": "test-failure-1750934075033884000-1750934075035500000", "name": "test-backup-invalid-storage", "reconcileID": "24e1f0f1-3fab-473f-8903-34f5240f293e", "error": "Neo4jEnterpriseCluster.neo4j.neo4j.com \"test-cluster\" not found"}
  github.com/neo4j-labs/neo4j-kubernetes-operator/internal/controller.(*Neo4jBackupReconciler).Reconcile
  	/Users/priyolahiri/Code/neo4j-kubernetes-operator/internal/controller/neo4jbackup_controller.go:106
  sigs.k8s.io/controller-runtime/pkg/internal/controller.(*Controller[...]).Reconcile
  	/Users/priyolahiri/go/pkg/mod/sigs.k8s.io/controller-runtime@v0.21.0/pkg/internal/controller/controller.go:119
  sigs.k8s.io/controller-runtime/pkg/internal/controller.(*Controller[...]).reconcileHandler
  	/Users/priyolahiri/go/pkg/mod/sigs.k8s.io/controller-runtime@v0.21.0/pkg/internal/controller/controller.go:340
  sigs.k8s.io/controller-runtime/pkg/internal/controller.(*Controller[...]).processNextWorkItem
  	/Users/priyolahiri/go/pkg/mod/sigs.k8s.io/controller-runtime@v0.21.0/pkg/internal/controller/controller.go:300
  sigs.k8s.io/controller-runtime/pkg/internal/controller.(*Controller[...]).Start.func2.1
  	/Users/priyolahiri/go/pkg/mod/sigs.k8s.io/controller-runtime@v0.21.0/pkg/internal/controller/controller.go:202
  2025-06-26T12:34:35+02:00	INFO	Warning: Reconciler returned both a non-zero result and a non-nil error. The result will always be ignored if the error is non-nil and the non-nil error causes requeuing with exponential backoff. For more details, see: https://pkg.go.dev/sigs.k8s.io/controller-runtime/pkg/reconcile#Reconciler	{"controller": "neo4jrestore", "controllerGroup": "neo4j.neo4j.com", "controllerKind": "Neo4jRestore", "Neo4jRestore": {"name":"test-restore-no-backup","namespace":"test-failure-1750934075033706000-1750934075035488000"}, "namespace": "test-failure-1750934075033706000-1750934075035488000", "name": "test-restore-no-backup", "reconcileID": "17d1bcc6-3179-42b3-ad00-c5d9a05f22ae"}
  2025-06-26T12:34:35+02:00	ERROR	Reconciler error	{"controller": "neo4jrestore", "controllerGroup": "neo4j.neo4j.com", "controllerKind": "Neo4jRestore", "Neo4jRestore": {"name":"test-restore-no-backup","namespace":"test-failure-1750934075033706000-1750934075035488000"}, "namespace": "test-failure-1750934075033706000-1750934075035488000", "name": "test-restore-no-backup", "reconcileID": "17d1bcc6-3179-42b3-ad00-c5d9a05f22ae", "error": "Neo4jEnterpriseCluster.neo4j.neo4j.com \"test-cluster\" not found"}
  sigs.k8s.io/controller-runtime/pkg/internal/controller.(*Controller[...]).reconcileHandler
  	/Users/priyolahiri/go/pkg/mod/sigs.k8s.io/controller-runtime@v0.21.0/pkg/internal/controller/controller.go:353
  sigs.k8s.io/controller-runtime/pkg/internal/controller.(*Controller[...]).processNextWorkItem
  	/Users/priyolahiri/go/pkg/mod/sigs.k8s.io/controller-runtime@v0.21.0/pkg/internal/controller/controller.go:300
  sigs.k8s.io/controller-runtime/pkg/internal/controller.(*Controller[...]).Start.func2.1
  	/Users/priyolahiri/go/pkg/mod/sigs.k8s.io/controller-runtime@v0.21.0/pkg/internal/controller/controller.go:202
  2025-06-26T12:34:35+02:00	ERROR	Failed to get target cluster	{"controller": "neo4jrestore", "controllerGroup": "neo4j.neo4j.com", "controllerKind": "Neo4jRestore", "Neo4jRestore": {"name":"test-restore-no-cluster","namespace":"test-failure-1750934075035366000-1750934075036586000"}, "namespace": "test-failure-1750934075035366000-1750934075036586000", "name": "test-restore-no-cluster", "reconcileID": "8edcad9f-a48c-4822-b1f9-69c6b79696d7", "error": "Neo4jEnterpriseCluster.neo4j.neo4j.com \"non-existent-cluster\" not found"}
  github.com/neo4j-labs/neo4j-kubernetes-operator/internal/controller.(*Neo4jRestoreReconciler).Reconcile
  	/Users/priyolahiri/Code/neo4j-kubernetes-operator/internal/controller/neo4jrestore_controller.go:118
  sigs.k8s.io/controller-runtime/pkg/internal/controller.(*Controller[...]).Reconcile
  	/Users/priyolahiri/go/pkg/mod/sigs.k8s.io/controller-runtime@v0.21.0/pkg/internal/controller/controller.go:119
  sigs.k8s.io/controller-runtime/pkg/internal/controller.(*Controller[...]).reconcileHandler
  	/Users/priyolahiri/go/pkg/mod/sigs.k8s.io/controller-runtime@v0.21.0/pkg/internal/controller/controller.go:340
  sigs.k8s.io/controller-runtime/pkg/internal/controller.(*Controller[...]).processNextWorkItem
  	/Users/priyolahiri/go/pkg/mod/sigs.k8s.io/controller-runtime@v0.21.0/pkg/internal/controller/controller.go:300
  sigs.k8s.io/controller-runtime/pkg/internal/controller.(*Controller[...]).Start.func2.1
  	/Users/priyolahiri/go/pkg/mod/sigs.k8s.io/controller-runtime@v0.21.0/pkg/internal/controller/controller.go:202
  2025-06-26T12:34:35+02:00	INFO	Warning: Reconciler returned both a non-zero result and a non-nil error. The result will always be ignored if the error is non-nil and the non-nil error causes requeuing with exponential backoff. For more details, see: https://pkg.go.dev/sigs.k8s.io/controller-runtime/pkg/reconcile#Reconciler	{"controller": "neo4jbackup", "controllerGroup": "neo4j.neo4j.com", "controllerKind": "Neo4jBackup", "Neo4jBackup": {"name":"test-backup-invalid-storage","namespace":"test-failure-1750934075033884000-1750934075035500000"}, "namespace": "test-failure-1750934075033884000-1750934075035500000", "name": "test-backup-invalid-storage", "reconcileID": "24e1f0f1-3fab-473f-8903-34f5240f293e"}
  2025-06-26T12:34:35+02:00	ERROR	Reconciler error	{"controller": "neo4jbackup", "controllerGroup": "neo4j.neo4j.com", "controllerKind": "Neo4jBackup", "Neo4jBackup": {"name":"test-backup-invalid-storage","namespace":"test-failure-1750934075033884000-1750934075035500000"}, "namespace": "test-failure-1750934075033884000-1750934075035500000", "name": "test-backup-invalid-storage", "reconcileID": "24e1f0f1-3fab-473f-8903-34f5240f293e", "error": "Neo4jEnterpriseCluster.neo4j.neo4j.com \"test-cluster\" not found"}
  sigs.k8s.io/controller-runtime/pkg/internal/controller.(*Controller[...]).reconcileHandler
  	/Users/priyolahiri/go/pkg/mod/sigs.k8s.io/controller-runtime@v0.21.0/pkg/internal/controller/controller.go:353
  sigs.k8s.io/controller-runtime/pkg/internal/controller.(*Controller[...]).processNextWorkItem
  	/Users/priyolahiri/go/pkg/mod/sigs.k8s.io/controller-runtime@v0.21.0/pkg/internal/controller/controller.go:300
  sigs.k8s.io/controller-runtime/pkg/internal/controller.(*Controller[...]).Start.func2.1
  	/Users/priyolahiri/go/pkg/mod/sigs.k8s.io/controller-runtime@v0.21.0/pkg/internal/controller/controller.go:202
  2025-06-26T12:34:35+02:00	ERROR	Failed to get target cluster	{"controller": "neo4jbackup", "controllerGroup": "neo4j.neo4j.com", "controllerKind": "Neo4jBackup", "Neo4jBackup": {"name":"test-backup-no-cluster","namespace":"test-failure-1750934075031883000-1750934075034004000"}, "namespace": "test-failure-1750934075031883000-1750934075034004000", "name": "test-backup-no-cluster", "reconcileID": "2883e8bf-5868-4025-a309-3799553bf247", "error": "Neo4jEnterpriseCluster.neo4j.neo4j.com \"non-existent-cluster\" not found"}
  github.com/neo4j-labs/neo4j-kubernetes-operator/internal/controller.(*Neo4jBackupReconciler).Reconcile
  	/Users/priyolahiri/Code/neo4j-kubernetes-operator/internal/controller/neo4jbackup_controller.go:106
  sigs.k8s.io/controller-runtime/pkg/internal/controller.(*Controller[...]).Reconcile
  	/Users/priyolahiri/go/pkg/mod/sigs.k8s.io/controller-runtime@v0.21.0/pkg/internal/controller/controller.go:119
  sigs.k8s.io/controller-runtime/pkg/internal/controller.(*Controller[...]).reconcileHandler
  	/Users/priyolahiri/go/pkg/mod/sigs.k8s.io/controller-runtime@v0.21.0/pkg/internal/controller/controller.go:340
  sigs.k8s.io/controller-runtime/pkg/internal/controller.(*Controller[...]).processNextWorkItem
  	/Users/priyolahiri/go/pkg/mod/sigs.k8s.io/controller-runtime@v0.21.0/pkg/internal/controller/controller.go:300
  sigs.k8s.io/controller-runtime/pkg/internal/controller.(*Controller[...]).Start.func2.1
  	/Users/priyolahiri/go/pkg/mod/sigs.k8s.io/controller-runtime@v0.21.0/pkg/internal/controller/controller.go:202
  2025-06-26T12:34:35+02:00	INFO	Warning: Reconciler returned both a non-zero result and a non-nil error. The result will always be ignored if the error is non-nil and the non-nil error causes requeuing with exponential backoff. For more details, see: https://pkg.go.dev/sigs.k8s.io/controller-runtime/pkg/reconcile#Reconciler	{"controller": "neo4jrestore", "controllerGroup": "neo4j.neo4j.com", "controllerKind": "Neo4jRestore", "Neo4jRestore": {"name":"test-restore-no-cluster","namespace":"test-failure-1750934075035366000-1750934075036586000"}, "namespace": "test-failure-1750934075035366000-1750934075036586000", "name": "test-restore-no-cluster", "reconcileID": "8edcad9f-a48c-4822-b1f9-69c6b79696d7"}
  2025-06-26T12:34:35+02:00	ERROR	Reconciler error	{"controller": "neo4jrestore", "controllerGroup": "neo4j.neo4j.com", "controllerKind": "Neo4jRestore", "Neo4jRestore": {"name":"test-restore-no-cluster","namespace":"test-failure-1750934075035366000-1750934075036586000"}, "namespace": "test-failure-1750934075035366000-1750934075036586000", "name": "test-restore-no-cluster", "reconcileID": "8edcad9f-a48c-4822-b1f9-69c6b79696d7", "error": "Neo4jEnterpriseCluster.neo4j.neo4j.com \"non-existent-cluster\" not found"}
  sigs.k8s.io/controller-runtime/pkg/internal/controller.(*Controller[...]).reconcileHandler
  	/Users/priyolahiri/go/pkg/mod/sigs.k8s.io/controller-runtime@v0.21.0/pkg/internal/controller/controller.go:353
  sigs.k8s.io/controller-runtime/pkg/internal/controller.(*Controller[...]).processNextWorkItem
  	/Users/priyolahiri/go/pkg/mod/sigs.k8s.io/controller-runtime@v0.21.0/pkg/internal/controller/controller.go:300
  sigs.k8s.io/controller-runtime/pkg/internal/controller.(*Controller[...]).Start.func2.1
  	/Users/priyolahiri/go/pkg/mod/sigs.k8s.io/controller-runtime@v0.21.0/pkg/internal/controller/controller.go:202
  2025-06-26T12:34:35+02:00	ERROR	Failed to get target cluster	{"controller": "neo4jrestore", "controllerGroup": "neo4j.neo4j.com", "controllerKind": "Neo4jRestore", "Neo4jRestore": {"name":"test-restore-no-backup","namespace":"test-failure-1750934075033706000-1750934075035488000"}, "namespace": "test-failure-1750934075033706000-1750934075035488000", "name": "test-restore-no-backup", "reconcileID": "749e467c-2701-4d89-8e6d-134ac1fe28ee", "error": "Neo4jEnterpriseCluster.neo4j.neo4j.com \"test-cluster\" not found"}
  github.com/neo4j-labs/neo4j-kubernetes-operator/internal/controller.(*Neo4jRestoreReconciler).Reconcile
  	/Users/priyolahiri/Code/neo4j-kubernetes-operator/internal/controller/neo4jrestore_controller.go:118
  sigs.k8s.io/controller-runtime/pkg/internal/controller.(*Controller[...]).Reconcile
  	/Users/priyolahiri/go/pkg/mod/sigs.k8s.io/controller-runtime@v0.21.0/pkg/internal/controller/controller.go:119
  sigs.k8s.io/controller-runtime/pkg/internal/controller.(*Controller[...]).reconcileHandler
  	/Users/priyolahiri/go/pkg/mod/sigs.k8s.io/controller-runtime@v0.21.0/pkg/internal/controller/controller.go:340
  sigs.k8s.io/controller-runtime/pkg/internal/controller.(*Controller[...]).processNextWorkItem
  	/Users/priyolahiri/go/pkg/mod/sigs.k8s.io/controller-runtime@v0.21.0/pkg/internal/controller/controller.go:300
  sigs.k8s.io/controller-runtime/pkg/internal/controller.(*Controller[...]).Start.func2.1
  	/Users/priyolahiri/go/pkg/mod/sigs.k8s.io/controller-runtime@v0.21.0/pkg/internal/controller/controller.go:202
  2025-06-26T12:34:35+02:00	INFO	Warning: Reconciler returned both a non-zero result and a non-nil error. The result will always be ignored if the error is non-nil and the non-nil error causes requeuing with exponential backoff. For more details, see: https://pkg.go.dev/sigs.k8s.io/controller-runtime/pkg/reconcile#Reconciler	{"controller": "neo4jbackup", "controllerGroup": "neo4j.neo4j.com", "controllerKind": "Neo4jBackup", "Neo4jBackup": {"name":"test-backup-no-cluster","namespace":"test-failure-1750934075031883000-1750934075034004000"}, "namespace": "test-failure-1750934075031883000-1750934075034004000", "name": "test-backup-no-cluster", "reconcileID": "2883e8bf-5868-4025-a309-3799553bf247"}
  2025-06-26T12:34:35+02:00	ERROR	Reconciler error	{"controller": "neo4jbackup", "controllerGroup": "neo4j.neo4j.com", "controllerKind": "Neo4jBackup", "Neo4jBackup": {"name":"test-backup-no-cluster","namespace":"test-failure-1750934075031883000-1750934075034004000"}, "namespace": "test-failure-1750934075031883000-1750934075034004000", "name": "test-backup-no-cluster", "reconcileID": "2883e8bf-5868-4025-a309-3799553bf247", "error": "Neo4jEnterpriseCluster.neo4j.neo4j.com \"non-existent-cluster\" not found"}
  sigs.k8s.io/controller-runtime/pkg/internal/controller.(*Controller[...]).reconcileHandler
  	/Users/priyolahiri/go/pkg/mod/sigs.k8s.io/controller-runtime@v0.21.0/pkg/internal/controller/controller.go:353
  sigs.k8s.io/controller-runtime/pkg/internal/controller.(*Controller[...]).processNextWorkItem
  	/Users/priyolahiri/go/pkg/mod/sigs.k8s.io/controller-runtime@v0.21.0/pkg/internal/controller/controller.go:300
  sigs.k8s.io/controller-runtime/pkg/internal/controller.(*Controller[...]).Start.func2.1
  	/Users/priyolahiri/go/pkg/mod/sigs.k8s.io/controller-runtime@v0.21.0/pkg/internal/controller/controller.go:202
  2025-06-26T12:34:35+02:00	INFO	Warning: Reconciler returned both a non-zero result and a non-nil error. The result will always be ignored if the error is non-nil and the non-nil error causes requeuing with exponential backoff. For more details, see: https://pkg.go.dev/sigs.k8s.io/controller-runtime/pkg/reconcile#Reconciler	{"controller": "neo4jrestore", "controllerGroup": "neo4j.neo4j.com", "controllerKind": "Neo4jRestore", "Neo4jRestore": {"name":"test-restore-no-backup","namespace":"test-failure-1750934075033706000-1750934075035488000"}, "namespace": "test-failure-1750934075033706000-1750934075035488000", "name": "test-restore-no-backup", "reconcileID": "749e467c-2701-4d89-8e6d-134ac1fe28ee"}
  2025-06-26T12:34:35+02:00	ERROR	Reconciler error	{"controller": "neo4jrestore", "controllerGroup": "neo4j.neo4j.com", "controllerKind": "Neo4jRestore", "Neo4jRestore": {"name":"test-restore-no-backup","namespace":"test-failure-1750934075033706000-1750934075035488000"}, "namespace": "test-failure-1750934075033706000-1750934075035488000", "name": "test-restore-no-backup", "reconcileID": "749e467c-2701-4d89-8e6d-134ac1fe28ee", "error": "Neo4jEnterpriseCluster.neo4j.neo4j.com \"test-cluster\" not found"}
  sigs.k8s.io/controller-runtime/pkg/internal/controller.(*Controller[...]).reconcileHandler
  	/Users/priyolahiri/go/pkg/mod/sigs.k8s.io/controller-runtime@v0.21.0/pkg/internal/controller/controller.go:353
  sigs.k8s.io/controller-runtime/pkg/internal/controller.(*Controller[...]).processNextWorkItem
  	/Users/priyolahiri/go/pkg/mod/sigs.k8s.io/controller-runtime@v0.21.0/pkg/internal/controller/controller.go:300
  sigs.k8s.io/controller-runtime/pkg/internal/controller.(*Controller[...]).Start.func2.1
  	/Users/priyolahiri/go/pkg/mod/sigs.k8s.io/controller-runtime@v0.21.0/pkg/internal/controller/controller.go:202
  2025-06-26T12:34:35+02:00	ERROR	Failed to get target cluster	{"controller": "neo4jbackup", "controllerGroup": "neo4j.neo4j.com", "controllerKind": "Neo4jBackup", "Neo4jBackup": {"name":"test-backup-invalid-storage","namespace":"test-failure-1750934075033884000-1750934075035500000"}, "namespace": "test-failure-1750934075033884000-1750934075035500000", "name": "test-backup-invalid-storage", "reconcileID": "1ef4406d-36ee-451f-a95d-1c039496bced", "error": "Neo4jEnterpriseCluster.neo4j.neo4j.com \"test-cluster\" not found"}
  github.com/neo4j-labs/neo4j-kubernetes-operator/internal/controller.(*Neo4jBackupReconciler).Reconcile
  	/Users/priyolahiri/Code/neo4j-kubernetes-operator/internal/controller/neo4jbackup_controller.go:106
  sigs.k8s.io/controller-runtime/pkg/internal/controller.(*Controller[...]).Reconcile
  	/Users/priyolahiri/go/pkg/mod/sigs.k8s.io/controller-runtime@v0.21.0/pkg/internal/controller/controller.go:119
  sigs.k8s.io/controller-runtime/pkg/internal/controller.(*Controller[...]).reconcileHandler
  	/Users/priyolahiri/go/pkg/mod/sigs.k8s.io/controller-runtime@v0.21.0/pkg/internal/controller/controller.go:340
  sigs.k8s.io/controller-runtime/pkg/internal/controller.(*Controller[...]).processNextWorkItem
  	/Users/priyolahiri/go/pkg/mod/sigs.k8s.io/controller-runtime@v0.21.0/pkg/internal/controller/controller.go:300
  sigs.k8s.io/controller-runtime/pkg/internal/controller.(*Controller[...]).Start.func2.1
  	/Users/priyolahiri/go/pkg/mod/sigs.k8s.io/controller-runtime@v0.21.0/pkg/internal/controller/controller.go:202
  2025-06-26T12:34:35+02:00	ERROR	Failed to get target cluster	{"controller": "neo4jrestore", "controllerGroup": "neo4j.neo4j.com", "controllerKind": "Neo4jRestore", "Neo4jRestore": {"name":"test-restore-no-backup","namespace":"test-failure-1750934075033706000-1750934075035488000"}, "namespace": "test-failure-1750934075033706000-1750934075035488000", "name": "test-restore-no-backup", "reconcileID": "f8938d3f-ef94-4845-a840-db292773b9cd", "error": "Neo4jEnterpriseCluster.neo4j.neo4j.com \"test-cluster\" not found"}
  github.com/neo4j-labs/neo4j-kubernetes-operator/internal/controller.(*Neo4jRestoreReconciler).Reconcile
  	/Users/priyolahiri/Code/neo4j-kubernetes-operator/internal/controller/neo4jrestore_controller.go:118
  sigs.k8s.io/controller-runtime/pkg/internal/controller.(*Controller[...]).Reconcile
  	/Users/priyolahiri/go/pkg/mod/sigs.k8s.io/controller-runtime@v0.21.0/pkg/internal/controller/controller.go:119
  sigs.k8s.io/controller-runtime/pkg/internal/controller.(*Controller[...]).reconcileHandler
  	/Users/priyolahiri/go/pkg/mod/sigs.k8s.io/controller-runtime@v0.21.0/pkg/internal/controller/controller.go:340
  sigs.k8s.io/controller-runtime/pkg/internal/controller.(*Controller[...]).processNextWorkItem
  	/Users/priyolahiri/go/pkg/mod/sigs.k8s.io/controller-runtime@v0.21.0/pkg/internal/controller/controller.go:300
  sigs.k8s.io/controller-runtime/pkg/internal/controller.(*Controller[...]).Start.func2.1
  	/Users/priyolahiri/go/pkg/mod/sigs.k8s.io/controller-runtime@v0.21.0/pkg/internal/controller/controller.go:202
  2025-06-26T12:34:35+02:00	INFO	Warning: Reconciler returned both a non-zero result and a non-nil error. The result will always be ignored if the error is non-nil and the non-nil error causes requeuing with exponential backoff. For more details, see: https://pkg.go.dev/sigs.k8s.io/controller-runtime/pkg/reconcile#Reconciler	{"controller": "neo4jbackup", "controllerGroup": "neo4j.neo4j.com", "controllerKind": "Neo4jBackup", "Neo4jBackup": {"name":"test-backup-invalid-storage","namespace":"test-failure-1750934075033884000-1750934075035500000"}, "namespace": "test-failure-1750934075033884000-1750934075035500000", "name": "test-backup-invalid-storage", "reconcileID": "1ef4406d-36ee-451f-a95d-1c039496bced"}
  2025-06-26T12:34:35+02:00	ERROR	Reconciler error	{"controller": "neo4jbackup", "controllerGroup": "neo4j.neo4j.com", "controllerKind": "Neo4jBackup", "Neo4jBackup": {"name":"test-backup-invalid-storage","namespace":"test-failure-1750934075033884000-1750934075035500000"}, "namespace": "test-failure-1750934075033884000-1750934075035500000", "name": "test-backup-invalid-storage", "reconcileID": "1ef4406d-36ee-451f-a95d-1c039496bced", "error": "Neo4jEnterpriseCluster.neo4j.neo4j.com \"test-cluster\" not found"}
  sigs.k8s.io/controller-runtime/pkg/internal/controller.(*Controller[...]).reconcileHandler
  	/Users/priyolahiri/go/pkg/mod/sigs.k8s.io/controller-runtime@v0.21.0/pkg/internal/controller/controller.go:353
  sigs.k8s.io/controller-runtime/pkg/internal/controller.(*Controller[...]).processNextWorkItem
  	/Users/priyolahiri/go/pkg/mod/sigs.k8s.io/controller-runtime@v0.21.0/pkg/internal/controller/controller.go:300
  sigs.k8s.io/controller-runtime/pkg/internal/controller.(*Controller[...]).Start.func2.1
  	/Users/priyolahiri/go/pkg/mod/sigs.k8s.io/controller-runtime@v0.21.0/pkg/internal/controller/controller.go:202
  2025-06-26T12:34:35+02:00	ERROR	Failed to get target cluster	{"controller": "neo4jbackup", "controllerGroup": "neo4j.neo4j.com", "controllerKind": "Neo4jBackup", "Neo4jBackup": {"name":"test-backup-no-cluster","namespace":"test-failure-1750934075031883000-1750934075034004000"}, "namespace": "test-failure-1750934075031883000-1750934075034004000", "name": "test-backup-no-cluster", "reconcileID": "412d596e-be41-4c2f-9801-6816d3c9f0c7", "error": "Neo4jEnterpriseCluster.neo4j.neo4j.com \"non-existent-cluster\" not found"}
  github.com/neo4j-labs/neo4j-kubernetes-operator/internal/controller.(*Neo4jBackupReconciler).Reconcile
  	/Users/priyolahiri/Code/neo4j-kubernetes-operator/internal/controller/neo4jbackup_controller.go:106
  sigs.k8s.io/controller-runtime/pkg/internal/controller.(*Controller[...]).Reconcile
  	/Users/priyolahiri/go/pkg/mod/sigs.k8s.io/controller-runtime@v0.21.0/pkg/internal/controller/controller.go:119
  sigs.k8s.io/controller-runtime/pkg/internal/controller.(*Controller[...]).reconcileHandler
  	/Users/priyolahiri/go/pkg/mod/sigs.k8s.io/controller-runtime@v0.21.0/pkg/internal/controller/controller.go:340
  sigs.k8s.io/controller-runtime/pkg/internal/controller.(*Controller[...]).processNextWorkItem
  	/Users/priyolahiri/go/pkg/mod/sigs.k8s.io/controller-runtime@v0.21.0/pkg/internal/controller/controller.go:300
  sigs.k8s.io/controller-runtime/pkg/internal/controller.(*Controller[...]).Start.func2.1
  	/Users/priyolahiri/go/pkg/mod/sigs.k8s.io/controller-runtime@v0.21.0/pkg/internal/controller/controller.go:202
  [38;5;9m[FAILED][0m in [It] - /Users/priyolahiri/Code/neo4j-kubernetes-operator/test/integration/cluster_lifecycle_test.go:85 [38;5;243m@ 06/26/25 12:34:35.236[0m
  2025-06-26T12:34:35+02:00	INFO	Warning: Reconciler returned both a non-zero result and a non-nil error. The result will always be ignored if the error is non-nil and the non-nil error causes requeuing with exponential backoff. For more details, see: https://pkg.go.dev/sigs.k8s.io/controller-runtime/pkg/reconcile#Reconciler	{"controller": "neo4jrestore", "controllerGroup": "neo4j.neo4j.com", "controllerKind": "Neo4jRestore", "Neo4jRestore": {"name":"test-restore-no-backup","namespace":"test-failure-1750934075033706000-1750934075035488000"}, "namespace": "test-failure-1750934075033706000-1750934075035488000", "name": "test-restore-no-backup", "reconcileID": "f8938d3f-ef94-4845-a840-db292773b9cd"}
  2025-06-26T12:34:35+02:00	ERROR	Reconciler error	{"controller": "neo4jrestore", "controllerGroup": "neo4j.neo4j.com", "controllerKind": "Neo4jRestore", "Neo4jRestore": {"name":"test-restore-no-backup","namespace":"test-failure-1750934075033706000-1750934075035488000"}, "namespace": "test-failure-1750934075033706000-1750934075035488000", "name": "test-restore-no-backup", "reconcileID": "f8938d3f-ef94-4845-a840-db292773b9cd", "error": "Neo4jEnterpriseCluster.neo4j.neo4j.com \"test-cluster\" not found"}
  sigs.k8s.io/controller-runtime/pkg/internal/controller.(*Controller[...]).reconcileHandler
  	/Users/priyolahiri/go/pkg/mod/sigs.k8s.io/controller-runtime@v0.21.0/pkg/internal/controller/controller.go:353
  sigs.k8s.io/controller-runtime/pkg/internal/controller.(*Controller[...]).processNextWorkItem
  	/Users/priyolahiri/go/pkg/mod/sigs.k8s.io/controller-runtime@v0.21.0/pkg/internal/controller/controller.go:300
  sigs.k8s.io/controller-runtime/pkg/internal/controller.(*Controller[...]).Start.func2.1
  	/Users/priyolahiri/go/pkg/mod/sigs.k8s.io/controller-runtime@v0.21.0/pkg/internal/controller/controller.go:202
  2025-06-26T12:34:35+02:00	INFO	Warning: Reconciler returned both a non-zero result and a non-nil error. The result will always be ignored if the error is non-nil and the non-nil error causes requeuing with exponential backoff. For more details, see: https://pkg.go.dev/sigs.k8s.io/controller-runtime/pkg/reconcile#Reconciler	{"controller": "neo4jbackup", "controllerGroup": "neo4j.neo4j.com", "controllerKind": "Neo4jBackup", "Neo4jBackup": {"name":"test-backup-no-cluster","namespace":"test-failure-1750934075031883000-1750934075034004000"}, "namespace": "test-failure-1750934075031883000-1750934075034004000", "name": "test-backup-no-cluster", "reconcileID": "412d596e-be41-4c2f-9801-6816d3c9f0c7"}
  2025-06-26T12:34:35+02:00	ERROR	Reconciler error	{"controller": "neo4jbackup", "controllerGroup": "neo4j.neo4j.com", "controllerKind": "Neo4jBackup", "Neo4jBackup": {"name":"test-backup-no-cluster","namespace":"test-failure-1750934075031883000-1750934075034004000"}, "namespace": "test-failure-1750934075031883000-1750934075034004000", "name": "test-backup-no-cluster", "reconcileID": "412d596e-be41-4c2f-9801-6816d3c9f0c7", "error": "Neo4jEnterpriseCluster.neo4j.neo4j.com \"non-existent-cluster\" not found"}
  sigs.k8s.io/controller-runtime/pkg/internal/controller.(*Controller[...]).reconcileHandler
  	/Users/priyolahiri/go/pkg/mod/sigs.k8s.io/controller-runtime@v0.21.0/pkg/internal/controller/controller.go:353
  sigs.k8s.io/controller-runtime/pkg/internal/controller.(*Controller[...]).processNextWorkItem
  	/Users/priyolahiri/go/pkg/mod/sigs.k8s.io/controller-runtime@v0.21.0/pkg/internal/controller/controller.go:300
  sigs.k8s.io/controller-runtime/pkg/internal/controller.(*Controller[...]).Start.func2.1
  	/Users/priyolahiri/go/pkg/mod/sigs.k8s.io/controller-runtime@v0.21.0/pkg/internal/controller/controller.go:202
  2025-06-26T12:34:35+02:00	ERROR	Failed to get target cluster	{"controller": "neo4jbackup", "controllerGroup": "neo4j.neo4j.com", "controllerKind": "Neo4jBackup", "Neo4jBackup": {"name":"test-backup-invalid-storage","namespace":"test-failure-1750934075033884000-1750934075035500000"}, "namespace": "test-failure-1750934075033884000-1750934075035500000", "name": "test-backup-invalid-storage", "reconcileID": "2c815bae-2f04-4954-8484-59f70c6bc7df", "error": "Neo4jEnterpriseCluster.neo4j.neo4j.com \"test-cluster\" not found"}
  github.com/neo4j-labs/neo4j-kubernetes-operator/internal/controller.(*Neo4jBackupReconciler).Reconcile
  	/Users/priyolahiri/Code/neo4j-kubernetes-operator/internal/controller/neo4jbackup_controller.go:106
  sigs.k8s.io/controller-runtime/pkg/internal/controller.(*Controller[...]).Reconcile
  	/Users/priyolahiri/go/pkg/mod/sigs.k8s.io/controller-runtime@v0.21.0/pkg/internal/controller/controller.go:119
  sigs.k8s.io/controller-runtime/pkg/internal/controller.(*Controller[...]).reconcileHandler
  	/Users/priyolahiri/go/pkg/mod/sigs.k8s.io/controller-runtime@v0.21.0/pkg/internal/controller/controller.go:340
  sigs.k8s.io/controller-runtime/pkg/internal/controller.(*Controller[...]).processNextWorkItem
  	/Users/priyolahiri/go/pkg/mod/sigs.k8s.io/controller-runtime@v0.21.0/pkg/internal/controller/controller.go:300
  sigs.k8s.io/controller-runtime/pkg/internal/controller.(*Controller[...]).Start.func2.1
  	/Users/priyolahiri/go/pkg/mod/sigs.k8s.io/controller-runtime@v0.21.0/pkg/internal/controller/controller.go:202
  2025-06-26T12:34:35+02:00	ERROR	Failed to get target cluster	{"controller": "neo4jrestore", "controllerGroup": "neo4j.neo4j.com", "controllerKind": "Neo4jRestore", "Neo4jRestore": {"name":"test-restore-no-cluster","namespace":"test-failure-1750934075035366000-1750934075036586000"}, "namespace": "test-failure-1750934075035366000-1750934075036586000", "name": "test-restore-no-cluster", "reconcileID": "b6e324b5-02c6-4ff9-a7bc-68fba8bdf0d5", "error": "Neo4jEnterpriseCluster.neo4j.neo4j.com \"non-existent-cluster\" not found"}
  github.com/neo4j-labs/neo4j-kubernetes-operator/internal/controller.(*Neo4jRestoreReconciler).Reconcile
  	/Users/priyolahiri/Code/neo4j-kubernetes-operator/internal/controller/neo4jrestore_controller.go:118
  sigs.k8s.io/controller-runtime/pkg/internal/controller.(*Controller[...]).Reconcile
  	/Users/priyolahiri/go/pkg/mod/sigs.k8s.io/controller-runtime@v0.21.0/pkg/internal/controller/controller.go:119
  sigs.k8s.io/controller-runtime/pkg/internal/controller.(*Controller[...]).reconcileHandler
  	/Users/priyolahiri/go/pkg/mod/sigs.k8s.io/controller-runtime@v0.21.0/pkg/internal/controller/controller.go:340
  sigs.k8s.io/controller-runtime/pkg/internal/controller.(*Controller[...]).processNextWorkItem
  	/Users/priyolahiri/go/pkg/mod/sigs.k8s.io/controller-runtime@v0.21.0/pkg/internal/controller/controller.go:300
  sigs.k8s.io/controller-runtime/pkg/internal/controller.(*Controller[...]).Start.func2.1
  	/Users/priyolahiri/go/pkg/mod/sigs.k8s.io/controller-runtime@v0.21.0/pkg/internal/controller/controller.go:202
  2025-06-26T12:34:35+02:00	INFO	Warning: Reconciler returned both a non-zero result and a non-nil error. The result will always be ignored if the error is non-nil and the non-nil error causes requeuing with exponential backoff. For more details, see: https://pkg.go.dev/sigs.k8s.io/controller-runtime/pkg/reconcile#Reconciler	{"controller": "neo4jbackup", "controllerGroup": "neo4j.neo4j.com", "controllerKind": "Neo4jBackup", "Neo4jBackup": {"name":"test-backup-invalid-storage","namespace":"test-failure-1750934075033884000-1750934075035500000"}, "namespace": "test-failure-1750934075033884000-1750934075035500000", "name": "test-backup-invalid-storage", "reconcileID": "2c815bae-2f04-4954-8484-59f70c6bc7df"}
  2025-06-26T12:34:35+02:00	ERROR	Reconciler error	{"controller": "neo4jbackup", "controllerGroup": "neo4j.neo4j.com", "controllerKind": "Neo4jBackup", "Neo4jBackup": {"name":"test-backup-invalid-storage","namespace":"test-failure-1750934075033884000-1750934075035500000"}, "namespace": "test-failure-1750934075033884000-1750934075035500000", "name": "test-backup-invalid-storage", "reconcileID": "2c815bae-2f04-4954-8484-59f70c6bc7df", "error": "Neo4jEnterpriseCluster.neo4j.neo4j.com \"test-cluster\" not found"}
  sigs.k8s.io/controller-runtime/pkg/internal/controller.(*Controller[...]).reconcileHandler
  	/Users/priyolahiri/go/pkg/mod/sigs.k8s.io/controller-runtime@v0.21.0/pkg/internal/controller/controller.go:353
  sigs.k8s.io/controller-runtime/pkg/internal/controller.(*Controller[...]).processNextWorkItem
  	/Users/priyolahiri/go/pkg/mod/sigs.k8s.io/controller-runtime@v0.21.0/pkg/internal/controller/controller.go:300
  sigs.k8s.io/controller-runtime/pkg/internal/controller.(*Controller[...]).Start.func2.1
  	/Users/priyolahiri/go/pkg/mod/sigs.k8s.io/controller-runtime@v0.21.0/pkg/internal/controller/controller.go:202
  2025-06-26T12:34:35+02:00	ERROR	Failed to get target cluster	{"controller": "neo4jbackup", "controllerGroup": "neo4j.neo4j.com", "controllerKind": "Neo4jBackup", "Neo4jBackup": {"name":"test-backup-no-cluster","namespace":"test-failure-1750934075031883000-1750934075034004000"}, "namespace": "test-failure-1750934075031883000-1750934075034004000", "name": "test-backup-no-cluster", "reconcileID": "bf8a85d3-2a40-4f50-954d-b587b78d6e2a", "error": "Neo4jEnterpriseCluster.neo4j.neo4j.com \"non-existent-cluster\" not found"}
  github.com/neo4j-labs/neo4j-kubernetes-operator/internal/controller.(*Neo4jBackupReconciler).Reconcile
  	/Users/priyolahiri/Code/neo4j-kubernetes-operator/internal/controller/neo4jbackup_controller.go:106
  sigs.k8s.io/controller-runtime/pkg/internal/controller.(*Controller[...]).Reconcile
  	/Users/priyolahiri/go/pkg/mod/sigs.k8s.io/controller-runtime@v0.21.0/pkg/internal/controller/controller.go:119
  sigs.k8s.io/controller-runtime/pkg/internal/controller.(*Controller[...]).reconcileHandler
  	/Users/priyolahiri/go/pkg/mod/sigs.k8s.io/controller-runtime@v0.21.0/pkg/internal/controller/controller.go:340
  sigs.k8s.io/controller-runtime/pkg/internal/controller.(*Controller[...]).processNextWorkItem
  	/Users/priyolahiri/go/pkg/mod/sigs.k8s.io/controller-runtime@v0.21.0/pkg/internal/controller/controller.go:300
  sigs.k8s.io/controller-runtime/pkg/internal/controller.(*Controller[...]).Start.func2.1
  	/Users/priyolahiri/go/pkg/mod/sigs.k8s.io/controller-runtime@v0.21.0/pkg/internal/controller/controller.go:202
  2025-06-26T12:34:35+02:00	INFO	Warning: Reconciler returned both a non-zero result and a non-nil error. The result will always be ignored if the error is non-nil and the non-nil error causes requeuing with exponential backoff. For more details, see: https://pkg.go.dev/sigs.k8s.io/controller-runtime/pkg/reconcile#Reconciler	{"controller": "neo4jrestore", "controllerGroup": "neo4j.neo4j.com", "controllerKind": "Neo4jRestore", "Neo4jRestore": {"name":"test-restore-no-cluster","namespace":"test-failure-1750934075035366000-1750934075036586000"}, "namespace": "test-failure-1750934075035366000-1750934075036586000", "name": "test-restore-no-cluster", "reconcileID": "b6e324b5-02c6-4ff9-a7bc-68fba8bdf0d5"}
  2025-06-26T12:34:35+02:00	ERROR	Reconciler error	{"controller": "neo4jrestore", "controllerGroup": "neo4j.neo4j.com", "controllerKind": "Neo4jRestore", "Neo4jRestore": {"name":"test-restore-no-cluster","namespace":"test-failure-1750934075035366000-1750934075036586000"}, "namespace": "test-failure-1750934075035366000-1750934075036586000", "name": "test-restore-no-cluster", "reconcileID": "b6e324b5-02c6-4ff9-a7bc-68fba8bdf0d5", "error": "Neo4jEnterpriseCluster.neo4j.neo4j.com \"non-existent-cluster\" not found"}
  sigs.k8s.io/controller-runtime/pkg/internal/controller.(*Controller[...]).reconcileHandler
  	/Users/priyolahiri/go/pkg/mod/sigs.k8s.io/controller-runtime@v0.21.0/pkg/internal/controller/controller.go:353
  sigs.k8s.io/controller-runtime/pkg/internal/controller.(*Controller[...]).processNextWorkItem
  	/Users/priyolahiri/go/pkg/mod/sigs.k8s.io/controller-runtime@v0.21.0/pkg/internal/controller/controller.go:300
  sigs.k8s.io/controller-runtime/pkg/internal/controller.(*Controller[...]).Start.func2.1
  	/Users/priyolahiri/go/pkg/mod/sigs.k8s.io/controller-runtime@v0.21.0/pkg/internal/controller/controller.go:202
  2025-06-26T12:34:35+02:00	INFO	Warning: Reconciler returned both a non-zero result and a non-nil error. The result will always be ignored if the error is non-nil and the non-nil error causes requeuing with exponential backoff. For more details, see: https://pkg.go.dev/sigs.k8s.io/controller-runtime/pkg/reconcile#Reconciler	{"controller": "neo4jbackup", "controllerGroup": "neo4j.neo4j.com", "controllerKind": "Neo4jBackup", "Neo4jBackup": {"name":"test-backup-no-cluster","namespace":"test-failure-1750934075031883000-1750934075034004000"}, "namespace": "test-failure-1750934075031883000-1750934075034004000", "name": "test-backup-no-cluster", "reconcileID": "bf8a85d3-2a40-4f50-954d-b587b78d6e2a"}
  2025-06-26T12:34:35+02:00	ERROR	Reconciler error	{"controller": "neo4jbackup", "controllerGroup": "neo4j.neo4j.com", "controllerKind": "Neo4jBackup", "Neo4jBackup": {"name":"test-backup-no-cluster","namespace":"test-failure-1750934075031883000-1750934075034004000"}, "namespace": "test-failure-1750934075031883000-1750934075034004000", "name": "test-backup-no-cluster", "reconcileID": "bf8a85d3-2a40-4f50-954d-b587b78d6e2a", "error": "Neo4jEnterpriseCluster.neo4j.neo4j.com \"non-existent-cluster\" not found"}
  sigs.k8s.io/controller-runtime/pkg/internal/controller.(*Controller[...]).reconcileHandler
  	/Users/priyolahiri/go/pkg/mod/sigs.k8s.io/controller-runtime@v0.21.0/pkg/internal/controller/controller.go:353
  sigs.k8s.io/controller-runtime/pkg/internal/controller.(*Controller[...]).processNextWorkItem
  	/Users/priyolahiri/go/pkg/mod/sigs.k8s.io/controller-runtime@v0.21.0/pkg/internal/controller/controller.go:300
  sigs.k8s.io/controller-runtime/pkg/internal/controller.(*Controller[...]).Start.func2.1
  	/Users/priyolahiri/go/pkg/mod/sigs.k8s.io/controller-runtime@v0.21.0/pkg/internal/controller/controller.go:202
  [38;5;243m<< Timeline[0m

  [38;5;9m[FAILED] Expected success, but got an error:
      <*errors.StatusError | 0x14000869220>:
      admission webhook "vneo4jenterprisecluster.kb.io" denied the request: spec.tls.issuerRef.name: Required value: issuer name must be specified when using cert-manager
      {
          ErrStatus: {
              TypeMeta: {Kind: "", APIVersion: ""},
              ListMeta: {
                  SelfLink: "",
                  ResourceVersion: "",
                  Continue: "",
                  RemainingItemCount: nil,
              },
              Status: "Failure",
              Message: "admission webhook \"vneo4jenterprisecluster.kb.io\" denied the request: spec.tls.issuerRef.name: Required value: issuer name must be specified when using cert-manager",
              Reason: "Forbidden",
              Details: nil,
              Code: 403,
          },
      }[0m
  [38;5;9mIn [1m[It][0m[38;5;9m at: [1m/Users/priyolahiri/Code/neo4j-kubernetes-operator/test/integration/cluster_lifecycle_test.go:85[0m [38;5;243m@ 06/26/25 12:34:35.236[0m
[38;5;243m------------------------------[0m
[38;5;9m• [FAILED] [0.082 seconds][0m
[0mFailure Scenarios [38;5;243mResource Limits and Constraints [38;5;9m[1m[It] should handle cluster with excessive resource requests[0m
[38;5;243m/Users/priyolahiri/Code/neo4j-kubernetes-operator/test/integration/failure_scenarios_test.go:421[0m

  [38;5;243mTimeline >>[0m
  2025-06-26T12:34:35+02:00	INFO	Warning: Reconciler returned both a non-zero result and a non-nil error. The result will always be ignored if the error is non-nil and the non-nil error causes requeuing with exponential backoff. For more details, see: https://pkg.go.dev/sigs.k8s.io/controller-runtime/pkg/reconcile#Reconciler	{"controller": "neo4jbackup", "controllerGroup": "neo4j.neo4j.com", "controllerKind": "Neo4jBackup", "Neo4jBackup": {"name":"test-backup-no-cluster","namespace":"test-failure-1750934075031883000-1750934075034004000"}, "namespace": "test-failure-1750934075031883000-1750934075034004000", "name": "test-backup-no-cluster", "reconcileID": "0b6e48e3-638d-44f3-b430-f742d09d90d0"}
  2025-06-26T12:34:35+02:00	ERROR	Reconciler error	{"controller": "neo4jbackup", "controllerGroup": "neo4j.neo4j.com", "controllerKind": "Neo4jBackup", "Neo4jBackup": {"name":"test-backup-no-cluster","namespace":"test-failure-1750934075031883000-1750934075034004000"}, "namespace": "test-failure-1750934075031883000-1750934075034004000", "name": "test-backup-no-cluster", "reconcileID": "0b6e48e3-638d-44f3-b430-f742d09d90d0", "error": "Neo4jEnterpriseCluster.neo4j.neo4j.com \"non-existent-cluster\" not found"}
  sigs.k8s.io/controller-runtime/pkg/internal/controller.(*Controller[...]).reconcileHandler
  	/Users/priyolahiri/go/pkg/mod/sigs.k8s.io/controller-runtime@v0.21.0/pkg/internal/controller/controller.go:353
  sigs.k8s.io/controller-runtime/pkg/internal/controller.(*Controller[...]).processNextWorkItem
  	/Users/priyolahiri/go/pkg/mod/sigs.k8s.io/controller-runtime@v0.21.0/pkg/internal/controller/controller.go:300
  sigs.k8s.io/controller-runtime/pkg/internal/controller.(*Controller[...]).Start.func2.1
  	/Users/priyolahiri/go/pkg/mod/sigs.k8s.io/controller-runtime@v0.21.0/pkg/internal/controller/controller.go:202
  2025-06-26T12:34:35+02:00	ERROR	Failed to get target cluster	{"controller": "neo4jbackup", "controllerGroup": "neo4j.neo4j.com", "controllerKind": "Neo4jBackup", "Neo4jBackup": {"name":"test-backup-invalid-storage","namespace":"test-failure-1750934075033884000-1750934075035500000"}, "namespace": "test-failure-1750934075033884000-1750934075035500000", "name": "test-backup-invalid-storage", "reconcileID": "3b297854-7f5b-48b4-b94e-edf05a94721e", "error": "Neo4jEnterpriseCluster.neo4j.neo4j.com \"test-cluster\" not found"}
  github.com/neo4j-labs/neo4j-kubernetes-operator/internal/controller.(*Neo4jBackupReconciler).Reconcile
  	/Users/priyolahiri/Code/neo4j-kubernetes-operator/internal/controller/neo4jbackup_controller.go:106
  sigs.k8s.io/controller-runtime/pkg/internal/controller.(*Controller[...]).Reconcile
  	/Users/priyolahiri/go/pkg/mod/sigs.k8s.io/controller-runtime@v0.21.0/pkg/internal/controller/controller.go:119
  sigs.k8s.io/controller-runtime/pkg/internal/controller.(*Controller[...]).reconcileHandler
  	/Users/priyolahiri/go/pkg/mod/sigs.k8s.io/controller-runtime@v0.21.0/pkg/internal/controller/controller.go:340
  sigs.k8s.io/controller-runtime/pkg/internal/controller.(*Controller[...]).processNextWorkItem
  	/Users/priyolahiri/go/pkg/mod/sigs.k8s.io/controller-runtime@v0.21.0/pkg/internal/controller/controller.go:300
  sigs.k8s.io/controller-runtime/pkg/internal/controller.(*Controller[...]).Start.func2.1
  	/Users/priyolahiri/go/pkg/mod/sigs.k8s.io/controller-runtime@v0.21.0/pkg/internal/controller/controller.go:202
  2025-06-26T12:34:35+02:00	INFO	Warning: Reconciler returned both a non-zero result and a non-nil error. The result will always be ignored if the error is non-nil and the non-nil error causes requeuing with exponential backoff. For more details, see: https://pkg.go.dev/sigs.k8s.io/controller-runtime/pkg/reconcile#Reconciler	{"controller": "neo4jrestore", "controllerGroup": "neo4j.neo4j.com", "controllerKind": "Neo4jRestore", "Neo4jRestore": {"name":"test-restore-no-cluster","namespace":"test-failure-1750934075035366000-1750934075036586000"}, "namespace": "test-failure-1750934075035366000-1750934075036586000", "name": "test-restore-no-cluster", "reconcileID": "065dc585-e2d5-4df9-bf0e-3e7476e154f0"}
  2025-06-26T12:34:35+02:00	ERROR	Reconciler error	{"controller": "neo4jrestore", "controllerGroup": "neo4j.neo4j.com", "controllerKind": "Neo4jRestore", "Neo4jRestore": {"name":"test-restore-no-cluster","namespace":"test-failure-1750934075035366000-1750934075036586000"}, "namespace": "test-failure-1750934075035366000-1750934075036586000", "name": "test-restore-no-cluster", "reconcileID": "065dc585-e2d5-4df9-bf0e-3e7476e154f0", "error": "Neo4jEnterpriseCluster.neo4j.neo4j.com \"non-existent-cluster\" not found"}
  sigs.k8s.io/controller-runtime/pkg/internal/controller.(*Controller[...]).reconcileHandler
  	/Users/priyolahiri/go/pkg/mod/sigs.k8s.io/controller-runtime@v0.21.0/pkg/internal/controller/controller.go:353
  sigs.k8s.io/controller-runtime/pkg/internal/controller.(*Controller[...]).processNextWorkItem
  	/Users/priyolahiri/go/pkg/mod/sigs.k8s.io/controller-runtime@v0.21.0/pkg/internal/controller/controller.go:300
  sigs.k8s.io/controller-runtime/pkg/internal/controller.(*Controller[...]).Start.func2.1
  	/Users/priyolahiri/go/pkg/mod/sigs.k8s.io/controller-runtime@v0.21.0/pkg/internal/controller/controller.go:202
  2025-06-26T12:34:35+02:00	ERROR	Failed to get target cluster	{"controller": "neo4jrestore", "controllerGroup": "neo4j.neo4j.com", "controllerKind": "Neo4jRestore", "Neo4jRestore": {"name":"test-restore-no-backup","namespace":"test-failure-1750934075033706000-1750934075035488000"}, "namespace": "test-failure-1750934075033706000-1750934075035488000", "name": "test-restore-no-backup", "reconcileID": "7555d42d-1d55-41d8-899f-c6c5c55a81a1", "error": "Neo4jEnterpriseCluster.neo4j.neo4j.com \"test-cluster\" not found"}
  github.com/neo4j-labs/neo4j-kubernetes-operator/internal/controller.(*Neo4jRestoreReconciler).Reconcile
  	/Users/priyolahiri/Code/neo4j-kubernetes-operator/internal/controller/neo4jrestore_controller.go:118
  sigs.k8s.io/controller-runtime/pkg/internal/controller.(*Controller[...]).Reconcile
  	/Users/priyolahiri/go/pkg/mod/sigs.k8s.io/controller-runtime@v0.21.0/pkg/internal/controller/controller.go:119
  sigs.k8s.io/controller-runtime/pkg/internal/controller.(*Controller[...]).reconcileHandler
  	/Users/priyolahiri/go/pkg/mod/sigs.k8s.io/controller-runtime@v0.21.0/pkg/internal/controller/controller.go:340
  sigs.k8s.io/controller-runtime/pkg/internal/controller.(*Controller[...]).processNextWorkItem
  	/Users/priyolahiri/go/pkg/mod/sigs.k8s.io/controller-runtime@v0.21.0/pkg/internal/controller/controller.go:300
  sigs.k8s.io/controller-runtime/pkg/internal/controller.(*Controller[...]).Start.func2.1
  	/Users/priyolahiri/go/pkg/mod/sigs.k8s.io/controller-runtime@v0.21.0/pkg/internal/controller/controller.go:202
  2025-06-26T12:34:35+02:00	INFO	Warning: Reconciler returned both a non-zero result and a non-nil error. The result will always be ignored if the error is non-nil and the non-nil error causes requeuing with exponential backoff. For more details, see: https://pkg.go.dev/sigs.k8s.io/controller-runtime/pkg/reconcile#Reconciler	{"controller": "neo4jbackup", "controllerGroup": "neo4j.neo4j.com", "controllerKind": "Neo4jBackup", "Neo4jBackup": {"name":"test-backup-invalid-storage","namespace":"test-failure-1750934075033884000-1750934075035500000"}, "namespace": "test-failure-1750934075033884000-1750934075035500000", "name": "test-backup-invalid-storage", "reconcileID": "3b297854-7f5b-48b4-b94e-edf05a94721e"}
  2025-06-26T12:34:35+02:00	ERROR	Reconciler error	{"controller": "neo4jbackup", "controllerGroup": "neo4j.neo4j.com", "controllerKind": "Neo4jBackup", "Neo4jBackup": {"name":"test-backup-invalid-storage","namespace":"test-failure-1750934075033884000-1750934075035500000"}, "namespace": "test-failure-1750934075033884000-1750934075035500000", "name": "test-backup-invalid-storage", "reconcileID": "3b297854-7f5b-48b4-b94e-edf05a94721e", "error": "Neo4jEnterpriseCluster.neo4j.neo4j.com \"test-cluster\" not found"}
  sigs.k8s.io/controller-runtime/pkg/internal/controller.(*Controller[...]).reconcileHandler
  	/Users/priyolahiri/go/pkg/mod/sigs.k8s.io/controller-runtime@v0.21.0/pkg/internal/controller/controller.go:353
  sigs.k8s.io/controller-runtime/pkg/internal/controller.(*Controller[...]).processNextWorkItem
  	/Users/priyolahiri/go/pkg/mod/sigs.k8s.io/controller-runtime@v0.21.0/pkg/internal/controller/controller.go:300
  sigs.k8s.io/controller-runtime/pkg/internal/controller.(*Controller[...]).Start.func2.1
  	/Users/priyolahiri/go/pkg/mod/sigs.k8s.io/controller-runtime@v0.21.0/pkg/internal/controller/controller.go:202
  2025-06-26T12:34:35+02:00	ERROR	Failed to get target cluster	{"controller": "neo4jbackup", "controllerGroup": "neo4j.neo4j.com", "controllerKind": "Neo4jBackup", "Neo4jBackup": {"name":"test-backup-no-cluster","namespace":"test-failure-1750934075031883000-1750934075034004000"}, "namespace": "test-failure-1750934075031883000-1750934075034004000", "name": "test-backup-no-cluster", "reconcileID": "96fd4878-62ac-4257-b2d6-e4745109976f", "error": "Neo4jEnterpriseCluster.neo4j.neo4j.com \"non-existent-cluster\" not found"}
  github.com/neo4j-labs/neo4j-kubernetes-operator/internal/controller.(*Neo4jBackupReconciler).Reconcile
  	/Users/priyolahiri/Code/neo4j-kubernetes-operator/internal/controller/neo4jbackup_controller.go:106
  sigs.k8s.io/controller-runtime/pkg/internal/controller.(*Controller[...]).Reconcile
  	/Users/priyolahiri/go/pkg/mod/sigs.k8s.io/controller-runtime@v0.21.0/pkg/internal/controller/controller.go:119
  sigs.k8s.io/controller-runtime/pkg/internal/controller.(*Controller[...]).reconcileHandler
  	/Users/priyolahiri/go/pkg/mod/sigs.k8s.io/controller-runtime@v0.21.0/pkg/internal/controller/controller.go:340
  sigs.k8s.io/controller-runtime/pkg/internal/controller.(*Controller[...]).processNextWorkItem
  	/Users/priyolahiri/go/pkg/mod/sigs.k8s.io/controller-runtime@v0.21.0/pkg/internal/controller/controller.go:300
  sigs.k8s.io/controller-runtime/pkg/internal/controller.(*Controller[...]).Start.func2.1
  	/Users/priyolahiri/go/pkg/mod/sigs.k8s.io/controller-runtime@v0.21.0/pkg/internal/controller/controller.go:202
  2025-06-26T12:34:35+02:00	INFO	Warning: Reconciler returned both a non-zero result and a non-nil error. The result will always be ignored if the error is non-nil and the non-nil error causes requeuing with exponential backoff. For more details, see: https://pkg.go.dev/sigs.k8s.io/controller-runtime/pkg/reconcile#Reconciler	{"controller": "neo4jrestore", "controllerGroup": "neo4j.neo4j.com", "controllerKind": "Neo4jRestore", "Neo4jRestore": {"name":"test-restore-no-backup","namespace":"test-failure-1750934075033706000-1750934075035488000"}, "namespace": "test-failure-1750934075033706000-1750934075035488000", "name": "test-restore-no-backup", "reconcileID": "7555d42d-1d55-41d8-899f-c6c5c55a81a1"}
  2025-06-26T12:34:35+02:00	ERROR	Reconciler error	{"controller": "neo4jrestore", "controllerGroup": "neo4j.neo4j.com", "controllerKind": "Neo4jRestore", "Neo4jRestore": {"name":"test-restore-no-backup","namespace":"test-failure-1750934075033706000-1750934075035488000"}, "namespace": "test-failure-1750934075033706000-1750934075035488000", "name": "test-restore-no-backup", "reconcileID": "7555d42d-1d55-41d8-899f-c6c5c55a81a1", "error": "Neo4jEnterpriseCluster.neo4j.neo4j.com \"test-cluster\" not found"}
  sigs.k8s.io/controller-runtime/pkg/internal/controller.(*Controller[...]).reconcileHandler
  	/Users/priyolahiri/go/pkg/mod/sigs.k8s.io/controller-runtime@v0.21.0/pkg/internal/controller/controller.go:353
  sigs.k8s.io/controller-runtime/pkg/internal/controller.(*Controller[...]).processNextWorkItem
  	/Users/priyolahiri/go/pkg/mod/sigs.k8s.io/controller-runtime@v0.21.0/pkg/internal/controller/controller.go:300
  sigs.k8s.io/controller-runtime/pkg/internal/controller.(*Controller[...]).Start.func2.1
  	/Users/priyolahiri/go/pkg/mod/sigs.k8s.io/controller-runtime@v0.21.0/pkg/internal/controller/controller.go:202
  2025-06-26T12:34:35+02:00	ERROR	Failed to get target cluster	{"controller": "neo4jrestore", "controllerGroup": "neo4j.neo4j.com", "controllerKind": "Neo4jRestore", "Neo4jRestore": {"name":"test-restore-no-cluster","namespace":"test-failure-1750934075035366000-1750934075036586000"}, "namespace": "test-failure-1750934075035366000-1750934075036586000", "name": "test-restore-no-cluster", "reconcileID": "54e22d8b-78de-44be-932a-0a89c1092a30", "error": "Neo4jEnterpriseCluster.neo4j.neo4j.com \"non-existent-cluster\" not found"}
  github.com/neo4j-labs/neo4j-kubernetes-operator/internal/controller.(*Neo4jRestoreReconciler).Reconcile
  	/Users/priyolahiri/Code/neo4j-kubernetes-operator/internal/controller/neo4jrestore_controller.go:118
  sigs.k8s.io/controller-runtime/pkg/internal/controller.(*Controller[...]).Reconcile
  	/Users/priyolahiri/go/pkg/mod/sigs.k8s.io/controller-runtime@v0.21.0/pkg/internal/controller/controller.go:119
  sigs.k8s.io/controller-runtime/pkg/internal/controller.(*Controller[...]).reconcileHandler
  	/Users/priyolahiri/go/pkg/mod/sigs.k8s.io/controller-runtime@v0.21.0/pkg/internal/controller/controller.go:340
  sigs.k8s.io/controller-runtime/pkg/internal/controller.(*Controller[...]).processNextWorkItem
  	/Users/priyolahiri/go/pkg/mod/sigs.k8s.io/controller-runtime@v0.21.0/pkg/internal/controller/controller.go:300
  sigs.k8s.io/controller-runtime/pkg/internal/controller.(*Controller[...]).Start.func2.1
  	/Users/priyolahiri/go/pkg/mod/sigs.k8s.io/controller-runtime@v0.21.0/pkg/internal/controller/controller.go:202
  2025-06-26T12:34:35+02:00	INFO	Warning: Reconciler returned both a non-zero result and a non-nil error. The result will always be ignored if the error is non-nil and the non-nil error causes requeuing with exponential backoff. For more details, see: https://pkg.go.dev/sigs.k8s.io/controller-runtime/pkg/reconcile#Reconciler	{"controller": "neo4jbackup", "controllerGroup": "neo4j.neo4j.com", "controllerKind": "Neo4jBackup", "Neo4jBackup": {"name":"test-backup-no-cluster","namespace":"test-failure-1750934075031883000-1750934075034004000"}, "namespace": "test-failure-1750934075031883000-1750934075034004000", "name": "test-backup-no-cluster", "reconcileID": "96fd4878-62ac-4257-b2d6-e4745109976f"}
  2025-06-26T12:34:35+02:00	ERROR	Reconciler error	{"controller": "neo4jbackup", "controllerGroup": "neo4j.neo4j.com", "controllerKind": "Neo4jBackup", "Neo4jBackup": {"name":"test-backup-no-cluster","namespace":"test-failure-1750934075031883000-1750934075034004000"}, "namespace": "test-failure-1750934075031883000-1750934075034004000", "name": "test-backup-no-cluster", "reconcileID": "96fd4878-62ac-4257-b2d6-e4745109976f", "error": "Neo4jEnterpriseCluster.neo4j.neo4j.com \"non-existent-cluster\" not found"}
  sigs.k8s.io/controller-runtime/pkg/internal/controller.(*Controller[...]).reconcileHandler
  	/Users/priyolahiri/go/pkg/mod/sigs.k8s.io/controller-runtime@v0.21.0/pkg/internal/controller/controller.go:353
  sigs.k8s.io/controller-runtime/pkg/internal/controller.(*Controller[...]).processNextWorkItem
  	/Users/priyolahiri/go/pkg/mod/sigs.k8s.io/controller-runtime@v0.21.0/pkg/internal/controller/controller.go:300
  sigs.k8s.io/controller-runtime/pkg/internal/controller.(*Controller[...]).Start.func2.1
  	/Users/priyolahiri/go/pkg/mod/sigs.k8s.io/controller-runtime@v0.21.0/pkg/internal/controller/controller.go:202
  2025-06-26T12:34:35+02:00	INFO	Warning: Reconciler returned both a non-zero result and a non-nil error. The result will always be ignored if the error is non-nil and the non-nil error causes requeuing with exponential backoff. For more details, see: https://pkg.go.dev/sigs.k8s.io/controller-runtime/pkg/reconcile#Reconciler	{"controller": "neo4jrestore", "controllerGroup": "neo4j.neo4j.com", "controllerKind": "Neo4jRestore", "Neo4jRestore": {"name":"test-restore-no-cluster","namespace":"test-failure-1750934075035366000-1750934075036586000"}, "namespace": "test-failure-1750934075035366000-1750934075036586000", "name": "test-restore-no-cluster", "reconcileID": "54e22d8b-78de-44be-932a-0a89c1092a30"}
  2025-06-26T12:34:35+02:00	ERROR	Reconciler error	{"controller": "neo4jrestore", "controllerGroup": "neo4j.neo4j.com", "controllerKind": "Neo4jRestore", "Neo4jRestore": {"name":"test-restore-no-cluster","namespace":"test-failure-1750934075035366000-1750934075036586000"}, "namespace": "test-failure-1750934075035366000-1750934075036586000", "name": "test-restore-no-cluster", "reconcileID": "54e22d8b-78de-44be-932a-0a89c1092a30", "error": "Neo4jEnterpriseCluster.neo4j.neo4j.com \"non-existent-cluster\" not found"}
  sigs.k8s.io/controller-runtime/pkg/internal/controller.(*Controller[...]).reconcileHandler
  	/Users/priyolahiri/go/pkg/mod/sigs.k8s.io/controller-runtime@v0.21.0/pkg/internal/controller/controller.go:353
  sigs.k8s.io/controller-runtime/pkg/internal/controller.(*Controller[...]).processNextWorkItem
  	/Users/priyolahiri/go/pkg/mod/sigs.k8s.io/controller-runtime@v0.21.0/pkg/internal/controller/controller.go:300
  sigs.k8s.io/controller-runtime/pkg/internal/controller.(*Controller[...]).Start.func2.1
  	/Users/priyolahiri/go/pkg/mod/sigs.k8s.io/controller-runtime@v0.21.0/pkg/internal/controller/controller.go:202
  2025-06-26T12:34:35+02:00	ERROR	Failed to get target cluster	{"controller": "neo4jrestore", "controllerGroup": "neo4j.neo4j.com", "controllerKind": "Neo4jRestore", "Neo4jRestore": {"name":"test-restore-no-cluster","namespace":"test-failure-1750934075035366000-1750934075036586000"}, "namespace": "test-failure-1750934075035366000-1750934075036586000", "name": "test-restore-no-cluster", "reconcileID": "a7f25ea2-31cb-4400-87c4-4a7beb625327", "error": "Neo4jEnterpriseCluster.neo4j.neo4j.com \"non-existent-cluster\" not found"}
  github.com/neo4j-labs/neo4j-kubernetes-operator/internal/controller.(*Neo4jRestoreReconciler).Reconcile
  	/Users/priyolahiri/Code/neo4j-kubernetes-operator/internal/controller/neo4jrestore_controller.go:118
  sigs.k8s.io/controller-runtime/pkg/internal/controller.(*Controller[...]).Reconcile
  	/Users/priyolahiri/go/pkg/mod/sigs.k8s.io/controller-runtime@v0.21.0/pkg/internal/controller/controller.go:119
  sigs.k8s.io/controller-runtime/pkg/internal/controller.(*Controller[...]).reconcileHandler
  	/Users/priyolahiri/go/pkg/mod/sigs.k8s.io/controller-runtime@v0.21.0/pkg/internal/controller/controller.go:340
  sigs.k8s.io/controller-runtime/pkg/internal/controller.(*Controller[...]).processNextWorkItem
  	/Users/priyolahiri/go/pkg/mod/sigs.k8s.io/controller-runtime@v0.21.0/pkg/internal/controller/controller.go:300
  sigs.k8s.io/controller-runtime/pkg/internal/controller.(*Controller[...]).Start.func2.1
  	/Users/priyolahiri/go/pkg/mod/sigs.k8s.io/controller-runtime@v0.21.0/pkg/internal/controller/controller.go:202
  2025-06-26T12:34:35+02:00	INFO	Warning: Reconciler returned both a non-zero result and a non-nil error. The result will always be ignored if the error is non-nil and the non-nil error causes requeuing with exponential backoff. For more details, see: https://pkg.go.dev/sigs.k8s.io/controller-runtime/pkg/reconcile#Reconciler	{"controller": "neo4jrestore", "controllerGroup": "neo4j.neo4j.com", "controllerKind": "Neo4jRestore", "Neo4jRestore": {"name":"test-restore-no-cluster","namespace":"test-failure-1750934075035366000-1750934075036586000"}, "namespace": "test-failure-1750934075035366000-1750934075036586000", "name": "test-restore-no-cluster", "reconcileID": "a7f25ea2-31cb-4400-87c4-4a7beb625327"}
  2025-06-26T12:34:35+02:00	ERROR	Reconciler error	{"controller": "neo4jrestore", "controllerGroup": "neo4j.neo4j.com", "controllerKind": "Neo4jRestore", "Neo4jRestore": {"name":"test-restore-no-cluster","namespace":"test-failure-1750934075035366000-1750934075036586000"}, "namespace": "test-failure-1750934075035366000-1750934075036586000", "name": "test-restore-no-cluster", "reconcileID": "a7f25ea2-31cb-4400-87c4-4a7beb625327", "error": "Neo4jEnterpriseCluster.neo4j.neo4j.com \"non-existent-cluster\" not found"}
  sigs.k8s.io/controller-runtime/pkg/internal/controller.(*Controller[...]).reconcileHandler
  	/Users/priyolahiri/go/pkg/mod/sigs.k8s.io/controller-runtime@v0.21.0/pkg/internal/controller/controller.go:353
  sigs.k8s.io/controller-runtime/pkg/internal/controller.(*Controller[...]).processNextWorkItem
  	/Users/priyolahiri/go/pkg/mod/sigs.k8s.io/controller-runtime@v0.21.0/pkg/internal/controller/controller.go:300
  sigs.k8s.io/controller-runtime/pkg/internal/controller.(*Controller[...]).Start.func2.1
  	/Users/priyolahiri/go/pkg/mod/sigs.k8s.io/controller-runtime@v0.21.0/pkg/internal/controller/controller.go:202
  2025-06-26T12:34:35+02:00	ERROR	Failed to get target cluster	{"controller": "neo4jrestore", "controllerGroup": "neo4j.neo4j.com", "controllerKind": "Neo4jRestore", "Neo4jRestore": {"name":"test-restore-no-backup","namespace":"test-failure-1750934075033706000-1750934075035488000"}, "namespace": "test-failure-1750934075033706000-1750934075035488000", "name": "test-restore-no-backup", "reconcileID": "5ea2f6c5-5b80-49d2-a59f-6e4021605ceb", "error": "Neo4jEnterpriseCluster.neo4j.neo4j.com \"test-cluster\" not found"}
  github.com/neo4j-labs/neo4j-kubernetes-operator/internal/controller.(*Neo4jRestoreReconciler).Reconcile
  	/Users/priyolahiri/Code/neo4j-kubernetes-operator/internal/controller/neo4jrestore_controller.go:118
  sigs.k8s.io/controller-runtime/pkg/internal/controller.(*Controller[...]).Reconcile
  	/Users/priyolahiri/go/pkg/mod/sigs.k8s.io/controller-runtime@v0.21.0/pkg/internal/controller/controller.go:119
  sigs.k8s.io/controller-runtime/pkg/internal/controller.(*Controller[...]).reconcileHandler
  	/Users/priyolahiri/go/pkg/mod/sigs.k8s.io/controller-runtime@v0.21.0/pkg/internal/controller/controller.go:340
  sigs.k8s.io/controller-runtime/pkg/internal/controller.(*Controller[...]).processNextWorkItem
  	/Users/priyolahiri/go/pkg/mod/sigs.k8s.io/controller-runtime@v0.21.0/pkg/internal/controller/controller.go:300
  sigs.k8s.io/controller-runtime/pkg/internal/controller.(*Controller[...]).Start.func2.1
  	/Users/priyolahiri/go/pkg/mod/sigs.k8s.io/controller-runtime@v0.21.0/pkg/internal/controller/controller.go:202
  2025-06-26T12:34:35+02:00	INFO	Warning: Reconciler returned both a non-zero result and a non-nil error. The result will always be ignored if the error is non-nil and the non-nil error causes requeuing with exponential backoff. For more details, see: https://pkg.go.dev/sigs.k8s.io/controller-runtime/pkg/reconcile#Reconciler	{"controller": "neo4jrestore", "controllerGroup": "neo4j.neo4j.com", "controllerKind": "Neo4jRestore", "Neo4jRestore": {"name":"test-restore-no-backup","namespace":"test-failure-1750934075033706000-1750934075035488000"}, "namespace": "test-failure-1750934075033706000-1750934075035488000", "name": "test-restore-no-backup", "reconcileID": "5ea2f6c5-5b80-49d2-a59f-6e4021605ceb"}
  2025-06-26T12:34:35+02:00	ERROR	Reconciler error	{"controller": "neo4jrestore", "controllerGroup": "neo4j.neo4j.com", "controllerKind": "Neo4jRestore", "Neo4jRestore": {"name":"test-restore-no-backup","namespace":"test-failure-1750934075033706000-1750934075035488000"}, "namespace": "test-failure-1750934075033706000-1750934075035488000", "name": "test-restore-no-backup", "reconcileID": "5ea2f6c5-5b80-49d2-a59f-6e4021605ceb", "error": "Neo4jEnterpriseCluster.neo4j.neo4j.com \"test-cluster\" not found"}
  sigs.k8s.io/controller-runtime/pkg/internal/controller.(*Controller[...]).reconcileHandler
  	/Users/priyolahiri/go/pkg/mod/sigs.k8s.io/controller-runtime@v0.21.0/pkg/internal/controller/controller.go:353
  sigs.k8s.io/controller-runtime/pkg/internal/controller.(*Controller[...]).processNextWorkItem
  	/Users/priyolahiri/go/pkg/mod/sigs.k8s.io/controller-runtime@v0.21.0/pkg/internal/controller/controller.go:300
  sigs.k8s.io/controller-runtime/pkg/internal/controller.(*Controller[...]).Start.func2.1
  	/Users/priyolahiri/go/pkg/mod/sigs.k8s.io/controller-runtime@v0.21.0/pkg/internal/controller/controller.go:202
  2025-06-26T12:34:35+02:00	ERROR	Failed to get target cluster	{"controller": "neo4jbackup", "controllerGroup": "neo4j.neo4j.com", "controllerKind": "Neo4jBackup", "Neo4jBackup": {"name":"test-backup-invalid-storage","namespace":"test-failure-1750934075033884000-1750934075035500000"}, "namespace": "test-failure-1750934075033884000-1750934075035500000", "name": "test-backup-invalid-storage", "reconcileID": "deefe782-9d55-40c2-8250-26009ea2967a", "error": "Neo4jEnterpriseCluster.neo4j.neo4j.com \"test-cluster\" not found"}
  github.com/neo4j-labs/neo4j-kubernetes-operator/internal/controller.(*Neo4jBackupReconciler).Reconcile
  	/Users/priyolahiri/Code/neo4j-kubernetes-operator/internal/controller/neo4jbackup_controller.go:106
  sigs.k8s.io/controller-runtime/pkg/internal/controller.(*Controller[...]).Reconcile
  	/Users/priyolahiri/go/pkg/mod/sigs.k8s.io/controller-runtime@v0.21.0/pkg/internal/controller/controller.go:119
  sigs.k8s.io/controller-runtime/pkg/internal/controller.(*Controller[...]).reconcileHandler
  	/Users/priyolahiri/go/pkg/mod/sigs.k8s.io/controller-runtime@v0.21.0/pkg/internal/controller/controller.go:340
  sigs.k8s.io/controller-runtime/pkg/internal/controller.(*Controller[...]).processNextWorkItem
  	/Users/priyolahiri/go/pkg/mod/sigs.k8s.io/controller-runtime@v0.21.0/pkg/internal/controller/controller.go:300
  sigs.k8s.io/controller-runtime/pkg/internal/controller.(*Controller[...]).Start.func2.1
  	/Users/priyolahiri/go/pkg/mod/sigs.k8s.io/controller-runtime@v0.21.0/pkg/internal/controller/controller.go:202
  2025-06-26T12:34:35+02:00	ERROR	Failed to get target cluster	{"controller": "neo4jrestore", "controllerGroup": "neo4j.neo4j.com", "controllerKind": "Neo4jRestore", "Neo4jRestore": {"name":"test-restore-no-backup","namespace":"test-failure-1750934075033706000-1750934075035488000"}, "namespace": "test-failure-1750934075033706000-1750934075035488000", "name": "test-restore-no-backup", "reconcileID": "8ed6e1a6-a582-4098-bd92-a9a5c4b8ece8", "error": "Neo4jEnterpriseCluster.neo4j.neo4j.com \"test-cluster\" not found"}
  github.com/neo4j-labs/neo4j-kubernetes-operator/internal/controller.(*Neo4jRestoreReconciler).Reconcile
  	/Users/priyolahiri/Code/neo4j-kubernetes-operator/internal/controller/neo4jrestore_controller.go:118
  sigs.k8s.io/controller-runtime/pkg/internal/controller.(*Controller[...]).Reconcile
  	/Users/priyolahiri/go/pkg/mod/sigs.k8s.io/controller-runtime@v0.21.0/pkg/internal/controller/controller.go:119
  sigs.k8s.io/controller-runtime/pkg/internal/controller.(*Controller[...]).reconcileHandler
  	/Users/priyolahiri/go/pkg/mod/sigs.k8s.io/controller-runtime@v0.21.0/pkg/internal/controller/controller.go:340
  sigs.k8s.io/controller-runtime/pkg/internal/controller.(*Controller[...]).processNextWorkItem
  	/Users/priyolahiri/go/pkg/mod/sigs.k8s.io/controller-runtime@v0.21.0/pkg/internal/controller/controller.go:300
  sigs.k8s.io/controller-runtime/pkg/internal/controller.(*Controller[...]).Start.func2.1
  	/Users/priyolahiri/go/pkg/mod/sigs.k8s.io/controller-runtime@v0.21.0/pkg/internal/controller/controller.go:202
  2025-06-26T12:34:35+02:00	INFO	Warning: Reconciler returned both a non-zero result and a non-nil error. The result will always be ignored if the error is non-nil and the non-nil error causes requeuing with exponential backoff. For more details, see: https://pkg.go.dev/sigs.k8s.io/controller-runtime/pkg/reconcile#Reconciler	{"controller": "neo4jbackup", "controllerGroup": "neo4j.neo4j.com", "controllerKind": "Neo4jBackup", "Neo4jBackup": {"name":"test-backup-invalid-storage","namespace":"test-failure-1750934075033884000-1750934075035500000"}, "namespace": "test-failure-1750934075033884000-1750934075035500000", "name": "test-backup-invalid-storage", "reconcileID": "deefe782-9d55-40c2-8250-26009ea2967a"}
  2025-06-26T12:34:35+02:00	ERROR	Reconciler error	{"controller": "neo4jbackup", "controllerGroup": "neo4j.neo4j.com", "controllerKind": "Neo4jBackup", "Neo4jBackup": {"name":"test-backup-invalid-storage","namespace":"test-failure-1750934075033884000-1750934075035500000"}, "namespace": "test-failure-1750934075033884000-1750934075035500000", "name": "test-backup-invalid-storage", "reconcileID": "deefe782-9d55-40c2-8250-26009ea2967a", "error": "Neo4jEnterpriseCluster.neo4j.neo4j.com \"test-cluster\" not found"}
  sigs.k8s.io/controller-runtime/pkg/internal/controller.(*Controller[...]).reconcileHandler
  	/Users/priyolahiri/go/pkg/mod/sigs.k8s.io/controller-runtime@v0.21.0/pkg/internal/controller/controller.go:353
  sigs.k8s.io/controller-runtime/pkg/internal/controller.(*Controller[...]).processNextWorkItem
  	/Users/priyolahiri/go/pkg/mod/sigs.k8s.io/controller-runtime@v0.21.0/pkg/internal/controller/controller.go:300
  sigs.k8s.io/controller-runtime/pkg/internal/controller.(*Controller[...]).Start.func2.1
  	/Users/priyolahiri/go/pkg/mod/sigs.k8s.io/controller-runtime@v0.21.0/pkg/internal/controller/controller.go:202
  [38;5;9m[FAILED][0m in [It] - /Users/priyolahiri/Code/neo4j-kubernetes-operator/test/integration/failure_scenarios_test.go:445 [38;5;243m@ 06/26/25 12:34:35.242[0m
  2025-06-26T12:34:35+02:00	INFO	Warning: Reconciler returned both a non-zero result and a non-nil error. The result will always be ignored if the error is non-nil and the non-nil error causes requeuing with exponential backoff. For more details, see: https://pkg.go.dev/sigs.k8s.io/controller-runtime/pkg/reconcile#Reconciler	{"controller": "neo4jrestore", "controllerGroup": "neo4j.neo4j.com", "controllerKind": "Neo4jRestore", "Neo4jRestore": {"name":"test-restore-no-backup","namespace":"test-failure-1750934075033706000-1750934075035488000"}, "namespace": "test-failure-1750934075033706000-1750934075035488000", "name": "test-restore-no-backup", "reconcileID": "8ed6e1a6-a582-4098-bd92-a9a5c4b8ece8"}
  2025-06-26T12:34:35+02:00	ERROR	Reconciler error	{"controller": "neo4jrestore", "controllerGroup": "neo4j.neo4j.com", "controllerKind": "Neo4jRestore", "Neo4jRestore": {"name":"test-restore-no-backup","namespace":"test-failure-1750934075033706000-1750934075035488000"}, "namespace": "test-failure-1750934075033706000-1750934075035488000", "name": "test-restore-no-backup", "reconcileID": "8ed6e1a6-a582-4098-bd92-a9a5c4b8ece8", "error": "Neo4jEnterpriseCluster.neo4j.neo4j.com \"test-cluster\" not found"}
  sigs.k8s.io/controller-runtime/pkg/internal/controller.(*Controller[...]).reconcileHandler
  	/Users/priyolahiri/go/pkg/mod/sigs.k8s.io/controller-runtime@v0.21.0/pkg/internal/controller/controller.go:353
  sigs.k8s.io/controller-runtime/pkg/internal/controller.(*Controller[...]).processNextWorkItem
  	/Users/priyolahiri/go/pkg/mod/sigs.k8s.io/controller-runtime@v0.21.0/pkg/internal/controller/controller.go:300
  sigs.k8s.io/controller-runtime/pkg/internal/controller.(*Controller[...]).Start.func2.1
  	/Users/priyolahiri/go/pkg/mod/sigs.k8s.io/controller-runtime@v0.21.0/pkg/internal/controller/controller.go:202
  2025-06-26T12:34:35+02:00	ERROR	Failed to get target cluster	{"controller": "neo4jbackup", "controllerGroup": "neo4j.neo4j.com", "controllerKind": "Neo4jBackup", "Neo4jBackup": {"name":"test-backup-no-cluster","namespace":"test-failure-1750934075031883000-1750934075034004000"}, "namespace": "test-failure-1750934075031883000-1750934075034004000", "name": "test-backup-no-cluster", "reconcileID": "826b0751-1382-489a-a43a-a9482ee38e9e", "error": "Neo4jEnterpriseCluster.neo4j.neo4j.com \"non-existent-cluster\" not found"}
  github.com/neo4j-labs/neo4j-kubernetes-operator/internal/controller.(*Neo4jBackupReconciler).Reconcile
  	/Users/priyolahiri/Code/neo4j-kubernetes-operator/internal/controller/neo4jbackup_controller.go:106
  sigs.k8s.io/controller-runtime/pkg/internal/controller.(*Controller[...]).Reconcile
  	/Users/priyolahiri/go/pkg/mod/sigs.k8s.io/controller-runtime@v0.21.0/pkg/internal/controller/controller.go:119
  sigs.k8s.io/controller-runtime/pkg/internal/controller.(*Controller[...]).reconcileHandler
  	/Users/priyolahiri/go/pkg/mod/sigs.k8s.io/controller-runtime@v0.21.0/pkg/internal/controller/controller.go:340
  sigs.k8s.io/controller-runtime/pkg/internal/controller.(*Controller[...]).processNextWorkItem
  	/Users/priyolahiri/go/pkg/mod/sigs.k8s.io/controller-runtime@v0.21.0/pkg/internal/controller/controller.go:300
  sigs.k8s.io/controller-runtime/pkg/internal/controller.(*Controller[...]).Start.func2.1
  	/Users/priyolahiri/go/pkg/mod/sigs.k8s.io/controller-runtime@v0.21.0/pkg/internal/controller/controller.go:202
  2025-06-26T12:34:35+02:00	ERROR	Failed to get target cluster	{"controller": "neo4jrestore", "controllerGroup": "neo4j.neo4j.com", "controllerKind": "Neo4jRestore", "Neo4jRestore": {"name":"test-restore-no-cluster","namespace":"test-failure-1750934075035366000-1750934075036586000"}, "namespace": "test-failure-1750934075035366000-1750934075036586000", "name": "test-restore-no-cluster", "reconcileID": "8df0bec2-a8bf-4ccf-8bc1-0871075e6651", "error": "Neo4jEnterpriseCluster.neo4j.neo4j.com \"non-existent-cluster\" not found"}
  github.com/neo4j-labs/neo4j-kubernetes-operator/internal/controller.(*Neo4jRestoreReconciler).Reconcile
  	/Users/priyolahiri/Code/neo4j-kubernetes-operator/internal/controller/neo4jrestore_controller.go:118
  sigs.k8s.io/controller-runtime/pkg/internal/controller.(*Controller[...]).Reconcile
  	/Users/priyolahiri/go/pkg/mod/sigs.k8s.io/controller-runtime@v0.21.0/pkg/internal/controller/controller.go:119
  sigs.k8s.io/controller-runtime/pkg/internal/controller.(*Controller[...]).reconcileHandler
  	/Users/priyolahiri/go/pkg/mod/sigs.k8s.io/controller-runtime@v0.21.0/pkg/internal/controller/controller.go:340
  sigs.k8s.io/controller-runtime/pkg/internal/controller.(*Controller[...]).processNextWorkItem
  	/Users/priyolahiri/go/pkg/mod/sigs.k8s.io/controller-runtime@v0.21.0/pkg/internal/controller/controller.go:300
  sigs.k8s.io/controller-runtime/pkg/internal/controller.(*Controller[...]).Start.func2.1
  	/Users/priyolahiri/go/pkg/mod/sigs.k8s.io/controller-runtime@v0.21.0/pkg/internal/controller/controller.go:202
  2025-06-26T12:34:35+02:00	INFO	Warning: Reconciler returned both a non-zero result and a non-nil error. The result will always be ignored if the error is non-nil and the non-nil error causes requeuing with exponential backoff. For more details, see: https://pkg.go.dev/sigs.k8s.io/controller-runtime/pkg/reconcile#Reconciler	{"controller": "neo4jbackup", "controllerGroup": "neo4j.neo4j.com", "controllerKind": "Neo4jBackup", "Neo4jBackup": {"name":"test-backup-no-cluster","namespace":"test-failure-1750934075031883000-1750934075034004000"}, "namespace": "test-failure-1750934075031883000-1750934075034004000", "name": "test-backup-no-cluster", "reconcileID": "826b0751-1382-489a-a43a-a9482ee38e9e"}
  2025-06-26T12:34:35+02:00	ERROR	Reconciler error	{"controller": "neo4jbackup", "controllerGroup": "neo4j.neo4j.com", "controllerKind": "Neo4jBackup", "Neo4jBackup": {"name":"test-backup-no-cluster","namespace":"test-failure-1750934075031883000-1750934075034004000"}, "namespace": "test-failure-1750934075031883000-1750934075034004000", "name": "test-backup-no-cluster", "reconcileID": "826b0751-1382-489a-a43a-a9482ee38e9e", "error": "Neo4jEnterpriseCluster.neo4j.neo4j.com \"non-existent-cluster\" not found"}
  sigs.k8s.io/controller-runtime/pkg/internal/controller.(*Controller[...]).reconcileHandler
  	/Users/priyolahiri/go/pkg/mod/sigs.k8s.io/controller-runtime@v0.21.0/pkg/internal/controller/controller.go:353
  sigs.k8s.io/controller-runtime/pkg/internal/controller.(*Controller[...]).processNextWorkItem
  	/Users/priyolahiri/go/pkg/mod/sigs.k8s.io/controller-runtime@v0.21.0/pkg/internal/controller/controller.go:300
  sigs.k8s.io/controller-runtime/pkg/internal/controller.(*Controller[...]).Start.func2.1
  	/Users/priyolahiri/go/pkg/mod/sigs.k8s.io/controller-runtime@v0.21.0/pkg/internal/controller/controller.go:202
  2025-06-26T12:34:35+02:00	INFO	Warning: Reconciler returned both a non-zero result and a non-nil error. The result will always be ignored if the error is non-nil and the non-nil error causes requeuing with exponential backoff. For more details, see: https://pkg.go.dev/sigs.k8s.io/controller-runtime/pkg/reconcile#Reconciler	{"controller": "neo4jrestore", "controllerGroup": "neo4j.neo4j.com", "controllerKind": "Neo4jRestore", "Neo4jRestore": {"name":"test-restore-no-cluster","namespace":"test-failure-1750934075035366000-1750934075036586000"}, "namespace": "test-failure-1750934075035366000-1750934075036586000", "name": "test-restore-no-cluster", "reconcileID": "8df0bec2-a8bf-4ccf-8bc1-0871075e6651"}
  2025-06-26T12:34:35+02:00	ERROR	Reconciler error	{"controller": "neo4jrestore", "controllerGroup": "neo4j.neo4j.com", "controllerKind": "Neo4jRestore", "Neo4jRestore": {"name":"test-restore-no-cluster","namespace":"test-failure-1750934075035366000-1750934075036586000"}, "namespace": "test-failure-1750934075035366000-1750934075036586000", "name": "test-restore-no-cluster", "reconcileID": "8df0bec2-a8bf-4ccf-8bc1-0871075e6651", "error": "Neo4jEnterpriseCluster.neo4j.neo4j.com \"non-existent-cluster\" not found"}
  sigs.k8s.io/controller-runtime/pkg/internal/controller.(*Controller[...]).reconcileHandler
  	/Users/priyolahiri/go/pkg/mod/sigs.k8s.io/controller-runtime@v0.21.0/pkg/internal/controller/controller.go:353
  sigs.k8s.io/controller-runtime/pkg/internal/controller.(*Controller[...]).processNextWorkItem
  	/Users/priyolahiri/go/pkg/mod/sigs.k8s.io/controller-runtime@v0.21.0/pkg/internal/controller/controller.go:300
  sigs.k8s.io/controller-runtime/pkg/internal/controller.(*Controller[...]).Start.func2.1
  	/Users/priyolahiri/go/pkg/mod/sigs.k8s.io/controller-runtime@v0.21.0/pkg/internal/controller/controller.go:202
  [38;5;243m<< Timeline[0m

  [38;5;9m[FAILED] Expected success, but got an error:
      <*errors.StatusError | 0x14000983540>:
      admission webhook "vneo4jenterprisecluster.kb.io" denied the request: spec.tls.issuerRef.name: Required value: issuer name must be specified when using cert-manager
      {
          ErrStatus: {
              TypeMeta: {Kind: "", APIVersion: ""},
              ListMeta: {
                  SelfLink: "",
                  ResourceVersion: "",
                  Continue: "",
                  RemainingItemCount: nil,
              },
              Status: "Failure",
              Message: "admission webhook \"vneo4jenterprisecluster.kb.io\" denied the request: spec.tls.issuerRef.name: Required value: issuer name must be specified when using cert-manager",
              Reason: "Forbidden",
              Details: nil,
              Code: 403,
          },
      }[0m
  [38;5;9mIn [1m[It][0m[38;5;9m at: [1m/Users/priyolahiri/Code/neo4j-kubernetes-operator/test/integration/failure_scenarios_test.go:445[0m [38;5;243m@ 06/26/25 12:34:35.242[0m
[38;5;243m------------------------------[0m
[38;5;9m• [FAILED] [0.245 seconds][0m
[0mEnterprise Features Integration Tests [38;5;243mAuto-Scaling Feature [38;5;9m[1m[It] Should validate auto-scaling configuration[0m
[38;5;243m/Users/priyolahiri/Code/neo4j-kubernetes-operator/test/integration/enterprise_features_test.go:79[0m

  [38;5;243mTimeline >>[0m
  [1mSTEP:[0m Creating the Neo4j cluster with auto-scaling [38;5;243m@ 06/26/25 12:34:35.108[0m
  2025-06-26T12:34:35+02:00	INFO	Starting Controller	{"controller": "neo4jgrant", "controllerGroup": "neo4j.neo4j.com", "controllerKind": "Neo4jGrant"}
  2025-06-26T12:34:35+02:00	INFO	Starting workers	{"controller": "neo4jgrant", "controllerGroup": "neo4j.neo4j.com", "controllerKind": "Neo4jGrant", "worker count": 1}
  2025-06-26T12:34:35+02:00	INFO	Starting Controller	{"controller": "neo4jrole", "controllerGroup": "neo4j.neo4j.com", "controllerKind": "Neo4jRole"}
  2025-06-26T12:34:35+02:00	INFO	Starting workers	{"controller": "neo4jrole", "controllerGroup": "neo4j.neo4j.com", "controllerKind": "Neo4jRole", "worker count": 1}
  2025-06-26T12:34:35+02:00	INFO	Starting Controller	{"controller": "neo4jrestore", "controllerGroup": "neo4j.neo4j.com", "controllerKind": "Neo4jRestore"}
  2025-06-26T12:34:35+02:00	INFO	Starting Controller	{"controller": "neo4jbackup", "controllerGroup": "neo4j.neo4j.com", "controllerKind": "Neo4jBackup"}
  2025-06-26T12:34:35+02:00	INFO	Starting workers	{"controller": "neo4jrestore", "controllerGroup": "neo4j.neo4j.com", "controllerKind": "Neo4jRestore", "worker count": 1}
  2025-06-26T12:34:35+02:00	INFO	Starting workers	{"controller": "neo4jbackup", "controllerGroup": "neo4j.neo4j.com", "controllerKind": "Neo4jBackup", "worker count": 1}
  2025-06-26T12:34:35+02:00	INFO	Starting Controller	{"controller": "neo4jplugin", "controllerGroup": "neo4j.neo4j.com", "controllerKind": "Neo4jPlugin"}
  2025-06-26T12:34:35+02:00	INFO	Starting workers	{"controller": "neo4jplugin", "controllerGroup": "neo4j.neo4j.com", "controllerKind": "Neo4jPlugin", "worker count": 1}
  2025-06-26T12:34:35+02:00	INFO	Starting Controller	{"controller": "neo4jdatabase", "controllerGroup": "neo4j.neo4j.com", "controllerKind": "Neo4jDatabase"}
  2025-06-26T12:34:35+02:00	INFO	Starting workers	{"controller": "neo4jdatabase", "controllerGroup": "neo4j.neo4j.com", "controllerKind": "Neo4jDatabase", "worker count": 1}
  2025-06-26T12:34:35+02:00	INFO	Starting Controller	{"controller": "neo4juser", "controllerGroup": "neo4j.neo4j.com", "controllerKind": "Neo4jUser"}
  2025-06-26T12:34:35+02:00	INFO	Starting workers	{"controller": "neo4juser", "controllerGroup": "neo4j.neo4j.com", "controllerKind": "Neo4jUser", "worker count": 1}
  2025-06-26T12:34:35+02:00	INFO	Starting Controller	{"controller": "neo4jenterprisecluster", "controllerGroup": "neo4j.neo4j.com", "controllerKind": "Neo4jEnterpriseCluster"}
  2025-06-26T12:34:35+02:00	INFO	Starting workers	{"controller": "neo4jenterprisecluster", "controllerGroup": "neo4j.neo4j.com", "controllerKind": "Neo4jEnterpriseCluster", "worker count": 1}
  2025-06-26T12:34:35+02:00	ERROR	Failed to add finalizer	{"controller": "neo4jrestore", "controllerGroup": "neo4j.neo4j.com", "controllerKind": "Neo4jRestore", "Neo4jRestore": {"name":"test-restore-no-cluster","namespace":"test-failure-1750934075035366000-1750934075036586000"}, "namespace": "test-failure-1750934075035366000-1750934075036586000", "name": "test-restore-no-cluster", "reconcileID": "27f79e7a-cfb3-404d-a8b0-90a997f94945", "error": "Operation cannot be fulfilled on neo4jrestores.neo4j.neo4j.com \"test-restore-no-cluster\": the object has been modified; please apply your changes to the latest version and try again"}
  github.com/neo4j-labs/neo4j-kubernetes-operator/internal/controller.(*Neo4jRestoreReconciler).Reconcile
  	/Users/priyolahiri/Code/neo4j-kubernetes-operator/internal/controller/neo4jrestore_controller.go:109
  sigs.k8s.io/controller-runtime/pkg/internal/controller.(*Controller[...]).Reconcile
  	/Users/priyolahiri/go/pkg/mod/sigs.k8s.io/controller-runtime@v0.21.0/pkg/internal/controller/controller.go:119
  sigs.k8s.io/controller-runtime/pkg/internal/controller.(*Controller[...]).reconcileHandler
  	/Users/priyolahiri/go/pkg/mod/sigs.k8s.io/controller-runtime@v0.21.0/pkg/internal/controller/controller.go:340
  sigs.k8s.io/controller-runtime/pkg/internal/controller.(*Controller[...]).processNextWorkItem
  	/Users/priyolahiri/go/pkg/mod/sigs.k8s.io/controller-runtime@v0.21.0/pkg/internal/controller/controller.go:300
  sigs.k8s.io/controller-runtime/pkg/internal/controller.(*Controller[...]).Start.func2.1
  	/Users/priyolahiri/go/pkg/mod/sigs.k8s.io/controller-runtime@v0.21.0/pkg/internal/controller/controller.go:202
  2025-06-26T12:34:35+02:00	ERROR	Reconciler error	{"controller": "neo4jrestore", "controllerGroup": "neo4j.neo4j.com", "controllerKind": "Neo4jRestore", "Neo4jRestore": {"name":"test-restore-no-cluster","namespace":"test-failure-1750934075035366000-1750934075036586000"}, "namespace": "test-failure-1750934075035366000-1750934075036586000", "name": "test-restore-no-cluster", "reconcileID": "27f79e7a-cfb3-404d-a8b0-90a997f94945", "error": "Operation cannot be fulfilled on neo4jrestores.neo4j.neo4j.com \"test-restore-no-cluster\": the object has been modified; please apply your changes to the latest version and try again"}
  sigs.k8s.io/controller-runtime/pkg/internal/controller.(*Controller[...]).reconcileHandler
  	/Users/priyolahiri/go/pkg/mod/sigs.k8s.io/controller-runtime@v0.21.0/pkg/internal/controller/controller.go:353
  sigs.k8s.io/controller-runtime/pkg/internal/controller.(*Controller[...]).processNextWorkItem
  	/Users/priyolahiri/go/pkg/mod/sigs.k8s.io/controller-runtime@v0.21.0/pkg/internal/controller/controller.go:300
  sigs.k8s.io/controller-runtime/pkg/internal/controller.(*Controller[...]).Start.func2.1
  	/Users/priyolahiri/go/pkg/mod/sigs.k8s.io/controller-runtime@v0.21.0/pkg/internal/controller/controller.go:202
  2025-06-26T12:34:35+02:00	ERROR	Failed to add finalizer	{"controller": "neo4jbackup", "controllerGroup": "neo4j.neo4j.com", "controllerKind": "Neo4jBackup", "Neo4jBackup": {"name":"test-backup-no-cluster","namespace":"test-failure-1750934075031883000-1750934075034004000"}, "namespace": "test-failure-1750934075031883000-1750934075034004000", "name": "test-backup-no-cluster", "reconcileID": "50c0d505-2d54-4122-820e-b97828ed6049", "error": "Operation cannot be fulfilled on neo4jbackups.neo4j.neo4j.com \"test-backup-no-cluster\": the object has been modified; please apply your changes to the latest version and try again"}
  github.com/neo4j-labs/neo4j-kubernetes-operator/internal/controller.(*Neo4jBackupReconciler).Reconcile
  	/Users/priyolahiri/Code/neo4j-kubernetes-operator/internal/controller/neo4jbackup_controller.go:97
  sigs.k8s.io/controller-runtime/pkg/internal/controller.(*Controller[...]).Reconcile
  	/Users/priyolahiri/go/pkg/mod/sigs.k8s.io/controller-runtime@v0.21.0/pkg/internal/controller/controller.go:119
  sigs.k8s.io/controller-runtime/pkg/internal/controller.(*Controller[...]).reconcileHandler
  	/Users/priyolahiri/go/pkg/mod/sigs.k8s.io/controller-runtime@v0.21.0/pkg/internal/controller/controller.go:340
  sigs.k8s.io/controller-runtime/pkg/internal/controller.(*Controller[...]).processNextWorkItem
  	/Users/priyolahiri/go/pkg/mod/sigs.k8s.io/controller-runtime@v0.21.0/pkg/internal/controller/controller.go:300
  sigs.k8s.io/controller-runtime/pkg/internal/controller.(*Controller[...]).Start.func2.1
  	/Users/priyolahiri/go/pkg/mod/sigs.k8s.io/controller-runtime@v0.21.0/pkg/internal/controller/controller.go:202
  2025-06-26T12:34:35+02:00	ERROR	Reconciler error	{"controller": "neo4jbackup", "controllerGroup": "neo4j.neo4j.com", "controllerKind": "Neo4jBackup", "Neo4jBackup": {"name":"test-backup-no-cluster","namespace":"test-failure-1750934075031883000-1750934075034004000"}, "namespace": "test-failure-1750934075031883000-1750934075034004000", "name": "test-backup-no-cluster", "reconcileID": "50c0d505-2d54-4122-820e-b97828ed6049", "error": "Operation cannot be fulfilled on neo4jbackups.neo4j.neo4j.com \"test-backup-no-cluster\": the object has been modified; please apply your changes to the latest version and try again"}
  sigs.k8s.io/controller-runtime/pkg/internal/controller.(*Controller[...]).reconcileHandler
  	/Users/priyolahiri/go/pkg/mod/sigs.k8s.io/controller-runtime@v0.21.0/pkg/internal/controller/controller.go:353
  sigs.k8s.io/controller-runtime/pkg/internal/controller.(*Controller[...]).processNextWorkItem
  	/Users/priyolahiri/go/pkg/mod/sigs.k8s.io/controller-runtime@v0.21.0/pkg/internal/controller/controller.go:300
  sigs.k8s.io/controller-runtime/pkg/internal/controller.(*Controller[...]).Start.func2.1
  	/Users/priyolahiri/go/pkg/mod/sigs.k8s.io/controller-runtime@v0.21.0/pkg/internal/controller/controller.go:202
  2025-06-26T12:34:35+02:00	ERROR	Failed to get target cluster	{"controller": "neo4jbackup", "controllerGroup": "neo4j.neo4j.com", "controllerKind": "Neo4jBackup", "Neo4jBackup": {"name":"test-backup-invalid-storage","namespace":"test-failure-1750934075033884000-1750934075035500000"}, "namespace": "test-failure-1750934075033884000-1750934075035500000", "name": "test-backup-invalid-storage", "reconcileID": "31c26bb8-8c9d-4528-9fab-5057da635160", "error": "Neo4jEnterpriseCluster.neo4j.neo4j.com \"test-cluster\" not found"}
  github.com/neo4j-labs/neo4j-kubernetes-operator/internal/controller.(*Neo4jBackupReconciler).Reconcile
  	/Users/priyolahiri/Code/neo4j-kubernetes-operator/internal/controller/neo4jbackup_controller.go:106
  sigs.k8s.io/controller-runtime/pkg/internal/controller.(*Controller[...]).Reconcile
  	/Users/priyolahiri/go/pkg/mod/sigs.k8s.io/controller-runtime@v0.21.0/pkg/internal/controller/controller.go:119
  sigs.k8s.io/controller-runtime/pkg/internal/controller.(*Controller[...]).reconcileHandler
  	/Users/priyolahiri/go/pkg/mod/sigs.k8s.io/controller-runtime@v0.21.0/pkg/internal/controller/controller.go:340
  sigs.k8s.io/controller-runtime/pkg/internal/controller.(*Controller[...]).processNextWorkItem
  	/Users/priyolahiri/go/pkg/mod/sigs.k8s.io/controller-runtime@v0.21.0/pkg/internal/controller/controller.go:300
  sigs.k8s.io/controller-runtime/pkg/internal/controller.(*Controller[...]).Start.func2.1
  	/Users/priyolahiri/go/pkg/mod/sigs.k8s.io/controller-runtime@v0.21.0/pkg/internal/controller/controller.go:202
  2025-06-26T12:34:35+02:00	ERROR	Failed to add finalizer	{"controller": "neo4jrestore", "controllerGroup": "neo4j.neo4j.com", "controllerKind": "Neo4jRestore", "Neo4jRestore": {"name":"test-restore-no-backup","namespace":"test-failure-1750934075033706000-1750934075035488000"}, "namespace": "test-failure-1750934075033706000-1750934075035488000", "name": "test-restore-no-backup", "reconcileID": "8a27420c-e7d2-45ea-bbb6-6871d0f24a1a", "error": "Operation cannot be fulfilled on neo4jrestores.neo4j.neo4j.com \"test-restore-no-backup\": the object has been modified; please apply your changes to the latest version and try again"}
  github.com/neo4j-labs/neo4j-kubernetes-operator/internal/controller.(*Neo4jRestoreReconciler).Reconcile
  	/Users/priyolahiri/Code/neo4j-kubernetes-operator/internal/controller/neo4jrestore_controller.go:109
  sigs.k8s.io/controller-runtime/pkg/internal/controller.(*Controller[...]).Reconcile
  	/Users/priyolahiri/go/pkg/mod/sigs.k8s.io/controller-runtime@v0.21.0/pkg/internal/controller/controller.go:119
  sigs.k8s.io/controller-runtime/pkg/internal/controller.(*Controller[...]).reconcileHandler
  	/Users/priyolahiri/go/pkg/mod/sigs.k8s.io/controller-runtime@v0.21.0/pkg/internal/controller/controller.go:340
  sigs.k8s.io/controller-runtime/pkg/internal/controller.(*Controller[...]).processNextWorkItem
  	/Users/priyolahiri/go/pkg/mod/sigs.k8s.io/controller-runtime@v0.21.0/pkg/internal/controller/controller.go:300
  sigs.k8s.io/controller-runtime/pkg/internal/controller.(*Controller[...]).Start.func2.1
  	/Users/priyolahiri/go/pkg/mod/sigs.k8s.io/controller-runtime@v0.21.0/pkg/internal/controller/controller.go:202
  2025-06-26T12:34:35+02:00	ERROR	Reconciler error	{"controller": "neo4jrestore", "controllerGroup": "neo4j.neo4j.com", "controllerKind": "Neo4jRestore", "Neo4jRestore": {"name":"test-restore-no-backup","namespace":"test-failure-1750934075033706000-1750934075035488000"}, "namespace": "test-failure-1750934075033706000-1750934075035488000", "name": "test-restore-no-backup", "reconcileID": "8a27420c-e7d2-45ea-bbb6-6871d0f24a1a", "error": "Operation cannot be fulfilled on neo4jrestores.neo4j.neo4j.com \"test-restore-no-backup\": the object has been modified; please apply your changes to the latest version and try again"}
  sigs.k8s.io/controller-runtime/pkg/internal/controller.(*Controller[...]).reconcileHandler
  	/Users/priyolahiri/go/pkg/mod/sigs.k8s.io/controller-runtime@v0.21.0/pkg/internal/controller/controller.go:353
  sigs.k8s.io/controller-runtime/pkg/internal/controller.(*Controller[...]).processNextWorkItem
  	/Users/priyolahiri/go/pkg/mod/sigs.k8s.io/controller-runtime@v0.21.0/pkg/internal/controller/controller.go:300
  sigs.k8s.io/controller-runtime/pkg/internal/controller.(*Controller[...]).Start.func2.1
  	/Users/priyolahiri/go/pkg/mod/sigs.k8s.io/controller-runtime@v0.21.0/pkg/internal/controller/controller.go:202
  2025-06-26T12:34:35+02:00	ERROR	Failed to get target cluster	{"controller": "neo4jrestore", "controllerGroup": "neo4j.neo4j.com", "controllerKind": "Neo4jRestore", "Neo4jRestore": {"name":"test-restore-no-cluster","namespace":"test-failure-1750934075035366000-1750934075036586000"}, "namespace": "test-failure-1750934075035366000-1750934075036586000", "name": "test-restore-no-cluster", "reconcileID": "cccff51f-e051-4d8d-ad91-3dc0a8388c68", "error": "Neo4jEnterpriseCluster.neo4j.neo4j.com \"non-existent-cluster\" not found"}
  github.com/neo4j-labs/neo4j-kubernetes-operator/internal/controller.(*Neo4jRestoreReconciler).Reconcile
  	/Users/priyolahiri/Code/neo4j-kubernetes-operator/internal/controller/neo4jrestore_controller.go:118
  sigs.k8s.io/controller-runtime/pkg/internal/controller.(*Controller[...]).Reconcile
  	/Users/priyolahiri/go/pkg/mod/sigs.k8s.io/controller-runtime@v0.21.0/pkg/internal/controller/controller.go:119
  sigs.k8s.io/controller-runtime/pkg/internal/controller.(*Controller[...]).reconcileHandler
  	/Users/priyolahiri/go/pkg/mod/sigs.k8s.io/controller-runtime@v0.21.0/pkg/internal/controller/controller.go:340
  sigs.k8s.io/controller-runtime/pkg/internal/controller.(*Controller[...]).processNextWorkItem
  	/Users/priyolahiri/go/pkg/mod/sigs.k8s.io/controller-runtime@v0.21.0/pkg/internal/controller/controller.go:300
  sigs.k8s.io/controller-runtime/pkg/internal/controller.(*Controller[...]).Start.func2.1
  	/Users/priyolahiri/go/pkg/mod/sigs.k8s.io/controller-runtime@v0.21.0/pkg/internal/controller/controller.go:202
  2025-06-26T12:34:35+02:00	INFO	Warning: Reconciler returned both a non-zero result and a non-nil error. The result will always be ignored if the error is non-nil and the non-nil error causes requeuing with exponential backoff. For more details, see: https://pkg.go.dev/sigs.k8s.io/controller-runtime/pkg/reconcile#Reconciler	{"controller": "neo4jbackup", "controllerGroup": "neo4j.neo4j.com", "controllerKind": "Neo4jBackup", "Neo4jBackup": {"name":"test-backup-invalid-storage","namespace":"test-failure-1750934075033884000-1750934075035500000"}, "namespace": "test-failure-1750934075033884000-1750934075035500000", "name": "test-backup-invalid-storage", "reconcileID": "31c26bb8-8c9d-4528-9fab-5057da635160"}
  2025-06-26T12:34:35+02:00	ERROR	Reconciler error	{"controller": "neo4jbackup", "controllerGroup": "neo4j.neo4j.com", "controllerKind": "Neo4jBackup", "Neo4jBackup": {"name":"test-backup-invalid-storage","namespace":"test-failure-1750934075033884000-1750934075035500000"}, "namespace": "test-failure-1750934075033884000-1750934075035500000", "name": "test-backup-invalid-storage", "reconcileID": "31c26bb8-8c9d-4528-9fab-5057da635160", "error": "Neo4jEnterpriseCluster.neo4j.neo4j.com \"test-cluster\" not found"}
  sigs.k8s.io/controller-runtime/pkg/internal/controller.(*Controller[...]).reconcileHandler
  	/Users/priyolahiri/go/pkg/mod/sigs.k8s.io/controller-runtime@v0.21.0/pkg/internal/controller/controller.go:353
  sigs.k8s.io/controller-runtime/pkg/internal/controller.(*Controller[...]).processNextWorkItem
  	/Users/priyolahiri/go/pkg/mod/sigs.k8s.io/controller-runtime@v0.21.0/pkg/internal/controller/controller.go:300
  sigs.k8s.io/controller-runtime/pkg/internal/controller.(*Controller[...]).Start.func2.1
  	/Users/priyolahiri/go/pkg/mod/sigs.k8s.io/controller-runtime@v0.21.0/pkg/internal/controller/controller.go:202
  2025-06-26T12:34:35+02:00	ERROR	Failed to get target cluster	{"controller": "neo4jbackup", "controllerGroup": "neo4j.neo4j.com", "controllerKind": "Neo4jBackup", "Neo4jBackup": {"name":"test-backup-no-cluster","namespace":"test-failure-1750934075031883000-1750934075034004000"}, "namespace": "test-failure-1750934075031883000-1750934075034004000", "name": "test-backup-no-cluster", "reconcileID": "ea40bdff-ba94-4677-b415-331a764497c8", "error": "Neo4jEnterpriseCluster.neo4j.neo4j.com \"non-existent-cluster\" not found"}
  github.com/neo4j-labs/neo4j-kubernetes-operator/internal/controller.(*Neo4jBackupReconciler).Reconcile
  	/Users/priyolahiri/Code/neo4j-kubernetes-operator/internal/controller/neo4jbackup_controller.go:106
  sigs.k8s.io/controller-runtime/pkg/internal/controller.(*Controller[...]).Reconcile
  	/Users/priyolahiri/go/pkg/mod/sigs.k8s.io/controller-runtime@v0.21.0/pkg/internal/controller/controller.go:119
  sigs.k8s.io/controller-runtime/pkg/internal/controller.(*Controller[...]).reconcileHandler
  	/Users/priyolahiri/go/pkg/mod/sigs.k8s.io/controller-runtime@v0.21.0/pkg/internal/controller/controller.go:340
  sigs.k8s.io/controller-runtime/pkg/internal/controller.(*Controller[...]).processNextWorkItem
  	/Users/priyolahiri/go/pkg/mod/sigs.k8s.io/controller-runtime@v0.21.0/pkg/internal/controller/controller.go:300
  sigs.k8s.io/controller-runtime/pkg/internal/controller.(*Controller[...]).Start.func2.1
  	/Users/priyolahiri/go/pkg/mod/sigs.k8s.io/controller-runtime@v0.21.0/pkg/internal/controller/controller.go:202
  2025-06-26T12:34:35+02:00	INFO	Warning: Reconciler returned both a non-zero result and a non-nil error. The result will always be ignored if the error is non-nil and the non-nil error causes requeuing with exponential backoff. For more details, see: https://pkg.go.dev/sigs.k8s.io/controller-runtime/pkg/reconcile#Reconciler	{"controller": "neo4jrestore", "controllerGroup": "neo4j.neo4j.com", "controllerKind": "Neo4jRestore", "Neo4jRestore": {"name":"test-restore-no-cluster","namespace":"test-failure-1750934075035366000-1750934075036586000"}, "namespace": "test-failure-1750934075035366000-1750934075036586000", "name": "test-restore-no-cluster", "reconcileID": "cccff51f-e051-4d8d-ad91-3dc0a8388c68"}
  2025-06-26T12:34:35+02:00	ERROR	Reconciler error	{"controller": "neo4jrestore", "controllerGroup": "neo4j.neo4j.com", "controllerKind": "Neo4jRestore", "Neo4jRestore": {"name":"test-restore-no-cluster","namespace":"test-failure-1750934075035366000-1750934075036586000"}, "namespace": "test-failure-1750934075035366000-1750934075036586000", "name": "test-restore-no-cluster", "reconcileID": "cccff51f-e051-4d8d-ad91-3dc0a8388c68", "error": "Neo4jEnterpriseCluster.neo4j.neo4j.com \"non-existent-cluster\" not found"}
  sigs.k8s.io/controller-runtime/pkg/internal/controller.(*Controller[...]).reconcileHandler
  	/Users/priyolahiri/go/pkg/mod/sigs.k8s.io/controller-runtime@v0.21.0/pkg/internal/controller/controller.go:353
  sigs.k8s.io/controller-runtime/pkg/internal/controller.(*Controller[...]).processNextWorkItem
  	/Users/priyolahiri/go/pkg/mod/sigs.k8s.io/controller-runtime@v0.21.0/pkg/internal/controller/controller.go:300
  sigs.k8s.io/controller-runtime/pkg/internal/controller.(*Controller[...]).Start.func2.1
  	/Users/priyolahiri/go/pkg/mod/sigs.k8s.io/controller-runtime@v0.21.0/pkg/internal/controller/controller.go:202
  2025-06-26T12:34:35+02:00	ERROR	Failed to get target cluster	{"controller": "neo4jrestore", "controllerGroup": "neo4j.neo4j.com", "controllerKind": "Neo4jRestore", "Neo4jRestore": {"name":"test-restore-no-backup","namespace":"test-failure-1750934075033706000-1750934075035488000"}, "namespace": "test-failure-1750934075033706000-1750934075035488000", "name": "test-restore-no-backup", "reconcileID": "d542c552-b6fc-4403-ad7d-00c63a9027af", "error": "Neo4jEnterpriseCluster.neo4j.neo4j.com \"test-cluster\" not found"}
  github.com/neo4j-labs/neo4j-kubernetes-operator/internal/controller.(*Neo4jRestoreReconciler).Reconcile
  	/Users/priyolahiri/Code/neo4j-kubernetes-operator/internal/controller/neo4jrestore_controller.go:118
  sigs.k8s.io/controller-runtime/pkg/internal/controller.(*Controller[...]).Reconcile
  	/Users/priyolahiri/go/pkg/mod/sigs.k8s.io/controller-runtime@v0.21.0/pkg/internal/controller/controller.go:119
  sigs.k8s.io/controller-runtime/pkg/internal/controller.(*Controller[...]).reconcileHandler
  	/Users/priyolahiri/go/pkg/mod/sigs.k8s.io/controller-runtime@v0.21.0/pkg/internal/controller/controller.go:340
  sigs.k8s.io/controller-runtime/pkg/internal/controller.(*Controller[...]).processNextWorkItem
  	/Users/priyolahiri/go/pkg/mod/sigs.k8s.io/controller-runtime@v0.21.0/pkg/internal/controller/controller.go:300
  sigs.k8s.io/controller-runtime/pkg/internal/controller.(*Controller[...]).Start.func2.1
  	/Users/priyolahiri/go/pkg/mod/sigs.k8s.io/controller-runtime@v0.21.0/pkg/internal/controller/controller.go:202
  2025-06-26T12:34:35+02:00	INFO	Warning: Reconciler returned both a non-zero result and a non-nil error. The result will always be ignored if the error is non-nil and the non-nil error causes requeuing with exponential backoff. For more details, see: https://pkg.go.dev/sigs.k8s.io/controller-runtime/pkg/reconcile#Reconciler	{"controller": "neo4jbackup", "controllerGroup": "neo4j.neo4j.com", "controllerKind": "Neo4jBackup", "Neo4jBackup": {"name":"test-backup-no-cluster","namespace":"test-failure-1750934075031883000-1750934075034004000"}, "namespace": "test-failure-1750934075031883000-1750934075034004000", "name": "test-backup-no-cluster", "reconcileID": "ea40bdff-ba94-4677-b415-331a764497c8"}
  2025-06-26T12:34:35+02:00	ERROR	Reconciler error	{"controller": "neo4jbackup", "controllerGroup": "neo4j.neo4j.com", "controllerKind": "Neo4jBackup", "Neo4jBackup": {"name":"test-backup-no-cluster","namespace":"test-failure-1750934075031883000-1750934075034004000"}, "namespace": "test-failure-1750934075031883000-1750934075034004000", "name": "test-backup-no-cluster", "reconcileID": "ea40bdff-ba94-4677-b415-331a764497c8", "error": "Neo4jEnterpriseCluster.neo4j.neo4j.com \"non-existent-cluster\" not found"}
  sigs.k8s.io/controller-runtime/pkg/internal/controller.(*Controller[...]).reconcileHandler
  	/Users/priyolahiri/go/pkg/mod/sigs.k8s.io/controller-runtime@v0.21.0/pkg/internal/controller/controller.go:353
  sigs.k8s.io/controller-runtime/pkg/internal/controller.(*Controller[...]).processNextWorkItem
  	/Users/priyolahiri/go/pkg/mod/sigs.k8s.io/controller-runtime@v0.21.0/pkg/internal/controller/controller.go:300
  sigs.k8s.io/controller-runtime/pkg/internal/controller.(*Controller[...]).Start.func2.1
  	/Users/priyolahiri/go/pkg/mod/sigs.k8s.io/controller-runtime@v0.21.0/pkg/internal/controller/controller.go:202
  2025-06-26T12:34:35+02:00	ERROR	Failed to get target cluster	{"controller": "neo4jbackup", "controllerGroup": "neo4j.neo4j.com", "controllerKind": "Neo4jBackup", "Neo4jBackup": {"name":"test-backup-invalid-storage","namespace":"test-failure-1750934075033884000-1750934075035500000"}, "namespace": "test-failure-1750934075033884000-1750934075035500000", "name": "test-backup-invalid-storage", "reconcileID": "8c287f0f-419a-421f-8bfa-60f1cb3518de", "error": "Neo4jEnterpriseCluster.neo4j.neo4j.com \"test-cluster\" not found"}
  github.com/neo4j-labs/neo4j-kubernetes-operator/internal/controller.(*Neo4jBackupReconciler).Reconcile
  	/Users/priyolahiri/Code/neo4j-kubernetes-operator/internal/controller/neo4jbackup_controller.go:106
  sigs.k8s.io/controller-runtime/pkg/internal/controller.(*Controller[...]).Reconcile
  	/Users/priyolahiri/go/pkg/mod/sigs.k8s.io/controller-runtime@v0.21.0/pkg/internal/controller/controller.go:119
  sigs.k8s.io/controller-runtime/pkg/internal/controller.(*Controller[...]).reconcileHandler
  	/Users/priyolahiri/go/pkg/mod/sigs.k8s.io/controller-runtime@v0.21.0/pkg/internal/controller/controller.go:340
  sigs.k8s.io/controller-runtime/pkg/internal/controller.(*Controller[...]).processNextWorkItem
  	/Users/priyolahiri/go/pkg/mod/sigs.k8s.io/controller-runtime@v0.21.0/pkg/internal/controller/controller.go:300
  sigs.k8s.io/controller-runtime/pkg/internal/controller.(*Controller[...]).Start.func2.1
  	/Users/priyolahiri/go/pkg/mod/sigs.k8s.io/controller-runtime@v0.21.0/pkg/internal/controller/controller.go:202
  2025-06-26T12:34:35+02:00	INFO	Warning: Reconciler returned both a non-zero result and a non-nil error. The result will always be ignored if the error is non-nil and the non-nil error causes requeuing with exponential backoff. For more details, see: https://pkg.go.dev/sigs.k8s.io/controller-runtime/pkg/reconcile#Reconciler	{"controller": "neo4jrestore", "controllerGroup": "neo4j.neo4j.com", "controllerKind": "Neo4jRestore", "Neo4jRestore": {"name":"test-restore-no-backup","namespace":"test-failure-1750934075033706000-1750934075035488000"}, "namespace": "test-failure-1750934075033706000-1750934075035488000", "name": "test-restore-no-backup", "reconcileID": "d542c552-b6fc-4403-ad7d-00c63a9027af"}
  2025-06-26T12:34:35+02:00	ERROR	Reconciler error	{"controller": "neo4jrestore", "controllerGroup": "neo4j.neo4j.com", "controllerKind": "Neo4jRestore", "Neo4jRestore": {"name":"test-restore-no-backup","namespace":"test-failure-1750934075033706000-1750934075035488000"}, "namespace": "test-failure-1750934075033706000-1750934075035488000", "name": "test-restore-no-backup", "reconcileID": "d542c552-b6fc-4403-ad7d-00c63a9027af", "error": "Neo4jEnterpriseCluster.neo4j.neo4j.com \"test-cluster\" not found"}
  sigs.k8s.io/controller-runtime/pkg/internal/controller.(*Controller[...]).reconcileHandler
  	/Users/priyolahiri/go/pkg/mod/sigs.k8s.io/controller-runtime@v0.21.0/pkg/internal/controller/controller.go:353
  sigs.k8s.io/controller-runtime/pkg/internal/controller.(*Controller[...]).processNextWorkItem
  	/Users/priyolahiri/go/pkg/mod/sigs.k8s.io/controller-runtime@v0.21.0/pkg/internal/controller/controller.go:300
  sigs.k8s.io/controller-runtime/pkg/internal/controller.(*Controller[...]).Start.func2.1
  	/Users/priyolahiri/go/pkg/mod/sigs.k8s.io/controller-runtime@v0.21.0/pkg/internal/controller/controller.go:202
  2025-06-26T12:34:35+02:00	ERROR	Failed to get target cluster	{"controller": "neo4jrestore", "controllerGroup": "neo4j.neo4j.com", "controllerKind": "Neo4jRestore", "Neo4jRestore": {"name":"test-restore-no-cluster","namespace":"test-failure-1750934075035366000-1750934075036586000"}, "namespace": "test-failure-1750934075035366000-1750934075036586000", "name": "test-restore-no-cluster", "reconcileID": "c7ae0a14-2c9e-40b1-8d33-0e7bc4f932cf", "error": "Neo4jEnterpriseCluster.neo4j.neo4j.com \"non-existent-cluster\" not found"}
  github.com/neo4j-labs/neo4j-kubernetes-operator/internal/controller.(*Neo4jRestoreReconciler).Reconcile
  	/Users/priyolahiri/Code/neo4j-kubernetes-operator/internal/controller/neo4jrestore_controller.go:118
  sigs.k8s.io/controller-runtime/pkg/internal/controller.(*Controller[...]).Reconcile
  	/Users/priyolahiri/go/pkg/mod/sigs.k8s.io/controller-runtime@v0.21.0/pkg/internal/controller/controller.go:119
  sigs.k8s.io/controller-runtime/pkg/internal/controller.(*Controller[...]).reconcileHandler
  	/Users/priyolahiri/go/pkg/mod/sigs.k8s.io/controller-runtime@v0.21.0/pkg/internal/controller/controller.go:340
  sigs.k8s.io/controller-runtime/pkg/internal/controller.(*Controller[...]).processNextWorkItem
  	/Users/priyolahiri/go/pkg/mod/sigs.k8s.io/controller-runtime@v0.21.0/pkg/internal/controller/controller.go:300
  sigs.k8s.io/controller-runtime/pkg/internal/controller.(*Controller[...]).Start.func2.1
  	/Users/priyolahiri/go/pkg/mod/sigs.k8s.io/controller-runtime@v0.21.0/pkg/internal/controller/controller.go:202
  2025-06-26T12:34:35+02:00	INFO	Warning: Reconciler returned both a non-zero result and a non-nil error. The result will always be ignored if the error is non-nil and the non-nil error causes requeuing with exponential backoff. For more details, see: https://pkg.go.dev/sigs.k8s.io/controller-runtime/pkg/reconcile#Reconciler	{"controller": "neo4jbackup", "controllerGroup": "neo4j.neo4j.com", "controllerKind": "Neo4jBackup", "Neo4jBackup": {"name":"test-backup-invalid-storage","namespace":"test-failure-1750934075033884000-1750934075035500000"}, "namespace": "test-failure-1750934075033884000-1750934075035500000", "name": "test-backup-invalid-storage", "reconcileID": "8c287f0f-419a-421f-8bfa-60f1cb3518de"}
  2025-06-26T12:34:35+02:00	ERROR	Reconciler error	{"controller": "neo4jbackup", "controllerGroup": "neo4j.neo4j.com", "controllerKind": "Neo4jBackup", "Neo4jBackup": {"name":"test-backup-invalid-storage","namespace":"test-failure-1750934075033884000-1750934075035500000"}, "namespace": "test-failure-1750934075033884000-1750934075035500000", "name": "test-backup-invalid-storage", "reconcileID": "8c287f0f-419a-421f-8bfa-60f1cb3518de", "error": "Neo4jEnterpriseCluster.neo4j.neo4j.com \"test-cluster\" not found"}
  sigs.k8s.io/controller-runtime/pkg/internal/controller.(*Controller[...]).reconcileHandler
  	/Users/priyolahiri/go/pkg/mod/sigs.k8s.io/controller-runtime@v0.21.0/pkg/internal/controller/controller.go:353
  sigs.k8s.io/controller-runtime/pkg/internal/controller.(*Controller[...]).processNextWorkItem
  	/Users/priyolahiri/go/pkg/mod/sigs.k8s.io/controller-runtime@v0.21.0/pkg/internal/controller/controller.go:300
  sigs.k8s.io/controller-runtime/pkg/internal/controller.(*Controller[...]).Start.func2.1
  	/Users/priyolahiri/go/pkg/mod/sigs.k8s.io/controller-runtime@v0.21.0/pkg/internal/controller/controller.go:202
  2025-06-26T12:34:35+02:00	ERROR	Failed to get target cluster	{"controller": "neo4jbackup", "controllerGroup": "neo4j.neo4j.com", "controllerKind": "Neo4jBackup", "Neo4jBackup": {"name":"test-backup-invalid-storage","namespace":"test-failure-1750934075033884000-1750934075035500000"}, "namespace": "test-failure-1750934075033884000-1750934075035500000", "name": "test-backup-invalid-storage", "reconcileID": "dfdb6717-fb68-4433-b7a5-3fbe9ebb9775", "error": "Neo4jEnterpriseCluster.neo4j.neo4j.com \"test-cluster\" not found"}
  github.com/neo4j-labs/neo4j-kubernetes-operator/internal/controller.(*Neo4jBackupReconciler).Reconcile
  	/Users/priyolahiri/Code/neo4j-kubernetes-operator/internal/controller/neo4jbackup_controller.go:106
  sigs.k8s.io/controller-runtime/pkg/internal/controller.(*Controller[...]).Reconcile
  	/Users/priyolahiri/go/pkg/mod/sigs.k8s.io/controller-runtime@v0.21.0/pkg/internal/controller/controller.go:119
  sigs.k8s.io/controller-runtime/pkg/internal/controller.(*Controller[...]).reconcileHandler
  	/Users/priyolahiri/go/pkg/mod/sigs.k8s.io/controller-runtime@v0.21.0/pkg/internal/controller/controller.go:340
  sigs.k8s.io/controller-runtime/pkg/internal/controller.(*Controller[...]).processNextWorkItem
  	/Users/priyolahiri/go/pkg/mod/sigs.k8s.io/controller-runtime@v0.21.0/pkg/internal/controller/controller.go:300
  sigs.k8s.io/controller-runtime/pkg/internal/controller.(*Controller[...]).Start.func2.1
  	/Users/priyolahiri/go/pkg/mod/sigs.k8s.io/controller-runtime@v0.21.0/pkg/internal/controller/controller.go:202
  2025-06-26T12:34:35+02:00	INFO	Warning: Reconciler returned both a non-zero result and a non-nil error. The result will always be ignored if the error is non-nil and the non-nil error causes requeuing with exponential backoff. For more details, see: https://pkg.go.dev/sigs.k8s.io/controller-runtime/pkg/reconcile#Reconciler	{"controller": "neo4jrestore", "controllerGroup": "neo4j.neo4j.com", "controllerKind": "Neo4jRestore", "Neo4jRestore": {"name":"test-restore-no-cluster","namespace":"test-failure-1750934075035366000-1750934075036586000"}, "namespace": "test-failure-1750934075035366000-1750934075036586000", "name": "test-restore-no-cluster", "reconcileID": "c7ae0a14-2c9e-40b1-8d33-0e7bc4f932cf"}
  2025-06-26T12:34:35+02:00	ERROR	Reconciler error	{"controller": "neo4jrestore", "controllerGroup": "neo4j.neo4j.com", "controllerKind": "Neo4jRestore", "Neo4jRestore": {"name":"test-restore-no-cluster","namespace":"test-failure-1750934075035366000-1750934075036586000"}, "namespace": "test-failure-1750934075035366000-1750934075036586000", "name": "test-restore-no-cluster", "reconcileID": "c7ae0a14-2c9e-40b1-8d33-0e7bc4f932cf", "error": "Neo4jEnterpriseCluster.neo4j.neo4j.com \"non-existent-cluster\" not found"}
  sigs.k8s.io/controller-runtime/pkg/internal/controller.(*Controller[...]).reconcileHandler
  	/Users/priyolahiri/go/pkg/mod/sigs.k8s.io/controller-runtime@v0.21.0/pkg/internal/controller/controller.go:353
  sigs.k8s.io/controller-runtime/pkg/internal/controller.(*Controller[...]).processNextWorkItem
  	/Users/priyolahiri/go/pkg/mod/sigs.k8s.io/controller-runtime@v0.21.0/pkg/internal/controller/controller.go:300
  sigs.k8s.io/controller-runtime/pkg/internal/controller.(*Controller[...]).Start.func2.1
  	/Users/priyolahiri/go/pkg/mod/sigs.k8s.io/controller-runtime@v0.21.0/pkg/internal/controller/controller.go:202
  2025-06-26T12:34:35+02:00	INFO	Warning: Reconciler returned both a non-zero result and a non-nil error. The result will always be ignored if the error is non-nil and the non-nil error causes requeuing with exponential backoff. For more details, see: https://pkg.go.dev/sigs.k8s.io/controller-runtime/pkg/reconcile#Reconciler	{"controller": "neo4jbackup", "controllerGroup": "neo4j.neo4j.com", "controllerKind": "Neo4jBackup", "Neo4jBackup": {"name":"test-backup-invalid-storage","namespace":"test-failure-1750934075033884000-1750934075035500000"}, "namespace": "test-failure-1750934075033884000-1750934075035500000", "name": "test-backup-invalid-storage", "reconcileID": "dfdb6717-fb68-4433-b7a5-3fbe9ebb9775"}
  2025-06-26T12:34:35+02:00	ERROR	Reconciler error	{"controller": "neo4jbackup", "controllerGroup": "neo4j.neo4j.com", "controllerKind": "Neo4jBackup", "Neo4jBackup": {"name":"test-backup-invalid-storage","namespace":"test-failure-1750934075033884000-1750934075035500000"}, "namespace": "test-failure-1750934075033884000-1750934075035500000", "name": "test-backup-invalid-storage", "reconcileID": "dfdb6717-fb68-4433-b7a5-3fbe9ebb9775", "error": "Neo4jEnterpriseCluster.neo4j.neo4j.com \"test-cluster\" not found"}
  sigs.k8s.io/controller-runtime/pkg/internal/controller.(*Controller[...]).reconcileHandler
  	/Users/priyolahiri/go/pkg/mod/sigs.k8s.io/controller-runtime@v0.21.0/pkg/internal/controller/controller.go:353
  sigs.k8s.io/controller-runtime/pkg/internal/controller.(*Controller[...]).processNextWorkItem
  	/Users/priyolahiri/go/pkg/mod/sigs.k8s.io/controller-runtime@v0.21.0/pkg/internal/controller/controller.go:300
  sigs.k8s.io/controller-runtime/pkg/internal/controller.(*Controller[...]).Start.func2.1
  	/Users/priyolahiri/go/pkg/mod/sigs.k8s.io/controller-runtime@v0.21.0/pkg/internal/controller/controller.go:202
  2025-06-26T12:34:35+02:00	ERROR	Failed to get target cluster	{"controller": "neo4jrestore", "controllerGroup": "neo4j.neo4j.com", "controllerKind": "Neo4jRestore", "Neo4jRestore": {"name":"test-restore-no-cluster","namespace":"test-failure-1750934075035366000-1750934075036586000"}, "namespace": "test-failure-1750934075035366000-1750934075036586000", "name": "test-restore-no-cluster", "reconcileID": "ca889ebf-2b27-47a5-b04e-62a1a2a312a3", "error": "Neo4jEnterpriseCluster.neo4j.neo4j.com \"non-existent-cluster\" not found"}
  github.com/neo4j-labs/neo4j-kubernetes-operator/internal/controller.(*Neo4jRestoreReconciler).Reconcile
  	/Users/priyolahiri/Code/neo4j-kubernetes-operator/internal/controller/neo4jrestore_controller.go:118
  sigs.k8s.io/controller-runtime/pkg/internal/controller.(*Controller[...]).Reconcile
  	/Users/priyolahiri/go/pkg/mod/sigs.k8s.io/controller-runtime@v0.21.0/pkg/internal/controller/controller.go:119
  sigs.k8s.io/controller-runtime/pkg/internal/controller.(*Controller[...]).reconcileHandler
  	/Users/priyolahiri/go/pkg/mod/sigs.k8s.io/controller-runtime@v0.21.0/pkg/internal/controller/controller.go:340
  sigs.k8s.io/controller-runtime/pkg/internal/controller.(*Controller[...]).processNextWorkItem
  	/Users/priyolahiri/go/pkg/mod/sigs.k8s.io/controller-runtime@v0.21.0/pkg/internal/controller/controller.go:300
  sigs.k8s.io/controller-runtime/pkg/internal/controller.(*Controller[...]).Start.func2.1
  	/Users/priyolahiri/go/pkg/mod/sigs.k8s.io/controller-runtime@v0.21.0/pkg/internal/controller/controller.go:202
  2025-06-26T12:34:35+02:00	INFO	Warning: Reconciler returned both a non-zero result and a non-nil error. The result will always be ignored if the error is non-nil and the non-nil error causes requeuing with exponential backoff. For more details, see: https://pkg.go.dev/sigs.k8s.io/controller-runtime/pkg/reconcile#Reconciler	{"controller": "neo4jrestore", "controllerGroup": "neo4j.neo4j.com", "controllerKind": "Neo4jRestore", "Neo4jRestore": {"name":"test-restore-no-cluster","namespace":"test-failure-1750934075035366000-1750934075036586000"}, "namespace": "test-failure-1750934075035366000-1750934075036586000", "name": "test-restore-no-cluster", "reconcileID": "ca889ebf-2b27-47a5-b04e-62a1a2a312a3"}
  2025-06-26T12:34:35+02:00	ERROR	Reconciler error	{"controller": "neo4jrestore", "controllerGroup": "neo4j.neo4j.com", "controllerKind": "Neo4jRestore", "Neo4jRestore": {"name":"test-restore-no-cluster","namespace":"test-failure-1750934075035366000-1750934075036586000"}, "namespace": "test-failure-1750934075035366000-1750934075036586000", "name": "test-restore-no-cluster", "reconcileID": "ca889ebf-2b27-47a5-b04e-62a1a2a312a3", "error": "Neo4jEnterpriseCluster.neo4j.neo4j.com \"non-existent-cluster\" not found"}
  sigs.k8s.io/controller-runtime/pkg/internal/controller.(*Controller[...]).reconcileHandler
  	/Users/priyolahiri/go/pkg/mod/sigs.k8s.io/controller-runtime@v0.21.0/pkg/internal/controller/controller.go:353
  sigs.k8s.io/controller-runtime/pkg/internal/controller.(*Controller[...]).processNextWorkItem
  	/Users/priyolahiri/go/pkg/mod/sigs.k8s.io/controller-runtime@v0.21.0/pkg/internal/controller/controller.go:300
  sigs.k8s.io/controller-runtime/pkg/internal/controller.(*Controller[...]).Start.func2.1
  	/Users/priyolahiri/go/pkg/mod/sigs.k8s.io/controller-runtime@v0.21.0/pkg/internal/controller/controller.go:202
  2025-06-26T12:34:35+02:00	ERROR	Failed to get target cluster	{"controller": "neo4jbackup", "controllerGroup": "neo4j.neo4j.com", "controllerKind": "Neo4jBackup", "Neo4jBackup": {"name":"test-backup-no-cluster","namespace":"test-failure-1750934075031883000-1750934075034004000"}, "namespace": "test-failure-1750934075031883000-1750934075034004000", "name": "test-backup-no-cluster", "reconcileID": "13251976-e54d-47ae-8b3c-91363137b47f", "error": "Neo4jEnterpriseCluster.neo4j.neo4j.com \"non-existent-cluster\" not found"}
  github.com/neo4j-labs/neo4j-kubernetes-operator/internal/controller.(*Neo4jBackupReconciler).Reconcile
  	/Users/priyolahiri/Code/neo4j-kubernetes-operator/internal/controller/neo4jbackup_controller.go:106
  sigs.k8s.io/controller-runtime/pkg/internal/controller.(*Controller[...]).Reconcile
  	/Users/priyolahiri/go/pkg/mod/sigs.k8s.io/controller-runtime@v0.21.0/pkg/internal/controller/controller.go:119
  sigs.k8s.io/controller-runtime/pkg/internal/controller.(*Controller[...]).reconcileHandler
  	/Users/priyolahiri/go/pkg/mod/sigs.k8s.io/controller-runtime@v0.21.0/pkg/internal/controller/controller.go:340
  sigs.k8s.io/controller-runtime/pkg/internal/controller.(*Controller[...]).processNextWorkItem
  	/Users/priyolahiri/go/pkg/mod/sigs.k8s.io/controller-runtime@v0.21.0/pkg/internal/controller/controller.go:300
  sigs.k8s.io/controller-runtime/pkg/internal/controller.(*Controller[...]).Start.func2.1
  	/Users/priyolahiri/go/pkg/mod/sigs.k8s.io/controller-runtime@v0.21.0/pkg/internal/controller/controller.go:202
  2025-06-26T12:34:35+02:00	INFO	Warning: Reconciler returned both a non-zero result and a non-nil error. The result will always be ignored if the error is non-nil and the non-nil error causes requeuing with exponential backoff. For more details, see: https://pkg.go.dev/sigs.k8s.io/controller-runtime/pkg/reconcile#Reconciler	{"controller": "neo4jbackup", "controllerGroup": "neo4j.neo4j.com", "controllerKind": "Neo4jBackup", "Neo4jBackup": {"name":"test-backup-no-cluster","namespace":"test-failure-1750934075031883000-1750934075034004000"}, "namespace": "test-failure-1750934075031883000-1750934075034004000", "name": "test-backup-no-cluster", "reconcileID": "13251976-e54d-47ae-8b3c-91363137b47f"}
  2025-06-26T12:34:35+02:00	ERROR	Reconciler error	{"controller": "neo4jbackup", "controllerGroup": "neo4j.neo4j.com", "controllerKind": "Neo4jBackup", "Neo4jBackup": {"name":"test-backup-no-cluster","namespace":"test-failure-1750934075031883000-1750934075034004000"}, "namespace": "test-failure-1750934075031883000-1750934075034004000", "name": "test-backup-no-cluster", "reconcileID": "13251976-e54d-47ae-8b3c-91363137b47f", "error": "Neo4jEnterpriseCluster.neo4j.neo4j.com \"non-existent-cluster\" not found"}
  sigs.k8s.io/controller-runtime/pkg/internal/controller.(*Controller[...]).reconcileHandler
  	/Users/priyolahiri/go/pkg/mod/sigs.k8s.io/controller-runtime@v0.21.0/pkg/internal/controller/controller.go:353
  sigs.k8s.io/controller-runtime/pkg/internal/controller.(*Controller[...]).processNextWorkItem
  	/Users/priyolahiri/go/pkg/mod/sigs.k8s.io/controller-runtime@v0.21.0/pkg/internal/controller/controller.go:300
  sigs.k8s.io/controller-runtime/pkg/internal/controller.(*Controller[...]).Start.func2.1
  	/Users/priyolahiri/go/pkg/mod/sigs.k8s.io/controller-runtime@v0.21.0/pkg/internal/controller/controller.go:202
  2025-06-26T12:34:35+02:00	ERROR	Failed to get target cluster	{"controller": "neo4jrestore", "controllerGroup": "neo4j.neo4j.com", "controllerKind": "Neo4jRestore", "Neo4jRestore": {"name":"test-restore-no-backup","namespace":"test-failure-1750934075033706000-1750934075035488000"}, "namespace": "test-failure-1750934075033706000-1750934075035488000", "name": "test-restore-no-backup", "reconcileID": "acef62aa-9fec-4be5-82fc-8fea4a6f3c22", "error": "Neo4jEnterpriseCluster.neo4j.neo4j.com \"test-cluster\" not found"}
  github.com/neo4j-labs/neo4j-kubernetes-operator/internal/controller.(*Neo4jRestoreReconciler).Reconcile
  	/Users/priyolahiri/Code/neo4j-kubernetes-operator/internal/controller/neo4jrestore_controller.go:118
  sigs.k8s.io/controller-runtime/pkg/internal/controller.(*Controller[...]).Reconcile
  	/Users/priyolahiri/go/pkg/mod/sigs.k8s.io/controller-runtime@v0.21.0/pkg/internal/controller/controller.go:119
  sigs.k8s.io/controller-runtime/pkg/internal/controller.(*Controller[...]).reconcileHandler
  	/Users/priyolahiri/go/pkg/mod/sigs.k8s.io/controller-runtime@v0.21.0/pkg/internal/controller/controller.go:340
  sigs.k8s.io/controller-runtime/pkg/internal/controller.(*Controller[...]).processNextWorkItem
  	/Users/priyolahiri/go/pkg/mod/sigs.k8s.io/controller-runtime@v0.21.0/pkg/internal/controller/controller.go:300
  sigs.k8s.io/controller-runtime/pkg/internal/controller.(*Controller[...]).Start.func2.1
  	/Users/priyolahiri/go/pkg/mod/sigs.k8s.io/controller-runtime@v0.21.0/pkg/internal/controller/controller.go:202
  2025-06-26T12:34:35+02:00	INFO	Warning: Reconciler returned both a non-zero result and a non-nil error. The result will always be ignored if the error is non-nil and the non-nil error causes requeuing with exponential backoff. For more details, see: https://pkg.go.dev/sigs.k8s.io/controller-runtime/pkg/reconcile#Reconciler	{"controller": "neo4jrestore", "controllerGroup": "neo4j.neo4j.com", "controllerKind": "Neo4jRestore", "Neo4jRestore": {"name":"test-restore-no-backup","namespace":"test-failure-1750934075033706000-1750934075035488000"}, "namespace": "test-failure-1750934075033706000-1750934075035488000", "name": "test-restore-no-backup", "reconcileID": "acef62aa-9fec-4be5-82fc-8fea4a6f3c22"}
  2025-06-26T12:34:35+02:00	ERROR	Reconciler error	{"controller": "neo4jrestore", "controllerGroup": "neo4j.neo4j.com", "controllerKind": "Neo4jRestore", "Neo4jRestore": {"name":"test-restore-no-backup","namespace":"test-failure-1750934075033706000-1750934075035488000"}, "namespace": "test-failure-1750934075033706000-1750934075035488000", "name": "test-restore-no-backup", "reconcileID": "acef62aa-9fec-4be5-82fc-8fea4a6f3c22", "error": "Neo4jEnterpriseCluster.neo4j.neo4j.com \"test-cluster\" not found"}
  sigs.k8s.io/controller-runtime/pkg/internal/controller.(*Controller[...]).reconcileHandler
  	/Users/priyolahiri/go/pkg/mod/sigs.k8s.io/controller-runtime@v0.21.0/pkg/internal/controller/controller.go:353
  sigs.k8s.io/controller-runtime/pkg/internal/controller.(*Controller[...]).processNextWorkItem
  	/Users/priyolahiri/go/pkg/mod/sigs.k8s.io/controller-runtime@v0.21.0/pkg/internal/controller/controller.go:300
  sigs.k8s.io/controller-runtime/pkg/internal/controller.(*Controller[...]).Start.func2.1
  	/Users/priyolahiri/go/pkg/mod/sigs.k8s.io/controller-runtime@v0.21.0/pkg/internal/controller/controller.go:202
  2025-06-26T12:34:35+02:00	ERROR	Failed to get target cluster	{"controller": "neo4jbackup", "controllerGroup": "neo4j.neo4j.com", "controllerKind": "Neo4jBackup", "Neo4jBackup": {"name":"test-backup-invalid-storage","namespace":"test-failure-1750934075033884000-1750934075035500000"}, "namespace": "test-failure-1750934075033884000-1750934075035500000", "name": "test-backup-invalid-storage", "reconcileID": "795ee997-67a9-46a0-adba-e6353f71bb09", "error": "Neo4jEnterpriseCluster.neo4j.neo4j.com \"test-cluster\" not found"}
  github.com/neo4j-labs/neo4j-kubernetes-operator/internal/controller.(*Neo4jBackupReconciler).Reconcile
  	/Users/priyolahiri/Code/neo4j-kubernetes-operator/internal/controller/neo4jbackup_controller.go:106
  sigs.k8s.io/controller-runtime/pkg/internal/controller.(*Controller[...]).Reconcile
  	/Users/priyolahiri/go/pkg/mod/sigs.k8s.io/controller-runtime@v0.21.0/pkg/internal/controller/controller.go:119
  sigs.k8s.io/controller-runtime/pkg/internal/controller.(*Controller[...]).reconcileHandler
  	/Users/priyolahiri/go/pkg/mod/sigs.k8s.io/controller-runtime@v0.21.0/pkg/internal/controller/controller.go:340
  sigs.k8s.io/controller-runtime/pkg/internal/controller.(*Controller[...]).processNextWorkItem
  	/Users/priyolahiri/go/pkg/mod/sigs.k8s.io/controller-runtime@v0.21.0/pkg/internal/controller/controller.go:300
  sigs.k8s.io/controller-runtime/pkg/internal/controller.(*Controller[...]).Start.func2.1
  	/Users/priyolahiri/go/pkg/mod/sigs.k8s.io/controller-runtime@v0.21.0/pkg/internal/controller/controller.go:202
  [38;5;9m[FAILED][0m in [It] - /Users/priyolahiri/Code/neo4j-kubernetes-operator/test/integration/enterprise_features_test.go:134 [38;5;243m@ 06/26/25 12:34:35.236[0m
  2025-06-26T12:34:35+02:00	INFO	Warning: Reconciler returned both a non-zero result and a non-nil error. The result will always be ignored if the error is non-nil and the non-nil error causes requeuing with exponential backoff. For more details, see: https://pkg.go.dev/sigs.k8s.io/controller-runtime/pkg/reconcile#Reconciler	{"controller": "neo4jbackup", "controllerGroup": "neo4j.neo4j.com", "controllerKind": "Neo4jBackup", "Neo4jBackup": {"name":"test-backup-invalid-storage","namespace":"test-failure-1750934075033884000-1750934075035500000"}, "namespace": "test-failure-1750934075033884000-1750934075035500000", "name": "test-backup-invalid-storage", "reconcileID": "795ee997-67a9-46a0-adba-e6353f71bb09"}
  2025-06-26T12:34:35+02:00	ERROR	Reconciler error	{"controller": "neo4jbackup", "controllerGroup": "neo4j.neo4j.com", "controllerKind": "Neo4jBackup", "Neo4jBackup": {"name":"test-backup-invalid-storage","namespace":"test-failure-1750934075033884000-1750934075035500000"}, "namespace": "test-failure-1750934075033884000-1750934075035500000", "name": "test-backup-invalid-storage", "reconcileID": "795ee997-67a9-46a0-adba-e6353f71bb09", "error": "Neo4jEnterpriseCluster.neo4j.neo4j.com \"test-cluster\" not found"}
  sigs.k8s.io/controller-runtime/pkg/internal/controller.(*Controller[...]).reconcileHandler
  	/Users/priyolahiri/go/pkg/mod/sigs.k8s.io/controller-runtime@v0.21.0/pkg/internal/controller/controller.go:353
  sigs.k8s.io/controller-runtime/pkg/internal/controller.(*Controller[...]).processNextWorkItem
  	/Users/priyolahiri/go/pkg/mod/sigs.k8s.io/controller-runtime@v0.21.0/pkg/internal/controller/controller.go:300
  sigs.k8s.io/controller-runtime/pkg/internal/controller.(*Controller[...]).Start.func2.1
  	/Users/priyolahiri/go/pkg/mod/sigs.k8s.io/controller-runtime@v0.21.0/pkg/internal/controller/controller.go:202
  2025-06-26T12:34:35+02:00	ERROR	Failed to get target cluster	{"controller": "neo4jbackup", "controllerGroup": "neo4j.neo4j.com", "controllerKind": "Neo4jBackup", "Neo4jBackup": {"name":"test-backup-no-cluster","namespace":"test-failure-1750934075031883000-1750934075034004000"}, "namespace": "test-failure-1750934075031883000-1750934075034004000", "name": "test-backup-no-cluster", "reconcileID": "b5b076d0-d132-4d5d-aef9-d52ef821e8a2", "error": "Neo4jEnterpriseCluster.neo4j.neo4j.com \"non-existent-cluster\" not found"}
  github.com/neo4j-labs/neo4j-kubernetes-operator/internal/controller.(*Neo4jBackupReconciler).Reconcile
  	/Users/priyolahiri/Code/neo4j-kubernetes-operator/internal/controller/neo4jbackup_controller.go:106
  sigs.k8s.io/controller-runtime/pkg/internal/controller.(*Controller[...]).Reconcile
  	/Users/priyolahiri/go/pkg/mod/sigs.k8s.io/controller-runtime@v0.21.0/pkg/internal/controller/controller.go:119
  sigs.k8s.io/controller-runtime/pkg/internal/controller.(*Controller[...]).reconcileHandler
  	/Users/priyolahiri/go/pkg/mod/sigs.k8s.io/controller-runtime@v0.21.0/pkg/internal/controller/controller.go:340
  sigs.k8s.io/controller-runtime/pkg/internal/controller.(*Controller[...]).processNextWorkItem
  	/Users/priyolahiri/go/pkg/mod/sigs.k8s.io/controller-runtime@v0.21.0/pkg/internal/controller/controller.go:300
  sigs.k8s.io/controller-runtime/pkg/internal/controller.(*Controller[...]).Start.func2.1
  	/Users/priyolahiri/go/pkg/mod/sigs.k8s.io/controller-runtime@v0.21.0/pkg/internal/controller/controller.go:202
  2025-06-26T12:34:35+02:00	ERROR	Failed to get target cluster	{"controller": "neo4jrestore", "controllerGroup": "neo4j.neo4j.com", "controllerKind": "Neo4jRestore", "Neo4jRestore": {"name":"test-restore-no-backup","namespace":"test-failure-1750934075033706000-1750934075035488000"}, "namespace": "test-failure-1750934075033706000-1750934075035488000", "name": "test-restore-no-backup", "reconcileID": "34061178-3218-42c4-946c-f9085b952013", "error": "Neo4jEnterpriseCluster.neo4j.neo4j.com \"test-cluster\" not found"}
  github.com/neo4j-labs/neo4j-kubernetes-operator/internal/controller.(*Neo4jRestoreReconciler).Reconcile
  	/Users/priyolahiri/Code/neo4j-kubernetes-operator/internal/controller/neo4jrestore_controller.go:118
  sigs.k8s.io/controller-runtime/pkg/internal/controller.(*Controller[...]).Reconcile
  	/Users/priyolahiri/go/pkg/mod/sigs.k8s.io/controller-runtime@v0.21.0/pkg/internal/controller/controller.go:119
  sigs.k8s.io/controller-runtime/pkg/internal/controller.(*Controller[...]).reconcileHandler
  	/Users/priyolahiri/go/pkg/mod/sigs.k8s.io/controller-runtime@v0.21.0/pkg/internal/controller/controller.go:340
  sigs.k8s.io/controller-runtime/pkg/internal/controller.(*Controller[...]).processNextWorkItem
  	/Users/priyolahiri/go/pkg/mod/sigs.k8s.io/controller-runtime@v0.21.0/pkg/internal/controller/controller.go:300
  sigs.k8s.io/controller-runtime/pkg/internal/controller.(*Controller[...]).Start.func2.1
  	/Users/priyolahiri/go/pkg/mod/sigs.k8s.io/controller-runtime@v0.21.0/pkg/internal/controller/controller.go:202
  2025-06-26T12:34:35+02:00	INFO	Warning: Reconciler returned both a non-zero result and a non-nil error. The result will always be ignored if the error is non-nil and the non-nil error causes requeuing with exponential backoff. For more details, see: https://pkg.go.dev/sigs.k8s.io/controller-runtime/pkg/reconcile#Reconciler	{"controller": "neo4jbackup", "controllerGroup": "neo4j.neo4j.com", "controllerKind": "Neo4jBackup", "Neo4jBackup": {"name":"test-backup-no-cluster","namespace":"test-failure-1750934075031883000-1750934075034004000"}, "namespace": "test-failure-1750934075031883000-1750934075034004000", "name": "test-backup-no-cluster", "reconcileID": "b5b076d0-d132-4d5d-aef9-d52ef821e8a2"}
  2025-06-26T12:34:35+02:00	ERROR	Reconciler error	{"controller": "neo4jbackup", "controllerGroup": "neo4j.neo4j.com", "controllerKind": "Neo4jBackup", "Neo4jBackup": {"name":"test-backup-no-cluster","namespace":"test-failure-1750934075031883000-1750934075034004000"}, "namespace": "test-failure-1750934075031883000-1750934075034004000", "name": "test-backup-no-cluster", "reconcileID": "b5b076d0-d132-4d5d-aef9-d52ef821e8a2", "error": "Neo4jEnterpriseCluster.neo4j.neo4j.com \"non-existent-cluster\" not found"}
  sigs.k8s.io/controller-runtime/pkg/internal/controller.(*Controller[...]).reconcileHandler
  	/Users/priyolahiri/go/pkg/mod/sigs.k8s.io/controller-runtime@v0.21.0/pkg/internal/controller/controller.go:353
  sigs.k8s.io/controller-runtime/pkg/internal/controller.(*Controller[...]).processNextWorkItem
  	/Users/priyolahiri/go/pkg/mod/sigs.k8s.io/controller-runtime@v0.21.0/pkg/internal/controller/controller.go:300
  sigs.k8s.io/controller-runtime/pkg/internal/controller.(*Controller[...]).Start.func2.1
  	/Users/priyolahiri/go/pkg/mod/sigs.k8s.io/controller-runtime@v0.21.0/pkg/internal/controller/controller.go:202
  2025-06-26T12:34:35+02:00	INFO	Warning: Reconciler returned both a non-zero result and a non-nil error. The result will always be ignored if the error is non-nil and the non-nil error causes requeuing with exponential backoff. For more details, see: https://pkg.go.dev/sigs.k8s.io/controller-runtime/pkg/reconcile#Reconciler	{"controller": "neo4jrestore", "controllerGroup": "neo4j.neo4j.com", "controllerKind": "Neo4jRestore", "Neo4jRestore": {"name":"test-restore-no-backup","namespace":"test-failure-1750934075033706000-1750934075035488000"}, "namespace": "test-failure-1750934075033706000-1750934075035488000", "name": "test-restore-no-backup", "reconcileID": "34061178-3218-42c4-946c-f9085b952013"}
  2025-06-26T12:34:35+02:00	ERROR	Reconciler error	{"controller": "neo4jrestore", "controllerGroup": "neo4j.neo4j.com", "controllerKind": "Neo4jRestore", "Neo4jRestore": {"name":"test-restore-no-backup","namespace":"test-failure-1750934075033706000-1750934075035488000"}, "namespace": "test-failure-1750934075033706000-1750934075035488000", "name": "test-restore-no-backup", "reconcileID": "34061178-3218-42c4-946c-f9085b952013", "error": "Neo4jEnterpriseCluster.neo4j.neo4j.com \"test-cluster\" not found"}
  sigs.k8s.io/controller-runtime/pkg/internal/controller.(*Controller[...]).reconcileHandler
  	/Users/priyolahiri/go/pkg/mod/sigs.k8s.io/controller-runtime@v0.21.0/pkg/internal/controller/controller.go:353
  sigs.k8s.io/controller-runtime/pkg/internal/controller.(*Controller[...]).processNextWorkItem
  	/Users/priyolahiri/go/pkg/mod/sigs.k8s.io/controller-runtime@v0.21.0/pkg/internal/controller/controller.go:300
  sigs.k8s.io/controller-runtime/pkg/internal/controller.(*Controller[...]).Start.func2.1
  	/Users/priyolahiri/go/pkg/mod/sigs.k8s.io/controller-runtime@v0.21.0/pkg/internal/controller/controller.go:202
  2025-06-26T12:34:35+02:00	ERROR	Failed to get target cluster	{"controller": "neo4jrestore", "controllerGroup": "neo4j.neo4j.com", "controllerKind": "Neo4jRestore", "Neo4jRestore": {"name":"test-restore-no-cluster","namespace":"test-failure-1750934075035366000-1750934075036586000"}, "namespace": "test-failure-1750934075035366000-1750934075036586000", "name": "test-restore-no-cluster", "reconcileID": "a31564f9-3068-4f9e-bf3f-3523ec540574", "error": "Neo4jEnterpriseCluster.neo4j.neo4j.com \"non-existent-cluster\" not found"}
  github.com/neo4j-labs/neo4j-kubernetes-operator/internal/controller.(*Neo4jRestoreReconciler).Reconcile
  	/Users/priyolahiri/Code/neo4j-kubernetes-operator/internal/controller/neo4jrestore_controller.go:118
  sigs.k8s.io/controller-runtime/pkg/internal/controller.(*Controller[...]).Reconcile
  	/Users/priyolahiri/go/pkg/mod/sigs.k8s.io/controller-runtime@v0.21.0/pkg/internal/controller/controller.go:119
  sigs.k8s.io/controller-runtime/pkg/internal/controller.(*Controller[...]).reconcileHandler
  	/Users/priyolahiri/go/pkg/mod/sigs.k8s.io/controller-runtime@v0.21.0/pkg/internal/controller/controller.go:340
  sigs.k8s.io/controller-runtime/pkg/internal/controller.(*Controller[...]).processNextWorkItem
  	/Users/priyolahiri/go/pkg/mod/sigs.k8s.io/controller-runtime@v0.21.0/pkg/internal/controller/controller.go:300
  sigs.k8s.io/controller-runtime/pkg/internal/controller.(*Controller[...]).Start.func2.1
  	/Users/priyolahiri/go/pkg/mod/sigs.k8s.io/controller-runtime@v0.21.0/pkg/internal/controller/controller.go:202
  2025-06-26T12:34:35+02:00	INFO	Warning: Reconciler returned both a non-zero result and a non-nil error. The result will always be ignored if the error is non-nil and the non-nil error causes requeuing with exponential backoff. For more details, see: https://pkg.go.dev/sigs.k8s.io/controller-runtime/pkg/reconcile#Reconciler	{"controller": "neo4jrestore", "controllerGroup": "neo4j.neo4j.com", "controllerKind": "Neo4jRestore", "Neo4jRestore": {"name":"test-restore-no-cluster","namespace":"test-failure-1750934075035366000-1750934075036586000"}, "namespace": "test-failure-1750934075035366000-1750934075036586000", "name": "test-restore-no-cluster", "reconcileID": "a31564f9-3068-4f9e-bf3f-3523ec540574"}
  2025-06-26T12:34:35+02:00	ERROR	Reconciler error	{"controller": "neo4jrestore", "controllerGroup": "neo4j.neo4j.com", "controllerKind": "Neo4jRestore", "Neo4jRestore": {"name":"test-restore-no-cluster","namespace":"test-failure-1750934075035366000-1750934075036586000"}, "namespace": "test-failure-1750934075035366000-1750934075036586000", "name": "test-restore-no-cluster", "reconcileID": "a31564f9-3068-4f9e-bf3f-3523ec540574", "error": "Neo4jEnterpriseCluster.neo4j.neo4j.com \"non-existent-cluster\" not found"}
  sigs.k8s.io/controller-runtime/pkg/internal/controller.(*Controller[...]).reconcileHandler
  	/Users/priyolahiri/go/pkg/mod/sigs.k8s.io/controller-runtime@v0.21.0/pkg/internal/controller/controller.go:353
  sigs.k8s.io/controller-runtime/pkg/internal/controller.(*Controller[...]).processNextWorkItem
  	/Users/priyolahiri/go/pkg/mod/sigs.k8s.io/controller-runtime@v0.21.0/pkg/internal/controller/controller.go:300
  sigs.k8s.io/controller-runtime/pkg/internal/controller.(*Controller[...]).Start.func2.1
  	/Users/priyolahiri/go/pkg/mod/sigs.k8s.io/controller-runtime@v0.21.0/pkg/internal/controller/controller.go:202
  [38;5;243m<< Timeline[0m

  [38;5;9m[FAILED] Expected success, but got an error:
      <*errors.StatusError | 0x140008e7a40>:
      admission webhook "vneo4jenterprisecluster.kb.io" denied the request: spec.tls.issuerRef.name: Required value: issuer name must be specified when using cert-manager
      {
          ErrStatus: {
              TypeMeta: {Kind: "", APIVersion: ""},
              ListMeta: {
                  SelfLink: "",
                  ResourceVersion: "",
                  Continue: "",
                  RemainingItemCount: nil,
              },
              Status: "Failure",
              Message: "admission webhook \"vneo4jenterprisecluster.kb.io\" denied the request: spec.tls.issuerRef.name: Required value: issuer name must be specified when using cert-manager",
              Reason: "Forbidden",
              Details: nil,
              Code: 403,
          },
      }[0m
  [38;5;9mIn [1m[It][0m[38;5;9m at: [1m/Users/priyolahiri/Code/neo4j-kubernetes-operator/test/integration/enterprise_features_test.go:134[0m [38;5;243m@ 06/26/25 12:34:35.236[0m
[38;5;243m------------------------------[0m
[38;5;9m• [FAILED] [0.245 seconds][0m
[0mEnterprise Features Integration Tests [38;5;243mQuery Monitoring Feature [38;5;9m[1m[It] Should configure query monitoring[0m
[38;5;243m/Users/priyolahiri/Code/neo4j-kubernetes-operator/test/integration/enterprise_features_test.go:223[0m

  [38;5;243mTimeline >>[0m
  [1mSTEP:[0m Creating the cluster with query monitoring [38;5;243m@ 06/26/25 12:34:35.105[0m
  2025-06-26T12:34:35+02:00	INFO	Starting Controller	{"controller": "neo4jgrant", "controllerGroup": "neo4j.neo4j.com", "controllerKind": "Neo4jGrant"}
  2025-06-26T12:34:35+02:00	INFO	Starting workers	{"controller": "neo4jgrant", "controllerGroup": "neo4j.neo4j.com", "controllerKind": "Neo4jGrant", "worker count": 1}
  2025-06-26T12:34:35+02:00	INFO	Starting Controller	{"controller": "neo4jdatabase", "controllerGroup": "neo4j.neo4j.com", "controllerKind": "Neo4jDatabase"}
  2025-06-26T12:34:35+02:00	INFO	Starting workers	{"controller": "neo4jdatabase", "controllerGroup": "neo4j.neo4j.com", "controllerKind": "Neo4jDatabase", "worker count": 1}
  2025-06-26T12:34:35+02:00	INFO	Starting Controller	{"controller": "neo4juser", "controllerGroup": "neo4j.neo4j.com", "controllerKind": "Neo4jUser"}
  2025-06-26T12:34:35+02:00	INFO	Starting workers	{"controller": "neo4juser", "controllerGroup": "neo4j.neo4j.com", "controllerKind": "Neo4jUser", "worker count": 1}
  2025-06-26T12:34:35+02:00	INFO	Starting Controller	{"controller": "neo4jrole", "controllerGroup": "neo4j.neo4j.com", "controllerKind": "Neo4jRole"}
  2025-06-26T12:34:35+02:00	INFO	Starting workers	{"controller": "neo4jrole", "controllerGroup": "neo4j.neo4j.com", "controllerKind": "Neo4jRole", "worker count": 1}
  2025-06-26T12:34:35+02:00	INFO	Starting Controller	{"controller": "neo4jrestore", "controllerGroup": "neo4j.neo4j.com", "controllerKind": "Neo4jRestore"}
  2025-06-26T12:34:35+02:00	INFO	Starting workers	{"controller": "neo4jrestore", "controllerGroup": "neo4j.neo4j.com", "controllerKind": "Neo4jRestore", "worker count": 1}
  2025-06-26T12:34:35+02:00	INFO	Starting Controller	{"controller": "neo4jenterprisecluster", "controllerGroup": "neo4j.neo4j.com", "controllerKind": "Neo4jEnterpriseCluster"}
  2025-06-26T12:34:35+02:00	INFO	Starting Controller	{"controller": "neo4jbackup", "controllerGroup": "neo4j.neo4j.com", "controllerKind": "Neo4jBackup"}
  2025-06-26T12:34:35+02:00	INFO	Starting workers	{"controller": "neo4jbackup", "controllerGroup": "neo4j.neo4j.com", "controllerKind": "Neo4jBackup", "worker count": 1}
  2025-06-26T12:34:35+02:00	INFO	Starting Controller	{"controller": "neo4jplugin", "controllerGroup": "neo4j.neo4j.com", "controllerKind": "Neo4jPlugin"}
  2025-06-26T12:34:35+02:00	INFO	Starting workers	{"controller": "neo4jplugin", "controllerGroup": "neo4j.neo4j.com", "controllerKind": "Neo4jPlugin", "worker count": 1}
  2025-06-26T12:34:35+02:00	INFO	Starting workers	{"controller": "neo4jenterprisecluster", "controllerGroup": "neo4j.neo4j.com", "controllerKind": "Neo4jEnterpriseCluster", "worker count": 1}
  2025-06-26T12:34:35+02:00	ERROR	Failed to add finalizer	{"controller": "neo4jbackup", "controllerGroup": "neo4j.neo4j.com", "controllerKind": "Neo4jBackup", "Neo4jBackup": {"name":"test-backup-invalid-storage","namespace":"test-failure-1750934075033884000-1750934075035500000"}, "namespace": "test-failure-1750934075033884000-1750934075035500000", "name": "test-backup-invalid-storage", "reconcileID": "0c4781dc-6bea-4fe2-9b0a-bcc94b82516d", "error": "Operation cannot be fulfilled on neo4jbackups.neo4j.neo4j.com \"test-backup-invalid-storage\": the object has been modified; please apply your changes to the latest version and try again"}
  github.com/neo4j-labs/neo4j-kubernetes-operator/internal/controller.(*Neo4jBackupReconciler).Reconcile
  	/Users/priyolahiri/Code/neo4j-kubernetes-operator/internal/controller/neo4jbackup_controller.go:97
  sigs.k8s.io/controller-runtime/pkg/internal/controller.(*Controller[...]).Reconcile
  	/Users/priyolahiri/go/pkg/mod/sigs.k8s.io/controller-runtime@v0.21.0/pkg/internal/controller/controller.go:119
  sigs.k8s.io/controller-runtime/pkg/internal/controller.(*Controller[...]).reconcileHandler
  	/Users/priyolahiri/go/pkg/mod/sigs.k8s.io/controller-runtime@v0.21.0/pkg/internal/controller/controller.go:340
  sigs.k8s.io/controller-runtime/pkg/internal/controller.(*Controller[...]).processNextWorkItem
  	/Users/priyolahiri/go/pkg/mod/sigs.k8s.io/controller-runtime@v0.21.0/pkg/internal/controller/controller.go:300
  sigs.k8s.io/controller-runtime/pkg/internal/controller.(*Controller[...]).Start.func2.1
  	/Users/priyolahiri/go/pkg/mod/sigs.k8s.io/controller-runtime@v0.21.0/pkg/internal/controller/controller.go:202
  2025-06-26T12:34:35+02:00	ERROR	Reconciler error	{"controller": "neo4jbackup", "controllerGroup": "neo4j.neo4j.com", "controllerKind": "Neo4jBackup", "Neo4jBackup": {"name":"test-backup-invalid-storage","namespace":"test-failure-1750934075033884000-1750934075035500000"}, "namespace": "test-failure-1750934075033884000-1750934075035500000", "name": "test-backup-invalid-storage", "reconcileID": "0c4781dc-6bea-4fe2-9b0a-bcc94b82516d", "error": "Operation cannot be fulfilled on neo4jbackups.neo4j.neo4j.com \"test-backup-invalid-storage\": the object has been modified; please apply your changes to the latest version and try again"}
  sigs.k8s.io/controller-runtime/pkg/internal/controller.(*Controller[...]).reconcileHandler
  	/Users/priyolahiri/go/pkg/mod/sigs.k8s.io/controller-runtime@v0.21.0/pkg/internal/controller/controller.go:353
  sigs.k8s.io/controller-runtime/pkg/internal/controller.(*Controller[...]).processNextWorkItem
  	/Users/priyolahiri/go/pkg/mod/sigs.k8s.io/controller-runtime@v0.21.0/pkg/internal/controller/controller.go:300
  sigs.k8s.io/controller-runtime/pkg/internal/controller.(*Controller[...]).Start.func2.1
  	/Users/priyolahiri/go/pkg/mod/sigs.k8s.io/controller-runtime@v0.21.0/pkg/internal/controller/controller.go:202
  2025-06-26T12:34:35+02:00	ERROR	Failed to add finalizer	{"controller": "neo4jrestore", "controllerGroup": "neo4j.neo4j.com", "controllerKind": "Neo4jRestore", "Neo4jRestore": {"name":"test-restore-no-cluster","namespace":"test-failure-1750934075035366000-1750934075036586000"}, "namespace": "test-failure-1750934075035366000-1750934075036586000", "name": "test-restore-no-cluster", "reconcileID": "124f2ea0-a9ff-4153-bd44-64639d88d74b", "error": "Operation cannot be fulfilled on neo4jrestores.neo4j.neo4j.com \"test-restore-no-cluster\": the object has been modified; please apply your changes to the latest version and try again"}
  github.com/neo4j-labs/neo4j-kubernetes-operator/internal/controller.(*Neo4jRestoreReconciler).Reconcile
  	/Users/priyolahiri/Code/neo4j-kubernetes-operator/internal/controller/neo4jrestore_controller.go:109
  sigs.k8s.io/controller-runtime/pkg/internal/controller.(*Controller[...]).Reconcile
  	/Users/priyolahiri/go/pkg/mod/sigs.k8s.io/controller-runtime@v0.21.0/pkg/internal/controller/controller.go:119
  sigs.k8s.io/controller-runtime/pkg/internal/controller.(*Controller[...]).reconcileHandler
  	/Users/priyolahiri/go/pkg/mod/sigs.k8s.io/controller-runtime@v0.21.0/pkg/internal/controller/controller.go:340
  sigs.k8s.io/controller-runtime/pkg/internal/controller.(*Controller[...]).processNextWorkItem
  	/Users/priyolahiri/go/pkg/mod/sigs.k8s.io/controller-runtime@v0.21.0/pkg/internal/controller/controller.go:300
  sigs.k8s.io/controller-runtime/pkg/internal/controller.(*Controller[...]).Start.func2.1
  	/Users/priyolahiri/go/pkg/mod/sigs.k8s.io/controller-runtime@v0.21.0/pkg/internal/controller/controller.go:202
  2025-06-26T12:34:35+02:00	ERROR	Reconciler error	{"controller": "neo4jrestore", "controllerGroup": "neo4j.neo4j.com", "controllerKind": "Neo4jRestore", "Neo4jRestore": {"name":"test-restore-no-cluster","namespace":"test-failure-1750934075035366000-1750934075036586000"}, "namespace": "test-failure-1750934075035366000-1750934075036586000", "name": "test-restore-no-cluster", "reconcileID": "124f2ea0-a9ff-4153-bd44-64639d88d74b", "error": "Operation cannot be fulfilled on neo4jrestores.neo4j.neo4j.com \"test-restore-no-cluster\": the object has been modified; please apply your changes to the latest version and try again"}
  sigs.k8s.io/controller-runtime/pkg/internal/controller.(*Controller[...]).reconcileHandler
  	/Users/priyolahiri/go/pkg/mod/sigs.k8s.io/controller-runtime@v0.21.0/pkg/internal/controller/controller.go:353
  sigs.k8s.io/controller-runtime/pkg/internal/controller.(*Controller[...]).processNextWorkItem
  	/Users/priyolahiri/go/pkg/mod/sigs.k8s.io/controller-runtime@v0.21.0/pkg/internal/controller/controller.go:300
  sigs.k8s.io/controller-runtime/pkg/internal/controller.(*Controller[...]).Start.func2.1
  	/Users/priyolahiri/go/pkg/mod/sigs.k8s.io/controller-runtime@v0.21.0/pkg/internal/controller/controller.go:202
  2025-06-26T12:34:35+02:00	ERROR	Failed to add finalizer	{"controller": "neo4jbackup", "controllerGroup": "neo4j.neo4j.com", "controllerKind": "Neo4jBackup", "Neo4jBackup": {"name":"test-backup-no-cluster","namespace":"test-failure-1750934075031883000-1750934075034004000"}, "namespace": "test-failure-1750934075031883000-1750934075034004000", "name": "test-backup-no-cluster", "reconcileID": "5e60611a-2c61-4c6d-a4f3-6429bfa5cd12", "error": "Operation cannot be fulfilled on neo4jbackups.neo4j.neo4j.com \"test-backup-no-cluster\": the object has been modified; please apply your changes to the latest version and try again"}
  github.com/neo4j-labs/neo4j-kubernetes-operator/internal/controller.(*Neo4jBackupReconciler).Reconcile
  	/Users/priyolahiri/Code/neo4j-kubernetes-operator/internal/controller/neo4jbackup_controller.go:97
  sigs.k8s.io/controller-runtime/pkg/internal/controller.(*Controller[...]).Reconcile
  	/Users/priyolahiri/go/pkg/mod/sigs.k8s.io/controller-runtime@v0.21.0/pkg/internal/controller/controller.go:119
  sigs.k8s.io/controller-runtime/pkg/internal/controller.(*Controller[...]).reconcileHandler
  	/Users/priyolahiri/go/pkg/mod/sigs.k8s.io/controller-runtime@v0.21.0/pkg/internal/controller/controller.go:340
  sigs.k8s.io/controller-runtime/pkg/internal/controller.(*Controller[...]).processNextWorkItem
  	/Users/priyolahiri/go/pkg/mod/sigs.k8s.io/controller-runtime@v0.21.0/pkg/internal/controller/controller.go:300
  sigs.k8s.io/controller-runtime/pkg/internal/controller.(*Controller[...]).Start.func2.1
  	/Users/priyolahiri/go/pkg/mod/sigs.k8s.io/controller-runtime@v0.21.0/pkg/internal/controller/controller.go:202
  2025-06-26T12:34:35+02:00	ERROR	Reconciler error	{"controller": "neo4jbackup", "controllerGroup": "neo4j.neo4j.com", "controllerKind": "Neo4jBackup", "Neo4jBackup": {"name":"test-backup-no-cluster","namespace":"test-failure-1750934075031883000-1750934075034004000"}, "namespace": "test-failure-1750934075031883000-1750934075034004000", "name": "test-backup-no-cluster", "reconcileID": "5e60611a-2c61-4c6d-a4f3-6429bfa5cd12", "error": "Operation cannot be fulfilled on neo4jbackups.neo4j.neo4j.com \"test-backup-no-cluster\": the object has been modified; please apply your changes to the latest version and try again"}
  sigs.k8s.io/controller-runtime/pkg/internal/controller.(*Controller[...]).reconcileHandler
  	/Users/priyolahiri/go/pkg/mod/sigs.k8s.io/controller-runtime@v0.21.0/pkg/internal/controller/controller.go:353
  sigs.k8s.io/controller-runtime/pkg/internal/controller.(*Controller[...]).processNextWorkItem
  	/Users/priyolahiri/go/pkg/mod/sigs.k8s.io/controller-runtime@v0.21.0/pkg/internal/controller/controller.go:300
  sigs.k8s.io/controller-runtime/pkg/internal/controller.(*Controller[...]).Start.func2.1
  	/Users/priyolahiri/go/pkg/mod/sigs.k8s.io/controller-runtime@v0.21.0/pkg/internal/controller/controller.go:202
  2025-06-26T12:34:35+02:00	ERROR	Failed to get target cluster	{"controller": "neo4jbackup", "controllerGroup": "neo4j.neo4j.com", "controllerKind": "Neo4jBackup", "Neo4jBackup": {"name":"test-backup-invalid-storage","namespace":"test-failure-1750934075033884000-1750934075035500000"}, "namespace": "test-failure-1750934075033884000-1750934075035500000", "name": "test-backup-invalid-storage", "reconcileID": "75d210a1-23bf-4ca2-84e5-fd4b83d43b46", "error": "Neo4jEnterpriseCluster.neo4j.neo4j.com \"test-cluster\" not found"}
  github.com/neo4j-labs/neo4j-kubernetes-operator/internal/controller.(*Neo4jBackupReconciler).Reconcile
  	/Users/priyolahiri/Code/neo4j-kubernetes-operator/internal/controller/neo4jbackup_controller.go:106
  sigs.k8s.io/controller-runtime/pkg/internal/controller.(*Controller[...]).Reconcile
  	/Users/priyolahiri/go/pkg/mod/sigs.k8s.io/controller-runtime@v0.21.0/pkg/internal/controller/controller.go:119
  sigs.k8s.io/controller-runtime/pkg/internal/controller.(*Controller[...]).reconcileHandler
  	/Users/priyolahiri/go/pkg/mod/sigs.k8s.io/controller-runtime@v0.21.0/pkg/internal/controller/controller.go:340
  sigs.k8s.io/controller-runtime/pkg/internal/controller.(*Controller[...]).processNextWorkItem
  	/Users/priyolahiri/go/pkg/mod/sigs.k8s.io/controller-runtime@v0.21.0/pkg/internal/controller/controller.go:300
  sigs.k8s.io/controller-runtime/pkg/internal/controller.(*Controller[...]).Start.func2.1
  	/Users/priyolahiri/go/pkg/mod/sigs.k8s.io/controller-runtime@v0.21.0/pkg/internal/controller/controller.go:202
  2025-06-26T12:34:35+02:00	ERROR	Failed to add finalizer	{"controller": "neo4jrestore", "controllerGroup": "neo4j.neo4j.com", "controllerKind": "Neo4jRestore", "Neo4jRestore": {"name":"test-restore-no-backup","namespace":"test-failure-1750934075033706000-1750934075035488000"}, "namespace": "test-failure-1750934075033706000-1750934075035488000", "name": "test-restore-no-backup", "reconcileID": "90f0cbe0-e0ef-4cea-a96b-3bfeb5120bee", "error": "Operation cannot be fulfilled on neo4jrestores.neo4j.neo4j.com \"test-restore-no-backup\": the object has been modified; please apply your changes to the latest version and try again"}
  github.com/neo4j-labs/neo4j-kubernetes-operator/internal/controller.(*Neo4jRestoreReconciler).Reconcile
  	/Users/priyolahiri/Code/neo4j-kubernetes-operator/internal/controller/neo4jrestore_controller.go:109
  sigs.k8s.io/controller-runtime/pkg/internal/controller.(*Controller[...]).Reconcile
  	/Users/priyolahiri/go/pkg/mod/sigs.k8s.io/controller-runtime@v0.21.0/pkg/internal/controller/controller.go:119
  sigs.k8s.io/controller-runtime/pkg/internal/controller.(*Controller[...]).reconcileHandler
  	/Users/priyolahiri/go/pkg/mod/sigs.k8s.io/controller-runtime@v0.21.0/pkg/internal/controller/controller.go:340
  sigs.k8s.io/controller-runtime/pkg/internal/controller.(*Controller[...]).processNextWorkItem
  	/Users/priyolahiri/go/pkg/mod/sigs.k8s.io/controller-runtime@v0.21.0/pkg/internal/controller/controller.go:300
  sigs.k8s.io/controller-runtime/pkg/internal/controller.(*Controller[...]).Start.func2.1
  	/Users/priyolahiri/go/pkg/mod/sigs.k8s.io/controller-runtime@v0.21.0/pkg/internal/controller/controller.go:202
  2025-06-26T12:34:35+02:00	ERROR	Reconciler error	{"controller": "neo4jrestore", "controllerGroup": "neo4j.neo4j.com", "controllerKind": "Neo4jRestore", "Neo4jRestore": {"name":"test-restore-no-backup","namespace":"test-failure-1750934075033706000-1750934075035488000"}, "namespace": "test-failure-1750934075033706000-1750934075035488000", "name": "test-restore-no-backup", "reconcileID": "90f0cbe0-e0ef-4cea-a96b-3bfeb5120bee", "error": "Operation cannot be fulfilled on neo4jrestores.neo4j.neo4j.com \"test-restore-no-backup\": the object has been modified; please apply your changes to the latest version and try again"}
  sigs.k8s.io/controller-runtime/pkg/internal/controller.(*Controller[...]).reconcileHandler
  	/Users/priyolahiri/go/pkg/mod/sigs.k8s.io/controller-runtime@v0.21.0/pkg/internal/controller/controller.go:353
  sigs.k8s.io/controller-runtime/pkg/internal/controller.(*Controller[...]).processNextWorkItem
  	/Users/priyolahiri/go/pkg/mod/sigs.k8s.io/controller-runtime@v0.21.0/pkg/internal/controller/controller.go:300
  sigs.k8s.io/controller-runtime/pkg/internal/controller.(*Controller[...]).Start.func2.1
  	/Users/priyolahiri/go/pkg/mod/sigs.k8s.io/controller-runtime@v0.21.0/pkg/internal/controller/controller.go:202
  2025-06-26T12:34:35+02:00	ERROR	Failed to get target cluster	{"controller": "neo4jrestore", "controllerGroup": "neo4j.neo4j.com", "controllerKind": "Neo4jRestore", "Neo4jRestore": {"name":"test-restore-no-cluster","namespace":"test-failure-1750934075035366000-1750934075036586000"}, "namespace": "test-failure-1750934075035366000-1750934075036586000", "name": "test-restore-no-cluster", "reconcileID": "38c722a9-1ca5-4edc-adaa-c3e4aa5a7679", "error": "Neo4jEnterpriseCluster.neo4j.neo4j.com \"non-existent-cluster\" not found"}
  github.com/neo4j-labs/neo4j-kubernetes-operator/internal/controller.(*Neo4jRestoreReconciler).Reconcile
  	/Users/priyolahiri/Code/neo4j-kubernetes-operator/internal/controller/neo4jrestore_controller.go:118
  sigs.k8s.io/controller-runtime/pkg/internal/controller.(*Controller[...]).Reconcile
  	/Users/priyolahiri/go/pkg/mod/sigs.k8s.io/controller-runtime@v0.21.0/pkg/internal/controller/controller.go:119
  sigs.k8s.io/controller-runtime/pkg/internal/controller.(*Controller[...]).reconcileHandler
  	/Users/priyolahiri/go/pkg/mod/sigs.k8s.io/controller-runtime@v0.21.0/pkg/internal/controller/controller.go:340
  sigs.k8s.io/controller-runtime/pkg/internal/controller.(*Controller[...]).processNextWorkItem
  	/Users/priyolahiri/go/pkg/mod/sigs.k8s.io/controller-runtime@v0.21.0/pkg/internal/controller/controller.go:300
  sigs.k8s.io/controller-runtime/pkg/internal/controller.(*Controller[...]).Start.func2.1
  	/Users/priyolahiri/go/pkg/mod/sigs.k8s.io/controller-runtime@v0.21.0/pkg/internal/controller/controller.go:202
  2025-06-26T12:34:35+02:00	INFO	Warning: Reconciler returned both a non-zero result and a non-nil error. The result will always be ignored if the error is non-nil and the non-nil error causes requeuing with exponential backoff. For more details, see: https://pkg.go.dev/sigs.k8s.io/controller-runtime/pkg/reconcile#Reconciler	{"controller": "neo4jbackup", "controllerGroup": "neo4j.neo4j.com", "controllerKind": "Neo4jBackup", "Neo4jBackup": {"name":"test-backup-invalid-storage","namespace":"test-failure-1750934075033884000-1750934075035500000"}, "namespace": "test-failure-1750934075033884000-1750934075035500000", "name": "test-backup-invalid-storage", "reconcileID": "75d210a1-23bf-4ca2-84e5-fd4b83d43b46"}
  2025-06-26T12:34:35+02:00	ERROR	Reconciler error	{"controller": "neo4jbackup", "controllerGroup": "neo4j.neo4j.com", "controllerKind": "Neo4jBackup", "Neo4jBackup": {"name":"test-backup-invalid-storage","namespace":"test-failure-1750934075033884000-1750934075035500000"}, "namespace": "test-failure-1750934075033884000-1750934075035500000", "name": "test-backup-invalid-storage", "reconcileID": "75d210a1-23bf-4ca2-84e5-fd4b83d43b46", "error": "Neo4jEnterpriseCluster.neo4j.neo4j.com \"test-cluster\" not found"}
  sigs.k8s.io/controller-runtime/pkg/internal/controller.(*Controller[...]).reconcileHandler
  	/Users/priyolahiri/go/pkg/mod/sigs.k8s.io/controller-runtime@v0.21.0/pkg/internal/controller/controller.go:353
  sigs.k8s.io/controller-runtime/pkg/internal/controller.(*Controller[...]).processNextWorkItem
  	/Users/priyolahiri/go/pkg/mod/sigs.k8s.io/controller-runtime@v0.21.0/pkg/internal/controller/controller.go:300
  sigs.k8s.io/controller-runtime/pkg/internal/controller.(*Controller[...]).Start.func2.1
  	/Users/priyolahiri/go/pkg/mod/sigs.k8s.io/controller-runtime@v0.21.0/pkg/internal/controller/controller.go:202
  2025-06-26T12:34:35+02:00	ERROR	Failed to get target cluster	{"controller": "neo4jbackup", "controllerGroup": "neo4j.neo4j.com", "controllerKind": "Neo4jBackup", "Neo4jBackup": {"name":"test-backup-no-cluster","namespace":"test-failure-1750934075031883000-1750934075034004000"}, "namespace": "test-failure-1750934075031883000-1750934075034004000", "name": "test-backup-no-cluster", "reconcileID": "f6ad7b7f-e158-4d32-8904-ae27cebb565a", "error": "Neo4jEnterpriseCluster.neo4j.neo4j.com \"non-existent-cluster\" not found"}
  github.com/neo4j-labs/neo4j-kubernetes-operator/internal/controller.(*Neo4jBackupReconciler).Reconcile
  	/Users/priyolahiri/Code/neo4j-kubernetes-operator/internal/controller/neo4jbackup_controller.go:106
  sigs.k8s.io/controller-runtime/pkg/internal/controller.(*Controller[...]).Reconcile
  	/Users/priyolahiri/go/pkg/mod/sigs.k8s.io/controller-runtime@v0.21.0/pkg/internal/controller/controller.go:119
  sigs.k8s.io/controller-runtime/pkg/internal/controller.(*Controller[...]).reconcileHandler
  	/Users/priyolahiri/go/pkg/mod/sigs.k8s.io/controller-runtime@v0.21.0/pkg/internal/controller/controller.go:340
  sigs.k8s.io/controller-runtime/pkg/internal/controller.(*Controller[...]).processNextWorkItem
  	/Users/priyolahiri/go/pkg/mod/sigs.k8s.io/controller-runtime@v0.21.0/pkg/internal/controller/controller.go:300
  sigs.k8s.io/controller-runtime/pkg/internal/controller.(*Controller[...]).Start.func2.1
  	/Users/priyolahiri/go/pkg/mod/sigs.k8s.io/controller-runtime@v0.21.0/pkg/internal/controller/controller.go:202
  2025-06-26T12:34:35+02:00	INFO	Warning: Reconciler returned both a non-zero result and a non-nil error. The result will always be ignored if the error is non-nil and the non-nil error causes requeuing with exponential backoff. For more details, see: https://pkg.go.dev/sigs.k8s.io/controller-runtime/pkg/reconcile#Reconciler	{"controller": "neo4jrestore", "controllerGroup": "neo4j.neo4j.com", "controllerKind": "Neo4jRestore", "Neo4jRestore": {"name":"test-restore-no-cluster","namespace":"test-failure-1750934075035366000-1750934075036586000"}, "namespace": "test-failure-1750934075035366000-1750934075036586000", "name": "test-restore-no-cluster", "reconcileID": "38c722a9-1ca5-4edc-adaa-c3e4aa5a7679"}
  2025-06-26T12:34:35+02:00	ERROR	Reconciler error	{"controller": "neo4jrestore", "controllerGroup": "neo4j.neo4j.com", "controllerKind": "Neo4jRestore", "Neo4jRestore": {"name":"test-restore-no-cluster","namespace":"test-failure-1750934075035366000-1750934075036586000"}, "namespace": "test-failure-1750934075035366000-1750934075036586000", "name": "test-restore-no-cluster", "reconcileID": "38c722a9-1ca5-4edc-adaa-c3e4aa5a7679", "error": "Neo4jEnterpriseCluster.neo4j.neo4j.com \"non-existent-cluster\" not found"}
  sigs.k8s.io/controller-runtime/pkg/internal/controller.(*Controller[...]).reconcileHandler
  	/Users/priyolahiri/go/pkg/mod/sigs.k8s.io/controller-runtime@v0.21.0/pkg/internal/controller/controller.go:353
  sigs.k8s.io/controller-runtime/pkg/internal/controller.(*Controller[...]).processNextWorkItem
  	/Users/priyolahiri/go/pkg/mod/sigs.k8s.io/controller-runtime@v0.21.0/pkg/internal/controller/controller.go:300
  sigs.k8s.io/controller-runtime/pkg/internal/controller.(*Controller[...]).Start.func2.1
  	/Users/priyolahiri/go/pkg/mod/sigs.k8s.io/controller-runtime@v0.21.0/pkg/internal/controller/controller.go:202
  2025-06-26T12:34:35+02:00	ERROR	Failed to get target cluster	{"controller": "neo4jrestore", "controllerGroup": "neo4j.neo4j.com", "controllerKind": "Neo4jRestore", "Neo4jRestore": {"name":"test-restore-no-backup","namespace":"test-failure-1750934075033706000-1750934075035488000"}, "namespace": "test-failure-1750934075033706000-1750934075035488000", "name": "test-restore-no-backup", "reconcileID": "9d1d7362-7eb0-4fdd-8754-500c7ef5c997", "error": "Neo4jEnterpriseCluster.neo4j.neo4j.com \"test-cluster\" not found"}
  github.com/neo4j-labs/neo4j-kubernetes-operator/internal/controller.(*Neo4jRestoreReconciler).Reconcile
  	/Users/priyolahiri/Code/neo4j-kubernetes-operator/internal/controller/neo4jrestore_controller.go:118
  sigs.k8s.io/controller-runtime/pkg/internal/controller.(*Controller[...]).Reconcile
  	/Users/priyolahiri/go/pkg/mod/sigs.k8s.io/controller-runtime@v0.21.0/pkg/internal/controller/controller.go:119
  sigs.k8s.io/controller-runtime/pkg/internal/controller.(*Controller[...]).reconcileHandler
  	/Users/priyolahiri/go/pkg/mod/sigs.k8s.io/controller-runtime@v0.21.0/pkg/internal/controller/controller.go:340
  sigs.k8s.io/controller-runtime/pkg/internal/controller.(*Controller[...]).processNextWorkItem
  	/Users/priyolahiri/go/pkg/mod/sigs.k8s.io/controller-runtime@v0.21.0/pkg/internal/controller/controller.go:300
  sigs.k8s.io/controller-runtime/pkg/internal/controller.(*Controller[...]).Start.func2.1
  	/Users/priyolahiri/go/pkg/mod/sigs.k8s.io/controller-runtime@v0.21.0/pkg/internal/controller/controller.go:202
  2025-06-26T12:34:35+02:00	INFO	Warning: Reconciler returned both a non-zero result and a non-nil error. The result will always be ignored if the error is non-nil and the non-nil error causes requeuing with exponential backoff. For more details, see: https://pkg.go.dev/sigs.k8s.io/controller-runtime/pkg/reconcile#Reconciler	{"controller": "neo4jbackup", "controllerGroup": "neo4j.neo4j.com", "controllerKind": "Neo4jBackup", "Neo4jBackup": {"name":"test-backup-no-cluster","namespace":"test-failure-1750934075031883000-1750934075034004000"}, "namespace": "test-failure-1750934075031883000-1750934075034004000", "name": "test-backup-no-cluster", "reconcileID": "f6ad7b7f-e158-4d32-8904-ae27cebb565a"}
  2025-06-26T12:34:35+02:00	ERROR	Reconciler error	{"controller": "neo4jbackup", "controllerGroup": "neo4j.neo4j.com", "controllerKind": "Neo4jBackup", "Neo4jBackup": {"name":"test-backup-no-cluster","namespace":"test-failure-1750934075031883000-1750934075034004000"}, "namespace": "test-failure-1750934075031883000-1750934075034004000", "name": "test-backup-no-cluster", "reconcileID": "f6ad7b7f-e158-4d32-8904-ae27cebb565a", "error": "Neo4jEnterpriseCluster.neo4j.neo4j.com \"non-existent-cluster\" not found"}
  sigs.k8s.io/controller-runtime/pkg/internal/controller.(*Controller[...]).reconcileHandler
  	/Users/priyolahiri/go/pkg/mod/sigs.k8s.io/controller-runtime@v0.21.0/pkg/internal/controller/controller.go:353
  sigs.k8s.io/controller-runtime/pkg/internal/controller.(*Controller[...]).processNextWorkItem
  	/Users/priyolahiri/go/pkg/mod/sigs.k8s.io/controller-runtime@v0.21.0/pkg/internal/controller/controller.go:300
  sigs.k8s.io/controller-runtime/pkg/internal/controller.(*Controller[...]).Start.func2.1
  	/Users/priyolahiri/go/pkg/mod/sigs.k8s.io/controller-runtime@v0.21.0/pkg/internal/controller/controller.go:202
  2025-06-26T12:34:35+02:00	ERROR	Failed to get target cluster	{"controller": "neo4jbackup", "controllerGroup": "neo4j.neo4j.com", "controllerKind": "Neo4jBackup", "Neo4jBackup": {"name":"test-backup-invalid-storage","namespace":"test-failure-1750934075033884000-1750934075035500000"}, "namespace": "test-failure-1750934075033884000-1750934075035500000", "name": "test-backup-invalid-storage", "reconcileID": "6b596285-21cc-462e-8dcf-d000a07b1e43", "error": "Neo4jEnterpriseCluster.neo4j.neo4j.com \"test-cluster\" not found"}
  github.com/neo4j-labs/neo4j-kubernetes-operator/internal/controller.(*Neo4jBackupReconciler).Reconcile
  	/Users/priyolahiri/Code/neo4j-kubernetes-operator/internal/controller/neo4jbackup_controller.go:106
  sigs.k8s.io/controller-runtime/pkg/internal/controller.(*Controller[...]).Reconcile
  	/Users/priyolahiri/go/pkg/mod/sigs.k8s.io/controller-runtime@v0.21.0/pkg/internal/controller/controller.go:119
  sigs.k8s.io/controller-runtime/pkg/internal/controller.(*Controller[...]).reconcileHandler
  	/Users/priyolahiri/go/pkg/mod/sigs.k8s.io/controller-runtime@v0.21.0/pkg/internal/controller/controller.go:340
  sigs.k8s.io/controller-runtime/pkg/internal/controller.(*Controller[...]).processNextWorkItem
  	/Users/priyolahiri/go/pkg/mod/sigs.k8s.io/controller-runtime@v0.21.0/pkg/internal/controller/controller.go:300
  sigs.k8s.io/controller-runtime/pkg/internal/controller.(*Controller[...]).Start.func2.1
  	/Users/priyolahiri/go/pkg/mod/sigs.k8s.io/controller-runtime@v0.21.0/pkg/internal/controller/controller.go:202
  2025-06-26T12:34:35+02:00	INFO	Warning: Reconciler returned both a non-zero result and a non-nil error. The result will always be ignored if the error is non-nil and the non-nil error causes requeuing with exponential backoff. For more details, see: https://pkg.go.dev/sigs.k8s.io/controller-runtime/pkg/reconcile#Reconciler	{"controller": "neo4jrestore", "controllerGroup": "neo4j.neo4j.com", "controllerKind": "Neo4jRestore", "Neo4jRestore": {"name":"test-restore-no-backup","namespace":"test-failure-1750934075033706000-1750934075035488000"}, "namespace": "test-failure-1750934075033706000-1750934075035488000", "name": "test-restore-no-backup", "reconcileID": "9d1d7362-7eb0-4fdd-8754-500c7ef5c997"}
  2025-06-26T12:34:35+02:00	ERROR	Reconciler error	{"controller": "neo4jrestore", "controllerGroup": "neo4j.neo4j.com", "controllerKind": "Neo4jRestore", "Neo4jRestore": {"name":"test-restore-no-backup","namespace":"test-failure-1750934075033706000-1750934075035488000"}, "namespace": "test-failure-1750934075033706000-1750934075035488000", "name": "test-restore-no-backup", "reconcileID": "9d1d7362-7eb0-4fdd-8754-500c7ef5c997", "error": "Neo4jEnterpriseCluster.neo4j.neo4j.com \"test-cluster\" not found"}
  sigs.k8s.io/controller-runtime/pkg/internal/controller.(*Controller[...]).reconcileHandler
  	/Users/priyolahiri/go/pkg/mod/sigs.k8s.io/controller-runtime@v0.21.0/pkg/internal/controller/controller.go:353
  sigs.k8s.io/controller-runtime/pkg/internal/controller.(*Controller[...]).processNextWorkItem
  	/Users/priyolahiri/go/pkg/mod/sigs.k8s.io/controller-runtime@v0.21.0/pkg/internal/controller/controller.go:300
  sigs.k8s.io/controller-runtime/pkg/internal/controller.(*Controller[...]).Start.func2.1
  	/Users/priyolahiri/go/pkg/mod/sigs.k8s.io/controller-runtime@v0.21.0/pkg/internal/controller/controller.go:202
  2025-06-26T12:34:35+02:00	ERROR	Failed to get target cluster	{"controller": "neo4jrestore", "controllerGroup": "neo4j.neo4j.com", "controllerKind": "Neo4jRestore", "Neo4jRestore": {"name":"test-restore-no-cluster","namespace":"test-failure-1750934075035366000-1750934075036586000"}, "namespace": "test-failure-1750934075035366000-1750934075036586000", "name": "test-restore-no-cluster", "reconcileID": "6b77377c-5153-47a7-93db-629b43682bfc", "error": "Neo4jEnterpriseCluster.neo4j.neo4j.com \"non-existent-cluster\" not found"}
  github.com/neo4j-labs/neo4j-kubernetes-operator/internal/controller.(*Neo4jRestoreReconciler).Reconcile
  	/Users/priyolahiri/Code/neo4j-kubernetes-operator/internal/controller/neo4jrestore_controller.go:118
  sigs.k8s.io/controller-runtime/pkg/internal/controller.(*Controller[...]).Reconcile
  	/Users/priyolahiri/go/pkg/mod/sigs.k8s.io/controller-runtime@v0.21.0/pkg/internal/controller/controller.go:119
  sigs.k8s.io/controller-runtime/pkg/internal/controller.(*Controller[...]).reconcileHandler
  	/Users/priyolahiri/go/pkg/mod/sigs.k8s.io/controller-runtime@v0.21.0/pkg/internal/controller/controller.go:340
  sigs.k8s.io/controller-runtime/pkg/internal/controller.(*Controller[...]).processNextWorkItem
  	/Users/priyolahiri/go/pkg/mod/sigs.k8s.io/controller-runtime@v0.21.0/pkg/internal/controller/controller.go:300
  sigs.k8s.io/controller-runtime/pkg/internal/controller.(*Controller[...]).Start.func2.1
  	/Users/priyolahiri/go/pkg/mod/sigs.k8s.io/controller-runtime@v0.21.0/pkg/internal/controller/controller.go:202
  2025-06-26T12:34:35+02:00	INFO	Warning: Reconciler returned both a non-zero result and a non-nil error. The result will always be ignored if the error is non-nil and the non-nil error causes requeuing with exponential backoff. For more details, see: https://pkg.go.dev/sigs.k8s.io/controller-runtime/pkg/reconcile#Reconciler	{"controller": "neo4jbackup", "controllerGroup": "neo4j.neo4j.com", "controllerKind": "Neo4jBackup", "Neo4jBackup": {"name":"test-backup-invalid-storage","namespace":"test-failure-1750934075033884000-1750934075035500000"}, "namespace": "test-failure-1750934075033884000-1750934075035500000", "name": "test-backup-invalid-storage", "reconcileID": "6b596285-21cc-462e-8dcf-d000a07b1e43"}
  2025-06-26T12:34:35+02:00	ERROR	Reconciler error	{"controller": "neo4jbackup", "controllerGroup": "neo4j.neo4j.com", "controllerKind": "Neo4jBackup", "Neo4jBackup": {"name":"test-backup-invalid-storage","namespace":"test-failure-1750934075033884000-1750934075035500000"}, "namespace": "test-failure-1750934075033884000-1750934075035500000", "name": "test-backup-invalid-storage", "reconcileID": "6b596285-21cc-462e-8dcf-d000a07b1e43", "error": "Neo4jEnterpriseCluster.neo4j.neo4j.com \"test-cluster\" not found"}
  sigs.k8s.io/controller-runtime/pkg/internal/controller.(*Controller[...]).reconcileHandler
  	/Users/priyolahiri/go/pkg/mod/sigs.k8s.io/controller-runtime@v0.21.0/pkg/internal/controller/controller.go:353
  sigs.k8s.io/controller-runtime/pkg/internal/controller.(*Controller[...]).processNextWorkItem
  	/Users/priyolahiri/go/pkg/mod/sigs.k8s.io/controller-runtime@v0.21.0/pkg/internal/controller/controller.go:300
  sigs.k8s.io/controller-runtime/pkg/internal/controller.(*Controller[...]).Start.func2.1
  	/Users/priyolahiri/go/pkg/mod/sigs.k8s.io/controller-runtime@v0.21.0/pkg/internal/controller/controller.go:202
  2025-06-26T12:34:35+02:00	ERROR	Failed to get target cluster	{"controller": "neo4jbackup", "controllerGroup": "neo4j.neo4j.com", "controllerKind": "Neo4jBackup", "Neo4jBackup": {"name":"test-backup-invalid-storage","namespace":"test-failure-1750934075033884000-1750934075035500000"}, "namespace": "test-failure-1750934075033884000-1750934075035500000", "name": "test-backup-invalid-storage", "reconcileID": "5481daa0-7ce8-4887-8c43-2abf6217c9ac", "error": "Neo4jEnterpriseCluster.neo4j.neo4j.com \"test-cluster\" not found"}
  github.com/neo4j-labs/neo4j-kubernetes-operator/internal/controller.(*Neo4jBackupReconciler).Reconcile
  	/Users/priyolahiri/Code/neo4j-kubernetes-operator/internal/controller/neo4jbackup_controller.go:106
  sigs.k8s.io/controller-runtime/pkg/internal/controller.(*Controller[...]).Reconcile
  	/Users/priyolahiri/go/pkg/mod/sigs.k8s.io/controller-runtime@v0.21.0/pkg/internal/controller/controller.go:119
  sigs.k8s.io/controller-runtime/pkg/internal/controller.(*Controller[...]).reconcileHandler
  	/Users/priyolahiri/go/pkg/mod/sigs.k8s.io/controller-runtime@v0.21.0/pkg/internal/controller/controller.go:340
  sigs.k8s.io/controller-runtime/pkg/internal/controller.(*Controller[...]).processNextWorkItem
  	/Users/priyolahiri/go/pkg/mod/sigs.k8s.io/controller-runtime@v0.21.0/pkg/internal/controller/controller.go:300
  sigs.k8s.io/controller-runtime/pkg/internal/controller.(*Controller[...]).Start.func2.1
  	/Users/priyolahiri/go/pkg/mod/sigs.k8s.io/controller-runtime@v0.21.0/pkg/internal/controller/controller.go:202
  2025-06-26T12:34:35+02:00	INFO	Warning: Reconciler returned both a non-zero result and a non-nil error. The result will always be ignored if the error is non-nil and the non-nil error causes requeuing with exponential backoff. For more details, see: https://pkg.go.dev/sigs.k8s.io/controller-runtime/pkg/reconcile#Reconciler	{"controller": "neo4jrestore", "controllerGroup": "neo4j.neo4j.com", "controllerKind": "Neo4jRestore", "Neo4jRestore": {"name":"test-restore-no-cluster","namespace":"test-failure-1750934075035366000-1750934075036586000"}, "namespace": "test-failure-1750934075035366000-1750934075036586000", "name": "test-restore-no-cluster", "reconcileID": "6b77377c-5153-47a7-93db-629b43682bfc"}
  2025-06-26T12:34:35+02:00	ERROR	Reconciler error	{"controller": "neo4jrestore", "controllerGroup": "neo4j.neo4j.com", "controllerKind": "Neo4jRestore", "Neo4jRestore": {"name":"test-restore-no-cluster","namespace":"test-failure-1750934075035366000-1750934075036586000"}, "namespace": "test-failure-1750934075035366000-1750934075036586000", "name": "test-restore-no-cluster", "reconcileID": "6b77377c-5153-47a7-93db-629b43682bfc", "error": "Neo4jEnterpriseCluster.neo4j.neo4j.com \"non-existent-cluster\" not found"}
  sigs.k8s.io/controller-runtime/pkg/internal/controller.(*Controller[...]).reconcileHandler
  	/Users/priyolahiri/go/pkg/mod/sigs.k8s.io/controller-runtime@v0.21.0/pkg/internal/controller/controller.go:353
  sigs.k8s.io/controller-runtime/pkg/internal/controller.(*Controller[...]).processNextWorkItem
  	/Users/priyolahiri/go/pkg/mod/sigs.k8s.io/controller-runtime@v0.21.0/pkg/internal/controller/controller.go:300
  sigs.k8s.io/controller-runtime/pkg/internal/controller.(*Controller[...]).Start.func2.1
  	/Users/priyolahiri/go/pkg/mod/sigs.k8s.io/controller-runtime@v0.21.0/pkg/internal/controller/controller.go:202
  2025-06-26T12:34:35+02:00	ERROR	Failed to get target cluster	{"controller": "neo4jrestore", "controllerGroup": "neo4j.neo4j.com", "controllerKind": "Neo4jRestore", "Neo4jRestore": {"name":"test-restore-no-cluster","namespace":"test-failure-1750934075035366000-1750934075036586000"}, "namespace": "test-failure-1750934075035366000-1750934075036586000", "name": "test-restore-no-cluster", "reconcileID": "3000954a-d077-44dd-bf83-8418a09adb06", "error": "Neo4jEnterpriseCluster.neo4j.neo4j.com \"non-existent-cluster\" not found"}
  github.com/neo4j-labs/neo4j-kubernetes-operator/internal/controller.(*Neo4jRestoreReconciler).Reconcile
  	/Users/priyolahiri/Code/neo4j-kubernetes-operator/internal/controller/neo4jrestore_controller.go:118
  sigs.k8s.io/controller-runtime/pkg/internal/controller.(*Controller[...]).Reconcile
  	/Users/priyolahiri/go/pkg/mod/sigs.k8s.io/controller-runtime@v0.21.0/pkg/internal/controller/controller.go:119
  sigs.k8s.io/controller-runtime/pkg/internal/controller.(*Controller[...]).reconcileHandler
  	/Users/priyolahiri/go/pkg/mod/sigs.k8s.io/controller-runtime@v0.21.0/pkg/internal/controller/controller.go:340
  sigs.k8s.io/controller-runtime/pkg/internal/controller.(*Controller[...]).processNextWorkItem
  	/Users/priyolahiri/go/pkg/mod/sigs.k8s.io/controller-runtime@v0.21.0/pkg/internal/controller/controller.go:300
  sigs.k8s.io/controller-runtime/pkg/internal/controller.(*Controller[...]).Start.func2.1
  	/Users/priyolahiri/go/pkg/mod/sigs.k8s.io/controller-runtime@v0.21.0/pkg/internal/controller/controller.go:202
  2025-06-26T12:34:35+02:00	INFO	Warning: Reconciler returned both a non-zero result and a non-nil error. The result will always be ignored if the error is non-nil and the non-nil error causes requeuing with exponential backoff. For more details, see: https://pkg.go.dev/sigs.k8s.io/controller-runtime/pkg/reconcile#Reconciler	{"controller": "neo4jbackup", "controllerGroup": "neo4j.neo4j.com", "controllerKind": "Neo4jBackup", "Neo4jBackup": {"name":"test-backup-invalid-storage","namespace":"test-failure-1750934075033884000-1750934075035500000"}, "namespace": "test-failure-1750934075033884000-1750934075035500000", "name": "test-backup-invalid-storage", "reconcileID": "5481daa0-7ce8-4887-8c43-2abf6217c9ac"}
  2025-06-26T12:34:35+02:00	ERROR	Reconciler error	{"controller": "neo4jbackup", "controllerGroup": "neo4j.neo4j.com", "controllerKind": "Neo4jBackup", "Neo4jBackup": {"name":"test-backup-invalid-storage","namespace":"test-failure-1750934075033884000-1750934075035500000"}, "namespace": "test-failure-1750934075033884000-1750934075035500000", "name": "test-backup-invalid-storage", "reconcileID": "5481daa0-7ce8-4887-8c43-2abf6217c9ac", "error": "Neo4jEnterpriseCluster.neo4j.neo4j.com \"test-cluster\" not found"}
  sigs.k8s.io/controller-runtime/pkg/internal/controller.(*Controller[...]).reconcileHandler
  	/Users/priyolahiri/go/pkg/mod/sigs.k8s.io/controller-runtime@v0.21.0/pkg/internal/controller/controller.go:353
  sigs.k8s.io/controller-runtime/pkg/internal/controller.(*Controller[...]).processNextWorkItem
  	/Users/priyolahiri/go/pkg/mod/sigs.k8s.io/controller-runtime@v0.21.0/pkg/internal/controller/controller.go:300
  sigs.k8s.io/controller-runtime/pkg/internal/controller.(*Controller[...]).Start.func2.1
  	/Users/priyolahiri/go/pkg/mod/sigs.k8s.io/controller-runtime@v0.21.0/pkg/internal/controller/controller.go:202
  2025-06-26T12:34:35+02:00	ERROR	Failed to get target cluster	{"controller": "neo4jbackup", "controllerGroup": "neo4j.neo4j.com", "controllerKind": "Neo4jBackup", "Neo4jBackup": {"name":"test-backup-no-cluster","namespace":"test-failure-1750934075031883000-1750934075034004000"}, "namespace": "test-failure-1750934075031883000-1750934075034004000", "name": "test-backup-no-cluster", "reconcileID": "089c9574-5638-492b-8c44-2dcb8d956ef4", "error": "Neo4jEnterpriseCluster.neo4j.neo4j.com \"non-existent-cluster\" not found"}
  github.com/neo4j-labs/neo4j-kubernetes-operator/internal/controller.(*Neo4jBackupReconciler).Reconcile
  	/Users/priyolahiri/Code/neo4j-kubernetes-operator/internal/controller/neo4jbackup_controller.go:106
  sigs.k8s.io/controller-runtime/pkg/internal/controller.(*Controller[...]).Reconcile
  	/Users/priyolahiri/go/pkg/mod/sigs.k8s.io/controller-runtime@v0.21.0/pkg/internal/controller/controller.go:119
  sigs.k8s.io/controller-runtime/pkg/internal/controller.(*Controller[...]).reconcileHandler
  	/Users/priyolahiri/go/pkg/mod/sigs.k8s.io/controller-runtime@v0.21.0/pkg/internal/controller/controller.go:340
  sigs.k8s.io/controller-runtime/pkg/internal/controller.(*Controller[...]).processNextWorkItem
  	/Users/priyolahiri/go/pkg/mod/sigs.k8s.io/controller-runtime@v0.21.0/pkg/internal/controller/controller.go:300
  sigs.k8s.io/controller-runtime/pkg/internal/controller.(*Controller[...]).Start.func2.1
  	/Users/priyolahiri/go/pkg/mod/sigs.k8s.io/controller-runtime@v0.21.0/pkg/internal/controller/controller.go:202
  2025-06-26T12:34:35+02:00	INFO	Warning: Reconciler returned both a non-zero result and a non-nil error. The result will always be ignored if the error is non-nil and the non-nil error causes requeuing with exponential backoff. For more details, see: https://pkg.go.dev/sigs.k8s.io/controller-runtime/pkg/reconcile#Reconciler	{"controller": "neo4jrestore", "controllerGroup": "neo4j.neo4j.com", "controllerKind": "Neo4jRestore", "Neo4jRestore": {"name":"test-restore-no-cluster","namespace":"test-failure-1750934075035366000-1750934075036586000"}, "namespace": "test-failure-1750934075035366000-1750934075036586000", "name": "test-restore-no-cluster", "reconcileID": "3000954a-d077-44dd-bf83-8418a09adb06"}
  2025-06-26T12:34:35+02:00	ERROR	Reconciler error	{"controller": "neo4jrestore", "controllerGroup": "neo4j.neo4j.com", "controllerKind": "Neo4jRestore", "Neo4jRestore": {"name":"test-restore-no-cluster","namespace":"test-failure-1750934075035366000-1750934075036586000"}, "namespace": "test-failure-1750934075035366000-1750934075036586000", "name": "test-restore-no-cluster", "reconcileID": "3000954a-d077-44dd-bf83-8418a09adb06", "error": "Neo4jEnterpriseCluster.neo4j.neo4j.com \"non-existent-cluster\" not found"}
  sigs.k8s.io/controller-runtime/pkg/internal/controller.(*Controller[...]).reconcileHandler
  	/Users/priyolahiri/go/pkg/mod/sigs.k8s.io/controller-runtime@v0.21.0/pkg/internal/controller/controller.go:353
  sigs.k8s.io/controller-runtime/pkg/internal/controller.(*Controller[...]).processNextWorkItem
  	/Users/priyolahiri/go/pkg/mod/sigs.k8s.io/controller-runtime@v0.21.0/pkg/internal/controller/controller.go:300
  sigs.k8s.io/controller-runtime/pkg/internal/controller.(*Controller[...]).Start.func2.1
  	/Users/priyolahiri/go/pkg/mod/sigs.k8s.io/controller-runtime@v0.21.0/pkg/internal/controller/controller.go:202
  2025-06-26T12:34:35+02:00	INFO	Warning: Reconciler returned both a non-zero result and a non-nil error. The result will always be ignored if the error is non-nil and the non-nil error causes requeuing with exponential backoff. For more details, see: https://pkg.go.dev/sigs.k8s.io/controller-runtime/pkg/reconcile#Reconciler	{"controller": "neo4jbackup", "controllerGroup": "neo4j.neo4j.com", "controllerKind": "Neo4jBackup", "Neo4jBackup": {"name":"test-backup-no-cluster","namespace":"test-failure-1750934075031883000-1750934075034004000"}, "namespace": "test-failure-1750934075031883000-1750934075034004000", "name": "test-backup-no-cluster", "reconcileID": "089c9574-5638-492b-8c44-2dcb8d956ef4"}
  2025-06-26T12:34:35+02:00	ERROR	Reconciler error	{"controller": "neo4jbackup", "controllerGroup": "neo4j.neo4j.com", "controllerKind": "Neo4jBackup", "Neo4jBackup": {"name":"test-backup-no-cluster","namespace":"test-failure-1750934075031883000-1750934075034004000"}, "namespace": "test-failure-1750934075031883000-1750934075034004000", "name": "test-backup-no-cluster", "reconcileID": "089c9574-5638-492b-8c44-2dcb8d956ef4", "error": "Neo4jEnterpriseCluster.neo4j.neo4j.com \"non-existent-cluster\" not found"}
  sigs.k8s.io/controller-runtime/pkg/internal/controller.(*Controller[...]).reconcileHandler
  	/Users/priyolahiri/go/pkg/mod/sigs.k8s.io/controller-runtime@v0.21.0/pkg/internal/controller/controller.go:353
  sigs.k8s.io/controller-runtime/pkg/internal/controller.(*Controller[...]).processNextWorkItem
  	/Users/priyolahiri/go/pkg/mod/sigs.k8s.io/controller-runtime@v0.21.0/pkg/internal/controller/controller.go:300
  sigs.k8s.io/controller-runtime/pkg/internal/controller.(*Controller[...]).Start.func2.1
  	/Users/priyolahiri/go/pkg/mod/sigs.k8s.io/controller-runtime@v0.21.0/pkg/internal/controller/controller.go:202
  2025-06-26T12:34:35+02:00	ERROR	Failed to get target cluster	{"controller": "neo4jrestore", "controllerGroup": "neo4j.neo4j.com", "controllerKind": "Neo4jRestore", "Neo4jRestore": {"name":"test-restore-no-backup","namespace":"test-failure-1750934075033706000-1750934075035488000"}, "namespace": "test-failure-1750934075033706000-1750934075035488000", "name": "test-restore-no-backup", "reconcileID": "df18b39f-8c80-4d35-b9e0-8edd18e45539", "error": "Neo4jEnterpriseCluster.neo4j.neo4j.com \"test-cluster\" not found"}
  github.com/neo4j-labs/neo4j-kubernetes-operator/internal/controller.(*Neo4jRestoreReconciler).Reconcile
  	/Users/priyolahiri/Code/neo4j-kubernetes-operator/internal/controller/neo4jrestore_controller.go:118
  sigs.k8s.io/controller-runtime/pkg/internal/controller.(*Controller[...]).Reconcile
  	/Users/priyolahiri/go/pkg/mod/sigs.k8s.io/controller-runtime@v0.21.0/pkg/internal/controller/controller.go:119
  sigs.k8s.io/controller-runtime/pkg/internal/controller.(*Controller[...]).reconcileHandler
  	/Users/priyolahiri/go/pkg/mod/sigs.k8s.io/controller-runtime@v0.21.0/pkg/internal/controller/controller.go:340
  sigs.k8s.io/controller-runtime/pkg/internal/controller.(*Controller[...]).processNextWorkItem
  	/Users/priyolahiri/go/pkg/mod/sigs.k8s.io/controller-runtime@v0.21.0/pkg/internal/controller/controller.go:300
  sigs.k8s.io/controller-runtime/pkg/internal/controller.(*Controller[...]).Start.func2.1
  	/Users/priyolahiri/go/pkg/mod/sigs.k8s.io/controller-runtime@v0.21.0/pkg/internal/controller/controller.go:202
  2025-06-26T12:34:35+02:00	INFO	Warning: Reconciler returned both a non-zero result and a non-nil error. The result will always be ignored if the error is non-nil and the non-nil error causes requeuing with exponential backoff. For more details, see: https://pkg.go.dev/sigs.k8s.io/controller-runtime/pkg/reconcile#Reconciler	{"controller": "neo4jrestore", "controllerGroup": "neo4j.neo4j.com", "controllerKind": "Neo4jRestore", "Neo4jRestore": {"name":"test-restore-no-backup","namespace":"test-failure-1750934075033706000-1750934075035488000"}, "namespace": "test-failure-1750934075033706000-1750934075035488000", "name": "test-restore-no-backup", "reconcileID": "df18b39f-8c80-4d35-b9e0-8edd18e45539"}
  2025-06-26T12:34:35+02:00	ERROR	Reconciler error	{"controller": "neo4jrestore", "controllerGroup": "neo4j.neo4j.com", "controllerKind": "Neo4jRestore", "Neo4jRestore": {"name":"test-restore-no-backup","namespace":"test-failure-1750934075033706000-1750934075035488000"}, "namespace": "test-failure-1750934075033706000-1750934075035488000", "name": "test-restore-no-backup", "reconcileID": "df18b39f-8c80-4d35-b9e0-8edd18e45539", "error": "Neo4jEnterpriseCluster.neo4j.neo4j.com \"test-cluster\" not found"}
  sigs.k8s.io/controller-runtime/pkg/internal/controller.(*Controller[...]).reconcileHandler
  	/Users/priyolahiri/go/pkg/mod/sigs.k8s.io/controller-runtime@v0.21.0/pkg/internal/controller/controller.go:353
  sigs.k8s.io/controller-runtime/pkg/internal/controller.(*Controller[...]).processNextWorkItem
  	/Users/priyolahiri/go/pkg/mod/sigs.k8s.io/controller-runtime@v0.21.0/pkg/internal/controller/controller.go:300
  sigs.k8s.io/controller-runtime/pkg/internal/controller.(*Controller[...]).Start.func2.1
  	/Users/priyolahiri/go/pkg/mod/sigs.k8s.io/controller-runtime@v0.21.0/pkg/internal/controller/controller.go:202
  2025-06-26T12:34:35+02:00	ERROR	Failed to get target cluster	{"controller": "neo4jbackup", "controllerGroup": "neo4j.neo4j.com", "controllerKind": "Neo4jBackup", "Neo4jBackup": {"name":"test-backup-invalid-storage","namespace":"test-failure-1750934075033884000-1750934075035500000"}, "namespace": "test-failure-1750934075033884000-1750934075035500000", "name": "test-backup-invalid-storage", "reconcileID": "9caa6489-4cce-49e7-a7f1-c99ec599e739", "error": "Neo4jEnterpriseCluster.neo4j.neo4j.com \"test-cluster\" not found"}
  github.com/neo4j-labs/neo4j-kubernetes-operator/internal/controller.(*Neo4jBackupReconciler).Reconcile
  	/Users/priyolahiri/Code/neo4j-kubernetes-operator/internal/controller/neo4jbackup_controller.go:106
  sigs.k8s.io/controller-runtime/pkg/internal/controller.(*Controller[...]).Reconcile
  	/Users/priyolahiri/go/pkg/mod/sigs.k8s.io/controller-runtime@v0.21.0/pkg/internal/controller/controller.go:119
  sigs.k8s.io/controller-runtime/pkg/internal/controller.(*Controller[...]).reconcileHandler
  	/Users/priyolahiri/go/pkg/mod/sigs.k8s.io/controller-runtime@v0.21.0/pkg/internal/controller/controller.go:340
  sigs.k8s.io/controller-runtime/pkg/internal/controller.(*Controller[...]).processNextWorkItem
  	/Users/priyolahiri/go/pkg/mod/sigs.k8s.io/controller-runtime@v0.21.0/pkg/internal/controller/controller.go:300
  sigs.k8s.io/controller-runtime/pkg/internal/controller.(*Controller[...]).Start.func2.1
  	/Users/priyolahiri/go/pkg/mod/sigs.k8s.io/controller-runtime@v0.21.0/pkg/internal/controller/controller.go:202
  [38;5;9m[FAILED][0m in [It] - /Users/priyolahiri/Code/neo4j-kubernetes-operator/test/integration/enterprise_features_test.go:263 [38;5;243m@ 06/26/25 12:34:35.236[0m
  2025-06-26T12:34:35+02:00	ERROR	Failed to get target cluster	{"controller": "neo4jrestore", "controllerGroup": "neo4j.neo4j.com", "controllerKind": "Neo4jRestore", "Neo4jRestore": {"name":"test-restore-no-backup","namespace":"test-failure-1750934075033706000-1750934075035488000"}, "namespace": "test-failure-1750934075033706000-1750934075035488000", "name": "test-restore-no-backup", "reconcileID": "fdfe489a-9bb3-430d-9751-10bc48c0aabc", "error": "Neo4jEnterpriseCluster.neo4j.neo4j.com \"test-cluster\" not found"}
  github.com/neo4j-labs/neo4j-kubernetes-operator/internal/controller.(*Neo4jRestoreReconciler).Reconcile
  	/Users/priyolahiri/Code/neo4j-kubernetes-operator/internal/controller/neo4jrestore_controller.go:118
  sigs.k8s.io/controller-runtime/pkg/internal/controller.(*Controller[...]).Reconcile
  	/Users/priyolahiri/go/pkg/mod/sigs.k8s.io/controller-runtime@v0.21.0/pkg/internal/controller/controller.go:119
  sigs.k8s.io/controller-runtime/pkg/internal/controller.(*Controller[...]).reconcileHandler
  	/Users/priyolahiri/go/pkg/mod/sigs.k8s.io/controller-runtime@v0.21.0/pkg/internal/controller/controller.go:340
  sigs.k8s.io/controller-runtime/pkg/internal/controller.(*Controller[...]).processNextWorkItem
  	/Users/priyolahiri/go/pkg/mod/sigs.k8s.io/controller-runtime@v0.21.0/pkg/internal/controller/controller.go:300
  sigs.k8s.io/controller-runtime/pkg/internal/controller.(*Controller[...]).Start.func2.1
  	/Users/priyolahiri/go/pkg/mod/sigs.k8s.io/controller-runtime@v0.21.0/pkg/internal/controller/controller.go:202
  2025-06-26T12:34:35+02:00	INFO	Warning: Reconciler returned both a non-zero result and a non-nil error. The result will always be ignored if the error is non-nil and the non-nil error causes requeuing with exponential backoff. For more details, see: https://pkg.go.dev/sigs.k8s.io/controller-runtime/pkg/reconcile#Reconciler	{"controller": "neo4jbackup", "controllerGroup": "neo4j.neo4j.com", "controllerKind": "Neo4jBackup", "Neo4jBackup": {"name":"test-backup-invalid-storage","namespace":"test-failure-1750934075033884000-1750934075035500000"}, "namespace": "test-failure-1750934075033884000-1750934075035500000", "name": "test-backup-invalid-storage", "reconcileID": "9caa6489-4cce-49e7-a7f1-c99ec599e739"}
  2025-06-26T12:34:35+02:00	ERROR	Reconciler error	{"controller": "neo4jbackup", "controllerGroup": "neo4j.neo4j.com", "controllerKind": "Neo4jBackup", "Neo4jBackup": {"name":"test-backup-invalid-storage","namespace":"test-failure-1750934075033884000-1750934075035500000"}, "namespace": "test-failure-1750934075033884000-1750934075035500000", "name": "test-backup-invalid-storage", "reconcileID": "9caa6489-4cce-49e7-a7f1-c99ec599e739", "error": "Neo4jEnterpriseCluster.neo4j.neo4j.com \"test-cluster\" not found"}
  sigs.k8s.io/controller-runtime/pkg/internal/controller.(*Controller[...]).reconcileHandler
  	/Users/priyolahiri/go/pkg/mod/sigs.k8s.io/controller-runtime@v0.21.0/pkg/internal/controller/controller.go:353
  sigs.k8s.io/controller-runtime/pkg/internal/controller.(*Controller[...]).processNextWorkItem
  	/Users/priyolahiri/go/pkg/mod/sigs.k8s.io/controller-runtime@v0.21.0/pkg/internal/controller/controller.go:300
  sigs.k8s.io/controller-runtime/pkg/internal/controller.(*Controller[...]).Start.func2.1
  	/Users/priyolahiri/go/pkg/mod/sigs.k8s.io/controller-runtime@v0.21.0/pkg/internal/controller/controller.go:202
  2025-06-26T12:34:35+02:00	ERROR	Failed to get target cluster	{"controller": "neo4jbackup", "controllerGroup": "neo4j.neo4j.com", "controllerKind": "Neo4jBackup", "Neo4jBackup": {"name":"test-backup-no-cluster","namespace":"test-failure-1750934075031883000-1750934075034004000"}, "namespace": "test-failure-1750934075031883000-1750934075034004000", "name": "test-backup-no-cluster", "reconcileID": "890cdd9f-015d-4f7f-ab7d-eb3d05fc1ac1", "error": "Neo4jEnterpriseCluster.neo4j.neo4j.com \"non-existent-cluster\" not found"}
  github.com/neo4j-labs/neo4j-kubernetes-operator/internal/controller.(*Neo4jBackupReconciler).Reconcile
  	/Users/priyolahiri/Code/neo4j-kubernetes-operator/internal/controller/neo4jbackup_controller.go:106
  sigs.k8s.io/controller-runtime/pkg/internal/controller.(*Controller[...]).Reconcile
  	/Users/priyolahiri/go/pkg/mod/sigs.k8s.io/controller-runtime@v0.21.0/pkg/internal/controller/controller.go:119
  sigs.k8s.io/controller-runtime/pkg/internal/controller.(*Controller[...]).reconcileHandler
  	/Users/priyolahiri/go/pkg/mod/sigs.k8s.io/controller-runtime@v0.21.0/pkg/internal/controller/controller.go:340
  sigs.k8s.io/controller-runtime/pkg/internal/controller.(*Controller[...]).processNextWorkItem
  	/Users/priyolahiri/go/pkg/mod/sigs.k8s.io/controller-runtime@v0.21.0/pkg/internal/controller/controller.go:300
  sigs.k8s.io/controller-runtime/pkg/internal/controller.(*Controller[...]).Start.func2.1
  	/Users/priyolahiri/go/pkg/mod/sigs.k8s.io/controller-runtime@v0.21.0/pkg/internal/controller/controller.go:202
  2025-06-26T12:34:35+02:00	INFO	Warning: Reconciler returned both a non-zero result and a non-nil error. The result will always be ignored if the error is non-nil and the non-nil error causes requeuing with exponential backoff. For more details, see: https://pkg.go.dev/sigs.k8s.io/controller-runtime/pkg/reconcile#Reconciler	{"controller": "neo4jrestore", "controllerGroup": "neo4j.neo4j.com", "controllerKind": "Neo4jRestore", "Neo4jRestore": {"name":"test-restore-no-backup","namespace":"test-failure-1750934075033706000-1750934075035488000"}, "namespace": "test-failure-1750934075033706000-1750934075035488000", "name": "test-restore-no-backup", "reconcileID": "fdfe489a-9bb3-430d-9751-10bc48c0aabc"}
  2025-06-26T12:34:35+02:00	ERROR	Reconciler error	{"controller": "neo4jrestore", "controllerGroup": "neo4j.neo4j.com", "controllerKind": "Neo4jRestore", "Neo4jRestore": {"name":"test-restore-no-backup","namespace":"test-failure-1750934075033706000-1750934075035488000"}, "namespace": "test-failure-1750934075033706000-1750934075035488000", "name": "test-restore-no-backup", "reconcileID": "fdfe489a-9bb3-430d-9751-10bc48c0aabc", "error": "Neo4jEnterpriseCluster.neo4j.neo4j.com \"test-cluster\" not found"}
  sigs.k8s.io/controller-runtime/pkg/internal/controller.(*Controller[...]).reconcileHandler
  	/Users/priyolahiri/go/pkg/mod/sigs.k8s.io/controller-runtime@v0.21.0/pkg/internal/controller/controller.go:353
  sigs.k8s.io/controller-runtime/pkg/internal/controller.(*Controller[...]).processNextWorkItem
  	/Users/priyolahiri/go/pkg/mod/sigs.k8s.io/controller-runtime@v0.21.0/pkg/internal/controller/controller.go:300
  sigs.k8s.io/controller-runtime/pkg/internal/controller.(*Controller[...]).Start.func2.1
  	/Users/priyolahiri/go/pkg/mod/sigs.k8s.io/controller-runtime@v0.21.0/pkg/internal/controller/controller.go:202
  2025-06-26T12:34:35+02:00	ERROR	Failed to get target cluster	{"controller": "neo4jrestore", "controllerGroup": "neo4j.neo4j.com", "controllerKind": "Neo4jRestore", "Neo4jRestore": {"name":"test-restore-no-cluster","namespace":"test-failure-1750934075035366000-1750934075036586000"}, "namespace": "test-failure-1750934075035366000-1750934075036586000", "name": "test-restore-no-cluster", "reconcileID": "7ae8318a-fd89-4cb2-8790-7e4a8d12929e", "error": "Neo4jEnterpriseCluster.neo4j.neo4j.com \"non-existent-cluster\" not found"}
  github.com/neo4j-labs/neo4j-kubernetes-operator/internal/controller.(*Neo4jRestoreReconciler).Reconcile
  	/Users/priyolahiri/Code/neo4j-kubernetes-operator/internal/controller/neo4jrestore_controller.go:118
  sigs.k8s.io/controller-runtime/pkg/internal/controller.(*Controller[...]).Reconcile
  	/Users/priyolahiri/go/pkg/mod/sigs.k8s.io/controller-runtime@v0.21.0/pkg/internal/controller/controller.go:119
  sigs.k8s.io/controller-runtime/pkg/internal/controller.(*Controller[...]).reconcileHandler
  	/Users/priyolahiri/go/pkg/mod/sigs.k8s.io/controller-runtime@v0.21.0/pkg/internal/controller/controller.go:340
  sigs.k8s.io/controller-runtime/pkg/internal/controller.(*Controller[...]).processNextWorkItem
  	/Users/priyolahiri/go/pkg/mod/sigs.k8s.io/controller-runtime@v0.21.0/pkg/internal/controller/controller.go:300
  sigs.k8s.io/controller-runtime/pkg/internal/controller.(*Controller[...]).Start.func2.1
  	/Users/priyolahiri/go/pkg/mod/sigs.k8s.io/controller-runtime@v0.21.0/pkg/internal/controller/controller.go:202
  2025-06-26T12:34:35+02:00	INFO	Warning: Reconciler returned both a non-zero result and a non-nil error. The result will always be ignored if the error is non-nil and the non-nil error causes requeuing with exponential backoff. For more details, see: https://pkg.go.dev/sigs.k8s.io/controller-runtime/pkg/reconcile#Reconciler	{"controller": "neo4jbackup", "controllerGroup": "neo4j.neo4j.com", "controllerKind": "Neo4jBackup", "Neo4jBackup": {"name":"test-backup-no-cluster","namespace":"test-failure-1750934075031883000-1750934075034004000"}, "namespace": "test-failure-1750934075031883000-1750934075034004000", "name": "test-backup-no-cluster", "reconcileID": "890cdd9f-015d-4f7f-ab7d-eb3d05fc1ac1"}
  2025-06-26T12:34:35+02:00	ERROR	Reconciler error	{"controller": "neo4jbackup", "controllerGroup": "neo4j.neo4j.com", "controllerKind": "Neo4jBackup", "Neo4jBackup": {"name":"test-backup-no-cluster","namespace":"test-failure-1750934075031883000-1750934075034004000"}, "namespace": "test-failure-1750934075031883000-1750934075034004000", "name": "test-backup-no-cluster", "reconcileID": "890cdd9f-015d-4f7f-ab7d-eb3d05fc1ac1", "error": "Neo4jEnterpriseCluster.neo4j.neo4j.com \"non-existent-cluster\" not found"}
  sigs.k8s.io/controller-runtime/pkg/internal/controller.(*Controller[...]).reconcileHandler
  	/Users/priyolahiri/go/pkg/mod/sigs.k8s.io/controller-runtime@v0.21.0/pkg/internal/controller/controller.go:353
  sigs.k8s.io/controller-runtime/pkg/internal/controller.(*Controller[...]).processNextWorkItem
  	/Users/priyolahiri/go/pkg/mod/sigs.k8s.io/controller-runtime@v0.21.0/pkg/internal/controller/controller.go:300
  sigs.k8s.io/controller-runtime/pkg/internal/controller.(*Controller[...]).Start.func2.1
  	/Users/priyolahiri/go/pkg/mod/sigs.k8s.io/controller-runtime@v0.21.0/pkg/internal/controller/controller.go:202
  2025-06-26T12:34:35+02:00	INFO	Warning: Reconciler returned both a non-zero result and a non-nil error. The result will always be ignored if the error is non-nil and the non-nil error causes requeuing with exponential backoff. For more details, see: https://pkg.go.dev/sigs.k8s.io/controller-runtime/pkg/reconcile#Reconciler	{"controller": "neo4jrestore", "controllerGroup": "neo4j.neo4j.com", "controllerKind": "Neo4jRestore", "Neo4jRestore": {"name":"test-restore-no-cluster","namespace":"test-failure-1750934075035366000-1750934075036586000"}, "namespace": "test-failure-1750934075035366000-1750934075036586000", "name": "test-restore-no-cluster", "reconcileID": "7ae8318a-fd89-4cb2-8790-7e4a8d12929e"}
  2025-06-26T12:34:35+02:00	ERROR	Reconciler error	{"controller": "neo4jrestore", "controllerGroup": "neo4j.neo4j.com", "controllerKind": "Neo4jRestore", "Neo4jRestore": {"name":"test-restore-no-cluster","namespace":"test-failure-1750934075035366000-1750934075036586000"}, "namespace": "test-failure-1750934075035366000-1750934075036586000", "name": "test-restore-no-cluster", "reconcileID": "7ae8318a-fd89-4cb2-8790-7e4a8d12929e", "error": "Neo4jEnterpriseCluster.neo4j.neo4j.com \"non-existent-cluster\" not found"}
  sigs.k8s.io/controller-runtime/pkg/internal/controller.(*Controller[...]).reconcileHandler
  	/Users/priyolahiri/go/pkg/mod/sigs.k8s.io/controller-runtime@v0.21.0/pkg/internal/controller/controller.go:353
  sigs.k8s.io/controller-runtime/pkg/internal/controller.(*Controller[...]).processNextWorkItem
  	/Users/priyolahiri/go/pkg/mod/sigs.k8s.io/controller-runtime@v0.21.0/pkg/internal/controller/controller.go:300
  sigs.k8s.io/controller-runtime/pkg/internal/controller.(*Controller[...]).Start.func2.1
  	/Users/priyolahiri/go/pkg/mod/sigs.k8s.io/controller-runtime@v0.21.0/pkg/internal/controller/controller.go:202
  [38;5;243m<< Timeline[0m

  [38;5;9m[FAILED] Expected success, but got an error:
      <*errors.StatusError | 0x140006fe960>:
      admission webhook "vneo4jenterprisecluster.kb.io" denied the request: spec.tls.issuerRef.name: Required value: issuer name must be specified when using cert-manager
      {
          ErrStatus: {
              TypeMeta: {Kind: "", APIVersion: ""},
              ListMeta: {
                  SelfLink: "",
                  ResourceVersion: "",
                  Continue: "",
                  RemainingItemCount: nil,
              },
              Status: "Failure",
              Message: "admission webhook \"vneo4jenterprisecluster.kb.io\" denied the request: spec.tls.issuerRef.name: Required value: issuer name must be specified when using cert-manager",
              Reason: "Forbidden",
              Details: nil,
              Code: 403,
          },
      }[0m
  [38;5;9mIn [1m[It][0m[38;5;9m at: [1m/Users/priyolahiri/Code/neo4j-kubernetes-operator/test/integration/enterprise_features_test.go:263[0m [38;5;243m@ 06/26/25 12:34:35.236[0m
[38;5;243m------------------------------[0m
[38;5;9m• [FAILED] [0.143 seconds][0m
[0mFailure Scenarios [38;5;243mNetwork and Connectivity Issues [38;5;9m[1m[It] should handle cluster creation with unreachable storage class[0m
[38;5;243m/Users/priyolahiri/Code/neo4j-kubernetes-operator/test/integration/failure_scenarios_test.go:370[0m

  [38;5;243mTimeline >>[0m
  2025-06-26T12:34:35+02:00	INFO	Starting Controller	{"controller": "neo4jenterprisecluster", "controllerGroup": "neo4j.neo4j.com", "controllerKind": "Neo4jEnterpriseCluster"}
  2025-06-26T12:34:35+02:00	INFO	Starting workers	{"controller": "neo4jenterprisecluster", "controllerGroup": "neo4j.neo4j.com", "controllerKind": "Neo4jEnterpriseCluster", "worker count": 1}
  2025-06-26T12:34:35+02:00	INFO	Starting Controller	{"controller": "neo4jrole", "controllerGroup": "neo4j.neo4j.com", "controllerKind": "Neo4jRole"}
  2025-06-26T12:34:35+02:00	INFO	Starting workers	{"controller": "neo4jrole", "controllerGroup": "neo4j.neo4j.com", "controllerKind": "Neo4jRole", "worker count": 1}
  2025-06-26T12:34:35+02:00	INFO	Starting Controller	{"controller": "neo4jbackup", "controllerGroup": "neo4j.neo4j.com", "controllerKind": "Neo4jBackup"}
  2025-06-26T12:34:35+02:00	INFO	Starting workers	{"controller": "neo4jbackup", "controllerGroup": "neo4j.neo4j.com", "controllerKind": "Neo4jBackup", "worker count": 1}
  2025-06-26T12:34:35+02:00	INFO	Starting Controller	{"controller": "neo4jdatabase", "controllerGroup": "neo4j.neo4j.com", "controllerKind": "Neo4jDatabase"}
  2025-06-26T12:34:35+02:00	INFO	Starting workers	{"controller": "neo4jdatabase", "controllerGroup": "neo4j.neo4j.com", "controllerKind": "Neo4jDatabase", "worker count": 1}
  2025-06-26T12:34:35+02:00	ERROR	Failed to get target cluster	{"controller": "neo4jbackup", "controllerGroup": "neo4j.neo4j.com", "controllerKind": "Neo4jBackup", "Neo4jBackup": {"name":"test-backup-invalid-storage","namespace":"test-failure-1750934075033884000-1750934075035500000"}, "namespace": "test-failure-1750934075033884000-1750934075035500000", "name": "test-backup-invalid-storage", "reconcileID": "d4885175-0fe9-492f-9834-dfa4c39c07f3", "error": "Neo4jEnterpriseCluster.neo4j.neo4j.com \"test-cluster\" not found"}
  github.com/neo4j-labs/neo4j-kubernetes-operator/internal/controller.(*Neo4jBackupReconciler).Reconcile
  	/Users/priyolahiri/Code/neo4j-kubernetes-operator/internal/controller/neo4jbackup_controller.go:106
  sigs.k8s.io/controller-runtime/pkg/internal/controller.(*Controller[...]).Reconcile
  	/Users/priyolahiri/go/pkg/mod/sigs.k8s.io/controller-runtime@v0.21.0/pkg/internal/controller/controller.go:119
  sigs.k8s.io/controller-runtime/pkg/internal/controller.(*Controller[...]).reconcileHandler
  	/Users/priyolahiri/go/pkg/mod/sigs.k8s.io/controller-runtime@v0.21.0/pkg/internal/controller/controller.go:340
  sigs.k8s.io/controller-runtime/pkg/internal/controller.(*Controller[...]).processNextWorkItem
  	/Users/priyolahiri/go/pkg/mod/sigs.k8s.io/controller-runtime@v0.21.0/pkg/internal/controller/controller.go:300
  sigs.k8s.io/controller-runtime/pkg/internal/controller.(*Controller[...]).Start.func2.1
  	/Users/priyolahiri/go/pkg/mod/sigs.k8s.io/controller-runtime@v0.21.0/pkg/internal/controller/controller.go:202
  2025-06-26T12:34:35+02:00	INFO	Starting Controller	{"controller": "neo4juser", "controllerGroup": "neo4j.neo4j.com", "controllerKind": "Neo4jUser"}
  2025-06-26T12:34:35+02:00	INFO	Starting workers	{"controller": "neo4juser", "controllerGroup": "neo4j.neo4j.com", "controllerKind": "Neo4jUser", "worker count": 1}
  2025-06-26T12:34:35+02:00	INFO	Starting Controller	{"controller": "neo4jplugin", "controllerGroup": "neo4j.neo4j.com", "controllerKind": "Neo4jPlugin"}
  2025-06-26T12:34:35+02:00	INFO	Starting workers	{"controller": "neo4jplugin", "controllerGroup": "neo4j.neo4j.com", "controllerKind": "Neo4jPlugin", "worker count": 1}
  2025-06-26T12:34:35+02:00	INFO	Starting Controller	{"controller": "neo4jrestore", "controllerGroup": "neo4j.neo4j.com", "controllerKind": "Neo4jRestore"}
  2025-06-26T12:34:35+02:00	INFO	Starting workers	{"controller": "neo4jrestore", "controllerGroup": "neo4j.neo4j.com", "controllerKind": "Neo4jRestore", "worker count": 1}
  2025-06-26T12:34:35+02:00	INFO	Starting Controller	{"controller": "neo4jgrant", "controllerGroup": "neo4j.neo4j.com", "controllerKind": "Neo4jGrant"}
  2025-06-26T12:34:35+02:00	INFO	Starting workers	{"controller": "neo4jgrant", "controllerGroup": "neo4j.neo4j.com", "controllerKind": "Neo4jGrant", "worker count": 1}
  2025-06-26T12:34:35+02:00	ERROR	Failed to get target cluster	{"controller": "neo4jrestore", "controllerGroup": "neo4j.neo4j.com", "controllerKind": "Neo4jRestore", "Neo4jRestore": {"name":"test-restore-no-cluster","namespace":"test-failure-1750934075035366000-1750934075036586000"}, "namespace": "test-failure-1750934075035366000-1750934075036586000", "name": "test-restore-no-cluster", "reconcileID": "efbeb7f6-769d-42ee-8951-43259ef63fb8", "error": "Neo4jEnterpriseCluster.neo4j.neo4j.com \"non-existent-cluster\" not found"}
  github.com/neo4j-labs/neo4j-kubernetes-operator/internal/controller.(*Neo4jRestoreReconciler).Reconcile
  	/Users/priyolahiri/Code/neo4j-kubernetes-operator/internal/controller/neo4jrestore_controller.go:118
  sigs.k8s.io/controller-runtime/pkg/internal/controller.(*Controller[...]).Reconcile
  	/Users/priyolahiri/go/pkg/mod/sigs.k8s.io/controller-runtime@v0.21.0/pkg/internal/controller/controller.go:119
  sigs.k8s.io/controller-runtime/pkg/internal/controller.(*Controller[...]).reconcileHandler
  	/Users/priyolahiri/go/pkg/mod/sigs.k8s.io/controller-runtime@v0.21.0/pkg/internal/controller/controller.go:340
  sigs.k8s.io/controller-runtime/pkg/internal/controller.(*Controller[...]).processNextWorkItem
  	/Users/priyolahiri/go/pkg/mod/sigs.k8s.io/controller-runtime@v0.21.0/pkg/internal/controller/controller.go:300
  sigs.k8s.io/controller-runtime/pkg/internal/controller.(*Controller[...]).Start.func2.1
  	/Users/priyolahiri/go/pkg/mod/sigs.k8s.io/controller-runtime@v0.21.0/pkg/internal/controller/controller.go:202
  2025-06-26T12:34:35+02:00	INFO	Warning: Reconciler returned both a non-zero result and a non-nil error. The result will always be ignored if the error is non-nil and the non-nil error causes requeuing with exponential backoff. For more details, see: https://pkg.go.dev/sigs.k8s.io/controller-runtime/pkg/reconcile#Reconciler	{"controller": "neo4jrestore", "controllerGroup": "neo4j.neo4j.com", "controllerKind": "Neo4jRestore", "Neo4jRestore": {"name":"test-restore-no-cluster","namespace":"test-failure-1750934075035366000-1750934075036586000"}, "namespace": "test-failure-1750934075035366000-1750934075036586000", "name": "test-restore-no-cluster", "reconcileID": "efbeb7f6-769d-42ee-8951-43259ef63fb8"}
  2025-06-26T12:34:35+02:00	ERROR	Reconciler error	{"controller": "neo4jrestore", "controllerGroup": "neo4j.neo4j.com", "controllerKind": "Neo4jRestore", "Neo4jRestore": {"name":"test-restore-no-cluster","namespace":"test-failure-1750934075035366000-1750934075036586000"}, "namespace": "test-failure-1750934075035366000-1750934075036586000", "name": "test-restore-no-cluster", "reconcileID": "efbeb7f6-769d-42ee-8951-43259ef63fb8", "error": "Neo4jEnterpriseCluster.neo4j.neo4j.com \"non-existent-cluster\" not found"}
  sigs.k8s.io/controller-runtime/pkg/internal/controller.(*Controller[...]).reconcileHandler
  	/Users/priyolahiri/go/pkg/mod/sigs.k8s.io/controller-runtime@v0.21.0/pkg/internal/controller/controller.go:353
  sigs.k8s.io/controller-runtime/pkg/internal/controller.(*Controller[...]).processNextWorkItem
  	/Users/priyolahiri/go/pkg/mod/sigs.k8s.io/controller-runtime@v0.21.0/pkg/internal/controller/controller.go:300
  sigs.k8s.io/controller-runtime/pkg/internal/controller.(*Controller[...]).Start.func2.1
  	/Users/priyolahiri/go/pkg/mod/sigs.k8s.io/controller-runtime@v0.21.0/pkg/internal/controller/controller.go:202
  2025-06-26T12:34:35+02:00	ERROR	Failed to get target cluster	{"controller": "neo4jrestore", "controllerGroup": "neo4j.neo4j.com", "controllerKind": "Neo4jRestore", "Neo4jRestore": {"name":"test-restore-no-backup","namespace":"test-failure-1750934075033706000-1750934075035488000"}, "namespace": "test-failure-1750934075033706000-1750934075035488000", "name": "test-restore-no-backup", "reconcileID": "bdac6cc3-0e01-4187-b544-a721ba78b4de", "error": "Neo4jEnterpriseCluster.neo4j.neo4j.com \"test-cluster\" not found"}
  github.com/neo4j-labs/neo4j-kubernetes-operator/internal/controller.(*Neo4jRestoreReconciler).Reconcile
  	/Users/priyolahiri/Code/neo4j-kubernetes-operator/internal/controller/neo4jrestore_controller.go:118
  sigs.k8s.io/controller-runtime/pkg/internal/controller.(*Controller[...]).Reconcile
  	/Users/priyolahiri/go/pkg/mod/sigs.k8s.io/controller-runtime@v0.21.0/pkg/internal/controller/controller.go:119
  sigs.k8s.io/controller-runtime/pkg/internal/controller.(*Controller[...]).reconcileHandler
  	/Users/priyolahiri/go/pkg/mod/sigs.k8s.io/controller-runtime@v0.21.0/pkg/internal/controller/controller.go:340
  sigs.k8s.io/controller-runtime/pkg/internal/controller.(*Controller[...]).processNextWorkItem
  	/Users/priyolahiri/go/pkg/mod/sigs.k8s.io/controller-runtime@v0.21.0/pkg/internal/controller/controller.go:300
  sigs.k8s.io/controller-runtime/pkg/internal/controller.(*Controller[...]).Start.func2.1
  	/Users/priyolahiri/go/pkg/mod/sigs.k8s.io/controller-runtime@v0.21.0/pkg/internal/controller/controller.go:202
  2025-06-26T12:34:35+02:00	INFO	Warning: Reconciler returned both a non-zero result and a non-nil error. The result will always be ignored if the error is non-nil and the non-nil error causes requeuing with exponential backoff. For more details, see: https://pkg.go.dev/sigs.k8s.io/controller-runtime/pkg/reconcile#Reconciler	{"controller": "neo4jbackup", "controllerGroup": "neo4j.neo4j.com", "controllerKind": "Neo4jBackup", "Neo4jBackup": {"name":"test-backup-invalid-storage","namespace":"test-failure-1750934075033884000-1750934075035500000"}, "namespace": "test-failure-1750934075033884000-1750934075035500000", "name": "test-backup-invalid-storage", "reconcileID": "d4885175-0fe9-492f-9834-dfa4c39c07f3"}
  2025-06-26T12:34:35+02:00	ERROR	Reconciler error	{"controller": "neo4jbackup", "controllerGroup": "neo4j.neo4j.com", "controllerKind": "Neo4jBackup", "Neo4jBackup": {"name":"test-backup-invalid-storage","namespace":"test-failure-1750934075033884000-1750934075035500000"}, "namespace": "test-failure-1750934075033884000-1750934075035500000", "name": "test-backup-invalid-storage", "reconcileID": "d4885175-0fe9-492f-9834-dfa4c39c07f3", "error": "Neo4jEnterpriseCluster.neo4j.neo4j.com \"test-cluster\" not found"}
  sigs.k8s.io/controller-runtime/pkg/internal/controller.(*Controller[...]).reconcileHandler
  	/Users/priyolahiri/go/pkg/mod/sigs.k8s.io/controller-runtime@v0.21.0/pkg/internal/controller/controller.go:353
  sigs.k8s.io/controller-runtime/pkg/internal/controller.(*Controller[...]).processNextWorkItem
  	/Users/priyolahiri/go/pkg/mod/sigs.k8s.io/controller-runtime@v0.21.0/pkg/internal/controller/controller.go:300
  sigs.k8s.io/controller-runtime/pkg/internal/controller.(*Controller[...]).Start.func2.1
  	/Users/priyolahiri/go/pkg/mod/sigs.k8s.io/controller-runtime@v0.21.0/pkg/internal/controller/controller.go:202
  2025-06-26T12:34:35+02:00	ERROR	Failed to get target cluster	{"controller": "neo4jbackup", "controllerGroup": "neo4j.neo4j.com", "controllerKind": "Neo4jBackup", "Neo4jBackup": {"name":"test-backup-no-cluster","namespace":"test-failure-1750934075031883000-1750934075034004000"}, "namespace": "test-failure-1750934075031883000-1750934075034004000", "name": "test-backup-no-cluster", "reconcileID": "f87122d0-62f1-4ba6-9fdb-00cd9aacb05a", "error": "Neo4jEnterpriseCluster.neo4j.neo4j.com \"non-existent-cluster\" not found"}
  github.com/neo4j-labs/neo4j-kubernetes-operator/internal/controller.(*Neo4jBackupReconciler).Reconcile
  	/Users/priyolahiri/Code/neo4j-kubernetes-operator/internal/controller/neo4jbackup_controller.go:106
  sigs.k8s.io/controller-runtime/pkg/internal/controller.(*Controller[...]).Reconcile
  	/Users/priyolahiri/go/pkg/mod/sigs.k8s.io/controller-runtime@v0.21.0/pkg/internal/controller/controller.go:119
  sigs.k8s.io/controller-runtime/pkg/internal/controller.(*Controller[...]).reconcileHandler
  	/Users/priyolahiri/go/pkg/mod/sigs.k8s.io/controller-runtime@v0.21.0/pkg/internal/controller/controller.go:340
  sigs.k8s.io/controller-runtime/pkg/internal/controller.(*Controller[...]).processNextWorkItem
  	/Users/priyolahiri/go/pkg/mod/sigs.k8s.io/controller-runtime@v0.21.0/pkg/internal/controller/controller.go:300
  sigs.k8s.io/controller-runtime/pkg/internal/controller.(*Controller[...]).Start.func2.1
  	/Users/priyolahiri/go/pkg/mod/sigs.k8s.io/controller-runtime@v0.21.0/pkg/internal/controller/controller.go:202
  2025-06-26T12:34:35+02:00	INFO	Warning: Reconciler returned both a non-zero result and a non-nil error. The result will always be ignored if the error is non-nil and the non-nil error causes requeuing with exponential backoff. For more details, see: https://pkg.go.dev/sigs.k8s.io/controller-runtime/pkg/reconcile#Reconciler	{"controller": "neo4jbackup", "controllerGroup": "neo4j.neo4j.com", "controllerKind": "Neo4jBackup", "Neo4jBackup": {"name":"test-backup-no-cluster","namespace":"test-failure-1750934075031883000-1750934075034004000"}, "namespace": "test-failure-1750934075031883000-1750934075034004000", "name": "test-backup-no-cluster", "reconcileID": "f87122d0-62f1-4ba6-9fdb-00cd9aacb05a"}
  2025-06-26T12:34:35+02:00	INFO	Warning: Reconciler returned both a non-zero result and a non-nil error. The result will always be ignored if the error is non-nil and the non-nil error causes requeuing with exponential backoff. For more details, see: https://pkg.go.dev/sigs.k8s.io/controller-runtime/pkg/reconcile#Reconciler	{"controller": "neo4jrestore", "controllerGroup": "neo4j.neo4j.com", "controllerKind": "Neo4jRestore", "Neo4jRestore": {"name":"test-restore-no-backup","namespace":"test-failure-1750934075033706000-1750934075035488000"}, "namespace": "test-failure-1750934075033706000-1750934075035488000", "name": "test-restore-no-backup", "reconcileID": "bdac6cc3-0e01-4187-b544-a721ba78b4de"}
  2025-06-26T12:34:35+02:00	ERROR	Reconciler error	{"controller": "neo4jbackup", "controllerGroup": "neo4j.neo4j.com", "controllerKind": "Neo4jBackup", "Neo4jBackup": {"name":"test-backup-no-cluster","namespace":"test-failure-1750934075031883000-1750934075034004000"}, "namespace": "test-failure-1750934075031883000-1750934075034004000", "name": "test-backup-no-cluster", "reconcileID": "f87122d0-62f1-4ba6-9fdb-00cd9aacb05a", "error": "Neo4jEnterpriseCluster.neo4j.neo4j.com \"non-existent-cluster\" not found"}
  sigs.k8s.io/controller-runtime/pkg/internal/controller.(*Controller[...]).reconcileHandler
  	/Users/priyolahiri/go/pkg/mod/sigs.k8s.io/controller-runtime@v0.21.0/pkg/internal/controller/controller.go:353
  sigs.k8s.io/controller-runtime/pkg/internal/controller.(*Controller[...]).processNextWorkItem
  	/Users/priyolahiri/go/pkg/mod/sigs.k8s.io/controller-runtime@v0.21.0/pkg/internal/controller/controller.go:300
  sigs.k8s.io/controller-runtime/pkg/internal/controller.(*Controller[...]).Start.func2.1
  	/Users/priyolahiri/go/pkg/mod/sigs.k8s.io/controller-runtime@v0.21.0/pkg/internal/controller/controller.go:202
  2025-06-26T12:34:35+02:00	ERROR	Reconciler error	{"controller": "neo4jrestore", "controllerGroup": "neo4j.neo4j.com", "controllerKind": "Neo4jRestore", "Neo4jRestore": {"name":"test-restore-no-backup","namespace":"test-failure-1750934075033706000-1750934075035488000"}, "namespace": "test-failure-1750934075033706000-1750934075035488000", "name": "test-restore-no-backup", "reconcileID": "bdac6cc3-0e01-4187-b544-a721ba78b4de", "error": "Neo4jEnterpriseCluster.neo4j.neo4j.com \"test-cluster\" not found"}
  sigs.k8s.io/controller-runtime/pkg/internal/controller.(*Controller[...]).reconcileHandler
  	/Users/priyolahiri/go/pkg/mod/sigs.k8s.io/controller-runtime@v0.21.0/pkg/internal/controller/controller.go:353
  sigs.k8s.io/controller-runtime/pkg/internal/controller.(*Controller[...]).processNextWorkItem
  	/Users/priyolahiri/go/pkg/mod/sigs.k8s.io/controller-runtime@v0.21.0/pkg/internal/controller/controller.go:300
  sigs.k8s.io/controller-runtime/pkg/internal/controller.(*Controller[...]).Start.func2.1
  	/Users/priyolahiri/go/pkg/mod/sigs.k8s.io/controller-runtime@v0.21.0/pkg/internal/controller/controller.go:202
  2025-06-26T12:34:35+02:00	ERROR	Failed to get target cluster	{"controller": "neo4jbackup", "controllerGroup": "neo4j.neo4j.com", "controllerKind": "Neo4jBackup", "Neo4jBackup": {"name":"test-backup-invalid-storage","namespace":"test-failure-1750934075033884000-1750934075035500000"}, "namespace": "test-failure-1750934075033884000-1750934075035500000", "name": "test-backup-invalid-storage", "reconcileID": "713b2d3f-7962-4e14-bff7-9c8c78d5650e", "error": "Neo4jEnterpriseCluster.neo4j.neo4j.com \"test-cluster\" not found"}
  github.com/neo4j-labs/neo4j-kubernetes-operator/internal/controller.(*Neo4jBackupReconciler).Reconcile
  	/Users/priyolahiri/Code/neo4j-kubernetes-operator/internal/controller/neo4jbackup_controller.go:106
  sigs.k8s.io/controller-runtime/pkg/internal/controller.(*Controller[...]).Reconcile
  	/Users/priyolahiri/go/pkg/mod/sigs.k8s.io/controller-runtime@v0.21.0/pkg/internal/controller/controller.go:119
  sigs.k8s.io/controller-runtime/pkg/internal/controller.(*Controller[...]).reconcileHandler
  	/Users/priyolahiri/go/pkg/mod/sigs.k8s.io/controller-runtime@v0.21.0/pkg/internal/controller/controller.go:340
  sigs.k8s.io/controller-runtime/pkg/internal/controller.(*Controller[...]).processNextWorkItem
  	/Users/priyolahiri/go/pkg/mod/sigs.k8s.io/controller-runtime@v0.21.0/pkg/internal/controller/controller.go:300
  sigs.k8s.io/controller-runtime/pkg/internal/controller.(*Controller[...]).Start.func2.1
  	/Users/priyolahiri/go/pkg/mod/sigs.k8s.io/controller-runtime@v0.21.0/pkg/internal/controller/controller.go:202
  2025-06-26T12:34:35+02:00	ERROR	Failed to get target cluster	{"controller": "neo4jrestore", "controllerGroup": "neo4j.neo4j.com", "controllerKind": "Neo4jRestore", "Neo4jRestore": {"name":"test-restore-no-cluster","namespace":"test-failure-1750934075035366000-1750934075036586000"}, "namespace": "test-failure-1750934075035366000-1750934075036586000", "name": "test-restore-no-cluster", "reconcileID": "5bd7e1b7-c653-4969-b814-cdc818e6226b", "error": "Neo4jEnterpriseCluster.neo4j.neo4j.com \"non-existent-cluster\" not found"}
  github.com/neo4j-labs/neo4j-kubernetes-operator/internal/controller.(*Neo4jRestoreReconciler).Reconcile
  	/Users/priyolahiri/Code/neo4j-kubernetes-operator/internal/controller/neo4jrestore_controller.go:118
  sigs.k8s.io/controller-runtime/pkg/internal/controller.(*Controller[...]).Reconcile
  	/Users/priyolahiri/go/pkg/mod/sigs.k8s.io/controller-runtime@v0.21.0/pkg/internal/controller/controller.go:119
  sigs.k8s.io/controller-runtime/pkg/internal/controller.(*Controller[...]).reconcileHandler
  	/Users/priyolahiri/go/pkg/mod/sigs.k8s.io/controller-runtime@v0.21.0/pkg/internal/controller/controller.go:340
  sigs.k8s.io/controller-runtime/pkg/internal/controller.(*Controller[...]).processNextWorkItem
  	/Users/priyolahiri/go/pkg/mod/sigs.k8s.io/controller-runtime@v0.21.0/pkg/internal/controller/controller.go:300
  sigs.k8s.io/controller-runtime/pkg/internal/controller.(*Controller[...]).Start.func2.1
  	/Users/priyolahiri/go/pkg/mod/sigs.k8s.io/controller-runtime@v0.21.0/pkg/internal/controller/controller.go:202
  2025-06-26T12:34:35+02:00	INFO	Warning: Reconciler returned both a non-zero result and a non-nil error. The result will always be ignored if the error is non-nil and the non-nil error causes requeuing with exponential backoff. For more details, see: https://pkg.go.dev/sigs.k8s.io/controller-runtime/pkg/reconcile#Reconciler	{"controller": "neo4jbackup", "controllerGroup": "neo4j.neo4j.com", "controllerKind": "Neo4jBackup", "Neo4jBackup": {"name":"test-backup-invalid-storage","namespace":"test-failure-1750934075033884000-1750934075035500000"}, "namespace": "test-failure-1750934075033884000-1750934075035500000", "name": "test-backup-invalid-storage", "reconcileID": "713b2d3f-7962-4e14-bff7-9c8c78d5650e"}
  2025-06-26T12:34:35+02:00	ERROR	Reconciler error	{"controller": "neo4jbackup", "controllerGroup": "neo4j.neo4j.com", "controllerKind": "Neo4jBackup", "Neo4jBackup": {"name":"test-backup-invalid-storage","namespace":"test-failure-1750934075033884000-1750934075035500000"}, "namespace": "test-failure-1750934075033884000-1750934075035500000", "name": "test-backup-invalid-storage", "reconcileID": "713b2d3f-7962-4e14-bff7-9c8c78d5650e", "error": "Neo4jEnterpriseCluster.neo4j.neo4j.com \"test-cluster\" not found"}
  sigs.k8s.io/controller-runtime/pkg/internal/controller.(*Controller[...]).reconcileHandler
  	/Users/priyolahiri/go/pkg/mod/sigs.k8s.io/controller-runtime@v0.21.0/pkg/internal/controller/controller.go:353
  sigs.k8s.io/controller-runtime/pkg/internal/controller.(*Controller[...]).processNextWorkItem
  	/Users/priyolahiri/go/pkg/mod/sigs.k8s.io/controller-runtime@v0.21.0/pkg/internal/controller/controller.go:300
  sigs.k8s.io/controller-runtime/pkg/internal/controller.(*Controller[...]).Start.func2.1
  	/Users/priyolahiri/go/pkg/mod/sigs.k8s.io/controller-runtime@v0.21.0/pkg/internal/controller/controller.go:202
  2025-06-26T12:34:35+02:00	INFO	Warning: Reconciler returned both a non-zero result and a non-nil error. The result will always be ignored if the error is non-nil and the non-nil error causes requeuing with exponential backoff. For more details, see: https://pkg.go.dev/sigs.k8s.io/controller-runtime/pkg/reconcile#Reconciler	{"controller": "neo4jrestore", "controllerGroup": "neo4j.neo4j.com", "controllerKind": "Neo4jRestore", "Neo4jRestore": {"name":"test-restore-no-cluster","namespace":"test-failure-1750934075035366000-1750934075036586000"}, "namespace": "test-failure-1750934075035366000-1750934075036586000", "name": "test-restore-no-cluster", "reconcileID": "5bd7e1b7-c653-4969-b814-cdc818e6226b"}
  2025-06-26T12:34:35+02:00	ERROR	Reconciler error	{"controller": "neo4jrestore", "controllerGroup": "neo4j.neo4j.com", "controllerKind": "Neo4jRestore", "Neo4jRestore": {"name":"test-restore-no-cluster","namespace":"test-failure-1750934075035366000-1750934075036586000"}, "namespace": "test-failure-1750934075035366000-1750934075036586000", "name": "test-restore-no-cluster", "reconcileID": "5bd7e1b7-c653-4969-b814-cdc818e6226b", "error": "Neo4jEnterpriseCluster.neo4j.neo4j.com \"non-existent-cluster\" not found"}
  sigs.k8s.io/controller-runtime/pkg/internal/controller.(*Controller[...]).reconcileHandler
  	/Users/priyolahiri/go/pkg/mod/sigs.k8s.io/controller-runtime@v0.21.0/pkg/internal/controller/controller.go:353
  sigs.k8s.io/controller-runtime/pkg/internal/controller.(*Controller[...]).processNextWorkItem
  	/Users/priyolahiri/go/pkg/mod/sigs.k8s.io/controller-runtime@v0.21.0/pkg/internal/controller/controller.go:300
  sigs.k8s.io/controller-runtime/pkg/internal/controller.(*Controller[...]).Start.func2.1
  	/Users/priyolahiri/go/pkg/mod/sigs.k8s.io/controller-runtime@v0.21.0/pkg/internal/controller/controller.go:202
  2025-06-26T12:34:35+02:00	ERROR	Failed to get target cluster	{"controller": "neo4jbackup", "controllerGroup": "neo4j.neo4j.com", "controllerKind": "Neo4jBackup", "Neo4jBackup": {"name":"test-backup-no-cluster","namespace":"test-failure-1750934075031883000-1750934075034004000"}, "namespace": "test-failure-1750934075031883000-1750934075034004000", "name": "test-backup-no-cluster", "reconcileID": "d568ce80-bb59-433e-b58c-9c265d07f096", "error": "Neo4jEnterpriseCluster.neo4j.neo4j.com \"non-existent-cluster\" not found"}
  github.com/neo4j-labs/neo4j-kubernetes-operator/internal/controller.(*Neo4jBackupReconciler).Reconcile
  	/Users/priyolahiri/Code/neo4j-kubernetes-operator/internal/controller/neo4jbackup_controller.go:106
  sigs.k8s.io/controller-runtime/pkg/internal/controller.(*Controller[...]).Reconcile
  	/Users/priyolahiri/go/pkg/mod/sigs.k8s.io/controller-runtime@v0.21.0/pkg/internal/controller/controller.go:119
  sigs.k8s.io/controller-runtime/pkg/internal/controller.(*Controller[...]).reconcileHandler
  	/Users/priyolahiri/go/pkg/mod/sigs.k8s.io/controller-runtime@v0.21.0/pkg/internal/controller/controller.go:340
  sigs.k8s.io/controller-runtime/pkg/internal/controller.(*Controller[...]).processNextWorkItem
  	/Users/priyolahiri/go/pkg/mod/sigs.k8s.io/controller-runtime@v0.21.0/pkg/internal/controller/controller.go:300
  sigs.k8s.io/controller-runtime/pkg/internal/controller.(*Controller[...]).Start.func2.1
  	/Users/priyolahiri/go/pkg/mod/sigs.k8s.io/controller-runtime@v0.21.0/pkg/internal/controller/controller.go:202
  2025-06-26T12:34:35+02:00	ERROR	Failed to get target cluster	{"controller": "neo4jrestore", "controllerGroup": "neo4j.neo4j.com", "controllerKind": "Neo4jRestore", "Neo4jRestore": {"name":"test-restore-no-backup","namespace":"test-failure-1750934075033706000-1750934075035488000"}, "namespace": "test-failure-1750934075033706000-1750934075035488000", "name": "test-restore-no-backup", "reconcileID": "d1d3e493-4a55-4ef4-b385-b1c8a6c22da4", "error": "Neo4jEnterpriseCluster.neo4j.neo4j.com \"test-cluster\" not found"}
  github.com/neo4j-labs/neo4j-kubernetes-operator/internal/controller.(*Neo4jRestoreReconciler).Reconcile
  	/Users/priyolahiri/Code/neo4j-kubernetes-operator/internal/controller/neo4jrestore_controller.go:118
  sigs.k8s.io/controller-runtime/pkg/internal/controller.(*Controller[...]).Reconcile
  	/Users/priyolahiri/go/pkg/mod/sigs.k8s.io/controller-runtime@v0.21.0/pkg/internal/controller/controller.go:119
  sigs.k8s.io/controller-runtime/pkg/internal/controller.(*Controller[...]).reconcileHandler
  	/Users/priyolahiri/go/pkg/mod/sigs.k8s.io/controller-runtime@v0.21.0/pkg/internal/controller/controller.go:340
  sigs.k8s.io/controller-runtime/pkg/internal/controller.(*Controller[...]).processNextWorkItem
  	/Users/priyolahiri/go/pkg/mod/sigs.k8s.io/controller-runtime@v0.21.0/pkg/internal/controller/controller.go:300
  sigs.k8s.io/controller-runtime/pkg/internal/controller.(*Controller[...]).Start.func2.1
  	/Users/priyolahiri/go/pkg/mod/sigs.k8s.io/controller-runtime@v0.21.0/pkg/internal/controller/controller.go:202
  2025-06-26T12:34:35+02:00	INFO	Warning: Reconciler returned both a non-zero result and a non-nil error. The result will always be ignored if the error is non-nil and the non-nil error causes requeuing with exponential backoff. For more details, see: https://pkg.go.dev/sigs.k8s.io/controller-runtime/pkg/reconcile#Reconciler	{"controller": "neo4jbackup", "controllerGroup": "neo4j.neo4j.com", "controllerKind": "Neo4jBackup", "Neo4jBackup": {"name":"test-backup-no-cluster","namespace":"test-failure-1750934075031883000-1750934075034004000"}, "namespace": "test-failure-1750934075031883000-1750934075034004000", "name": "test-backup-no-cluster", "reconcileID": "d568ce80-bb59-433e-b58c-9c265d07f096"}
  2025-06-26T12:34:35+02:00	ERROR	Reconciler error	{"controller": "neo4jbackup", "controllerGroup": "neo4j.neo4j.com", "controllerKind": "Neo4jBackup", "Neo4jBackup": {"name":"test-backup-no-cluster","namespace":"test-failure-1750934075031883000-1750934075034004000"}, "namespace": "test-failure-1750934075031883000-1750934075034004000", "name": "test-backup-no-cluster", "reconcileID": "d568ce80-bb59-433e-b58c-9c265d07f096", "error": "Neo4jEnterpriseCluster.neo4j.neo4j.com \"non-existent-cluster\" not found"}
  sigs.k8s.io/controller-runtime/pkg/internal/controller.(*Controller[...]).reconcileHandler
  	/Users/priyolahiri/go/pkg/mod/sigs.k8s.io/controller-runtime@v0.21.0/pkg/internal/controller/controller.go:353
  sigs.k8s.io/controller-runtime/pkg/internal/controller.(*Controller[...]).processNextWorkItem
  	/Users/priyolahiri/go/pkg/mod/sigs.k8s.io/controller-runtime@v0.21.0/pkg/internal/controller/controller.go:300
  sigs.k8s.io/controller-runtime/pkg/internal/controller.(*Controller[...]).Start.func2.1
  	/Users/priyolahiri/go/pkg/mod/sigs.k8s.io/controller-runtime@v0.21.0/pkg/internal/controller/controller.go:202
  2025-06-26T12:34:35+02:00	INFO	Warning: Reconciler returned both a non-zero result and a non-nil error. The result will always be ignored if the error is non-nil and the non-nil error causes requeuing with exponential backoff. For more details, see: https://pkg.go.dev/sigs.k8s.io/controller-runtime/pkg/reconcile#Reconciler	{"controller": "neo4jrestore", "controllerGroup": "neo4j.neo4j.com", "controllerKind": "Neo4jRestore", "Neo4jRestore": {"name":"test-restore-no-backup","namespace":"test-failure-1750934075033706000-1750934075035488000"}, "namespace": "test-failure-1750934075033706000-1750934075035488000", "name": "test-restore-no-backup", "reconcileID": "d1d3e493-4a55-4ef4-b385-b1c8a6c22da4"}
  2025-06-26T12:34:35+02:00	ERROR	Reconciler error	{"controller": "neo4jrestore", "controllerGroup": "neo4j.neo4j.com", "controllerKind": "Neo4jRestore", "Neo4jRestore": {"name":"test-restore-no-backup","namespace":"test-failure-1750934075033706000-1750934075035488000"}, "namespace": "test-failure-1750934075033706000-1750934075035488000", "name": "test-restore-no-backup", "reconcileID": "d1d3e493-4a55-4ef4-b385-b1c8a6c22da4", "error": "Neo4jEnterpriseCluster.neo4j.neo4j.com \"test-cluster\" not found"}
  sigs.k8s.io/controller-runtime/pkg/internal/controller.(*Controller[...]).reconcileHandler
  	/Users/priyolahiri/go/pkg/mod/sigs.k8s.io/controller-runtime@v0.21.0/pkg/internal/controller/controller.go:353
  sigs.k8s.io/controller-runtime/pkg/internal/controller.(*Controller[...]).processNextWorkItem
  	/Users/priyolahiri/go/pkg/mod/sigs.k8s.io/controller-runtime@v0.21.0/pkg/internal/controller/controller.go:300
  sigs.k8s.io/controller-runtime/pkg/internal/controller.(*Controller[...]).Start.func2.1
  	/Users/priyolahiri/go/pkg/mod/sigs.k8s.io/controller-runtime@v0.21.0/pkg/internal/controller/controller.go:202
  2025-06-26T12:34:35+02:00	ERROR	Failed to get target cluster	{"controller": "neo4jbackup", "controllerGroup": "neo4j.neo4j.com", "controllerKind": "Neo4jBackup", "Neo4jBackup": {"name":"test-backup-invalid-storage","namespace":"test-failure-1750934075033884000-1750934075035500000"}, "namespace": "test-failure-1750934075033884000-1750934075035500000", "name": "test-backup-invalid-storage", "reconcileID": "d8d5a0e5-51f3-406a-9d3a-f05ae1849c3a", "error": "Neo4jEnterpriseCluster.neo4j.neo4j.com \"test-cluster\" not found"}
  github.com/neo4j-labs/neo4j-kubernetes-operator/internal/controller.(*Neo4jBackupReconciler).Reconcile
  	/Users/priyolahiri/Code/neo4j-kubernetes-operator/internal/controller/neo4jbackup_controller.go:106
  sigs.k8s.io/controller-runtime/pkg/internal/controller.(*Controller[...]).Reconcile
  	/Users/priyolahiri/go/pkg/mod/sigs.k8s.io/controller-runtime@v0.21.0/pkg/internal/controller/controller.go:119
  sigs.k8s.io/controller-runtime/pkg/internal/controller.(*Controller[...]).reconcileHandler
  	/Users/priyolahiri/go/pkg/mod/sigs.k8s.io/controller-runtime@v0.21.0/pkg/internal/controller/controller.go:340
  sigs.k8s.io/controller-runtime/pkg/internal/controller.(*Controller[...]).processNextWorkItem
  	/Users/priyolahiri/go/pkg/mod/sigs.k8s.io/controller-runtime@v0.21.0/pkg/internal/controller/controller.go:300
  sigs.k8s.io/controller-runtime/pkg/internal/controller.(*Controller[...]).Start.func2.1
  	/Users/priyolahiri/go/pkg/mod/sigs.k8s.io/controller-runtime@v0.21.0/pkg/internal/controller/controller.go:202
  2025-06-26T12:34:35+02:00	ERROR	Failed to get target cluster	{"controller": "neo4jrestore", "controllerGroup": "neo4j.neo4j.com", "controllerKind": "Neo4jRestore", "Neo4jRestore": {"name":"test-restore-no-cluster","namespace":"test-failure-1750934075035366000-1750934075036586000"}, "namespace": "test-failure-1750934075035366000-1750934075036586000", "name": "test-restore-no-cluster", "reconcileID": "4c93f0e7-092c-459a-8c05-087bd2eac496", "error": "Neo4jEnterpriseCluster.neo4j.neo4j.com \"non-existent-cluster\" not found"}
  github.com/neo4j-labs/neo4j-kubernetes-operator/internal/controller.(*Neo4jRestoreReconciler).Reconcile
  	/Users/priyolahiri/Code/neo4j-kubernetes-operator/internal/controller/neo4jrestore_controller.go:118
  sigs.k8s.io/controller-runtime/pkg/internal/controller.(*Controller[...]).Reconcile
  	/Users/priyolahiri/go/pkg/mod/sigs.k8s.io/controller-runtime@v0.21.0/pkg/internal/controller/controller.go:119
  sigs.k8s.io/controller-runtime/pkg/internal/controller.(*Controller[...]).reconcileHandler
  	/Users/priyolahiri/go/pkg/mod/sigs.k8s.io/controller-runtime@v0.21.0/pkg/internal/controller/controller.go:340
  sigs.k8s.io/controller-runtime/pkg/internal/controller.(*Controller[...]).processNextWorkItem
  	/Users/priyolahiri/go/pkg/mod/sigs.k8s.io/controller-runtime@v0.21.0/pkg/internal/controller/controller.go:300
  sigs.k8s.io/controller-runtime/pkg/internal/controller.(*Controller[...]).Start.func2.1
  	/Users/priyolahiri/go/pkg/mod/sigs.k8s.io/controller-runtime@v0.21.0/pkg/internal/controller/controller.go:202
  2025-06-26T12:34:35+02:00	INFO	Warning: Reconciler returned both a non-zero result and a non-nil error. The result will always be ignored if the error is non-nil and the non-nil error causes requeuing with exponential backoff. For more details, see: https://pkg.go.dev/sigs.k8s.io/controller-runtime/pkg/reconcile#Reconciler	{"controller": "neo4jbackup", "controllerGroup": "neo4j.neo4j.com", "controllerKind": "Neo4jBackup", "Neo4jBackup": {"name":"test-backup-invalid-storage","namespace":"test-failure-1750934075033884000-1750934075035500000"}, "namespace": "test-failure-1750934075033884000-1750934075035500000", "name": "test-backup-invalid-storage", "reconcileID": "d8d5a0e5-51f3-406a-9d3a-f05ae1849c3a"}
  2025-06-26T12:34:35+02:00	ERROR	Reconciler error	{"controller": "neo4jbackup", "controllerGroup": "neo4j.neo4j.com", "controllerKind": "Neo4jBackup", "Neo4jBackup": {"name":"test-backup-invalid-storage","namespace":"test-failure-1750934075033884000-1750934075035500000"}, "namespace": "test-failure-1750934075033884000-1750934075035500000", "name": "test-backup-invalid-storage", "reconcileID": "d8d5a0e5-51f3-406a-9d3a-f05ae1849c3a", "error": "Neo4jEnterpriseCluster.neo4j.neo4j.com \"test-cluster\" not found"}
  sigs.k8s.io/controller-runtime/pkg/internal/controller.(*Controller[...]).reconcileHandler
  	/Users/priyolahiri/go/pkg/mod/sigs.k8s.io/controller-runtime@v0.21.0/pkg/internal/controller/controller.go:353
  sigs.k8s.io/controller-runtime/pkg/internal/controller.(*Controller[...]).processNextWorkItem
  	/Users/priyolahiri/go/pkg/mod/sigs.k8s.io/controller-runtime@v0.21.0/pkg/internal/controller/controller.go:300
  sigs.k8s.io/controller-runtime/pkg/internal/controller.(*Controller[...]).Start.func2.1
  	/Users/priyolahiri/go/pkg/mod/sigs.k8s.io/controller-runtime@v0.21.0/pkg/internal/controller/controller.go:202
  2025-06-26T12:34:35+02:00	ERROR	Failed to get target cluster	{"controller": "neo4jbackup", "controllerGroup": "neo4j.neo4j.com", "controllerKind": "Neo4jBackup", "Neo4jBackup": {"name":"test-backup-no-cluster","namespace":"test-failure-1750934075031883000-1750934075034004000"}, "namespace": "test-failure-1750934075031883000-1750934075034004000", "name": "test-backup-no-cluster", "reconcileID": "8f681dec-c612-483d-9370-c24300e621d5", "error": "Neo4jEnterpriseCluster.neo4j.neo4j.com \"non-existent-cluster\" not found"}
  github.com/neo4j-labs/neo4j-kubernetes-operator/internal/controller.(*Neo4jBackupReconciler).Reconcile
  	/Users/priyolahiri/Code/neo4j-kubernetes-operator/internal/controller/neo4jbackup_controller.go:106
  sigs.k8s.io/controller-runtime/pkg/internal/controller.(*Controller[...]).Reconcile
  	/Users/priyolahiri/go/pkg/mod/sigs.k8s.io/controller-runtime@v0.21.0/pkg/internal/controller/controller.go:119
  sigs.k8s.io/controller-runtime/pkg/internal/controller.(*Controller[...]).reconcileHandler
  	/Users/priyolahiri/go/pkg/mod/sigs.k8s.io/controller-runtime@v0.21.0/pkg/internal/controller/controller.go:340
  sigs.k8s.io/controller-runtime/pkg/internal/controller.(*Controller[...]).processNextWorkItem
  	/Users/priyolahiri/go/pkg/mod/sigs.k8s.io/controller-runtime@v0.21.0/pkg/internal/controller/controller.go:300
  sigs.k8s.io/controller-runtime/pkg/internal/controller.(*Controller[...]).Start.func2.1
  	/Users/priyolahiri/go/pkg/mod/sigs.k8s.io/controller-runtime@v0.21.0/pkg/internal/controller/controller.go:202
  2025-06-26T12:34:35+02:00	INFO	Warning: Reconciler returned both a non-zero result and a non-nil error. The result will always be ignored if the error is non-nil and the non-nil error causes requeuing with exponential backoff. For more details, see: https://pkg.go.dev/sigs.k8s.io/controller-runtime/pkg/reconcile#Reconciler	{"controller": "neo4jrestore", "controllerGroup": "neo4j.neo4j.com", "controllerKind": "Neo4jRestore", "Neo4jRestore": {"name":"test-restore-no-cluster","namespace":"test-failure-1750934075035366000-1750934075036586000"}, "namespace": "test-failure-1750934075035366000-1750934075036586000", "name": "test-restore-no-cluster", "reconcileID": "4c93f0e7-092c-459a-8c05-087bd2eac496"}
  2025-06-26T12:34:35+02:00	ERROR	Reconciler error	{"controller": "neo4jrestore", "controllerGroup": "neo4j.neo4j.com", "controllerKind": "Neo4jRestore", "Neo4jRestore": {"name":"test-restore-no-cluster","namespace":"test-failure-1750934075035366000-1750934075036586000"}, "namespace": "test-failure-1750934075035366000-1750934075036586000", "name": "test-restore-no-cluster", "reconcileID": "4c93f0e7-092c-459a-8c05-087bd2eac496", "error": "Neo4jEnterpriseCluster.neo4j.neo4j.com \"non-existent-cluster\" not found"}
  sigs.k8s.io/controller-runtime/pkg/internal/controller.(*Controller[...]).reconcileHandler
  	/Users/priyolahiri/go/pkg/mod/sigs.k8s.io/controller-runtime@v0.21.0/pkg/internal/controller/controller.go:353
  sigs.k8s.io/controller-runtime/pkg/internal/controller.(*Controller[...]).processNextWorkItem
  	/Users/priyolahiri/go/pkg/mod/sigs.k8s.io/controller-runtime@v0.21.0/pkg/internal/controller/controller.go:300
  sigs.k8s.io/controller-runtime/pkg/internal/controller.(*Controller[...]).Start.func2.1
  	/Users/priyolahiri/go/pkg/mod/sigs.k8s.io/controller-runtime@v0.21.0/pkg/internal/controller/controller.go:202
  2025-06-26T12:34:35+02:00	ERROR	Failed to get target cluster	{"controller": "neo4jrestore", "controllerGroup": "neo4j.neo4j.com", "controllerKind": "Neo4jRestore", "Neo4jRestore": {"name":"test-restore-no-backup","namespace":"test-failure-1750934075033706000-1750934075035488000"}, "namespace": "test-failure-1750934075033706000-1750934075035488000", "name": "test-restore-no-backup", "reconcileID": "176e27e2-74a1-41c5-9267-460ad90467b3", "error": "Neo4jEnterpriseCluster.neo4j.neo4j.com \"test-cluster\" not found"}
  github.com/neo4j-labs/neo4j-kubernetes-operator/internal/controller.(*Neo4jRestoreReconciler).Reconcile
  	/Users/priyolahiri/Code/neo4j-kubernetes-operator/internal/controller/neo4jrestore_controller.go:118
  sigs.k8s.io/controller-runtime/pkg/internal/controller.(*Controller[...]).Reconcile
  	/Users/priyolahiri/go/pkg/mod/sigs.k8s.io/controller-runtime@v0.21.0/pkg/internal/controller/controller.go:119
  sigs.k8s.io/controller-runtime/pkg/internal/controller.(*Controller[...]).reconcileHandler
  	/Users/priyolahiri/go/pkg/mod/sigs.k8s.io/controller-runtime@v0.21.0/pkg/internal/controller/controller.go:340
  sigs.k8s.io/controller-runtime/pkg/internal/controller.(*Controller[...]).processNextWorkItem
  	/Users/priyolahiri/go/pkg/mod/sigs.k8s.io/controller-runtime@v0.21.0/pkg/internal/controller/controller.go:300
  sigs.k8s.io/controller-runtime/pkg/internal/controller.(*Controller[...]).Start.func2.1
  	/Users/priyolahiri/go/pkg/mod/sigs.k8s.io/controller-runtime@v0.21.0/pkg/internal/controller/controller.go:202
  [38;5;9m[FAILED][0m in [It] - /Users/priyolahiri/Code/neo4j-kubernetes-operator/test/integration/failure_scenarios_test.go:394 [38;5;243m@ 06/26/25 12:34:35.236[0m
  2025-06-26T12:34:35+02:00	INFO	Warning: Reconciler returned both a non-zero result and a non-nil error. The result will always be ignored if the error is non-nil and the non-nil error causes requeuing with exponential backoff. For more details, see: https://pkg.go.dev/sigs.k8s.io/controller-runtime/pkg/reconcile#Reconciler	{"controller": "neo4jbackup", "controllerGroup": "neo4j.neo4j.com", "controllerKind": "Neo4jBackup", "Neo4jBackup": {"name":"test-backup-no-cluster","namespace":"test-failure-1750934075031883000-1750934075034004000"}, "namespace": "test-failure-1750934075031883000-1750934075034004000", "name": "test-backup-no-cluster", "reconcileID": "8f681dec-c612-483d-9370-c24300e621d5"}
  2025-06-26T12:34:35+02:00	ERROR	Reconciler error	{"controller": "neo4jbackup", "controllerGroup": "neo4j.neo4j.com", "controllerKind": "Neo4jBackup", "Neo4jBackup": {"name":"test-backup-no-cluster","namespace":"test-failure-1750934075031883000-1750934075034004000"}, "namespace": "test-failure-1750934075031883000-1750934075034004000", "name": "test-backup-no-cluster", "reconcileID": "8f681dec-c612-483d-9370-c24300e621d5", "error": "Neo4jEnterpriseCluster.neo4j.neo4j.com \"non-existent-cluster\" not found"}
  sigs.k8s.io/controller-runtime/pkg/internal/controller.(*Controller[...]).reconcileHandler
  	/Users/priyolahiri/go/pkg/mod/sigs.k8s.io/controller-runtime@v0.21.0/pkg/internal/controller/controller.go:353
  sigs.k8s.io/controller-runtime/pkg/internal/controller.(*Controller[...]).processNextWorkItem
  	/Users/priyolahiri/go/pkg/mod/sigs.k8s.io/controller-runtime@v0.21.0/pkg/internal/controller/controller.go:300
  sigs.k8s.io/controller-runtime/pkg/internal/controller.(*Controller[...]).Start.func2.1
  	/Users/priyolahiri/go/pkg/mod/sigs.k8s.io/controller-runtime@v0.21.0/pkg/internal/controller/controller.go:202
  2025-06-26T12:34:35+02:00	INFO	Warning: Reconciler returned both a non-zero result and a non-nil error. The result will always be ignored if the error is non-nil and the non-nil error causes requeuing with exponential backoff. For more details, see: https://pkg.go.dev/sigs.k8s.io/controller-runtime/pkg/reconcile#Reconciler	{"controller": "neo4jrestore", "controllerGroup": "neo4j.neo4j.com", "controllerKind": "Neo4jRestore", "Neo4jRestore": {"name":"test-restore-no-backup","namespace":"test-failure-1750934075033706000-1750934075035488000"}, "namespace": "test-failure-1750934075033706000-1750934075035488000", "name": "test-restore-no-backup", "reconcileID": "176e27e2-74a1-41c5-9267-460ad90467b3"}
  2025-06-26T12:34:35+02:00	ERROR	Reconciler error	{"controller": "neo4jrestore", "controllerGroup": "neo4j.neo4j.com", "controllerKind": "Neo4jRestore", "Neo4jRestore": {"name":"test-restore-no-backup","namespace":"test-failure-1750934075033706000-1750934075035488000"}, "namespace": "test-failure-1750934075033706000-1750934075035488000", "name": "test-restore-no-backup", "reconcileID": "176e27e2-74a1-41c5-9267-460ad90467b3", "error": "Neo4jEnterpriseCluster.neo4j.neo4j.com \"test-cluster\" not found"}
  sigs.k8s.io/controller-runtime/pkg/internal/controller.(*Controller[...]).reconcileHandler
  	/Users/priyolahiri/go/pkg/mod/sigs.k8s.io/controller-runtime@v0.21.0/pkg/internal/controller/controller.go:353
  sigs.k8s.io/controller-runtime/pkg/internal/controller.(*Controller[...]).processNextWorkItem
  	/Users/priyolahiri/go/pkg/mod/sigs.k8s.io/controller-runtime@v0.21.0/pkg/internal/controller/controller.go:300
  sigs.k8s.io/controller-runtime/pkg/internal/controller.(*Controller[...]).Start.func2.1
  	/Users/priyolahiri/go/pkg/mod/sigs.k8s.io/controller-runtime@v0.21.0/pkg/internal/controller/controller.go:202
  2025-06-26T12:34:35+02:00	ERROR	Failed to get target cluster	{"controller": "neo4jbackup", "controllerGroup": "neo4j.neo4j.com", "controllerKind": "Neo4jBackup", "Neo4jBackup": {"name":"test-backup-invalid-storage","namespace":"test-failure-1750934075033884000-1750934075035500000"}, "namespace": "test-failure-1750934075033884000-1750934075035500000", "name": "test-backup-invalid-storage", "reconcileID": "7852cc4f-e59d-4f7b-93c8-29b335b2745b", "error": "Neo4jEnterpriseCluster.neo4j.neo4j.com \"test-cluster\" not found"}
  github.com/neo4j-labs/neo4j-kubernetes-operator/internal/controller.(*Neo4jBackupReconciler).Reconcile
  	/Users/priyolahiri/Code/neo4j-kubernetes-operator/internal/controller/neo4jbackup_controller.go:106
  sigs.k8s.io/controller-runtime/pkg/internal/controller.(*Controller[...]).Reconcile
  	/Users/priyolahiri/go/pkg/mod/sigs.k8s.io/controller-runtime@v0.21.0/pkg/internal/controller/controller.go:119
  sigs.k8s.io/controller-runtime/pkg/internal/controller.(*Controller[...]).reconcileHandler
  	/Users/priyolahiri/go/pkg/mod/sigs.k8s.io/controller-runtime@v0.21.0/pkg/internal/controller/controller.go:340
  sigs.k8s.io/controller-runtime/pkg/internal/controller.(*Controller[...]).processNextWorkItem
  	/Users/priyolahiri/go/pkg/mod/sigs.k8s.io/controller-runtime@v0.21.0/pkg/internal/controller/controller.go:300
  sigs.k8s.io/controller-runtime/pkg/internal/controller.(*Controller[...]).Start.func2.1
  	/Users/priyolahiri/go/pkg/mod/sigs.k8s.io/controller-runtime@v0.21.0/pkg/internal/controller/controller.go:202
  2025-06-26T12:34:35+02:00	ERROR	Failed to get target cluster	{"controller": "neo4jrestore", "controllerGroup": "neo4j.neo4j.com", "controllerKind": "Neo4jRestore", "Neo4jRestore": {"name":"test-restore-no-cluster","namespace":"test-failure-1750934075035366000-1750934075036586000"}, "namespace": "test-failure-1750934075035366000-1750934075036586000", "name": "test-restore-no-cluster", "reconcileID": "15dc07bc-4405-479d-aa9d-bd079c905c9c", "error": "Neo4jEnterpriseCluster.neo4j.neo4j.com \"non-existent-cluster\" not found"}
  github.com/neo4j-labs/neo4j-kubernetes-operator/internal/controller.(*Neo4jRestoreReconciler).Reconcile
  	/Users/priyolahiri/Code/neo4j-kubernetes-operator/internal/controller/neo4jrestore_controller.go:118
  sigs.k8s.io/controller-runtime/pkg/internal/controller.(*Controller[...]).Reconcile
  	/Users/priyolahiri/go/pkg/mod/sigs.k8s.io/controller-runtime@v0.21.0/pkg/internal/controller/controller.go:119
  sigs.k8s.io/controller-runtime/pkg/internal/controller.(*Controller[...]).reconcileHandler
  	/Users/priyolahiri/go/pkg/mod/sigs.k8s.io/controller-runtime@v0.21.0/pkg/internal/controller/controller.go:340
  sigs.k8s.io/controller-runtime/pkg/internal/controller.(*Controller[...]).processNextWorkItem
  	/Users/priyolahiri/go/pkg/mod/sigs.k8s.io/controller-runtime@v0.21.0/pkg/internal/controller/controller.go:300
  sigs.k8s.io/controller-runtime/pkg/internal/controller.(*Controller[...]).Start.func2.1
  	/Users/priyolahiri/go/pkg/mod/sigs.k8s.io/controller-runtime@v0.21.0/pkg/internal/controller/controller.go:202
  2025-06-26T12:34:35+02:00	INFO	Warning: Reconciler returned both a non-zero result and a non-nil error. The result will always be ignored if the error is non-nil and the non-nil error causes requeuing with exponential backoff. For more details, see: https://pkg.go.dev/sigs.k8s.io/controller-runtime/pkg/reconcile#Reconciler	{"controller": "neo4jbackup", "controllerGroup": "neo4j.neo4j.com", "controllerKind": "Neo4jBackup", "Neo4jBackup": {"name":"test-backup-invalid-storage","namespace":"test-failure-1750934075033884000-1750934075035500000"}, "namespace": "test-failure-1750934075033884000-1750934075035500000", "name": "test-backup-invalid-storage", "reconcileID": "7852cc4f-e59d-4f7b-93c8-29b335b2745b"}
  2025-06-26T12:34:35+02:00	ERROR	Reconciler error	{"controller": "neo4jbackup", "controllerGroup": "neo4j.neo4j.com", "controllerKind": "Neo4jBackup", "Neo4jBackup": {"name":"test-backup-invalid-storage","namespace":"test-failure-1750934075033884000-1750934075035500000"}, "namespace": "test-failure-1750934075033884000-1750934075035500000", "name": "test-backup-invalid-storage", "reconcileID": "7852cc4f-e59d-4f7b-93c8-29b335b2745b", "error": "Neo4jEnterpriseCluster.neo4j.neo4j.com \"test-cluster\" not found"}
  sigs.k8s.io/controller-runtime/pkg/internal/controller.(*Controller[...]).reconcileHandler
  	/Users/priyolahiri/go/pkg/mod/sigs.k8s.io/controller-runtime@v0.21.0/pkg/internal/controller/controller.go:353
  sigs.k8s.io/controller-runtime/pkg/internal/controller.(*Controller[...]).processNextWorkItem
  	/Users/priyolahiri/go/pkg/mod/sigs.k8s.io/controller-runtime@v0.21.0/pkg/internal/controller/controller.go:300
  sigs.k8s.io/controller-runtime/pkg/internal/controller.(*Controller[...]).Start.func2.1
  	/Users/priyolahiri/go/pkg/mod/sigs.k8s.io/controller-runtime@v0.21.0/pkg/internal/controller/controller.go:202
  2025-06-26T12:34:35+02:00	ERROR	Failed to get target cluster	{"controller": "neo4jbackup", "controllerGroup": "neo4j.neo4j.com", "controllerKind": "Neo4jBackup", "Neo4jBackup": {"name":"test-backup-no-cluster","namespace":"test-failure-1750934075031883000-1750934075034004000"}, "namespace": "test-failure-1750934075031883000-1750934075034004000", "name": "test-backup-no-cluster", "reconcileID": "671b51ef-aa8c-4bbd-89b1-4b99ee264d9d", "error": "Neo4jEnterpriseCluster.neo4j.neo4j.com \"non-existent-cluster\" not found"}
  github.com/neo4j-labs/neo4j-kubernetes-operator/internal/controller.(*Neo4jBackupReconciler).Reconcile
  	/Users/priyolahiri/Code/neo4j-kubernetes-operator/internal/controller/neo4jbackup_controller.go:106
  sigs.k8s.io/controller-runtime/pkg/internal/controller.(*Controller[...]).Reconcile
  	/Users/priyolahiri/go/pkg/mod/sigs.k8s.io/controller-runtime@v0.21.0/pkg/internal/controller/controller.go:119
  sigs.k8s.io/controller-runtime/pkg/internal/controller.(*Controller[...]).reconcileHandler
  	/Users/priyolahiri/go/pkg/mod/sigs.k8s.io/controller-runtime@v0.21.0/pkg/internal/controller/controller.go:340
  sigs.k8s.io/controller-runtime/pkg/internal/controller.(*Controller[...]).processNextWorkItem
  	/Users/priyolahiri/go/pkg/mod/sigs.k8s.io/controller-runtime@v0.21.0/pkg/internal/controller/controller.go:300
  sigs.k8s.io/controller-runtime/pkg/internal/controller.(*Controller[...]).Start.func2.1
  	/Users/priyolahiri/go/pkg/mod/sigs.k8s.io/controller-runtime@v0.21.0/pkg/internal/controller/controller.go:202
  2025-06-26T12:34:35+02:00	INFO	Warning: Reconciler returned both a non-zero result and a non-nil error. The result will always be ignored if the error is non-nil and the non-nil error causes requeuing with exponential backoff. For more details, see: https://pkg.go.dev/sigs.k8s.io/controller-runtime/pkg/reconcile#Reconciler	{"controller": "neo4jrestore", "controllerGroup": "neo4j.neo4j.com", "controllerKind": "Neo4jRestore", "Neo4jRestore": {"name":"test-restore-no-cluster","namespace":"test-failure-1750934075035366000-1750934075036586000"}, "namespace": "test-failure-1750934075035366000-1750934075036586000", "name": "test-restore-no-cluster", "reconcileID": "15dc07bc-4405-479d-aa9d-bd079c905c9c"}
  2025-06-26T12:34:35+02:00	ERROR	Reconciler error	{"controller": "neo4jrestore", "controllerGroup": "neo4j.neo4j.com", "controllerKind": "Neo4jRestore", "Neo4jRestore": {"name":"test-restore-no-cluster","namespace":"test-failure-1750934075035366000-1750934075036586000"}, "namespace": "test-failure-1750934075035366000-1750934075036586000", "name": "test-restore-no-cluster", "reconcileID": "15dc07bc-4405-479d-aa9d-bd079c905c9c", "error": "Neo4jEnterpriseCluster.neo4j.neo4j.com \"non-existent-cluster\" not found"}
  sigs.k8s.io/controller-runtime/pkg/internal/controller.(*Controller[...]).reconcileHandler
  	/Users/priyolahiri/go/pkg/mod/sigs.k8s.io/controller-runtime@v0.21.0/pkg/internal/controller/controller.go:353
  sigs.k8s.io/controller-runtime/pkg/internal/controller.(*Controller[...]).processNextWorkItem
  	/Users/priyolahiri/go/pkg/mod/sigs.k8s.io/controller-runtime@v0.21.0/pkg/internal/controller/controller.go:300
  sigs.k8s.io/controller-runtime/pkg/internal/controller.(*Controller[...]).Start.func2.1
  	/Users/priyolahiri/go/pkg/mod/sigs.k8s.io/controller-runtime@v0.21.0/pkg/internal/controller/controller.go:202
  2025-06-26T12:34:35+02:00	ERROR	Failed to get target cluster	{"controller": "neo4jrestore", "controllerGroup": "neo4j.neo4j.com", "controllerKind": "Neo4jRestore", "Neo4jRestore": {"name":"test-restore-no-backup","namespace":"test-failure-1750934075033706000-1750934075035488000"}, "namespace": "test-failure-1750934075033706000-1750934075035488000", "name": "test-restore-no-backup", "reconcileID": "30abb126-6c98-448a-9751-9cb780f5ca34", "error": "Neo4jEnterpriseCluster.neo4j.neo4j.com \"test-cluster\" not found"}
  github.com/neo4j-labs/neo4j-kubernetes-operator/internal/controller.(*Neo4jRestoreReconciler).Reconcile
  	/Users/priyolahiri/Code/neo4j-kubernetes-operator/internal/controller/neo4jrestore_controller.go:118
  sigs.k8s.io/controller-runtime/pkg/internal/controller.(*Controller[...]).Reconcile
  	/Users/priyolahiri/go/pkg/mod/sigs.k8s.io/controller-runtime@v0.21.0/pkg/internal/controller/controller.go:119
  sigs.k8s.io/controller-runtime/pkg/internal/controller.(*Controller[...]).reconcileHandler
  	/Users/priyolahiri/go/pkg/mod/sigs.k8s.io/controller-runtime@v0.21.0/pkg/internal/controller/controller.go:340
  sigs.k8s.io/controller-runtime/pkg/internal/controller.(*Controller[...]).processNextWorkItem
  	/Users/priyolahiri/go/pkg/mod/sigs.k8s.io/controller-runtime@v0.21.0/pkg/internal/controller/controller.go:300
  sigs.k8s.io/controller-runtime/pkg/internal/controller.(*Controller[...]).Start.func2.1
  	/Users/priyolahiri/go/pkg/mod/sigs.k8s.io/controller-runtime@v0.21.0/pkg/internal/controller/controller.go:202
  2025-06-26T12:34:35+02:00	INFO	Warning: Reconciler returned both a non-zero result and a non-nil error. The result will always be ignored if the error is non-nil and the non-nil error causes requeuing with exponential backoff. For more details, see: https://pkg.go.dev/sigs.k8s.io/controller-runtime/pkg/reconcile#Reconciler	{"controller": "neo4jrestore", "controllerGroup": "neo4j.neo4j.com", "controllerKind": "Neo4jRestore", "Neo4jRestore": {"name":"test-restore-no-backup","namespace":"test-failure-1750934075033706000-1750934075035488000"}, "namespace": "test-failure-1750934075033706000-1750934075035488000", "name": "test-restore-no-backup", "reconcileID": "30abb126-6c98-448a-9751-9cb780f5ca34"}
  2025-06-26T12:34:35+02:00	ERROR	Reconciler error	{"controller": "neo4jrestore", "controllerGroup": "neo4j.neo4j.com", "controllerKind": "Neo4jRestore", "Neo4jRestore": {"name":"test-restore-no-backup","namespace":"test-failure-1750934075033706000-1750934075035488000"}, "namespace": "test-failure-1750934075033706000-1750934075035488000", "name": "test-restore-no-backup", "reconcileID": "30abb126-6c98-448a-9751-9cb780f5ca34", "error": "Neo4jEnterpriseCluster.neo4j.neo4j.com \"test-cluster\" not found"}
  sigs.k8s.io/controller-runtime/pkg/internal/controller.(*Controller[...]).reconcileHandler
  	/Users/priyolahiri/go/pkg/mod/sigs.k8s.io/controller-runtime@v0.21.0/pkg/internal/controller/controller.go:353
  sigs.k8s.io/controller-runtime/pkg/internal/controller.(*Controller[...]).processNextWorkItem
  	/Users/priyolahiri/go/pkg/mod/sigs.k8s.io/controller-runtime@v0.21.0/pkg/internal/controller/controller.go:300
  sigs.k8s.io/controller-runtime/pkg/internal/controller.(*Controller[...]).Start.func2.1
  	/Users/priyolahiri/go/pkg/mod/sigs.k8s.io/controller-runtime@v0.21.0/pkg/internal/controller/controller.go:202
  2025-06-26T12:34:35+02:00	INFO	Warning: Reconciler returned both a non-zero result and a non-nil error. The result will always be ignored if the error is non-nil and the non-nil error causes requeuing with exponential backoff. For more details, see: https://pkg.go.dev/sigs.k8s.io/controller-runtime/pkg/reconcile#Reconciler	{"controller": "neo4jbackup", "controllerGroup": "neo4j.neo4j.com", "controllerKind": "Neo4jBackup", "Neo4jBackup": {"name":"test-backup-no-cluster","namespace":"test-failure-1750934075031883000-1750934075034004000"}, "namespace": "test-failure-1750934075031883000-1750934075034004000", "name": "test-backup-no-cluster", "reconcileID": "671b51ef-aa8c-4bbd-89b1-4b99ee264d9d"}
  2025-06-26T12:34:35+02:00	ERROR	Reconciler error	{"controller": "neo4jbackup", "controllerGroup": "neo4j.neo4j.com", "controllerKind": "Neo4jBackup", "Neo4jBackup": {"name":"test-backup-no-cluster","namespace":"test-failure-1750934075031883000-1750934075034004000"}, "namespace": "test-failure-1750934075031883000-1750934075034004000", "name": "test-backup-no-cluster", "reconcileID": "671b51ef-aa8c-4bbd-89b1-4b99ee264d9d", "error": "Neo4jEnterpriseCluster.neo4j.neo4j.com \"non-existent-cluster\" not found"}
  sigs.k8s.io/controller-runtime/pkg/internal/controller.(*Controller[...]).reconcileHandler
  	/Users/priyolahiri/go/pkg/mod/sigs.k8s.io/controller-runtime@v0.21.0/pkg/internal/controller/controller.go:353
  sigs.k8s.io/controller-runtime/pkg/internal/controller.(*Controller[...]).processNextWorkItem
  	/Users/priyolahiri/go/pkg/mod/sigs.k8s.io/controller-runtime@v0.21.0/pkg/internal/controller/controller.go:300
  sigs.k8s.io/controller-runtime/pkg/internal/controller.(*Controller[...]).Start.func2.1
  	/Users/priyolahiri/go/pkg/mod/sigs.k8s.io/controller-runtime@v0.21.0/pkg/internal/controller/controller.go:202
  [38;5;243m<< Timeline[0m

  [38;5;9m[FAILED] Expected success, but got an error:
      <*errors.StatusError | 0x140009e74a0>:
      admission webhook "vneo4jenterprisecluster.kb.io" denied the request: spec.tls.issuerRef.name: Required value: issuer name must be specified when using cert-manager
      {
          ErrStatus: {
              TypeMeta: {Kind: "", APIVersion: ""},
              ListMeta: {
                  SelfLink: "",
                  ResourceVersion: "",
                  Continue: "",
                  RemainingItemCount: nil,
              },
              Status: "Failure",
              Message: "admission webhook \"vneo4jenterprisecluster.kb.io\" denied the request: spec.tls.issuerRef.name: Required value: issuer name must be specified when using cert-manager",
              Reason: "Forbidden",
              Details: nil,
              Code: 403,
          },
      }[0m
  [38;5;9mIn [1m[It][0m[38;5;9m at: [1m/Users/priyolahiri/Code/neo4j-kubernetes-operator/test/integration/failure_scenarios_test.go:394[0m [38;5;243m@ 06/26/25 12:34:35.236[0m
[38;5;243m------------------------------[0m
[38;5;10m• [0.244 seconds][0m
[0mFailure Scenarios [38;5;243mInvalid Cluster Configurations [38;5;10m[1mshould reject cluster with invalid primary count[0m
[38;5;243m/Users/priyolahiri/Code/neo4j-kubernetes-operator/test/integration/failure_scenarios_test.go:69[0m

  [38;5;243mTimeline >>[0m
  2025-06-26T12:34:35+02:00	INFO	Starting Controller	{"controller": "neo4jplugin", "controllerGroup": "neo4j.neo4j.com", "controllerKind": "Neo4jPlugin"}
  2025-06-26T12:34:35+02:00	INFO	Starting workers	{"controller": "neo4jplugin", "controllerGroup": "neo4j.neo4j.com", "controllerKind": "Neo4jPlugin", "worker count": 1}
  2025-06-26T12:34:35+02:00	INFO	Starting Controller	{"controller": "neo4jgrant", "controllerGroup": "neo4j.neo4j.com", "controllerKind": "Neo4jGrant"}
  2025-06-26T12:34:35+02:00	INFO	Starting workers	{"controller": "neo4jgrant", "controllerGroup": "neo4j.neo4j.com", "controllerKind": "Neo4jGrant", "worker count": 1}
  2025-06-26T12:34:35+02:00	INFO	Starting Controller	{"controller": "neo4juser", "controllerGroup": "neo4j.neo4j.com", "controllerKind": "Neo4jUser"}
  2025-06-26T12:34:35+02:00	INFO	Starting workers	{"controller": "neo4juser", "controllerGroup": "neo4j.neo4j.com", "controllerKind": "Neo4jUser", "worker count": 1}
  2025-06-26T12:34:35+02:00	INFO	Starting Controller	{"controller": "neo4jrestore", "controllerGroup": "neo4j.neo4j.com", "controllerKind": "Neo4jRestore"}
  2025-06-26T12:34:35+02:00	INFO	Starting workers	{"controller": "neo4jrestore", "controllerGroup": "neo4j.neo4j.com", "controllerKind": "Neo4jRestore", "worker count": 1}
  2025-06-26T12:34:35+02:00	INFO	Starting Controller	{"controller": "neo4jrole", "controllerGroup": "neo4j.neo4j.com", "controllerKind": "Neo4jRole"}
  2025-06-26T12:34:35+02:00	INFO	Starting workers	{"controller": "neo4jrole", "controllerGroup": "neo4j.neo4j.com", "controllerKind": "Neo4jRole", "worker count": 1}
  2025-06-26T12:34:35+02:00	INFO	Starting Controller	{"controller": "neo4jbackup", "controllerGroup": "neo4j.neo4j.com", "controllerKind": "Neo4jBackup"}
  2025-06-26T12:34:35+02:00	INFO	Starting workers	{"controller": "neo4jbackup", "controllerGroup": "neo4j.neo4j.com", "controllerKind": "Neo4jBackup", "worker count": 1}
  2025-06-26T12:34:35+02:00	INFO	Starting Controller	{"controller": "neo4jdatabase", "controllerGroup": "neo4j.neo4j.com", "controllerKind": "Neo4jDatabase"}
  2025-06-26T12:34:35+02:00	INFO	Starting workers	{"controller": "neo4jdatabase", "controllerGroup": "neo4j.neo4j.com", "controllerKind": "Neo4jDatabase", "worker count": 1}
  2025-06-26T12:34:35+02:00	INFO	Starting Controller	{"controller": "neo4jenterprisecluster", "controllerGroup": "neo4j.neo4j.com", "controllerKind": "Neo4jEnterpriseCluster"}
  2025-06-26T12:34:35+02:00	INFO	Starting workers	{"controller": "neo4jenterprisecluster", "controllerGroup": "neo4j.neo4j.com", "controllerKind": "Neo4jEnterpriseCluster", "worker count": 1}
  2025-06-26T12:34:35+02:00	ERROR	Failed to get target cluster	{"controller": "neo4jbackup", "controllerGroup": "neo4j.neo4j.com", "controllerKind": "Neo4jBackup", "Neo4jBackup": {"name":"test-backup-invalid-storage","namespace":"test-failure-1750934075033884000-1750934075035500000"}, "namespace": "test-failure-1750934075033884000-1750934075035500000", "name": "test-backup-invalid-storage", "reconcileID": "2e8620e5-243b-40b9-9db2-764d4cb91a11", "error": "Neo4jEnterpriseCluster.neo4j.neo4j.com \"test-cluster\" not found"}
  github.com/neo4j-labs/neo4j-kubernetes-operator/internal/controller.(*Neo4jBackupReconciler).Reconcile
  	/Users/priyolahiri/Code/neo4j-kubernetes-operator/internal/controller/neo4jbackup_controller.go:106
  sigs.k8s.io/controller-runtime/pkg/internal/controller.(*Controller[...]).Reconcile
  	/Users/priyolahiri/go/pkg/mod/sigs.k8s.io/controller-runtime@v0.21.0/pkg/internal/controller/controller.go:119
  sigs.k8s.io/controller-runtime/pkg/internal/controller.(*Controller[...]).reconcileHandler
  	/Users/priyolahiri/go/pkg/mod/sigs.k8s.io/controller-runtime@v0.21.0/pkg/internal/controller/controller.go:340
  sigs.k8s.io/controller-runtime/pkg/internal/controller.(*Controller[...]).processNextWorkItem
  	/Users/priyolahiri/go/pkg/mod/sigs.k8s.io/controller-runtime@v0.21.0/pkg/internal/controller/controller.go:300
  sigs.k8s.io/controller-runtime/pkg/internal/controller.(*Controller[...]).Start.func2.1
  	/Users/priyolahiri/go/pkg/mod/sigs.k8s.io/controller-runtime@v0.21.0/pkg/internal/controller/controller.go:202
  2025-06-26T12:34:35+02:00	ERROR	Failed to add finalizer	{"controller": "neo4jrestore", "controllerGroup": "neo4j.neo4j.com", "controllerKind": "Neo4jRestore", "Neo4jRestore": {"name":"test-restore-no-cluster","namespace":"test-failure-1750934075035366000-1750934075036586000"}, "namespace": "test-failure-1750934075035366000-1750934075036586000", "name": "test-restore-no-cluster", "reconcileID": "7e7042de-0463-41f3-9f9d-97018b03d674", "error": "Operation cannot be fulfilled on neo4jrestores.neo4j.neo4j.com \"test-restore-no-cluster\": the object has been modified; please apply your changes to the latest version and try again"}
  github.com/neo4j-labs/neo4j-kubernetes-operator/internal/controller.(*Neo4jRestoreReconciler).Reconcile
  	/Users/priyolahiri/Code/neo4j-kubernetes-operator/internal/controller/neo4jrestore_controller.go:109
  sigs.k8s.io/controller-runtime/pkg/internal/controller.(*Controller[...]).Reconcile
  	/Users/priyolahiri/go/pkg/mod/sigs.k8s.io/controller-runtime@v0.21.0/pkg/internal/controller/controller.go:119
  sigs.k8s.io/controller-runtime/pkg/internal/controller.(*Controller[...]).reconcileHandler
  	/Users/priyolahiri/go/pkg/mod/sigs.k8s.io/controller-runtime@v0.21.0/pkg/internal/controller/controller.go:340
  sigs.k8s.io/controller-runtime/pkg/internal/controller.(*Controller[...]).processNextWorkItem
  	/Users/priyolahiri/go/pkg/mod/sigs.k8s.io/controller-runtime@v0.21.0/pkg/internal/controller/controller.go:300
  sigs.k8s.io/controller-runtime/pkg/internal/controller.(*Controller[...]).Start.func2.1
  	/Users/priyolahiri/go/pkg/mod/sigs.k8s.io/controller-runtime@v0.21.0/pkg/internal/controller/controller.go:202
  2025-06-26T12:34:35+02:00	ERROR	Reconciler error	{"controller": "neo4jrestore", "controllerGroup": "neo4j.neo4j.com", "controllerKind": "Neo4jRestore", "Neo4jRestore": {"name":"test-restore-no-cluster","namespace":"test-failure-1750934075035366000-1750934075036586000"}, "namespace": "test-failure-1750934075035366000-1750934075036586000", "name": "test-restore-no-cluster", "reconcileID": "7e7042de-0463-41f3-9f9d-97018b03d674", "error": "Operation cannot be fulfilled on neo4jrestores.neo4j.neo4j.com \"test-restore-no-cluster\": the object has been modified; please apply your changes to the latest version and try again"}
  sigs.k8s.io/controller-runtime/pkg/internal/controller.(*Controller[...]).reconcileHandler
  	/Users/priyolahiri/go/pkg/mod/sigs.k8s.io/controller-runtime@v0.21.0/pkg/internal/controller/controller.go:353
  sigs.k8s.io/controller-runtime/pkg/internal/controller.(*Controller[...]).processNextWorkItem
  	/Users/priyolahiri/go/pkg/mod/sigs.k8s.io/controller-runtime@v0.21.0/pkg/internal/controller/controller.go:300
  sigs.k8s.io/controller-runtime/pkg/internal/controller.(*Controller[...]).Start.func2.1
  	/Users/priyolahiri/go/pkg/mod/sigs.k8s.io/controller-runtime@v0.21.0/pkg/internal/controller/controller.go:202
  2025-06-26T12:34:35+02:00	INFO	Warning: Reconciler returned both a non-zero result and a non-nil error. The result will always be ignored if the error is non-nil and the non-nil error causes requeuing with exponential backoff. For more details, see: https://pkg.go.dev/sigs.k8s.io/controller-runtime/pkg/reconcile#Reconciler	{"controller": "neo4jbackup", "controllerGroup": "neo4j.neo4j.com", "controllerKind": "Neo4jBackup", "Neo4jBackup": {"name":"test-backup-invalid-storage","namespace":"test-failure-1750934075033884000-1750934075035500000"}, "namespace": "test-failure-1750934075033884000-1750934075035500000", "name": "test-backup-invalid-storage", "reconcileID": "2e8620e5-243b-40b9-9db2-764d4cb91a11"}
  2025-06-26T12:34:35+02:00	ERROR	Reconciler error	{"controller": "neo4jbackup", "controllerGroup": "neo4j.neo4j.com", "controllerKind": "Neo4jBackup", "Neo4jBackup": {"name":"test-backup-invalid-storage","namespace":"test-failure-1750934075033884000-1750934075035500000"}, "namespace": "test-failure-1750934075033884000-1750934075035500000", "name": "test-backup-invalid-storage", "reconcileID": "2e8620e5-243b-40b9-9db2-764d4cb91a11", "error": "Neo4jEnterpriseCluster.neo4j.neo4j.com \"test-cluster\" not found"}
  sigs.k8s.io/controller-runtime/pkg/internal/controller.(*Controller[...]).reconcileHandler
  	/Users/priyolahiri/go/pkg/mod/sigs.k8s.io/controller-runtime@v0.21.0/pkg/internal/controller/controller.go:353
  sigs.k8s.io/controller-runtime/pkg/internal/controller.(*Controller[...]).processNextWorkItem
  	/Users/priyolahiri/go/pkg/mod/sigs.k8s.io/controller-runtime@v0.21.0/pkg/internal/controller/controller.go:300
  sigs.k8s.io/controller-runtime/pkg/internal/controller.(*Controller[...]).Start.func2.1
  	/Users/priyolahiri/go/pkg/mod/sigs.k8s.io/controller-runtime@v0.21.0/pkg/internal/controller/controller.go:202
  2025-06-26T12:34:35+02:00	ERROR	Failed to add finalizer	{"controller": "neo4jrestore", "controllerGroup": "neo4j.neo4j.com", "controllerKind": "Neo4jRestore", "Neo4jRestore": {"name":"test-restore-no-backup","namespace":"test-failure-1750934075033706000-1750934075035488000"}, "namespace": "test-failure-1750934075033706000-1750934075035488000", "name": "test-restore-no-backup", "reconcileID": "9828c4c2-969c-4799-aa74-ecda3e42607d", "error": "Operation cannot be fulfilled on neo4jrestores.neo4j.neo4j.com \"test-restore-no-backup\": the object has been modified; please apply your changes to the latest version and try again"}
  github.com/neo4j-labs/neo4j-kubernetes-operator/internal/controller.(*Neo4jRestoreReconciler).Reconcile
  	/Users/priyolahiri/Code/neo4j-kubernetes-operator/internal/controller/neo4jrestore_controller.go:109
  sigs.k8s.io/controller-runtime/pkg/internal/controller.(*Controller[...]).Reconcile
  	/Users/priyolahiri/go/pkg/mod/sigs.k8s.io/controller-runtime@v0.21.0/pkg/internal/controller/controller.go:119
  sigs.k8s.io/controller-runtime/pkg/internal/controller.(*Controller[...]).reconcileHandler
  	/Users/priyolahiri/go/pkg/mod/sigs.k8s.io/controller-runtime@v0.21.0/pkg/internal/controller/controller.go:340
  sigs.k8s.io/controller-runtime/pkg/internal/controller.(*Controller[...]).processNextWorkItem
  	/Users/priyolahiri/go/pkg/mod/sigs.k8s.io/controller-runtime@v0.21.0/pkg/internal/controller/controller.go:300
  sigs.k8s.io/controller-runtime/pkg/internal/controller.(*Controller[...]).Start.func2.1
  	/Users/priyolahiri/go/pkg/mod/sigs.k8s.io/controller-runtime@v0.21.0/pkg/internal/controller/controller.go:202
  2025-06-26T12:34:35+02:00	ERROR	Reconciler error	{"controller": "neo4jrestore", "controllerGroup": "neo4j.neo4j.com", "controllerKind": "Neo4jRestore", "Neo4jRestore": {"name":"test-restore-no-backup","namespace":"test-failure-1750934075033706000-1750934075035488000"}, "namespace": "test-failure-1750934075033706000-1750934075035488000", "name": "test-restore-no-backup", "reconcileID": "9828c4c2-969c-4799-aa74-ecda3e42607d", "error": "Operation cannot be fulfilled on neo4jrestores.neo4j.neo4j.com \"test-restore-no-backup\": the object has been modified; please apply your changes to the latest version and try again"}
  sigs.k8s.io/controller-runtime/pkg/internal/controller.(*Controller[...]).reconcileHandler
  	/Users/priyolahiri/go/pkg/mod/sigs.k8s.io/controller-runtime@v0.21.0/pkg/internal/controller/controller.go:353
  sigs.k8s.io/controller-runtime/pkg/internal/controller.(*Controller[...]).processNextWorkItem
  	/Users/priyolahiri/go/pkg/mod/sigs.k8s.io/controller-runtime@v0.21.0/pkg/internal/controller/controller.go:300
  sigs.k8s.io/controller-runtime/pkg/internal/controller.(*Controller[...]).Start.func2.1
  	/Users/priyolahiri/go/pkg/mod/sigs.k8s.io/controller-runtime@v0.21.0/pkg/internal/controller/controller.go:202
  2025-06-26T12:34:35+02:00	ERROR	Failed to get target cluster	{"controller": "neo4jbackup", "controllerGroup": "neo4j.neo4j.com", "controllerKind": "Neo4jBackup", "Neo4jBackup": {"name":"test-backup-no-cluster","namespace":"test-failure-1750934075031883000-1750934075034004000"}, "namespace": "test-failure-1750934075031883000-1750934075034004000", "name": "test-backup-no-cluster", "reconcileID": "248b24ef-4c65-43aa-bdea-d8b15c5382ba", "error": "Neo4jEnterpriseCluster.neo4j.neo4j.com \"non-existent-cluster\" not found"}
  github.com/neo4j-labs/neo4j-kubernetes-operator/internal/controller.(*Neo4jBackupReconciler).Reconcile
  	/Users/priyolahiri/Code/neo4j-kubernetes-operator/internal/controller/neo4jbackup_controller.go:106
  sigs.k8s.io/controller-runtime/pkg/internal/controller.(*Controller[...]).Reconcile
  	/Users/priyolahiri/go/pkg/mod/sigs.k8s.io/controller-runtime@v0.21.0/pkg/internal/controller/controller.go:119
  sigs.k8s.io/controller-runtime/pkg/internal/controller.(*Controller[...]).reconcileHandler
  	/Users/priyolahiri/go/pkg/mod/sigs.k8s.io/controller-runtime@v0.21.0/pkg/internal/controller/controller.go:340
  sigs.k8s.io/controller-runtime/pkg/internal/controller.(*Controller[...]).processNextWorkItem
  	/Users/priyolahiri/go/pkg/mod/sigs.k8s.io/controller-runtime@v0.21.0/pkg/internal/controller/controller.go:300
  sigs.k8s.io/controller-runtime/pkg/internal/controller.(*Controller[...]).Start.func2.1
  	/Users/priyolahiri/go/pkg/mod/sigs.k8s.io/controller-runtime@v0.21.0/pkg/internal/controller/controller.go:202
  2025-06-26T12:34:35+02:00	ERROR	Failed to get target cluster	{"controller": "neo4jrestore", "controllerGroup": "neo4j.neo4j.com", "controllerKind": "Neo4jRestore", "Neo4jRestore": {"name":"test-restore-no-cluster","namespace":"test-failure-1750934075035366000-1750934075036586000"}, "namespace": "test-failure-1750934075035366000-1750934075036586000", "name": "test-restore-no-cluster", "reconcileID": "f3452362-9336-45f6-bd63-f9bc522ad0e1", "error": "Neo4jEnterpriseCluster.neo4j.neo4j.com \"non-existent-cluster\" not found"}
  github.com/neo4j-labs/neo4j-kubernetes-operator/internal/controller.(*Neo4jRestoreReconciler).Reconcile
  	/Users/priyolahiri/Code/neo4j-kubernetes-operator/internal/controller/neo4jrestore_controller.go:118
  sigs.k8s.io/controller-runtime/pkg/internal/controller.(*Controller[...]).Reconcile
  	/Users/priyolahiri/go/pkg/mod/sigs.k8s.io/controller-runtime@v0.21.0/pkg/internal/controller/controller.go:119
  sigs.k8s.io/controller-runtime/pkg/internal/controller.(*Controller[...]).reconcileHandler
  	/Users/priyolahiri/go/pkg/mod/sigs.k8s.io/controller-runtime@v0.21.0/pkg/internal/controller/controller.go:340
  sigs.k8s.io/controller-runtime/pkg/internal/controller.(*Controller[...]).processNextWorkItem
  	/Users/priyolahiri/go/pkg/mod/sigs.k8s.io/controller-runtime@v0.21.0/pkg/internal/controller/controller.go:300
  sigs.k8s.io/controller-runtime/pkg/internal/controller.(*Controller[...]).Start.func2.1
  	/Users/priyolahiri/go/pkg/mod/sigs.k8s.io/controller-runtime@v0.21.0/pkg/internal/controller/controller.go:202
  2025-06-26T12:34:35+02:00	INFO	Warning: Reconciler returned both a non-zero result and a non-nil error. The result will always be ignored if the error is non-nil and the non-nil error causes requeuing with exponential backoff. For more details, see: https://pkg.go.dev/sigs.k8s.io/controller-runtime/pkg/reconcile#Reconciler	{"controller": "neo4jrestore", "controllerGroup": "neo4j.neo4j.com", "controllerKind": "Neo4jRestore", "Neo4jRestore": {"name":"test-restore-no-cluster","namespace":"test-failure-1750934075035366000-1750934075036586000"}, "namespace": "test-failure-1750934075035366000-1750934075036586000", "name": "test-restore-no-cluster", "reconcileID": "f3452362-9336-45f6-bd63-f9bc522ad0e1"}
  2025-06-26T12:34:35+02:00	ERROR	Reconciler error	{"controller": "neo4jrestore", "controllerGroup": "neo4j.neo4j.com", "controllerKind": "Neo4jRestore", "Neo4jRestore": {"name":"test-restore-no-cluster","namespace":"test-failure-1750934075035366000-1750934075036586000"}, "namespace": "test-failure-1750934075035366000-1750934075036586000", "name": "test-restore-no-cluster", "reconcileID": "f3452362-9336-45f6-bd63-f9bc522ad0e1", "error": "Neo4jEnterpriseCluster.neo4j.neo4j.com \"non-existent-cluster\" not found"}
  sigs.k8s.io/controller-runtime/pkg/internal/controller.(*Controller[...]).reconcileHandler
  	/Users/priyolahiri/go/pkg/mod/sigs.k8s.io/controller-runtime@v0.21.0/pkg/internal/controller/controller.go:353
  sigs.k8s.io/controller-runtime/pkg/internal/controller.(*Controller[...]).processNextWorkItem
  	/Users/priyolahiri/go/pkg/mod/sigs.k8s.io/controller-runtime@v0.21.0/pkg/internal/controller/controller.go:300
  sigs.k8s.io/controller-runtime/pkg/internal/controller.(*Controller[...]).Start.func2.1
  	/Users/priyolahiri/go/pkg/mod/sigs.k8s.io/controller-runtime@v0.21.0/pkg/internal/controller/controller.go:202
  2025-06-26T12:34:35+02:00	ERROR	Failed to get target cluster	{"controller": "neo4jrestore", "controllerGroup": "neo4j.neo4j.com", "controllerKind": "Neo4jRestore", "Neo4jRestore": {"name":"test-restore-no-backup","namespace":"test-failure-1750934075033706000-1750934075035488000"}, "namespace": "test-failure-1750934075033706000-1750934075035488000", "name": "test-restore-no-backup", "reconcileID": "ed2bcfbb-c11b-423a-ba6a-84e23978a774", "error": "Neo4jEnterpriseCluster.neo4j.neo4j.com \"test-cluster\" not found"}
  github.com/neo4j-labs/neo4j-kubernetes-operator/internal/controller.(*Neo4jRestoreReconciler).Reconcile
  	/Users/priyolahiri/Code/neo4j-kubernetes-operator/internal/controller/neo4jrestore_controller.go:118
  sigs.k8s.io/controller-runtime/pkg/internal/controller.(*Controller[...]).Reconcile
  	/Users/priyolahiri/go/pkg/mod/sigs.k8s.io/controller-runtime@v0.21.0/pkg/internal/controller/controller.go:119
  sigs.k8s.io/controller-runtime/pkg/internal/controller.(*Controller[...]).reconcileHandler
  	/Users/priyolahiri/go/pkg/mod/sigs.k8s.io/controller-runtime@v0.21.0/pkg/internal/controller/controller.go:340
  sigs.k8s.io/controller-runtime/pkg/internal/controller.(*Controller[...]).processNextWorkItem
  	/Users/priyolahiri/go/pkg/mod/sigs.k8s.io/controller-runtime@v0.21.0/pkg/internal/controller/controller.go:300
  sigs.k8s.io/controller-runtime/pkg/internal/controller.(*Controller[...]).Start.func2.1
  	/Users/priyolahiri/go/pkg/mod/sigs.k8s.io/controller-runtime@v0.21.0/pkg/internal/controller/controller.go:202
  2025-06-26T12:34:35+02:00	INFO	Warning: Reconciler returned both a non-zero result and a non-nil error. The result will always be ignored if the error is non-nil and the non-nil error causes requeuing with exponential backoff. For more details, see: https://pkg.go.dev/sigs.k8s.io/controller-runtime/pkg/reconcile#Reconciler	{"controller": "neo4jrestore", "controllerGroup": "neo4j.neo4j.com", "controllerKind": "Neo4jRestore", "Neo4jRestore": {"name":"test-restore-no-backup","namespace":"test-failure-1750934075033706000-1750934075035488000"}, "namespace": "test-failure-1750934075033706000-1750934075035488000", "name": "test-restore-no-backup", "reconcileID": "ed2bcfbb-c11b-423a-ba6a-84e23978a774"}
  2025-06-26T12:34:35+02:00	ERROR	Reconciler error	{"controller": "neo4jrestore", "controllerGroup": "neo4j.neo4j.com", "controllerKind": "Neo4jRestore", "Neo4jRestore": {"name":"test-restore-no-backup","namespace":"test-failure-1750934075033706000-1750934075035488000"}, "namespace": "test-failure-1750934075033706000-1750934075035488000", "name": "test-restore-no-backup", "reconcileID": "ed2bcfbb-c11b-423a-ba6a-84e23978a774", "error": "Neo4jEnterpriseCluster.neo4j.neo4j.com \"test-cluster\" not found"}
  sigs.k8s.io/controller-runtime/pkg/internal/controller.(*Controller[...]).reconcileHandler
  	/Users/priyolahiri/go/pkg/mod/sigs.k8s.io/controller-runtime@v0.21.0/pkg/internal/controller/controller.go:353
  sigs.k8s.io/controller-runtime/pkg/internal/controller.(*Controller[...]).processNextWorkItem
  	/Users/priyolahiri/go/pkg/mod/sigs.k8s.io/controller-runtime@v0.21.0/pkg/internal/controller/controller.go:300
  sigs.k8s.io/controller-runtime/pkg/internal/controller.(*Controller[...]).Start.func2.1
  	/Users/priyolahiri/go/pkg/mod/sigs.k8s.io/controller-runtime@v0.21.0/pkg/internal/controller/controller.go:202
  2025-06-26T12:34:35+02:00	ERROR	Failed to get target cluster	{"controller": "neo4jrestore", "controllerGroup": "neo4j.neo4j.com", "controllerKind": "Neo4jRestore", "Neo4jRestore": {"name":"test-restore-no-backup","namespace":"test-failure-1750934075033706000-1750934075035488000"}, "namespace": "test-failure-1750934075033706000-1750934075035488000", "name": "test-restore-no-backup", "reconcileID": "c9fa757d-e98b-475b-9e56-3f0ef12230e4", "error": "Neo4jEnterpriseCluster.neo4j.neo4j.com \"test-cluster\" not found"}
  github.com/neo4j-labs/neo4j-kubernetes-operator/internal/controller.(*Neo4jRestoreReconciler).Reconcile
  	/Users/priyolahiri/Code/neo4j-kubernetes-operator/internal/controller/neo4jrestore_controller.go:118
  sigs.k8s.io/controller-runtime/pkg/internal/controller.(*Controller[...]).Reconcile
  	/Users/priyolahiri/go/pkg/mod/sigs.k8s.io/controller-runtime@v0.21.0/pkg/internal/controller/controller.go:119
  sigs.k8s.io/controller-runtime/pkg/internal/controller.(*Controller[...]).reconcileHandler
  	/Users/priyolahiri/go/pkg/mod/sigs.k8s.io/controller-runtime@v0.21.0/pkg/internal/controller/controller.go:340
  sigs.k8s.io/controller-runtime/pkg/internal/controller.(*Controller[...]).processNextWorkItem
  	/Users/priyolahiri/go/pkg/mod/sigs.k8s.io/controller-runtime@v0.21.0/pkg/internal/controller/controller.go:300
  sigs.k8s.io/controller-runtime/pkg/internal/controller.(*Controller[...]).Start.func2.1
  	/Users/priyolahiri/go/pkg/mod/sigs.k8s.io/controller-runtime@v0.21.0/pkg/internal/controller/controller.go:202
  2025-06-26T12:34:35+02:00	INFO	Warning: Reconciler returned both a non-zero result and a non-nil error. The result will always be ignored if the error is non-nil and the non-nil error causes requeuing with exponential backoff. For more details, see: https://pkg.go.dev/sigs.k8s.io/controller-runtime/pkg/reconcile#Reconciler	{"controller": "neo4jrestore", "controllerGroup": "neo4j.neo4j.com", "controllerKind": "Neo4jRestore", "Neo4jRestore": {"name":"test-restore-no-backup","namespace":"test-failure-1750934075033706000-1750934075035488000"}, "namespace": "test-failure-1750934075033706000-1750934075035488000", "name": "test-restore-no-backup", "reconcileID": "c9fa757d-e98b-475b-9e56-3f0ef12230e4"}
  2025-06-26T12:34:35+02:00	ERROR	Reconciler error	{"controller": "neo4jrestore", "controllerGroup": "neo4j.neo4j.com", "controllerKind": "Neo4jRestore", "Neo4jRestore": {"name":"test-restore-no-backup","namespace":"test-failure-1750934075033706000-1750934075035488000"}, "namespace": "test-failure-1750934075033706000-1750934075035488000", "name": "test-restore-no-backup", "reconcileID": "c9fa757d-e98b-475b-9e56-3f0ef12230e4", "error": "Neo4jEnterpriseCluster.neo4j.neo4j.com \"test-cluster\" not found"}
  sigs.k8s.io/controller-runtime/pkg/internal/controller.(*Controller[...]).reconcileHandler
  	/Users/priyolahiri/go/pkg/mod/sigs.k8s.io/controller-runtime@v0.21.0/pkg/internal/controller/controller.go:353
  sigs.k8s.io/controller-runtime/pkg/internal/controller.(*Controller[...]).processNextWorkItem
  	/Users/priyolahiri/go/pkg/mod/sigs.k8s.io/controller-runtime@v0.21.0/pkg/internal/controller/controller.go:300
  sigs.k8s.io/controller-runtime/pkg/internal/controller.(*Controller[...]).Start.func2.1
  	/Users/priyolahiri/go/pkg/mod/sigs.k8s.io/controller-runtime@v0.21.0/pkg/internal/controller/controller.go:202
  2025-06-26T12:34:35+02:00	ERROR	Failed to get target cluster	{"controller": "neo4jrestore", "controllerGroup": "neo4j.neo4j.com", "controllerKind": "Neo4jRestore", "Neo4jRestore": {"name":"test-restore-no-cluster","namespace":"test-failure-1750934075035366000-1750934075036586000"}, "namespace": "test-failure-1750934075035366000-1750934075036586000", "name": "test-restore-no-cluster", "reconcileID": "5cca13bd-c6d8-4b80-b0b0-4e768b73a4c2", "error": "Neo4jEnterpriseCluster.neo4j.neo4j.com \"non-existent-cluster\" not found"}
  github.com/neo4j-labs/neo4j-kubernetes-operator/internal/controller.(*Neo4jRestoreReconciler).Reconcile
  	/Users/priyolahiri/Code/neo4j-kubernetes-operator/internal/controller/neo4jrestore_controller.go:118
  sigs.k8s.io/controller-runtime/pkg/internal/controller.(*Controller[...]).Reconcile
  	/Users/priyolahiri/go/pkg/mod/sigs.k8s.io/controller-runtime@v0.21.0/pkg/internal/controller/controller.go:119
  sigs.k8s.io/controller-runtime/pkg/internal/controller.(*Controller[...]).reconcileHandler
  	/Users/priyolahiri/go/pkg/mod/sigs.k8s.io/controller-runtime@v0.21.0/pkg/internal/controller/controller.go:340
  sigs.k8s.io/controller-runtime/pkg/internal/controller.(*Controller[...]).processNextWorkItem
  	/Users/priyolahiri/go/pkg/mod/sigs.k8s.io/controller-runtime@v0.21.0/pkg/internal/controller/controller.go:300
  sigs.k8s.io/controller-runtime/pkg/internal/controller.(*Controller[...]).Start.func2.1
  	/Users/priyolahiri/go/pkg/mod/sigs.k8s.io/controller-runtime@v0.21.0/pkg/internal/controller/controller.go:202
  2025-06-26T12:34:35+02:00	INFO	Warning: Reconciler returned both a non-zero result and a non-nil error. The result will always be ignored if the error is non-nil and the non-nil error causes requeuing with exponential backoff. For more details, see: https://pkg.go.dev/sigs.k8s.io/controller-runtime/pkg/reconcile#Reconciler	{"controller": "neo4jbackup", "controllerGroup": "neo4j.neo4j.com", "controllerKind": "Neo4jBackup", "Neo4jBackup": {"name":"test-backup-no-cluster","namespace":"test-failure-1750934075031883000-1750934075034004000"}, "namespace": "test-failure-1750934075031883000-1750934075034004000", "name": "test-backup-no-cluster", "reconcileID": "248b24ef-4c65-43aa-bdea-d8b15c5382ba"}
  2025-06-26T12:34:35+02:00	ERROR	Reconciler error	{"controller": "neo4jbackup", "controllerGroup": "neo4j.neo4j.com", "controllerKind": "Neo4jBackup", "Neo4jBackup": {"name":"test-backup-no-cluster","namespace":"test-failure-1750934075031883000-1750934075034004000"}, "namespace": "test-failure-1750934075031883000-1750934075034004000", "name": "test-backup-no-cluster", "reconcileID": "248b24ef-4c65-43aa-bdea-d8b15c5382ba", "error": "Neo4jEnterpriseCluster.neo4j.neo4j.com \"non-existent-cluster\" not found"}
  sigs.k8s.io/controller-runtime/pkg/internal/controller.(*Controller[...]).reconcileHandler
  	/Users/priyolahiri/go/pkg/mod/sigs.k8s.io/controller-runtime@v0.21.0/pkg/internal/controller/controller.go:353
  sigs.k8s.io/controller-runtime/pkg/internal/controller.(*Controller[...]).processNextWorkItem
  	/Users/priyolahiri/go/pkg/mod/sigs.k8s.io/controller-runtime@v0.21.0/pkg/internal/controller/controller.go:300
  sigs.k8s.io/controller-runtime/pkg/internal/controller.(*Controller[...]).Start.func2.1
  	/Users/priyolahiri/go/pkg/mod/sigs.k8s.io/controller-runtime@v0.21.0/pkg/internal/controller/controller.go:202
  2025-06-26T12:34:35+02:00	ERROR	Failed to get target cluster	{"controller": "neo4jbackup", "controllerGroup": "neo4j.neo4j.com", "controllerKind": "Neo4jBackup", "Neo4jBackup": {"name":"test-backup-invalid-storage","namespace":"test-failure-1750934075033884000-1750934075035500000"}, "namespace": "test-failure-1750934075033884000-1750934075035500000", "name": "test-backup-invalid-storage", "reconcileID": "536943cc-c902-43d9-8d29-eead8e4b4243", "error": "Neo4jEnterpriseCluster.neo4j.neo4j.com \"test-cluster\" not found"}
  github.com/neo4j-labs/neo4j-kubernetes-operator/internal/controller.(*Neo4jBackupReconciler).Reconcile
  	/Users/priyolahiri/Code/neo4j-kubernetes-operator/internal/controller/neo4jbackup_controller.go:106
  sigs.k8s.io/controller-runtime/pkg/internal/controller.(*Controller[...]).Reconcile
  	/Users/priyolahiri/go/pkg/mod/sigs.k8s.io/controller-runtime@v0.21.0/pkg/internal/controller/controller.go:119
  sigs.k8s.io/controller-runtime/pkg/internal/controller.(*Controller[...]).reconcileHandler
  	/Users/priyolahiri/go/pkg/mod/sigs.k8s.io/controller-runtime@v0.21.0/pkg/internal/controller/controller.go:340
  sigs.k8s.io/controller-runtime/pkg/internal/controller.(*Controller[...]).processNextWorkItem
  	/Users/priyolahiri/go/pkg/mod/sigs.k8s.io/controller-runtime@v0.21.0/pkg/internal/controller/controller.go:300
  sigs.k8s.io/controller-runtime/pkg/internal/controller.(*Controller[...]).Start.func2.1
  	/Users/priyolahiri/go/pkg/mod/sigs.k8s.io/controller-runtime@v0.21.0/pkg/internal/controller/controller.go:202
  2025-06-26T12:34:35+02:00	INFO	Warning: Reconciler returned both a non-zero result and a non-nil error. The result will always be ignored if the error is non-nil and the non-nil error causes requeuing with exponential backoff. For more details, see: https://pkg.go.dev/sigs.k8s.io/controller-runtime/pkg/reconcile#Reconciler	{"controller": "neo4jrestore", "controllerGroup": "neo4j.neo4j.com", "controllerKind": "Neo4jRestore", "Neo4jRestore": {"name":"test-restore-no-cluster","namespace":"test-failure-1750934075035366000-1750934075036586000"}, "namespace": "test-failure-1750934075035366000-1750934075036586000", "name": "test-restore-no-cluster", "reconcileID": "5cca13bd-c6d8-4b80-b0b0-4e768b73a4c2"}
  2025-06-26T12:34:35+02:00	ERROR	Reconciler error	{"controller": "neo4jrestore", "controllerGroup": "neo4j.neo4j.com", "controllerKind": "Neo4jRestore", "Neo4jRestore": {"name":"test-restore-no-cluster","namespace":"test-failure-1750934075035366000-1750934075036586000"}, "namespace": "test-failure-1750934075035366000-1750934075036586000", "name": "test-restore-no-cluster", "reconcileID": "5cca13bd-c6d8-4b80-b0b0-4e768b73a4c2", "error": "Neo4jEnterpriseCluster.neo4j.neo4j.com \"non-existent-cluster\" not found"}
  sigs.k8s.io/controller-runtime/pkg/internal/controller.(*Controller[...]).reconcileHandler
  	/Users/priyolahiri/go/pkg/mod/sigs.k8s.io/controller-runtime@v0.21.0/pkg/internal/controller/controller.go:353
  sigs.k8s.io/controller-runtime/pkg/internal/controller.(*Controller[...]).processNextWorkItem
  	/Users/priyolahiri/go/pkg/mod/sigs.k8s.io/controller-runtime@v0.21.0/pkg/internal/controller/controller.go:300
  sigs.k8s.io/controller-runtime/pkg/internal/controller.(*Controller[...]).Start.func2.1
  	/Users/priyolahiri/go/pkg/mod/sigs.k8s.io/controller-runtime@v0.21.0/pkg/internal/controller/controller.go:202
  2025-06-26T12:34:35+02:00	ERROR	Failed to get target cluster	{"controller": "neo4jrestore", "controllerGroup": "neo4j.neo4j.com", "controllerKind": "Neo4jRestore", "Neo4jRestore": {"name":"test-restore-no-backup","namespace":"test-failure-1750934075033706000-1750934075035488000"}, "namespace": "test-failure-1750934075033706000-1750934075035488000", "name": "test-restore-no-backup", "reconcileID": "9b851110-c91a-4f85-8c4a-8bb347ab37dc", "error": "Neo4jEnterpriseCluster.neo4j.neo4j.com \"test-cluster\" not found"}
  github.com/neo4j-labs/neo4j-kubernetes-operator/internal/controller.(*Neo4jRestoreReconciler).Reconcile
  	/Users/priyolahiri/Code/neo4j-kubernetes-operator/internal/controller/neo4jrestore_controller.go:118
  sigs.k8s.io/controller-runtime/pkg/internal/controller.(*Controller[...]).Reconcile
  	/Users/priyolahiri/go/pkg/mod/sigs.k8s.io/controller-runtime@v0.21.0/pkg/internal/controller/controller.go:119
  sigs.k8s.io/controller-runtime/pkg/internal/controller.(*Controller[...]).reconcileHandler
  	/Users/priyolahiri/go/pkg/mod/sigs.k8s.io/controller-runtime@v0.21.0/pkg/internal/controller/controller.go:340
  sigs.k8s.io/controller-runtime/pkg/internal/controller.(*Controller[...]).processNextWorkItem
  	/Users/priyolahiri/go/pkg/mod/sigs.k8s.io/controller-runtime@v0.21.0/pkg/internal/controller/controller.go:300
  sigs.k8s.io/controller-runtime/pkg/internal/controller.(*Controller[...]).Start.func2.1
  	/Users/priyolahiri/go/pkg/mod/sigs.k8s.io/controller-runtime@v0.21.0/pkg/internal/controller/controller.go:202
  2025-06-26T12:34:35+02:00	INFO	Warning: Reconciler returned both a non-zero result and a non-nil error. The result will always be ignored if the error is non-nil and the non-nil error causes requeuing with exponential backoff. For more details, see: https://pkg.go.dev/sigs.k8s.io/controller-runtime/pkg/reconcile#Reconciler	{"controller": "neo4jrestore", "controllerGroup": "neo4j.neo4j.com", "controllerKind": "Neo4jRestore", "Neo4jRestore": {"name":"test-restore-no-backup","namespace":"test-failure-1750934075033706000-1750934075035488000"}, "namespace": "test-failure-1750934075033706000-1750934075035488000", "name": "test-restore-no-backup", "reconcileID": "9b851110-c91a-4f85-8c4a-8bb347ab37dc"}
  2025-06-26T12:34:35+02:00	ERROR	Reconciler error	{"controller": "neo4jrestore", "controllerGroup": "neo4j.neo4j.com", "controllerKind": "Neo4jRestore", "Neo4jRestore": {"name":"test-restore-no-backup","namespace":"test-failure-1750934075033706000-1750934075035488000"}, "namespace": "test-failure-1750934075033706000-1750934075035488000", "name": "test-restore-no-backup", "reconcileID": "9b851110-c91a-4f85-8c4a-8bb347ab37dc", "error": "Neo4jEnterpriseCluster.neo4j.neo4j.com \"test-cluster\" not found"}
  sigs.k8s.io/controller-runtime/pkg/internal/controller.(*Controller[...]).reconcileHandler
  	/Users/priyolahiri/go/pkg/mod/sigs.k8s.io/controller-runtime@v0.21.0/pkg/internal/controller/controller.go:353
  sigs.k8s.io/controller-runtime/pkg/internal/controller.(*Controller[...]).processNextWorkItem
  	/Users/priyolahiri/go/pkg/mod/sigs.k8s.io/controller-runtime@v0.21.0/pkg/internal/controller/controller.go:300
  sigs.k8s.io/controller-runtime/pkg/internal/controller.(*Controller[...]).Start.func2.1
  	/Users/priyolahiri/go/pkg/mod/sigs.k8s.io/controller-runtime@v0.21.0/pkg/internal/controller/controller.go:202
  2025-06-26T12:34:35+02:00	INFO	Warning: Reconciler returned both a non-zero result and a non-nil error. The result will always be ignored if the error is non-nil and the non-nil error causes requeuing with exponential backoff. For more details, see: https://pkg.go.dev/sigs.k8s.io/controller-runtime/pkg/reconcile#Reconciler	{"controller": "neo4jbackup", "controllerGroup": "neo4j.neo4j.com", "controllerKind": "Neo4jBackup", "Neo4jBackup": {"name":"test-backup-invalid-storage","namespace":"test-failure-1750934075033884000-1750934075035500000"}, "namespace": "test-failure-1750934075033884000-1750934075035500000", "name": "test-backup-invalid-storage", "reconcileID": "536943cc-c902-43d9-8d29-eead8e4b4243"}
  2025-06-26T12:34:35+02:00	ERROR	Reconciler error	{"controller": "neo4jbackup", "controllerGroup": "neo4j.neo4j.com", "controllerKind": "Neo4jBackup", "Neo4jBackup": {"name":"test-backup-invalid-storage","namespace":"test-failure-1750934075033884000-1750934075035500000"}, "namespace": "test-failure-1750934075033884000-1750934075035500000", "name": "test-backup-invalid-storage", "reconcileID": "536943cc-c902-43d9-8d29-eead8e4b4243", "error": "Neo4jEnterpriseCluster.neo4j.neo4j.com \"test-cluster\" not found"}
  sigs.k8s.io/controller-runtime/pkg/internal/controller.(*Controller[...]).reconcileHandler
  	/Users/priyolahiri/go/pkg/mod/sigs.k8s.io/controller-runtime@v0.21.0/pkg/internal/controller/controller.go:353
  sigs.k8s.io/controller-runtime/pkg/internal/controller.(*Controller[...]).processNextWorkItem
  	/Users/priyolahiri/go/pkg/mod/sigs.k8s.io/controller-runtime@v0.21.0/pkg/internal/controller/controller.go:300
  sigs.k8s.io/controller-runtime/pkg/internal/controller.(*Controller[...]).Start.func2.1
  	/Users/priyolahiri/go/pkg/mod/sigs.k8s.io/controller-runtime@v0.21.0/pkg/internal/controller/controller.go:202
  2025-06-26T12:34:35+02:00	ERROR	Failed to get target cluster	{"controller": "neo4jbackup", "controllerGroup": "neo4j.neo4j.com", "controllerKind": "Neo4jBackup", "Neo4jBackup": {"name":"test-backup-no-cluster","namespace":"test-failure-1750934075031883000-1750934075034004000"}, "namespace": "test-failure-1750934075031883000-1750934075034004000", "name": "test-backup-no-cluster", "reconcileID": "a0ca2207-7867-4ddc-b7e5-f7758c64dc07", "error": "Neo4jEnterpriseCluster.neo4j.neo4j.com \"non-existent-cluster\" not found"}
  github.com/neo4j-labs/neo4j-kubernetes-operator/internal/controller.(*Neo4jBackupReconciler).Reconcile
  	/Users/priyolahiri/Code/neo4j-kubernetes-operator/internal/controller/neo4jbackup_controller.go:106
  sigs.k8s.io/controller-runtime/pkg/internal/controller.(*Controller[...]).Reconcile
  	/Users/priyolahiri/go/pkg/mod/sigs.k8s.io/controller-runtime@v0.21.0/pkg/internal/controller/controller.go:119
  sigs.k8s.io/controller-runtime/pkg/internal/controller.(*Controller[...]).reconcileHandler
  	/Users/priyolahiri/go/pkg/mod/sigs.k8s.io/controller-runtime@v0.21.0/pkg/internal/controller/controller.go:340
  sigs.k8s.io/controller-runtime/pkg/internal/controller.(*Controller[...]).processNextWorkItem
  	/Users/priyolahiri/go/pkg/mod/sigs.k8s.io/controller-runtime@v0.21.0/pkg/internal/controller/controller.go:300
  sigs.k8s.io/controller-runtime/pkg/internal/controller.(*Controller[...]).Start.func2.1
  	/Users/priyolahiri/go/pkg/mod/sigs.k8s.io/controller-runtime@v0.21.0/pkg/internal/controller/controller.go:202
  2025-06-26T12:34:35+02:00	INFO	Warning: Reconciler returned both a non-zero result and a non-nil error. The result will always be ignored if the error is non-nil and the non-nil error causes requeuing with exponential backoff. For more details, see: https://pkg.go.dev/sigs.k8s.io/controller-runtime/pkg/reconcile#Reconciler	{"controller": "neo4jbackup", "controllerGroup": "neo4j.neo4j.com", "controllerKind": "Neo4jBackup", "Neo4jBackup": {"name":"test-backup-no-cluster","namespace":"test-failure-1750934075031883000-1750934075034004000"}, "namespace": "test-failure-1750934075031883000-1750934075034004000", "name": "test-backup-no-cluster", "reconcileID": "a0ca2207-7867-4ddc-b7e5-f7758c64dc07"}
  2025-06-26T12:34:35+02:00	ERROR	Reconciler error	{"controller": "neo4jbackup", "controllerGroup": "neo4j.neo4j.com", "controllerKind": "Neo4jBackup", "Neo4jBackup": {"name":"test-backup-no-cluster","namespace":"test-failure-1750934075031883000-1750934075034004000"}, "namespace": "test-failure-1750934075031883000-1750934075034004000", "name": "test-backup-no-cluster", "reconcileID": "a0ca2207-7867-4ddc-b7e5-f7758c64dc07", "error": "Neo4jEnterpriseCluster.neo4j.neo4j.com \"non-existent-cluster\" not found"}
  sigs.k8s.io/controller-runtime/pkg/internal/controller.(*Controller[...]).reconcileHandler
  	/Users/priyolahiri/go/pkg/mod/sigs.k8s.io/controller-runtime@v0.21.0/pkg/internal/controller/controller.go:353
  sigs.k8s.io/controller-runtime/pkg/internal/controller.(*Controller[...]).processNextWorkItem
  	/Users/priyolahiri/go/pkg/mod/sigs.k8s.io/controller-runtime@v0.21.0/pkg/internal/controller/controller.go:300
  sigs.k8s.io/controller-runtime/pkg/internal/controller.(*Controller[...]).Start.func2.1
  	/Users/priyolahiri/go/pkg/mod/sigs.k8s.io/controller-runtime@v0.21.0/pkg/internal/controller/controller.go:202
  2025-06-26T12:34:35+02:00	ERROR	Failed to get target cluster	{"controller": "neo4jbackup", "controllerGroup": "neo4j.neo4j.com", "controllerKind": "Neo4jBackup", "Neo4jBackup": {"name":"test-backup-no-cluster","namespace":"test-failure-1750934075031883000-1750934075034004000"}, "namespace": "test-failure-1750934075031883000-1750934075034004000", "name": "test-backup-no-cluster", "reconcileID": "f40c235b-f7ae-483c-9882-b7984eaddaca", "error": "Neo4jEnterpriseCluster.neo4j.neo4j.com \"non-existent-cluster\" not found"}
  github.com/neo4j-labs/neo4j-kubernetes-operator/internal/controller.(*Neo4jBackupReconciler).Reconcile
  	/Users/priyolahiri/Code/neo4j-kubernetes-operator/internal/controller/neo4jbackup_controller.go:106
  sigs.k8s.io/controller-runtime/pkg/internal/controller.(*Controller[...]).Reconcile
  	/Users/priyolahiri/go/pkg/mod/sigs.k8s.io/controller-runtime@v0.21.0/pkg/internal/controller/controller.go:119
  sigs.k8s.io/controller-runtime/pkg/internal/controller.(*Controller[...]).reconcileHandler
  	/Users/priyolahiri/go/pkg/mod/sigs.k8s.io/controller-runtime@v0.21.0/pkg/internal/controller/controller.go:340
  sigs.k8s.io/controller-runtime/pkg/internal/controller.(*Controller[...]).processNextWorkItem
  	/Users/priyolahiri/go/pkg/mod/sigs.k8s.io/controller-runtime@v0.21.0/pkg/internal/controller/controller.go:300
  sigs.k8s.io/controller-runtime/pkg/internal/controller.(*Controller[...]).Start.func2.1
  	/Users/priyolahiri/go/pkg/mod/sigs.k8s.io/controller-runtime@v0.21.0/pkg/internal/controller/controller.go:202
  2025-06-26T12:34:35+02:00	INFO	Warning: Reconciler returned both a non-zero result and a non-nil error. The result will always be ignored if the error is non-nil and the non-nil error causes requeuing with exponential backoff. For more details, see: https://pkg.go.dev/sigs.k8s.io/controller-runtime/pkg/reconcile#Reconciler	{"controller": "neo4jbackup", "controllerGroup": "neo4j.neo4j.com", "controllerKind": "Neo4jBackup", "Neo4jBackup": {"name":"test-backup-no-cluster","namespace":"test-failure-1750934075031883000-1750934075034004000"}, "namespace": "test-failure-1750934075031883000-1750934075034004000", "name": "test-backup-no-cluster", "reconcileID": "f40c235b-f7ae-483c-9882-b7984eaddaca"}
  2025-06-26T12:34:35+02:00	ERROR	Reconciler error	{"controller": "neo4jbackup", "controllerGroup": "neo4j.neo4j.com", "controllerKind": "Neo4jBackup", "Neo4jBackup": {"name":"test-backup-no-cluster","namespace":"test-failure-1750934075031883000-1750934075034004000"}, "namespace": "test-failure-1750934075031883000-1750934075034004000", "name": "test-backup-no-cluster", "reconcileID": "f40c235b-f7ae-483c-9882-b7984eaddaca", "error": "Neo4jEnterpriseCluster.neo4j.neo4j.com \"non-existent-cluster\" not found"}
  sigs.k8s.io/controller-runtime/pkg/internal/controller.(*Controller[...]).reconcileHandler
  	/Users/priyolahiri/go/pkg/mod/sigs.k8s.io/controller-runtime@v0.21.0/pkg/internal/controller/controller.go:353
  sigs.k8s.io/controller-runtime/pkg/internal/controller.(*Controller[...]).processNextWorkItem
  	/Users/priyolahiri/go/pkg/mod/sigs.k8s.io/controller-runtime@v0.21.0/pkg/internal/controller/controller.go:300
  sigs.k8s.io/controller-runtime/pkg/internal/controller.(*Controller[...]).Start.func2.1
  	/Users/priyolahiri/go/pkg/mod/sigs.k8s.io/controller-runtime@v0.21.0/pkg/internal/controller/controller.go:202
  2025-06-26T12:34:35+02:00	ERROR	Failed to get target cluster	{"controller": "neo4jbackup", "controllerGroup": "neo4j.neo4j.com", "controllerKind": "Neo4jBackup", "Neo4jBackup": {"name":"test-backup-invalid-storage","namespace":"test-failure-1750934075033884000-1750934075035500000"}, "namespace": "test-failure-1750934075033884000-1750934075035500000", "name": "test-backup-invalid-storage", "reconcileID": "02b350e4-08af-4ee7-a0a7-719948f5e572", "error": "Neo4jEnterpriseCluster.neo4j.neo4j.com \"test-cluster\" not found"}
  github.com/neo4j-labs/neo4j-kubernetes-operator/internal/controller.(*Neo4jBackupReconciler).Reconcile
  	/Users/priyolahiri/Code/neo4j-kubernetes-operator/internal/controller/neo4jbackup_controller.go:106
  sigs.k8s.io/controller-runtime/pkg/internal/controller.(*Controller[...]).Reconcile
  	/Users/priyolahiri/go/pkg/mod/sigs.k8s.io/controller-runtime@v0.21.0/pkg/internal/controller/controller.go:119
  sigs.k8s.io/controller-runtime/pkg/internal/controller.(*Controller[...]).reconcileHandler
  	/Users/priyolahiri/go/pkg/mod/sigs.k8s.io/controller-runtime@v0.21.0/pkg/internal/controller/controller.go:340
  sigs.k8s.io/controller-runtime/pkg/internal/controller.(*Controller[...]).processNextWorkItem
  	/Users/priyolahiri/go/pkg/mod/sigs.k8s.io/controller-runtime@v0.21.0/pkg/internal/controller/controller.go:300
  sigs.k8s.io/controller-runtime/pkg/internal/controller.(*Controller[...]).Start.func2.1
  	/Users/priyolahiri/go/pkg/mod/sigs.k8s.io/controller-runtime@v0.21.0/pkg/internal/controller/controller.go:202
  2025-06-26T12:34:35+02:00	ERROR	Failed to get target cluster	{"controller": "neo4jrestore", "controllerGroup": "neo4j.neo4j.com", "controllerKind": "Neo4jRestore", "Neo4jRestore": {"name":"test-restore-no-cluster","namespace":"test-failure-1750934075035366000-1750934075036586000"}, "namespace": "test-failure-1750934075035366000-1750934075036586000", "name": "test-restore-no-cluster", "reconcileID": "be0cfb58-e8bf-42b4-802b-165141199b4c", "error": "Neo4jEnterpriseCluster.neo4j.neo4j.com \"non-existent-cluster\" not found"}
  github.com/neo4j-labs/neo4j-kubernetes-operator/internal/controller.(*Neo4jRestoreReconciler).Reconcile
  	/Users/priyolahiri/Code/neo4j-kubernetes-operator/internal/controller/neo4jrestore_controller.go:118
  sigs.k8s.io/controller-runtime/pkg/internal/controller.(*Controller[...]).Reconcile
  	/Users/priyolahiri/go/pkg/mod/sigs.k8s.io/controller-runtime@v0.21.0/pkg/internal/controller/controller.go:119
  sigs.k8s.io/controller-runtime/pkg/internal/controller.(*Controller[...]).reconcileHandler
  	/Users/priyolahiri/go/pkg/mod/sigs.k8s.io/controller-runtime@v0.21.0/pkg/internal/controller/controller.go:340
  sigs.k8s.io/controller-runtime/pkg/internal/controller.(*Controller[...]).processNextWorkItem
  	/Users/priyolahiri/go/pkg/mod/sigs.k8s.io/controller-runtime@v0.21.0/pkg/internal/controller/controller.go:300
  sigs.k8s.io/controller-runtime/pkg/internal/controller.(*Controller[...]).Start.func2.1
  	/Users/priyolahiri/go/pkg/mod/sigs.k8s.io/controller-runtime@v0.21.0/pkg/internal/controller/controller.go:202
  2025-06-26T12:34:35+02:00	INFO	Warning: Reconciler returned both a non-zero result and a non-nil error. The result will always be ignored if the error is non-nil and the non-nil error causes requeuing with exponential backoff. For more details, see: https://pkg.go.dev/sigs.k8s.io/controller-runtime/pkg/reconcile#Reconciler	{"controller": "neo4jbackup", "controllerGroup": "neo4j.neo4j.com", "controllerKind": "Neo4jBackup", "Neo4jBackup": {"name":"test-backup-invalid-storage","namespace":"test-failure-1750934075033884000-1750934075035500000"}, "namespace": "test-failure-1750934075033884000-1750934075035500000", "name": "test-backup-invalid-storage", "reconcileID": "02b350e4-08af-4ee7-a0a7-719948f5e572"}
  2025-06-26T12:34:35+02:00	ERROR	Reconciler error	{"controller": "neo4jbackup", "controllerGroup": "neo4j.neo4j.com", "controllerKind": "Neo4jBackup", "Neo4jBackup": {"name":"test-backup-invalid-storage","namespace":"test-failure-1750934075033884000-1750934075035500000"}, "namespace": "test-failure-1750934075033884000-1750934075035500000", "name": "test-backup-invalid-storage", "reconcileID": "02b350e4-08af-4ee7-a0a7-719948f5e572", "error": "Neo4jEnterpriseCluster.neo4j.neo4j.com \"test-cluster\" not found"}
  sigs.k8s.io/controller-runtime/pkg/internal/controller.(*Controller[...]).reconcileHandler
  	/Users/priyolahiri/go/pkg/mod/sigs.k8s.io/controller-runtime@v0.21.0/pkg/internal/controller/controller.go:353
  sigs.k8s.io/controller-runtime/pkg/internal/controller.(*Controller[...]).processNextWorkItem
  	/Users/priyolahiri/go/pkg/mod/sigs.k8s.io/controller-runtime@v0.21.0/pkg/internal/controller/controller.go:300
  sigs.k8s.io/controller-runtime/pkg/internal/controller.(*Controller[...]).Start.func2.1
  	/Users/priyolahiri/go/pkg/mod/sigs.k8s.io/controller-runtime@v0.21.0/pkg/internal/controller/controller.go:202
  2025-06-26T12:34:35+02:00	ERROR	Failed to get target cluster	{"controller": "neo4jbackup", "controllerGroup": "neo4j.neo4j.com", "controllerKind": "Neo4jBackup", "Neo4jBackup": {"name":"test-backup-invalid-storage","namespace":"test-failure-1750934075033884000-1750934075035500000"}, "namespace": "test-failure-1750934075033884000-1750934075035500000", "name": "test-backup-invalid-storage", "reconcileID": "f61b4b8d-06f1-4714-9ce0-f1c8061b068f", "error": "Neo4jEnterpriseCluster.neo4j.neo4j.com \"test-cluster\" not found"}
  github.com/neo4j-labs/neo4j-kubernetes-operator/internal/controller.(*Neo4jBackupReconciler).Reconcile
  	/Users/priyolahiri/Code/neo4j-kubernetes-operator/internal/controller/neo4jbackup_controller.go:106
  sigs.k8s.io/controller-runtime/pkg/internal/controller.(*Controller[...]).Reconcile
  	/Users/priyolahiri/go/pkg/mod/sigs.k8s.io/controller-runtime@v0.21.0/pkg/internal/controller/controller.go:119
  sigs.k8s.io/controller-runtime/pkg/internal/controller.(*Controller[...]).reconcileHandler
  	/Users/priyolahiri/go/pkg/mod/sigs.k8s.io/controller-runtime@v0.21.0/pkg/internal/controller/controller.go:340
  sigs.k8s.io/controller-runtime/pkg/internal/controller.(*Controller[...]).processNextWorkItem
  	/Users/priyolahiri/go/pkg/mod/sigs.k8s.io/controller-runtime@v0.21.0/pkg/internal/controller/controller.go:300
  sigs.k8s.io/controller-runtime/pkg/internal/controller.(*Controller[...]).Start.func2.1
  	/Users/priyolahiri/go/pkg/mod/sigs.k8s.io/controller-runtime@v0.21.0/pkg/internal/controller/controller.go:202
  2025-06-26T12:34:35+02:00	INFO	Warning: Reconciler returned both a non-zero result and a non-nil error. The result will always be ignored if the error is non-nil and the non-nil error causes requeuing with exponential backoff. For more details, see: https://pkg.go.dev/sigs.k8s.io/controller-runtime/pkg/reconcile#Reconciler	{"controller": "neo4jrestore", "controllerGroup": "neo4j.neo4j.com", "controllerKind": "Neo4jRestore", "Neo4jRestore": {"name":"test-restore-no-cluster","namespace":"test-failure-1750934075035366000-1750934075036586000"}, "namespace": "test-failure-1750934075035366000-1750934075036586000", "name": "test-restore-no-cluster", "reconcileID": "be0cfb58-e8bf-42b4-802b-165141199b4c"}
  2025-06-26T12:34:35+02:00	ERROR	Reconciler error	{"controller": "neo4jrestore", "controllerGroup": "neo4j.neo4j.com", "controllerKind": "Neo4jRestore", "Neo4jRestore": {"name":"test-restore-no-cluster","namespace":"test-failure-1750934075035366000-1750934075036586000"}, "namespace": "test-failure-1750934075035366000-1750934075036586000", "name": "test-restore-no-cluster", "reconcileID": "be0cfb58-e8bf-42b4-802b-165141199b4c", "error": "Neo4jEnterpriseCluster.neo4j.neo4j.com \"non-existent-cluster\" not found"}
  sigs.k8s.io/controller-runtime/pkg/internal/controller.(*Controller[...]).reconcileHandler
  	/Users/priyolahiri/go/pkg/mod/sigs.k8s.io/controller-runtime@v0.21.0/pkg/internal/controller/controller.go:353
  sigs.k8s.io/controller-runtime/pkg/internal/controller.(*Controller[...]).processNextWorkItem
  	/Users/priyolahiri/go/pkg/mod/sigs.k8s.io/controller-runtime@v0.21.0/pkg/internal/controller/controller.go:300
  sigs.k8s.io/controller-runtime/pkg/internal/controller.(*Controller[...]).Start.func2.1
  	/Users/priyolahiri/go/pkg/mod/sigs.k8s.io/controller-runtime@v0.21.0/pkg/internal/controller/controller.go:202
  2025-06-26T12:34:35+02:00	ERROR	Failed to get target cluster	{"controller": "neo4jrestore", "controllerGroup": "neo4j.neo4j.com", "controllerKind": "Neo4jRestore", "Neo4jRestore": {"name":"test-restore-no-backup","namespace":"test-failure-1750934075033706000-1750934075035488000"}, "namespace": "test-failure-1750934075033706000-1750934075035488000", "name": "test-restore-no-backup", "reconcileID": "9a26f102-8749-4913-84d1-c986b4373f36", "error": "Neo4jEnterpriseCluster.neo4j.neo4j.com \"test-cluster\" not found"}
  github.com/neo4j-labs/neo4j-kubernetes-operator/internal/controller.(*Neo4jRestoreReconciler).Reconcile
  	/Users/priyolahiri/Code/neo4j-kubernetes-operator/internal/controller/neo4jrestore_controller.go:118
  sigs.k8s.io/controller-runtime/pkg/internal/controller.(*Controller[...]).Reconcile
  	/Users/priyolahiri/go/pkg/mod/sigs.k8s.io/controller-runtime@v0.21.0/pkg/internal/controller/controller.go:119
  sigs.k8s.io/controller-runtime/pkg/internal/controller.(*Controller[...]).reconcileHandler
  	/Users/priyolahiri/go/pkg/mod/sigs.k8s.io/controller-runtime@v0.21.0/pkg/internal/controller/controller.go:340
  sigs.k8s.io/controller-runtime/pkg/internal/controller.(*Controller[...]).processNextWorkItem
  	/Users/priyolahiri/go/pkg/mod/sigs.k8s.io/controller-runtime@v0.21.0/pkg/internal/controller/controller.go:300
  sigs.k8s.io/controller-runtime/pkg/internal/controller.(*Controller[...]).Start.func2.1
  	/Users/priyolahiri/go/pkg/mod/sigs.k8s.io/controller-runtime@v0.21.0/pkg/internal/controller/controller.go:202
  2025-06-26T12:34:35+02:00	INFO	Warning: Reconciler returned both a non-zero result and a non-nil error. The result will always be ignored if the error is non-nil and the non-nil error causes requeuing with exponential backoff. For more details, see: https://pkg.go.dev/sigs.k8s.io/controller-runtime/pkg/reconcile#Reconciler	{"controller": "neo4jbackup", "controllerGroup": "neo4j.neo4j.com", "controllerKind": "Neo4jBackup", "Neo4jBackup": {"name":"test-backup-invalid-storage","namespace":"test-failure-1750934075033884000-1750934075035500000"}, "namespace": "test-failure-1750934075033884000-1750934075035500000", "name": "test-backup-invalid-storage", "reconcileID": "f61b4b8d-06f1-4714-9ce0-f1c8061b068f"}
  2025-06-26T12:34:35+02:00	ERROR	Reconciler error	{"controller": "neo4jbackup", "controllerGroup": "neo4j.neo4j.com", "controllerKind": "Neo4jBackup", "Neo4jBackup": {"name":"test-backup-invalid-storage","namespace":"test-failure-1750934075033884000-1750934075035500000"}, "namespace": "test-failure-1750934075033884000-1750934075035500000", "name": "test-backup-invalid-storage", "reconcileID": "f61b4b8d-06f1-4714-9ce0-f1c8061b068f", "error": "Neo4jEnterpriseCluster.neo4j.neo4j.com \"test-cluster\" not found"}
  sigs.k8s.io/controller-runtime/pkg/internal/controller.(*Controller[...]).reconcileHandler
  	/Users/priyolahiri/go/pkg/mod/sigs.k8s.io/controller-runtime@v0.21.0/pkg/internal/controller/controller.go:353
  sigs.k8s.io/controller-runtime/pkg/internal/controller.(*Controller[...]).processNextWorkItem
  	/Users/priyolahiri/go/pkg/mod/sigs.k8s.io/controller-runtime@v0.21.0/pkg/internal/controller/controller.go:300
  sigs.k8s.io/controller-runtime/pkg/internal/controller.(*Controller[...]).Start.func2.1
  	/Users/priyolahiri/go/pkg/mod/sigs.k8s.io/controller-runtime@v0.21.0/pkg/internal/controller/controller.go:202
  2025-06-26T12:34:35+02:00	ERROR	Failed to get target cluster	{"controller": "neo4jbackup", "controllerGroup": "neo4j.neo4j.com", "controllerKind": "Neo4jBackup", "Neo4jBackup": {"name":"test-backup-no-cluster","namespace":"test-failure-1750934075031883000-1750934075034004000"}, "namespace": "test-failure-1750934075031883000-1750934075034004000", "name": "test-backup-no-cluster", "reconcileID": "b8823f3f-30e4-428b-aa1b-1449f0ed2366", "error": "Neo4jEnterpriseCluster.neo4j.neo4j.com \"non-existent-cluster\" not found"}
  github.com/neo4j-labs/neo4j-kubernetes-operator/internal/controller.(*Neo4jBackupReconciler).Reconcile
  	/Users/priyolahiri/Code/neo4j-kubernetes-operator/internal/controller/neo4jbackup_controller.go:106
  sigs.k8s.io/controller-runtime/pkg/internal/controller.(*Controller[...]).Reconcile
  	/Users/priyolahiri/go/pkg/mod/sigs.k8s.io/controller-runtime@v0.21.0/pkg/internal/controller/controller.go:119
  sigs.k8s.io/controller-runtime/pkg/internal/controller.(*Controller[...]).reconcileHandler
  	/Users/priyolahiri/go/pkg/mod/sigs.k8s.io/controller-runtime@v0.21.0/pkg/internal/controller/controller.go:340
  sigs.k8s.io/controller-runtime/pkg/internal/controller.(*Controller[...]).processNextWorkItem
  	/Users/priyolahiri/go/pkg/mod/sigs.k8s.io/controller-runtime@v0.21.0/pkg/internal/controller/controller.go:300
  sigs.k8s.io/controller-runtime/pkg/internal/controller.(*Controller[...]).Start.func2.1
  	/Users/priyolahiri/go/pkg/mod/sigs.k8s.io/controller-runtime@v0.21.0/pkg/internal/controller/controller.go:202
  2025-06-26T12:34:35+02:00	INFO	Warning: Reconciler returned both a non-zero result and a non-nil error. The result will always be ignored if the error is non-nil and the non-nil error causes requeuing with exponential backoff. For more details, see: https://pkg.go.dev/sigs.k8s.io/controller-runtime/pkg/reconcile#Reconciler	{"controller": "neo4jrestore", "controllerGroup": "neo4j.neo4j.com", "controllerKind": "Neo4jRestore", "Neo4jRestore": {"name":"test-restore-no-backup","namespace":"test-failure-1750934075033706000-1750934075035488000"}, "namespace": "test-failure-1750934075033706000-1750934075035488000", "name": "test-restore-no-backup", "reconcileID": "9a26f102-8749-4913-84d1-c986b4373f36"}
  2025-06-26T12:34:35+02:00	ERROR	Reconciler error	{"controller": "neo4jrestore", "controllerGroup": "neo4j.neo4j.com", "controllerKind": "Neo4jRestore", "Neo4jRestore": {"name":"test-restore-no-backup","namespace":"test-failure-1750934075033706000-1750934075035488000"}, "namespace": "test-failure-1750934075033706000-1750934075035488000", "name": "test-restore-no-backup", "reconcileID": "9a26f102-8749-4913-84d1-c986b4373f36", "error": "Neo4jEnterpriseCluster.neo4j.neo4j.com \"test-cluster\" not found"}
  sigs.k8s.io/controller-runtime/pkg/internal/controller.(*Controller[...]).reconcileHandler
  	/Users/priyolahiri/go/pkg/mod/sigs.k8s.io/controller-runtime@v0.21.0/pkg/internal/controller/controller.go:353
  sigs.k8s.io/controller-runtime/pkg/internal/controller.(*Controller[...]).processNextWorkItem
  	/Users/priyolahiri/go/pkg/mod/sigs.k8s.io/controller-runtime@v0.21.0/pkg/internal/controller/controller.go:300
  sigs.k8s.io/controller-runtime/pkg/internal/controller.(*Controller[...]).Start.func2.1
  	/Users/priyolahiri/go/pkg/mod/sigs.k8s.io/controller-runtime@v0.21.0/pkg/internal/controller/controller.go:202
  2025-06-26T12:34:35+02:00	INFO	Warning: Reconciler returned both a non-zero result and a non-nil error. The result will always be ignored if the error is non-nil and the non-nil error causes requeuing with exponential backoff. For more details, see: https://pkg.go.dev/sigs.k8s.io/controller-runtime/pkg/reconcile#Reconciler	{"controller": "neo4jbackup", "controllerGroup": "neo4j.neo4j.com", "controllerKind": "Neo4jBackup", "Neo4jBackup": {"name":"test-backup-no-cluster","namespace":"test-failure-1750934075031883000-1750934075034004000"}, "namespace": "test-failure-1750934075031883000-1750934075034004000", "name": "test-backup-no-cluster", "reconcileID": "b8823f3f-30e4-428b-aa1b-1449f0ed2366"}
  2025-06-26T12:34:35+02:00	ERROR	Reconciler error	{"controller": "neo4jbackup", "controllerGroup": "neo4j.neo4j.com", "controllerKind": "Neo4jBackup", "Neo4jBackup": {"name":"test-backup-no-cluster","namespace":"test-failure-1750934075031883000-1750934075034004000"}, "namespace": "test-failure-1750934075031883000-1750934075034004000", "name": "test-backup-no-cluster", "reconcileID": "b8823f3f-30e4-428b-aa1b-1449f0ed2366", "error": "Neo4jEnterpriseCluster.neo4j.neo4j.com \"non-existent-cluster\" not found"}
  sigs.k8s.io/controller-runtime/pkg/internal/controller.(*Controller[...]).reconcileHandler
  	/Users/priyolahiri/go/pkg/mod/sigs.k8s.io/controller-runtime@v0.21.0/pkg/internal/controller/controller.go:353
  sigs.k8s.io/controller-runtime/pkg/internal/controller.(*Controller[...]).processNextWorkItem
  	/Users/priyolahiri/go/pkg/mod/sigs.k8s.io/controller-runtime@v0.21.0/pkg/internal/controller/controller.go:300
  sigs.k8s.io/controller-runtime/pkg/internal/controller.(*Controller[...]).Start.func2.1
  	/Users/priyolahiri/go/pkg/mod/sigs.k8s.io/controller-runtime@v0.21.0/pkg/internal/controller/controller.go:202
  [38;5;243m<< Timeline[0m
[38;5;243m------------------------------[0m
[38;5;9m• [FAILED] [0.244 seconds][0m
[0mCluster Lifecycle Integration Tests [38;5;243mMulti-cluster deployment [38;5;9m[1m[It] Should handle multiple clusters in same namespace[0m
[38;5;243m/Users/priyolahiri/Code/neo4j-kubernetes-operator/test/integration/cluster_lifecycle_test.go:196[0m

  [38;5;243mTimeline >>[0m
  [1mSTEP:[0m Creating multiple clusters [38;5;243m@ 06/26/25 12:34:35.088[0m
  2025-06-26T12:34:35+02:00	INFO	Starting Controller	{"controller": "neo4jrole", "controllerGroup": "neo4j.neo4j.com", "controllerKind": "Neo4jRole"}
  2025-06-26T12:34:35+02:00	INFO	Starting workers	{"controller": "neo4jrole", "controllerGroup": "neo4j.neo4j.com", "controllerKind": "Neo4jRole", "worker count": 1}
  2025-06-26T12:34:35+02:00	INFO	Starting Controller	{"controller": "neo4jbackup", "controllerGroup": "neo4j.neo4j.com", "controllerKind": "Neo4jBackup"}
  2025-06-26T12:34:35+02:00	INFO	Starting workers	{"controller": "neo4jbackup", "controllerGroup": "neo4j.neo4j.com", "controllerKind": "Neo4jBackup", "worker count": 1}
  2025-06-26T12:34:35+02:00	INFO	Starting Controller	{"controller": "neo4juser", "controllerGroup": "neo4j.neo4j.com", "controllerKind": "Neo4jUser"}
  2025-06-26T12:34:35+02:00	INFO	Starting workers	{"controller": "neo4juser", "controllerGroup": "neo4j.neo4j.com", "controllerKind": "Neo4jUser", "worker count": 1}
  2025-06-26T12:34:35+02:00	ERROR	Failed to get target cluster	{"controller": "neo4jbackup", "controllerGroup": "neo4j.neo4j.com", "controllerKind": "Neo4jBackup", "Neo4jBackup": {"name":"test-backup-invalid-storage","namespace":"test-failure-1750934075033884000-1750934075035500000"}, "namespace": "test-failure-1750934075033884000-1750934075035500000", "name": "test-backup-invalid-storage", "reconcileID": "89916254-cb3b-4d3d-a7c9-b436e54105fa", "error": "Neo4jEnterpriseCluster.neo4j.neo4j.com \"test-cluster\" not found"}
  github.com/neo4j-labs/neo4j-kubernetes-operator/internal/controller.(*Neo4jBackupReconciler).Reconcile
  	/Users/priyolahiri/Code/neo4j-kubernetes-operator/internal/controller/neo4jbackup_controller.go:106
  sigs.k8s.io/controller-runtime/pkg/internal/controller.(*Controller[...]).Reconcile
  	/Users/priyolahiri/go/pkg/mod/sigs.k8s.io/controller-runtime@v0.21.0/pkg/internal/controller/controller.go:119
  sigs.k8s.io/controller-runtime/pkg/internal/controller.(*Controller[...]).reconcileHandler
  	/Users/priyolahiri/go/pkg/mod/sigs.k8s.io/controller-runtime@v0.21.0/pkg/internal/controller/controller.go:340
  sigs.k8s.io/controller-runtime/pkg/internal/controller.(*Controller[...]).processNextWorkItem
  	/Users/priyolahiri/go/pkg/mod/sigs.k8s.io/controller-runtime@v0.21.0/pkg/internal/controller/controller.go:300
  sigs.k8s.io/controller-runtime/pkg/internal/controller.(*Controller[...]).Start.func2.1
  	/Users/priyolahiri/go/pkg/mod/sigs.k8s.io/controller-runtime@v0.21.0/pkg/internal/controller/controller.go:202
  2025-06-26T12:34:35+02:00	INFO	Starting Controller	{"controller": "neo4jdatabase", "controllerGroup": "neo4j.neo4j.com", "controllerKind": "Neo4jDatabase"}
  2025-06-26T12:34:35+02:00	INFO	Starting workers	{"controller": "neo4jdatabase", "controllerGroup": "neo4j.neo4j.com", "controllerKind": "Neo4jDatabase", "worker count": 1}
  2025-06-26T12:34:35+02:00	INFO	Starting Controller	{"controller": "neo4jrestore", "controllerGroup": "neo4j.neo4j.com", "controllerKind": "Neo4jRestore"}
  2025-06-26T12:34:35+02:00	INFO	Starting workers	{"controller": "neo4jrestore", "controllerGroup": "neo4j.neo4j.com", "controllerKind": "Neo4jRestore", "worker count": 1}
  2025-06-26T12:34:35+02:00	INFO	Starting Controller	{"controller": "neo4jgrant", "controllerGroup": "neo4j.neo4j.com", "controllerKind": "Neo4jGrant"}
  2025-06-26T12:34:35+02:00	INFO	Starting workers	{"controller": "neo4jgrant", "controllerGroup": "neo4j.neo4j.com", "controllerKind": "Neo4jGrant", "worker count": 1}
  2025-06-26T12:34:35+02:00	INFO	Starting Controller	{"controller": "neo4jplugin", "controllerGroup": "neo4j.neo4j.com", "controllerKind": "Neo4jPlugin"}
  2025-06-26T12:34:35+02:00	INFO	Starting workers	{"controller": "neo4jplugin", "controllerGroup": "neo4j.neo4j.com", "controllerKind": "Neo4jPlugin", "worker count": 1}
  2025-06-26T12:34:35+02:00	INFO	Starting Controller	{"controller": "neo4jenterprisecluster", "controllerGroup": "neo4j.neo4j.com", "controllerKind": "Neo4jEnterpriseCluster"}
  2025-06-26T12:34:35+02:00	INFO	Starting workers	{"controller": "neo4jenterprisecluster", "controllerGroup": "neo4j.neo4j.com", "controllerKind": "Neo4jEnterpriseCluster", "worker count": 1}
  2025-06-26T12:34:35+02:00	ERROR	Failed to get target cluster	{"controller": "neo4jrestore", "controllerGroup": "neo4j.neo4j.com", "controllerKind": "Neo4jRestore", "Neo4jRestore": {"name":"test-restore-no-cluster","namespace":"test-failure-1750934075035366000-1750934075036586000"}, "namespace": "test-failure-1750934075035366000-1750934075036586000", "name": "test-restore-no-cluster", "reconcileID": "7640a825-4d63-4bc1-8e26-81a32ff98390", "error": "Neo4jEnterpriseCluster.neo4j.neo4j.com \"non-existent-cluster\" not found"}
  github.com/neo4j-labs/neo4j-kubernetes-operator/internal/controller.(*Neo4jRestoreReconciler).Reconcile
  	/Users/priyolahiri/Code/neo4j-kubernetes-operator/internal/controller/neo4jrestore_controller.go:118
  sigs.k8s.io/controller-runtime/pkg/internal/controller.(*Controller[...]).Reconcile
  	/Users/priyolahiri/go/pkg/mod/sigs.k8s.io/controller-runtime@v0.21.0/pkg/internal/controller/controller.go:119
  sigs.k8s.io/controller-runtime/pkg/internal/controller.(*Controller[...]).reconcileHandler
  	/Users/priyolahiri/go/pkg/mod/sigs.k8s.io/controller-runtime@v0.21.0/pkg/internal/controller/controller.go:340
  sigs.k8s.io/controller-runtime/pkg/internal/controller.(*Controller[...]).processNextWorkItem
  	/Users/priyolahiri/go/pkg/mod/sigs.k8s.io/controller-runtime@v0.21.0/pkg/internal/controller/controller.go:300
  sigs.k8s.io/controller-runtime/pkg/internal/controller.(*Controller[...]).Start.func2.1
  	/Users/priyolahiri/go/pkg/mod/sigs.k8s.io/controller-runtime@v0.21.0/pkg/internal/controller/controller.go:202
  2025-06-26T12:34:35+02:00	INFO	Warning: Reconciler returned both a non-zero result and a non-nil error. The result will always be ignored if the error is non-nil and the non-nil error causes requeuing with exponential backoff. For more details, see: https://pkg.go.dev/sigs.k8s.io/controller-runtime/pkg/reconcile#Reconciler	{"controller": "neo4jrestore", "controllerGroup": "neo4j.neo4j.com", "controllerKind": "Neo4jRestore", "Neo4jRestore": {"name":"test-restore-no-cluster","namespace":"test-failure-1750934075035366000-1750934075036586000"}, "namespace": "test-failure-1750934075035366000-1750934075036586000", "name": "test-restore-no-cluster", "reconcileID": "7640a825-4d63-4bc1-8e26-81a32ff98390"}
  2025-06-26T12:34:35+02:00	ERROR	Reconciler error	{"controller": "neo4jrestore", "controllerGroup": "neo4j.neo4j.com", "controllerKind": "Neo4jRestore", "Neo4jRestore": {"name":"test-restore-no-cluster","namespace":"test-failure-1750934075035366000-1750934075036586000"}, "namespace": "test-failure-1750934075035366000-1750934075036586000", "name": "test-restore-no-cluster", "reconcileID": "7640a825-4d63-4bc1-8e26-81a32ff98390", "error": "Neo4jEnterpriseCluster.neo4j.neo4j.com \"non-existent-cluster\" not found"}
  sigs.k8s.io/controller-runtime/pkg/internal/controller.(*Controller[...]).reconcileHandler
  	/Users/priyolahiri/go/pkg/mod/sigs.k8s.io/controller-runtime@v0.21.0/pkg/internal/controller/controller.go:353
  sigs.k8s.io/controller-runtime/pkg/internal/controller.(*Controller[...]).processNextWorkItem
  	/Users/priyolahiri/go/pkg/mod/sigs.k8s.io/controller-runtime@v0.21.0/pkg/internal/controller/controller.go:300
  sigs.k8s.io/controller-runtime/pkg/internal/controller.(*Controller[...]).Start.func2.1
  	/Users/priyolahiri/go/pkg/mod/sigs.k8s.io/controller-runtime@v0.21.0/pkg/internal/controller/controller.go:202
  2025-06-26T12:34:35+02:00	ERROR	Failed to get target cluster	{"controller": "neo4jrestore", "controllerGroup": "neo4j.neo4j.com", "controllerKind": "Neo4jRestore", "Neo4jRestore": {"name":"test-restore-no-backup","namespace":"test-failure-1750934075033706000-1750934075035488000"}, "namespace": "test-failure-1750934075033706000-1750934075035488000", "name": "test-restore-no-backup", "reconcileID": "e9a2d2ec-82d5-48e3-8244-0bb969a2eac4", "error": "Neo4jEnterpriseCluster.neo4j.neo4j.com \"test-cluster\" not found"}
  github.com/neo4j-labs/neo4j-kubernetes-operator/internal/controller.(*Neo4jRestoreReconciler).Reconcile
  	/Users/priyolahiri/Code/neo4j-kubernetes-operator/internal/controller/neo4jrestore_controller.go:118
  sigs.k8s.io/controller-runtime/pkg/internal/controller.(*Controller[...]).Reconcile
  	/Users/priyolahiri/go/pkg/mod/sigs.k8s.io/controller-runtime@v0.21.0/pkg/internal/controller/controller.go:119
  sigs.k8s.io/controller-runtime/pkg/internal/controller.(*Controller[...]).reconcileHandler
  	/Users/priyolahiri/go/pkg/mod/sigs.k8s.io/controller-runtime@v0.21.0/pkg/internal/controller/controller.go:340
  sigs.k8s.io/controller-runtime/pkg/internal/controller.(*Controller[...]).processNextWorkItem
  	/Users/priyolahiri/go/pkg/mod/sigs.k8s.io/controller-runtime@v0.21.0/pkg/internal/controller/controller.go:300
  sigs.k8s.io/controller-runtime/pkg/internal/controller.(*Controller[...]).Start.func2.1
  	/Users/priyolahiri/go/pkg/mod/sigs.k8s.io/controller-runtime@v0.21.0/pkg/internal/controller/controller.go:202
  2025-06-26T12:34:35+02:00	INFO	Warning: Reconciler returned both a non-zero result and a non-nil error. The result will always be ignored if the error is non-nil and the non-nil error causes requeuing with exponential backoff. For more details, see: https://pkg.go.dev/sigs.k8s.io/controller-runtime/pkg/reconcile#Reconciler	{"controller": "neo4jbackup", "controllerGroup": "neo4j.neo4j.com", "controllerKind": "Neo4jBackup", "Neo4jBackup": {"name":"test-backup-invalid-storage","namespace":"test-failure-1750934075033884000-1750934075035500000"}, "namespace": "test-failure-1750934075033884000-1750934075035500000", "name": "test-backup-invalid-storage", "reconcileID": "89916254-cb3b-4d3d-a7c9-b436e54105fa"}
  2025-06-26T12:34:35+02:00	ERROR	Reconciler error	{"controller": "neo4jbackup", "controllerGroup": "neo4j.neo4j.com", "controllerKind": "Neo4jBackup", "Neo4jBackup": {"name":"test-backup-invalid-storage","namespace":"test-failure-1750934075033884000-1750934075035500000"}, "namespace": "test-failure-1750934075033884000-1750934075035500000", "name": "test-backup-invalid-storage", "reconcileID": "89916254-cb3b-4d3d-a7c9-b436e54105fa", "error": "Neo4jEnterpriseCluster.neo4j.neo4j.com \"test-cluster\" not found"}
  sigs.k8s.io/controller-runtime/pkg/internal/controller.(*Controller[...]).reconcileHandler
  	/Users/priyolahiri/go/pkg/mod/sigs.k8s.io/controller-runtime@v0.21.0/pkg/internal/controller/controller.go:353
  sigs.k8s.io/controller-runtime/pkg/internal/controller.(*Controller[...]).processNextWorkItem
  	/Users/priyolahiri/go/pkg/mod/sigs.k8s.io/controller-runtime@v0.21.0/pkg/internal/controller/controller.go:300
  sigs.k8s.io/controller-runtime/pkg/internal/controller.(*Controller[...]).Start.func2.1
  	/Users/priyolahiri/go/pkg/mod/sigs.k8s.io/controller-runtime@v0.21.0/pkg/internal/controller/controller.go:202
  2025-06-26T12:34:35+02:00	ERROR	Failed to get target cluster	{"controller": "neo4jbackup", "controllerGroup": "neo4j.neo4j.com", "controllerKind": "Neo4jBackup", "Neo4jBackup": {"name":"test-backup-no-cluster","namespace":"test-failure-1750934075031883000-1750934075034004000"}, "namespace": "test-failure-1750934075031883000-1750934075034004000", "name": "test-backup-no-cluster", "reconcileID": "03ed2af4-aa71-46b5-8cc6-dd8d157e6102", "error": "Neo4jEnterpriseCluster.neo4j.neo4j.com \"non-existent-cluster\" not found"}
  github.com/neo4j-labs/neo4j-kubernetes-operator/internal/controller.(*Neo4jBackupReconciler).Reconcile
  	/Users/priyolahiri/Code/neo4j-kubernetes-operator/internal/controller/neo4jbackup_controller.go:106
  sigs.k8s.io/controller-runtime/pkg/internal/controller.(*Controller[...]).Reconcile
  	/Users/priyolahiri/go/pkg/mod/sigs.k8s.io/controller-runtime@v0.21.0/pkg/internal/controller/controller.go:119
  sigs.k8s.io/controller-runtime/pkg/internal/controller.(*Controller[...]).reconcileHandler
  	/Users/priyolahiri/go/pkg/mod/sigs.k8s.io/controller-runtime@v0.21.0/pkg/internal/controller/controller.go:340
  sigs.k8s.io/controller-runtime/pkg/internal/controller.(*Controller[...]).processNextWorkItem
  	/Users/priyolahiri/go/pkg/mod/sigs.k8s.io/controller-runtime@v0.21.0/pkg/internal/controller/controller.go:300
  sigs.k8s.io/controller-runtime/pkg/internal/controller.(*Controller[...]).Start.func2.1
  	/Users/priyolahiri/go/pkg/mod/sigs.k8s.io/controller-runtime@v0.21.0/pkg/internal/controller/controller.go:202
  2025-06-26T12:34:35+02:00	INFO	Warning: Reconciler returned both a non-zero result and a non-nil error. The result will always be ignored if the error is non-nil and the non-nil error causes requeuing with exponential backoff. For more details, see: https://pkg.go.dev/sigs.k8s.io/controller-runtime/pkg/reconcile#Reconciler	{"controller": "neo4jrestore", "controllerGroup": "neo4j.neo4j.com", "controllerKind": "Neo4jRestore", "Neo4jRestore": {"name":"test-restore-no-backup","namespace":"test-failure-1750934075033706000-1750934075035488000"}, "namespace": "test-failure-1750934075033706000-1750934075035488000", "name": "test-restore-no-backup", "reconcileID": "e9a2d2ec-82d5-48e3-8244-0bb969a2eac4"}
  2025-06-26T12:34:35+02:00	ERROR	Reconciler error	{"controller": "neo4jrestore", "controllerGroup": "neo4j.neo4j.com", "controllerKind": "Neo4jRestore", "Neo4jRestore": {"name":"test-restore-no-backup","namespace":"test-failure-1750934075033706000-1750934075035488000"}, "namespace": "test-failure-1750934075033706000-1750934075035488000", "name": "test-restore-no-backup", "reconcileID": "e9a2d2ec-82d5-48e3-8244-0bb969a2eac4", "error": "Neo4jEnterpriseCluster.neo4j.neo4j.com \"test-cluster\" not found"}
  sigs.k8s.io/controller-runtime/pkg/internal/controller.(*Controller[...]).reconcileHandler
  	/Users/priyolahiri/go/pkg/mod/sigs.k8s.io/controller-runtime@v0.21.0/pkg/internal/controller/controller.go:353
  sigs.k8s.io/controller-runtime/pkg/internal/controller.(*Controller[...]).processNextWorkItem
  	/Users/priyolahiri/go/pkg/mod/sigs.k8s.io/controller-runtime@v0.21.0/pkg/internal/controller/controller.go:300
  sigs.k8s.io/controller-runtime/pkg/internal/controller.(*Controller[...]).Start.func2.1
  	/Users/priyolahiri/go/pkg/mod/sigs.k8s.io/controller-runtime@v0.21.0/pkg/internal/controller/controller.go:202
  2025-06-26T12:34:35+02:00	ERROR	Failed to get target cluster	{"controller": "neo4jrestore", "controllerGroup": "neo4j.neo4j.com", "controllerKind": "Neo4jRestore", "Neo4jRestore": {"name":"test-restore-no-cluster","namespace":"test-failure-1750934075035366000-1750934075036586000"}, "namespace": "test-failure-1750934075035366000-1750934075036586000", "name": "test-restore-no-cluster", "reconcileID": "dbbb3ad4-b6ed-4130-ba2b-ca89bc60e784", "error": "Neo4jEnterpriseCluster.neo4j.neo4j.com \"non-existent-cluster\" not found"}
  github.com/neo4j-labs/neo4j-kubernetes-operator/internal/controller.(*Neo4jRestoreReconciler).Reconcile
  	/Users/priyolahiri/Code/neo4j-kubernetes-operator/internal/controller/neo4jrestore_controller.go:118
  sigs.k8s.io/controller-runtime/pkg/internal/controller.(*Controller[...]).Reconcile
  	/Users/priyolahiri/go/pkg/mod/sigs.k8s.io/controller-runtime@v0.21.0/pkg/internal/controller/controller.go:119
  sigs.k8s.io/controller-runtime/pkg/internal/controller.(*Controller[...]).reconcileHandler
  	/Users/priyolahiri/go/pkg/mod/sigs.k8s.io/controller-runtime@v0.21.0/pkg/internal/controller/controller.go:340
  sigs.k8s.io/controller-runtime/pkg/internal/controller.(*Controller[...]).processNextWorkItem
  	/Users/priyolahiri/go/pkg/mod/sigs.k8s.io/controller-runtime@v0.21.0/pkg/internal/controller/controller.go:300
  sigs.k8s.io/controller-runtime/pkg/internal/controller.(*Controller[...]).Start.func2.1
  	/Users/priyolahiri/go/pkg/mod/sigs.k8s.io/controller-runtime@v0.21.0/pkg/internal/controller/controller.go:202
  2025-06-26T12:34:35+02:00	INFO	Warning: Reconciler returned both a non-zero result and a non-nil error. The result will always be ignored if the error is non-nil and the non-nil error causes requeuing with exponential backoff. For more details, see: https://pkg.go.dev/sigs.k8s.io/controller-runtime/pkg/reconcile#Reconciler	{"controller": "neo4jbackup", "controllerGroup": "neo4j.neo4j.com", "controllerKind": "Neo4jBackup", "Neo4jBackup": {"name":"test-backup-no-cluster","namespace":"test-failure-1750934075031883000-1750934075034004000"}, "namespace": "test-failure-1750934075031883000-1750934075034004000", "name": "test-backup-no-cluster", "reconcileID": "03ed2af4-aa71-46b5-8cc6-dd8d157e6102"}
  2025-06-26T12:34:35+02:00	ERROR	Reconciler error	{"controller": "neo4jbackup", "controllerGroup": "neo4j.neo4j.com", "controllerKind": "Neo4jBackup", "Neo4jBackup": {"name":"test-backup-no-cluster","namespace":"test-failure-1750934075031883000-1750934075034004000"}, "namespace": "test-failure-1750934075031883000-1750934075034004000", "name": "test-backup-no-cluster", "reconcileID": "03ed2af4-aa71-46b5-8cc6-dd8d157e6102", "error": "Neo4jEnterpriseCluster.neo4j.neo4j.com \"non-existent-cluster\" not found"}
  sigs.k8s.io/controller-runtime/pkg/internal/controller.(*Controller[...]).reconcileHandler
  	/Users/priyolahiri/go/pkg/mod/sigs.k8s.io/controller-runtime@v0.21.0/pkg/internal/controller/controller.go:353
  sigs.k8s.io/controller-runtime/pkg/internal/controller.(*Controller[...]).processNextWorkItem
  	/Users/priyolahiri/go/pkg/mod/sigs.k8s.io/controller-runtime@v0.21.0/pkg/internal/controller/controller.go:300
  sigs.k8s.io/controller-runtime/pkg/internal/controller.(*Controller[...]).Start.func2.1
  	/Users/priyolahiri/go/pkg/mod/sigs.k8s.io/controller-runtime@v0.21.0/pkg/internal/controller/controller.go:202
  2025-06-26T12:34:35+02:00	ERROR	Failed to get target cluster	{"controller": "neo4jbackup", "controllerGroup": "neo4j.neo4j.com", "controllerKind": "Neo4jBackup", "Neo4jBackup": {"name":"test-backup-invalid-storage","namespace":"test-failure-1750934075033884000-1750934075035500000"}, "namespace": "test-failure-1750934075033884000-1750934075035500000", "name": "test-backup-invalid-storage", "reconcileID": "2f15b498-9609-4c60-bbfb-412a9cdfaf32", "error": "Neo4jEnterpriseCluster.neo4j.neo4j.com \"test-cluster\" not found"}
  github.com/neo4j-labs/neo4j-kubernetes-operator/internal/controller.(*Neo4jBackupReconciler).Reconcile
  	/Users/priyolahiri/Code/neo4j-kubernetes-operator/internal/controller/neo4jbackup_controller.go:106
  sigs.k8s.io/controller-runtime/pkg/internal/controller.(*Controller[...]).Reconcile
  	/Users/priyolahiri/go/pkg/mod/sigs.k8s.io/controller-runtime@v0.21.0/pkg/internal/controller/controller.go:119
  sigs.k8s.io/controller-runtime/pkg/internal/controller.(*Controller[...]).reconcileHandler
  	/Users/priyolahiri/go/pkg/mod/sigs.k8s.io/controller-runtime@v0.21.0/pkg/internal/controller/controller.go:340
  sigs.k8s.io/controller-runtime/pkg/internal/controller.(*Controller[...]).processNextWorkItem
  	/Users/priyolahiri/go/pkg/mod/sigs.k8s.io/controller-runtime@v0.21.0/pkg/internal/controller/controller.go:300
  sigs.k8s.io/controller-runtime/pkg/internal/controller.(*Controller[...]).Start.func2.1
  	/Users/priyolahiri/go/pkg/mod/sigs.k8s.io/controller-runtime@v0.21.0/pkg/internal/controller/controller.go:202
  2025-06-26T12:34:35+02:00	INFO	Warning: Reconciler returned both a non-zero result and a non-nil error. The result will always be ignored if the error is non-nil and the non-nil error causes requeuing with exponential backoff. For more details, see: https://pkg.go.dev/sigs.k8s.io/controller-runtime/pkg/reconcile#Reconciler	{"controller": "neo4jbackup", "controllerGroup": "neo4j.neo4j.com", "controllerKind": "Neo4jBackup", "Neo4jBackup": {"name":"test-backup-invalid-storage","namespace":"test-failure-1750934075033884000-1750934075035500000"}, "namespace": "test-failure-1750934075033884000-1750934075035500000", "name": "test-backup-invalid-storage", "reconcileID": "2f15b498-9609-4c60-bbfb-412a9cdfaf32"}
  2025-06-26T12:34:35+02:00	ERROR	Reconciler error	{"controller": "neo4jbackup", "controllerGroup": "neo4j.neo4j.com", "controllerKind": "Neo4jBackup", "Neo4jBackup": {"name":"test-backup-invalid-storage","namespace":"test-failure-1750934075033884000-1750934075035500000"}, "namespace": "test-failure-1750934075033884000-1750934075035500000", "name": "test-backup-invalid-storage", "reconcileID": "2f15b498-9609-4c60-bbfb-412a9cdfaf32", "error": "Neo4jEnterpriseCluster.neo4j.neo4j.com \"test-cluster\" not found"}
  sigs.k8s.io/controller-runtime/pkg/internal/controller.(*Controller[...]).reconcileHandler
  	/Users/priyolahiri/go/pkg/mod/sigs.k8s.io/controller-runtime@v0.21.0/pkg/internal/controller/controller.go:353
  sigs.k8s.io/controller-runtime/pkg/internal/controller.(*Controller[...]).processNextWorkItem
  	/Users/priyolahiri/go/pkg/mod/sigs.k8s.io/controller-runtime@v0.21.0/pkg/internal/controller/controller.go:300
  sigs.k8s.io/controller-runtime/pkg/internal/controller.(*Controller[...]).Start.func2.1
  	/Users/priyolahiri/go/pkg/mod/sigs.k8s.io/controller-runtime@v0.21.0/pkg/internal/controller/controller.go:202
  2025-06-26T12:34:35+02:00	INFO	Warning: Reconciler returned both a non-zero result and a non-nil error. The result will always be ignored if the error is non-nil and the non-nil error causes requeuing with exponential backoff. For more details, see: https://pkg.go.dev/sigs.k8s.io/controller-runtime/pkg/reconcile#Reconciler	{"controller": "neo4jrestore", "controllerGroup": "neo4j.neo4j.com", "controllerKind": "Neo4jRestore", "Neo4jRestore": {"name":"test-restore-no-cluster","namespace":"test-failure-1750934075035366000-1750934075036586000"}, "namespace": "test-failure-1750934075035366000-1750934075036586000", "name": "test-restore-no-cluster", "reconcileID": "dbbb3ad4-b6ed-4130-ba2b-ca89bc60e784"}
  2025-06-26T12:34:35+02:00	ERROR	Reconciler error	{"controller": "neo4jrestore", "controllerGroup": "neo4j.neo4j.com", "controllerKind": "Neo4jRestore", "Neo4jRestore": {"name":"test-restore-no-cluster","namespace":"test-failure-1750934075035366000-1750934075036586000"}, "namespace": "test-failure-1750934075035366000-1750934075036586000", "name": "test-restore-no-cluster", "reconcileID": "dbbb3ad4-b6ed-4130-ba2b-ca89bc60e784", "error": "Neo4jEnterpriseCluster.neo4j.neo4j.com \"non-existent-cluster\" not found"}
  sigs.k8s.io/controller-runtime/pkg/internal/controller.(*Controller[...]).reconcileHandler
  	/Users/priyolahiri/go/pkg/mod/sigs.k8s.io/controller-runtime@v0.21.0/pkg/internal/controller/controller.go:353
  sigs.k8s.io/controller-runtime/pkg/internal/controller.(*Controller[...]).processNextWorkItem
  	/Users/priyolahiri/go/pkg/mod/sigs.k8s.io/controller-runtime@v0.21.0/pkg/internal/controller/controller.go:300
  sigs.k8s.io/controller-runtime/pkg/internal/controller.(*Controller[...]).Start.func2.1
  	/Users/priyolahiri/go/pkg/mod/sigs.k8s.io/controller-runtime@v0.21.0/pkg/internal/controller/controller.go:202
  2025-06-26T12:34:35+02:00	ERROR	Failed to get target cluster	{"controller": "neo4jrestore", "controllerGroup": "neo4j.neo4j.com", "controllerKind": "Neo4jRestore", "Neo4jRestore": {"name":"test-restore-no-backup","namespace":"test-failure-1750934075033706000-1750934075035488000"}, "namespace": "test-failure-1750934075033706000-1750934075035488000", "name": "test-restore-no-backup", "reconcileID": "e97c5ba3-bf4d-4bf2-9674-7cdf0b29af10", "error": "Neo4jEnterpriseCluster.neo4j.neo4j.com \"test-cluster\" not found"}
  github.com/neo4j-labs/neo4j-kubernetes-operator/internal/controller.(*Neo4jRestoreReconciler).Reconcile
  	/Users/priyolahiri/Code/neo4j-kubernetes-operator/internal/controller/neo4jrestore_controller.go:118
  sigs.k8s.io/controller-runtime/pkg/internal/controller.(*Controller[...]).Reconcile
  	/Users/priyolahiri/go/pkg/mod/sigs.k8s.io/controller-runtime@v0.21.0/pkg/internal/controller/controller.go:119
  sigs.k8s.io/controller-runtime/pkg/internal/controller.(*Controller[...]).reconcileHandler
  	/Users/priyolahiri/go/pkg/mod/sigs.k8s.io/controller-runtime@v0.21.0/pkg/internal/controller/controller.go:340
  sigs.k8s.io/controller-runtime/pkg/internal/controller.(*Controller[...]).processNextWorkItem
  	/Users/priyolahiri/go/pkg/mod/sigs.k8s.io/controller-runtime@v0.21.0/pkg/internal/controller/controller.go:300
  sigs.k8s.io/controller-runtime/pkg/internal/controller.(*Controller[...]).Start.func2.1
  	/Users/priyolahiri/go/pkg/mod/sigs.k8s.io/controller-runtime@v0.21.0/pkg/internal/controller/controller.go:202
  2025-06-26T12:34:35+02:00	ERROR	Failed to get target cluster	{"controller": "neo4jbackup", "controllerGroup": "neo4j.neo4j.com", "controllerKind": "Neo4jBackup", "Neo4jBackup": {"name":"test-backup-no-cluster","namespace":"test-failure-1750934075031883000-1750934075034004000"}, "namespace": "test-failure-1750934075031883000-1750934075034004000", "name": "test-backup-no-cluster", "reconcileID": "a2cb2e2a-7f4f-4243-a868-892aae146d6c", "error": "Neo4jEnterpriseCluster.neo4j.neo4j.com \"non-existent-cluster\" not found"}
  github.com/neo4j-labs/neo4j-kubernetes-operator/internal/controller.(*Neo4jBackupReconciler).Reconcile
  	/Users/priyolahiri/Code/neo4j-kubernetes-operator/internal/controller/neo4jbackup_controller.go:106
  sigs.k8s.io/controller-runtime/pkg/internal/controller.(*Controller[...]).Reconcile
  	/Users/priyolahiri/go/pkg/mod/sigs.k8s.io/controller-runtime@v0.21.0/pkg/internal/controller/controller.go:119
  sigs.k8s.io/controller-runtime/pkg/internal/controller.(*Controller[...]).reconcileHandler
  	/Users/priyolahiri/go/pkg/mod/sigs.k8s.io/controller-runtime@v0.21.0/pkg/internal/controller/controller.go:340
  sigs.k8s.io/controller-runtime/pkg/internal/controller.(*Controller[...]).processNextWorkItem
  	/Users/priyolahiri/go/pkg/mod/sigs.k8s.io/controller-runtime@v0.21.0/pkg/internal/controller/controller.go:300
  sigs.k8s.io/controller-runtime/pkg/internal/controller.(*Controller[...]).Start.func2.1
  	/Users/priyolahiri/go/pkg/mod/sigs.k8s.io/controller-runtime@v0.21.0/pkg/internal/controller/controller.go:202
  2025-06-26T12:34:35+02:00	INFO	Warning: Reconciler returned both a non-zero result and a non-nil error. The result will always be ignored if the error is non-nil and the non-nil error causes requeuing with exponential backoff. For more details, see: https://pkg.go.dev/sigs.k8s.io/controller-runtime/pkg/reconcile#Reconciler	{"controller": "neo4jrestore", "controllerGroup": "neo4j.neo4j.com", "controllerKind": "Neo4jRestore", "Neo4jRestore": {"name":"test-restore-no-backup","namespace":"test-failure-1750934075033706000-1750934075035488000"}, "namespace": "test-failure-1750934075033706000-1750934075035488000", "name": "test-restore-no-backup", "reconcileID": "e97c5ba3-bf4d-4bf2-9674-7cdf0b29af10"}
  2025-06-26T12:34:35+02:00	ERROR	Reconciler error	{"controller": "neo4jrestore", "controllerGroup": "neo4j.neo4j.com", "controllerKind": "Neo4jRestore", "Neo4jRestore": {"name":"test-restore-no-backup","namespace":"test-failure-1750934075033706000-1750934075035488000"}, "namespace": "test-failure-1750934075033706000-1750934075035488000", "name": "test-restore-no-backup", "reconcileID": "e97c5ba3-bf4d-4bf2-9674-7cdf0b29af10", "error": "Neo4jEnterpriseCluster.neo4j.neo4j.com \"test-cluster\" not found"}
  sigs.k8s.io/controller-runtime/pkg/internal/controller.(*Controller[...]).reconcileHandler
  	/Users/priyolahiri/go/pkg/mod/sigs.k8s.io/controller-runtime@v0.21.0/pkg/internal/controller/controller.go:353
  sigs.k8s.io/controller-runtime/pkg/internal/controller.(*Controller[...]).processNextWorkItem
  	/Users/priyolahiri/go/pkg/mod/sigs.k8s.io/controller-runtime@v0.21.0/pkg/internal/controller/controller.go:300
  sigs.k8s.io/controller-runtime/pkg/internal/controller.(*Controller[...]).Start.func2.1
  	/Users/priyolahiri/go/pkg/mod/sigs.k8s.io/controller-runtime@v0.21.0/pkg/internal/controller/controller.go:202
  2025-06-26T12:34:35+02:00	INFO	Warning: Reconciler returned both a non-zero result and a non-nil error. The result will always be ignored if the error is non-nil and the non-nil error causes requeuing with exponential backoff. For more details, see: https://pkg.go.dev/sigs.k8s.io/controller-runtime/pkg/reconcile#Reconciler	{"controller": "neo4jbackup", "controllerGroup": "neo4j.neo4j.com", "controllerKind": "Neo4jBackup", "Neo4jBackup": {"name":"test-backup-no-cluster","namespace":"test-failure-1750934075031883000-1750934075034004000"}, "namespace": "test-failure-1750934075031883000-1750934075034004000", "name": "test-backup-no-cluster", "reconcileID": "a2cb2e2a-7f4f-4243-a868-892aae146d6c"}
  2025-06-26T12:34:35+02:00	ERROR	Reconciler error	{"controller": "neo4jbackup", "controllerGroup": "neo4j.neo4j.com", "controllerKind": "Neo4jBackup", "Neo4jBackup": {"name":"test-backup-no-cluster","namespace":"test-failure-1750934075031883000-1750934075034004000"}, "namespace": "test-failure-1750934075031883000-1750934075034004000", "name": "test-backup-no-cluster", "reconcileID": "a2cb2e2a-7f4f-4243-a868-892aae146d6c", "error": "Neo4jEnterpriseCluster.neo4j.neo4j.com \"non-existent-cluster\" not found"}
  sigs.k8s.io/controller-runtime/pkg/internal/controller.(*Controller[...]).reconcileHandler
  	/Users/priyolahiri/go/pkg/mod/sigs.k8s.io/controller-runtime@v0.21.0/pkg/internal/controller/controller.go:353
  sigs.k8s.io/controller-runtime/pkg/internal/controller.(*Controller[...]).processNextWorkItem
  	/Users/priyolahiri/go/pkg/mod/sigs.k8s.io/controller-runtime@v0.21.0/pkg/internal/controller/controller.go:300
  sigs.k8s.io/controller-runtime/pkg/internal/controller.(*Controller[...]).Start.func2.1
  	/Users/priyolahiri/go/pkg/mod/sigs.k8s.io/controller-runtime@v0.21.0/pkg/internal/controller/controller.go:202
  2025-06-26T12:34:35+02:00	ERROR	Failed to get target cluster	{"controller": "neo4jrestore", "controllerGroup": "neo4j.neo4j.com", "controllerKind": "Neo4jRestore", "Neo4jRestore": {"name":"test-restore-no-cluster","namespace":"test-failure-1750934075035366000-1750934075036586000"}, "namespace": "test-failure-1750934075035366000-1750934075036586000", "name": "test-restore-no-cluster", "reconcileID": "c1bd805c-b8f2-4612-950b-04a944456ba5", "error": "Neo4jEnterpriseCluster.neo4j.neo4j.com \"non-existent-cluster\" not found"}
  github.com/neo4j-labs/neo4j-kubernetes-operator/internal/controller.(*Neo4jRestoreReconciler).Reconcile
  	/Users/priyolahiri/Code/neo4j-kubernetes-operator/internal/controller/neo4jrestore_controller.go:118
  sigs.k8s.io/controller-runtime/pkg/internal/controller.(*Controller[...]).Reconcile
  	/Users/priyolahiri/go/pkg/mod/sigs.k8s.io/controller-runtime@v0.21.0/pkg/internal/controller/controller.go:119
  sigs.k8s.io/controller-runtime/pkg/internal/controller.(*Controller[...]).reconcileHandler
  	/Users/priyolahiri/go/pkg/mod/sigs.k8s.io/controller-runtime@v0.21.0/pkg/internal/controller/controller.go:340
  sigs.k8s.io/controller-runtime/pkg/internal/controller.(*Controller[...]).processNextWorkItem
  	/Users/priyolahiri/go/pkg/mod/sigs.k8s.io/controller-runtime@v0.21.0/pkg/internal/controller/controller.go:300
  sigs.k8s.io/controller-runtime/pkg/internal/controller.(*Controller[...]).Start.func2.1
  	/Users/priyolahiri/go/pkg/mod/sigs.k8s.io/controller-runtime@v0.21.0/pkg/internal/controller/controller.go:202
  2025-06-26T12:34:35+02:00	ERROR	Failed to get target cluster	{"controller": "neo4jbackup", "controllerGroup": "neo4j.neo4j.com", "controllerKind": "Neo4jBackup", "Neo4jBackup": {"name":"test-backup-invalid-storage","namespace":"test-failure-1750934075033884000-1750934075035500000"}, "namespace": "test-failure-1750934075033884000-1750934075035500000", "name": "test-backup-invalid-storage", "reconcileID": "31a683c8-f90d-47a2-84ae-aec3fd23b1f7", "error": "Neo4jEnterpriseCluster.neo4j.neo4j.com \"test-cluster\" not found"}
  github.com/neo4j-labs/neo4j-kubernetes-operator/internal/controller.(*Neo4jBackupReconciler).Reconcile
  	/Users/priyolahiri/Code/neo4j-kubernetes-operator/internal/controller/neo4jbackup_controller.go:106
  sigs.k8s.io/controller-runtime/pkg/internal/controller.(*Controller[...]).Reconcile
  	/Users/priyolahiri/go/pkg/mod/sigs.k8s.io/controller-runtime@v0.21.0/pkg/internal/controller/controller.go:119
  sigs.k8s.io/controller-runtime/pkg/internal/controller.(*Controller[...]).reconcileHandler
  	/Users/priyolahiri/go/pkg/mod/sigs.k8s.io/controller-runtime@v0.21.0/pkg/internal/controller/controller.go:340
  sigs.k8s.io/controller-runtime/pkg/internal/controller.(*Controller[...]).processNextWorkItem
  	/Users/priyolahiri/go/pkg/mod/sigs.k8s.io/controller-runtime@v0.21.0/pkg/internal/controller/controller.go:300
  sigs.k8s.io/controller-runtime/pkg/internal/controller.(*Controller[...]).Start.func2.1
  	/Users/priyolahiri/go/pkg/mod/sigs.k8s.io/controller-runtime@v0.21.0/pkg/internal/controller/controller.go:202
  2025-06-26T12:34:35+02:00	INFO	Warning: Reconciler returned both a non-zero result and a non-nil error. The result will always be ignored if the error is non-nil and the non-nil error causes requeuing with exponential backoff. For more details, see: https://pkg.go.dev/sigs.k8s.io/controller-runtime/pkg/reconcile#Reconciler	{"controller": "neo4jbackup", "controllerGroup": "neo4j.neo4j.com", "controllerKind": "Neo4jBackup", "Neo4jBackup": {"name":"test-backup-invalid-storage","namespace":"test-failure-1750934075033884000-1750934075035500000"}, "namespace": "test-failure-1750934075033884000-1750934075035500000", "name": "test-backup-invalid-storage", "reconcileID": "31a683c8-f90d-47a2-84ae-aec3fd23b1f7"}
  2025-06-26T12:34:35+02:00	ERROR	Reconciler error	{"controller": "neo4jbackup", "controllerGroup": "neo4j.neo4j.com", "controllerKind": "Neo4jBackup", "Neo4jBackup": {"name":"test-backup-invalid-storage","namespace":"test-failure-1750934075033884000-1750934075035500000"}, "namespace": "test-failure-1750934075033884000-1750934075035500000", "name": "test-backup-invalid-storage", "reconcileID": "31a683c8-f90d-47a2-84ae-aec3fd23b1f7", "error": "Neo4jEnterpriseCluster.neo4j.neo4j.com \"test-cluster\" not found"}
  sigs.k8s.io/controller-runtime/pkg/internal/controller.(*Controller[...]).reconcileHandler
  	/Users/priyolahiri/go/pkg/mod/sigs.k8s.io/controller-runtime@v0.21.0/pkg/internal/controller/controller.go:353
  sigs.k8s.io/controller-runtime/pkg/internal/controller.(*Controller[...]).processNextWorkItem
  	/Users/priyolahiri/go/pkg/mod/sigs.k8s.io/controller-runtime@v0.21.0/pkg/internal/controller/controller.go:300
  sigs.k8s.io/controller-runtime/pkg/internal/controller.(*Controller[...]).Start.func2.1
  	/Users/priyolahiri/go/pkg/mod/sigs.k8s.io/controller-runtime@v0.21.0/pkg/internal/controller/controller.go:202
  2025-06-26T12:34:35+02:00	ERROR	Failed to get target cluster	{"controller": "neo4jbackup", "controllerGroup": "neo4j.neo4j.com", "controllerKind": "Neo4jBackup", "Neo4jBackup": {"name":"test-backup-no-cluster","namespace":"test-failure-1750934075031883000-1750934075034004000"}, "namespace": "test-failure-1750934075031883000-1750934075034004000", "name": "test-backup-no-cluster", "reconcileID": "aefc110f-d508-4662-bb8b-8919ff7616dc", "error": "Neo4jEnterpriseCluster.neo4j.neo4j.com \"non-existent-cluster\" not found"}
  github.com/neo4j-labs/neo4j-kubernetes-operator/internal/controller.(*Neo4jBackupReconciler).Reconcile
  	/Users/priyolahiri/Code/neo4j-kubernetes-operator/internal/controller/neo4jbackup_controller.go:106
  sigs.k8s.io/controller-runtime/pkg/internal/controller.(*Controller[...]).Reconcile
  	/Users/priyolahiri/go/pkg/mod/sigs.k8s.io/controller-runtime@v0.21.0/pkg/internal/controller/controller.go:119
  sigs.k8s.io/controller-runtime/pkg/internal/controller.(*Controller[...]).reconcileHandler
  	/Users/priyolahiri/go/pkg/mod/sigs.k8s.io/controller-runtime@v0.21.0/pkg/internal/controller/controller.go:340
  sigs.k8s.io/controller-runtime/pkg/internal/controller.(*Controller[...]).processNextWorkItem
  	/Users/priyolahiri/go/pkg/mod/sigs.k8s.io/controller-runtime@v0.21.0/pkg/internal/controller/controller.go:300
  sigs.k8s.io/controller-runtime/pkg/internal/controller.(*Controller[...]).Start.func2.1
  	/Users/priyolahiri/go/pkg/mod/sigs.k8s.io/controller-runtime@v0.21.0/pkg/internal/controller/controller.go:202
  2025-06-26T12:34:35+02:00	INFO	Warning: Reconciler returned both a non-zero result and a non-nil error. The result will always be ignored if the error is non-nil and the non-nil error causes requeuing with exponential backoff. For more details, see: https://pkg.go.dev/sigs.k8s.io/controller-runtime/pkg/reconcile#Reconciler	{"controller": "neo4jrestore", "controllerGroup": "neo4j.neo4j.com", "controllerKind": "Neo4jRestore", "Neo4jRestore": {"name":"test-restore-no-cluster","namespace":"test-failure-1750934075035366000-1750934075036586000"}, "namespace": "test-failure-1750934075035366000-1750934075036586000", "name": "test-restore-no-cluster", "reconcileID": "c1bd805c-b8f2-4612-950b-04a944456ba5"}
  2025-06-26T12:34:35+02:00	ERROR	Reconciler error	{"controller": "neo4jrestore", "controllerGroup": "neo4j.neo4j.com", "controllerKind": "Neo4jRestore", "Neo4jRestore": {"name":"test-restore-no-cluster","namespace":"test-failure-1750934075035366000-1750934075036586000"}, "namespace": "test-failure-1750934075035366000-1750934075036586000", "name": "test-restore-no-cluster", "reconcileID": "c1bd805c-b8f2-4612-950b-04a944456ba5", "error": "Neo4jEnterpriseCluster.neo4j.neo4j.com \"non-existent-cluster\" not found"}
  sigs.k8s.io/controller-runtime/pkg/internal/controller.(*Controller[...]).reconcileHandler
  	/Users/priyolahiri/go/pkg/mod/sigs.k8s.io/controller-runtime@v0.21.0/pkg/internal/controller/controller.go:353
  sigs.k8s.io/controller-runtime/pkg/internal/controller.(*Controller[...]).processNextWorkItem
  	/Users/priyolahiri/go/pkg/mod/sigs.k8s.io/controller-runtime@v0.21.0/pkg/internal/controller/controller.go:300
  sigs.k8s.io/controller-runtime/pkg/internal/controller.(*Controller[...]).Start.func2.1
  	/Users/priyolahiri/go/pkg/mod/sigs.k8s.io/controller-runtime@v0.21.0/pkg/internal/controller/controller.go:202
  2025-06-26T12:34:35+02:00	ERROR	Failed to get target cluster	{"controller": "neo4jrestore", "controllerGroup": "neo4j.neo4j.com", "controllerKind": "Neo4jRestore", "Neo4jRestore": {"name":"test-restore-no-backup","namespace":"test-failure-1750934075033706000-1750934075035488000"}, "namespace": "test-failure-1750934075033706000-1750934075035488000", "name": "test-restore-no-backup", "reconcileID": "0a52daed-2fd8-40e4-9a15-0e989a78d301", "error": "Neo4jEnterpriseCluster.neo4j.neo4j.com \"test-cluster\" not found"}
  github.com/neo4j-labs/neo4j-kubernetes-operator/internal/controller.(*Neo4jRestoreReconciler).Reconcile
  	/Users/priyolahiri/Code/neo4j-kubernetes-operator/internal/controller/neo4jrestore_controller.go:118
  sigs.k8s.io/controller-runtime/pkg/internal/controller.(*Controller[...]).Reconcile
  	/Users/priyolahiri/go/pkg/mod/sigs.k8s.io/controller-runtime@v0.21.0/pkg/internal/controller/controller.go:119
  sigs.k8s.io/controller-runtime/pkg/internal/controller.(*Controller[...]).reconcileHandler
  	/Users/priyolahiri/go/pkg/mod/sigs.k8s.io/controller-runtime@v0.21.0/pkg/internal/controller/controller.go:340
  sigs.k8s.io/controller-runtime/pkg/internal/controller.(*Controller[...]).processNextWorkItem
  	/Users/priyolahiri/go/pkg/mod/sigs.k8s.io/controller-runtime@v0.21.0/pkg/internal/controller/controller.go:300
  sigs.k8s.io/controller-runtime/pkg/internal/controller.(*Controller[...]).Start.func2.1
  	/Users/priyolahiri/go/pkg/mod/sigs.k8s.io/controller-runtime@v0.21.0/pkg/internal/controller/controller.go:202
  2025-06-26T12:34:35+02:00	INFO	Warning: Reconciler returned both a non-zero result and a non-nil error. The result will always be ignored if the error is non-nil and the non-nil error causes requeuing with exponential backoff. For more details, see: https://pkg.go.dev/sigs.k8s.io/controller-runtime/pkg/reconcile#Reconciler	{"controller": "neo4jbackup", "controllerGroup": "neo4j.neo4j.com", "controllerKind": "Neo4jBackup", "Neo4jBackup": {"name":"test-backup-no-cluster","namespace":"test-failure-1750934075031883000-1750934075034004000"}, "namespace": "test-failure-1750934075031883000-1750934075034004000", "name": "test-backup-no-cluster", "reconcileID": "aefc110f-d508-4662-bb8b-8919ff7616dc"}
  2025-06-26T12:34:35+02:00	ERROR	Reconciler error	{"controller": "neo4jbackup", "controllerGroup": "neo4j.neo4j.com", "controllerKind": "Neo4jBackup", "Neo4jBackup": {"name":"test-backup-no-cluster","namespace":"test-failure-1750934075031883000-1750934075034004000"}, "namespace": "test-failure-1750934075031883000-1750934075034004000", "name": "test-backup-no-cluster", "reconcileID": "aefc110f-d508-4662-bb8b-8919ff7616dc", "error": "Neo4jEnterpriseCluster.neo4j.neo4j.com \"non-existent-cluster\" not found"}
  sigs.k8s.io/controller-runtime/pkg/internal/controller.(*Controller[...]).reconcileHandler
  	/Users/priyolahiri/go/pkg/mod/sigs.k8s.io/controller-runtime@v0.21.0/pkg/internal/controller/controller.go:353
  sigs.k8s.io/controller-runtime/pkg/internal/controller.(*Controller[...]).processNextWorkItem
  	/Users/priyolahiri/go/pkg/mod/sigs.k8s.io/controller-runtime@v0.21.0/pkg/internal/controller/controller.go:300
  sigs.k8s.io/controller-runtime/pkg/internal/controller.(*Controller[...]).Start.func2.1
  	/Users/priyolahiri/go/pkg/mod/sigs.k8s.io/controller-runtime@v0.21.0/pkg/internal/controller/controller.go:202
  [38;5;9m[FAILED][0m in [It] - /Users/priyolahiri/Code/neo4j-kubernetes-operator/test/integration/cluster_lifecycle_test.go:242 [38;5;243m@ 06/26/25 12:34:35.236[0m
  2025-06-26T12:34:35+02:00	INFO	Warning: Reconciler returned both a non-zero result and a non-nil error. The result will always be ignored if the error is non-nil and the non-nil error causes requeuing with exponential backoff. For more details, see: https://pkg.go.dev/sigs.k8s.io/controller-runtime/pkg/reconcile#Reconciler	{"controller": "neo4jrestore", "controllerGroup": "neo4j.neo4j.com", "controllerKind": "Neo4jRestore", "Neo4jRestore": {"name":"test-restore-no-backup","namespace":"test-failure-1750934075033706000-1750934075035488000"}, "namespace": "test-failure-1750934075033706000-1750934075035488000", "name": "test-restore-no-backup", "reconcileID": "0a52daed-2fd8-40e4-9a15-0e989a78d301"}
  2025-06-26T12:34:35+02:00	ERROR	Reconciler error	{"controller": "neo4jrestore", "controllerGroup": "neo4j.neo4j.com", "controllerKind": "Neo4jRestore", "Neo4jRestore": {"name":"test-restore-no-backup","namespace":"test-failure-1750934075033706000-1750934075035488000"}, "namespace": "test-failure-1750934075033706000-1750934075035488000", "name": "test-restore-no-backup", "reconcileID": "0a52daed-2fd8-40e4-9a15-0e989a78d301", "error": "Neo4jEnterpriseCluster.neo4j.neo4j.com \"test-cluster\" not found"}
  sigs.k8s.io/controller-runtime/pkg/internal/controller.(*Controller[...]).reconcileHandler
  	/Users/priyolahiri/go/pkg/mod/sigs.k8s.io/controller-runtime@v0.21.0/pkg/internal/controller/controller.go:353
  sigs.k8s.io/controller-runtime/pkg/internal/controller.(*Controller[...]).processNextWorkItem
  	/Users/priyolahiri/go/pkg/mod/sigs.k8s.io/controller-runtime@v0.21.0/pkg/internal/controller/controller.go:300
  sigs.k8s.io/controller-runtime/pkg/internal/controller.(*Controller[...]).Start.func2.1
  	/Users/priyolahiri/go/pkg/mod/sigs.k8s.io/controller-runtime@v0.21.0/pkg/internal/controller/controller.go:202
  2025-06-26T12:34:35+02:00	ERROR	Failed to get target cluster	{"controller": "neo4jbackup", "controllerGroup": "neo4j.neo4j.com", "controllerKind": "Neo4jBackup", "Neo4jBackup": {"name":"test-backup-invalid-storage","namespace":"test-failure-1750934075033884000-1750934075035500000"}, "namespace": "test-failure-1750934075033884000-1750934075035500000", "name": "test-backup-invalid-storage", "reconcileID": "293987d8-794b-460b-a1c6-dbeddf1ddf67", "error": "Neo4jEnterpriseCluster.neo4j.neo4j.com \"test-cluster\" not found"}
  github.com/neo4j-labs/neo4j-kubernetes-operator/internal/controller.(*Neo4jBackupReconciler).Reconcile
  	/Users/priyolahiri/Code/neo4j-kubernetes-operator/internal/controller/neo4jbackup_controller.go:106
  sigs.k8s.io/controller-runtime/pkg/internal/controller.(*Controller[...]).Reconcile
  	/Users/priyolahiri/go/pkg/mod/sigs.k8s.io/controller-runtime@v0.21.0/pkg/internal/controller/controller.go:119
  sigs.k8s.io/controller-runtime/pkg/internal/controller.(*Controller[...]).reconcileHandler
  	/Users/priyolahiri/go/pkg/mod/sigs.k8s.io/controller-runtime@v0.21.0/pkg/internal/controller/controller.go:340
  sigs.k8s.io/controller-runtime/pkg/internal/controller.(*Controller[...]).processNextWorkItem
  	/Users/priyolahiri/go/pkg/mod/sigs.k8s.io/controller-runtime@v0.21.0/pkg/internal/controller/controller.go:300
  sigs.k8s.io/controller-runtime/pkg/internal/controller.(*Controller[...]).Start.func2.1
  	/Users/priyolahiri/go/pkg/mod/sigs.k8s.io/controller-runtime@v0.21.0/pkg/internal/controller/controller.go:202
  2025-06-26T12:34:35+02:00	ERROR	Failed to get target cluster	{"controller": "neo4jrestore", "controllerGroup": "neo4j.neo4j.com", "controllerKind": "Neo4jRestore", "Neo4jRestore": {"name":"test-restore-no-cluster","namespace":"test-failure-1750934075035366000-1750934075036586000"}, "namespace": "test-failure-1750934075035366000-1750934075036586000", "name": "test-restore-no-cluster", "reconcileID": "86a1e22f-6dce-42e5-9a53-ab283b07dad1", "error": "Neo4jEnterpriseCluster.neo4j.neo4j.com \"non-existent-cluster\" not found"}
  github.com/neo4j-labs/neo4j-kubernetes-operator/internal/controller.(*Neo4jRestoreReconciler).Reconcile
  	/Users/priyolahiri/Code/neo4j-kubernetes-operator/internal/controller/neo4jrestore_controller.go:118
  sigs.k8s.io/controller-runtime/pkg/internal/controller.(*Controller[...]).Reconcile
  	/Users/priyolahiri/go/pkg/mod/sigs.k8s.io/controller-runtime@v0.21.0/pkg/internal/controller/controller.go:119
  sigs.k8s.io/controller-runtime/pkg/internal/controller.(*Controller[...]).reconcileHandler
  	/Users/priyolahiri/go/pkg/mod/sigs.k8s.io/controller-runtime@v0.21.0/pkg/internal/controller/controller.go:340
  sigs.k8s.io/controller-runtime/pkg/internal/controller.(*Controller[...]).processNextWorkItem
  	/Users/priyolahiri/go/pkg/mod/sigs.k8s.io/controller-runtime@v0.21.0/pkg/internal/controller/controller.go:300
  sigs.k8s.io/controller-runtime/pkg/internal/controller.(*Controller[...]).Start.func2.1
  	/Users/priyolahiri/go/pkg/mod/sigs.k8s.io/controller-runtime@v0.21.0/pkg/internal/controller/controller.go:202
  2025-06-26T12:34:35+02:00	INFO	Warning: Reconciler returned both a non-zero result and a non-nil error. The result will always be ignored if the error is non-nil and the non-nil error causes requeuing with exponential backoff. For more details, see: https://pkg.go.dev/sigs.k8s.io/controller-runtime/pkg/reconcile#Reconciler	{"controller": "neo4jbackup", "controllerGroup": "neo4j.neo4j.com", "controllerKind": "Neo4jBackup", "Neo4jBackup": {"name":"test-backup-invalid-storage","namespace":"test-failure-1750934075033884000-1750934075035500000"}, "namespace": "test-failure-1750934075033884000-1750934075035500000", "name": "test-backup-invalid-storage", "reconcileID": "293987d8-794b-460b-a1c6-dbeddf1ddf67"}
  2025-06-26T12:34:35+02:00	ERROR	Reconciler error	{"controller": "neo4jbackup", "controllerGroup": "neo4j.neo4j.com", "controllerKind": "Neo4jBackup", "Neo4jBackup": {"name":"test-backup-invalid-storage","namespace":"test-failure-1750934075033884000-1750934075035500000"}, "namespace": "test-failure-1750934075033884000-1750934075035500000", "name": "test-backup-invalid-storage", "reconcileID": "293987d8-794b-460b-a1c6-dbeddf1ddf67", "error": "Neo4jEnterpriseCluster.neo4j.neo4j.com \"test-cluster\" not found"}
  sigs.k8s.io/controller-runtime/pkg/internal/controller.(*Controller[...]).reconcileHandler
  	/Users/priyolahiri/go/pkg/mod/sigs.k8s.io/controller-runtime@v0.21.0/pkg/internal/controller/controller.go:353
  sigs.k8s.io/controller-runtime/pkg/internal/controller.(*Controller[...]).processNextWorkItem
  	/Users/priyolahiri/go/pkg/mod/sigs.k8s.io/controller-runtime@v0.21.0/pkg/internal/controller/controller.go:300
  sigs.k8s.io/controller-runtime/pkg/internal/controller.(*Controller[...]).Start.func2.1
  	/Users/priyolahiri/go/pkg/mod/sigs.k8s.io/controller-runtime@v0.21.0/pkg/internal/controller/controller.go:202
  2025-06-26T12:34:35+02:00	ERROR	Failed to get target cluster	{"controller": "neo4jbackup", "controllerGroup": "neo4j.neo4j.com", "controllerKind": "Neo4jBackup", "Neo4jBackup": {"name":"test-backup-no-cluster","namespace":"test-failure-1750934075031883000-1750934075034004000"}, "namespace": "test-failure-1750934075031883000-1750934075034004000", "name": "test-backup-no-cluster", "reconcileID": "9cf00ddd-6095-43e0-a644-01f92d2603d5", "error": "Neo4jEnterpriseCluster.neo4j.neo4j.com \"non-existent-cluster\" not found"}
  github.com/neo4j-labs/neo4j-kubernetes-operator/internal/controller.(*Neo4jBackupReconciler).Reconcile
  	/Users/priyolahiri/Code/neo4j-kubernetes-operator/internal/controller/neo4jbackup_controller.go:106
  sigs.k8s.io/controller-runtime/pkg/internal/controller.(*Controller[...]).Reconcile
  	/Users/priyolahiri/go/pkg/mod/sigs.k8s.io/controller-runtime@v0.21.0/pkg/internal/controller/controller.go:119
  sigs.k8s.io/controller-runtime/pkg/internal/controller.(*Controller[...]).reconcileHandler
  	/Users/priyolahiri/go/pkg/mod/sigs.k8s.io/controller-runtime@v0.21.0/pkg/internal/controller/controller.go:340
  sigs.k8s.io/controller-runtime/pkg/internal/controller.(*Controller[...]).processNextWorkItem
  	/Users/priyolahiri/go/pkg/mod/sigs.k8s.io/controller-runtime@v0.21.0/pkg/internal/controller/controller.go:300
  sigs.k8s.io/controller-runtime/pkg/internal/controller.(*Controller[...]).Start.func2.1
  	/Users/priyolahiri/go/pkg/mod/sigs.k8s.io/controller-runtime@v0.21.0/pkg/internal/controller/controller.go:202
  2025-06-26T12:34:35+02:00	INFO	Warning: Reconciler returned both a non-zero result and a non-nil error. The result will always be ignored if the error is non-nil and the non-nil error causes requeuing with exponential backoff. For more details, see: https://pkg.go.dev/sigs.k8s.io/controller-runtime/pkg/reconcile#Reconciler	{"controller": "neo4jrestore", "controllerGroup": "neo4j.neo4j.com", "controllerKind": "Neo4jRestore", "Neo4jRestore": {"name":"test-restore-no-cluster","namespace":"test-failure-1750934075035366000-1750934075036586000"}, "namespace": "test-failure-1750934075035366000-1750934075036586000", "name": "test-restore-no-cluster", "reconcileID": "86a1e22f-6dce-42e5-9a53-ab283b07dad1"}
  2025-06-26T12:34:35+02:00	ERROR	Reconciler error	{"controller": "neo4jrestore", "controllerGroup": "neo4j.neo4j.com", "controllerKind": "Neo4jRestore", "Neo4jRestore": {"name":"test-restore-no-cluster","namespace":"test-failure-1750934075035366000-1750934075036586000"}, "namespace": "test-failure-1750934075035366000-1750934075036586000", "name": "test-restore-no-cluster", "reconcileID": "86a1e22f-6dce-42e5-9a53-ab283b07dad1", "error": "Neo4jEnterpriseCluster.neo4j.neo4j.com \"non-existent-cluster\" not found"}
  sigs.k8s.io/controller-runtime/pkg/internal/controller.(*Controller[...]).reconcileHandler
  	/Users/priyolahiri/go/pkg/mod/sigs.k8s.io/controller-runtime@v0.21.0/pkg/internal/controller/controller.go:353
  sigs.k8s.io/controller-runtime/pkg/internal/controller.(*Controller[...]).processNextWorkItem
  	/Users/priyolahiri/go/pkg/mod/sigs.k8s.io/controller-runtime@v0.21.0/pkg/internal/controller/controller.go:300
  sigs.k8s.io/controller-runtime/pkg/internal/controller.(*Controller[...]).Start.func2.1
  	/Users/priyolahiri/go/pkg/mod/sigs.k8s.io/controller-runtime@v0.21.0/pkg/internal/controller/controller.go:202
  2025-06-26T12:34:35+02:00	INFO	Warning: Reconciler returned both a non-zero result and a non-nil error. The result will always be ignored if the error is non-nil and the non-nil error causes requeuing with exponential backoff. For more details, see: https://pkg.go.dev/sigs.k8s.io/controller-runtime/pkg/reconcile#Reconciler	{"controller": "neo4jbackup", "controllerGroup": "neo4j.neo4j.com", "controllerKind": "Neo4jBackup", "Neo4jBackup": {"name":"test-backup-no-cluster","namespace":"test-failure-1750934075031883000-1750934075034004000"}, "namespace": "test-failure-1750934075031883000-1750934075034004000", "name": "test-backup-no-cluster", "reconcileID": "9cf00ddd-6095-43e0-a644-01f92d2603d5"}
  2025-06-26T12:34:35+02:00	ERROR	Reconciler error	{"controller": "neo4jbackup", "controllerGroup": "neo4j.neo4j.com", "controllerKind": "Neo4jBackup", "Neo4jBackup": {"name":"test-backup-no-cluster","namespace":"test-failure-1750934075031883000-1750934075034004000"}, "namespace": "test-failure-1750934075031883000-1750934075034004000", "name": "test-backup-no-cluster", "reconcileID": "9cf00ddd-6095-43e0-a644-01f92d2603d5", "error": "Neo4jEnterpriseCluster.neo4j.neo4j.com \"non-existent-cluster\" not found"}
  sigs.k8s.io/controller-runtime/pkg/internal/controller.(*Controller[...]).reconcileHandler
  	/Users/priyolahiri/go/pkg/mod/sigs.k8s.io/controller-runtime@v0.21.0/pkg/internal/controller/controller.go:353
  sigs.k8s.io/controller-runtime/pkg/internal/controller.(*Controller[...]).processNextWorkItem
  	/Users/priyolahiri/go/pkg/mod/sigs.k8s.io/controller-runtime@v0.21.0/pkg/internal/controller/controller.go:300
  sigs.k8s.io/controller-runtime/pkg/internal/controller.(*Controller[...]).Start.func2.1
  	/Users/priyolahiri/go/pkg/mod/sigs.k8s.io/controller-runtime@v0.21.0/pkg/internal/controller/controller.go:202
  2025-06-26T12:34:35+02:00	ERROR	Failed to get target cluster	{"controller": "neo4jrestore", "controllerGroup": "neo4j.neo4j.com", "controllerKind": "Neo4jRestore", "Neo4jRestore": {"name":"test-restore-no-backup","namespace":"test-failure-1750934075033706000-1750934075035488000"}, "namespace": "test-failure-1750934075033706000-1750934075035488000", "name": "test-restore-no-backup", "reconcileID": "ee65ae68-e80b-4259-8534-8ef4b38477f4", "error": "Neo4jEnterpriseCluster.neo4j.neo4j.com \"test-cluster\" not found"}
  github.com/neo4j-labs/neo4j-kubernetes-operator/internal/controller.(*Neo4jRestoreReconciler).Reconcile
  	/Users/priyolahiri/Code/neo4j-kubernetes-operator/internal/controller/neo4jrestore_controller.go:118
  sigs.k8s.io/controller-runtime/pkg/internal/controller.(*Controller[...]).Reconcile
  	/Users/priyolahiri/go/pkg/mod/sigs.k8s.io/controller-runtime@v0.21.0/pkg/internal/controller/controller.go:119
  sigs.k8s.io/controller-runtime/pkg/internal/controller.(*Controller[...]).reconcileHandler
  	/Users/priyolahiri/go/pkg/mod/sigs.k8s.io/controller-runtime@v0.21.0/pkg/internal/controller/controller.go:340
  sigs.k8s.io/controller-runtime/pkg/internal/controller.(*Controller[...]).processNextWorkItem
  	/Users/priyolahiri/go/pkg/mod/sigs.k8s.io/controller-runtime@v0.21.0/pkg/internal/controller/controller.go:300
  sigs.k8s.io/controller-runtime/pkg/internal/controller.(*Controller[...]).Start.func2.1
  	/Users/priyolahiri/go/pkg/mod/sigs.k8s.io/controller-runtime@v0.21.0/pkg/internal/controller/controller.go:202
  2025-06-26T12:34:35+02:00	INFO	Warning: Reconciler returned both a non-zero result and a non-nil error. The result will always be ignored if the error is non-nil and the non-nil error causes requeuing with exponential backoff. For more details, see: https://pkg.go.dev/sigs.k8s.io/controller-runtime/pkg/reconcile#Reconciler	{"controller": "neo4jrestore", "controllerGroup": "neo4j.neo4j.com", "controllerKind": "Neo4jRestore", "Neo4jRestore": {"name":"test-restore-no-backup","namespace":"test-failure-1750934075033706000-1750934075035488000"}, "namespace": "test-failure-1750934075033706000-1750934075035488000", "name": "test-restore-no-backup", "reconcileID": "ee65ae68-e80b-4259-8534-8ef4b38477f4"}
  2025-06-26T12:34:35+02:00	ERROR	Reconciler error	{"controller": "neo4jrestore", "controllerGroup": "neo4j.neo4j.com", "controllerKind": "Neo4jRestore", "Neo4jRestore": {"name":"test-restore-no-backup","namespace":"test-failure-1750934075033706000-1750934075035488000"}, "namespace": "test-failure-1750934075033706000-1750934075035488000", "name": "test-restore-no-backup", "reconcileID": "ee65ae68-e80b-4259-8534-8ef4b38477f4", "error": "Neo4jEnterpriseCluster.neo4j.neo4j.com \"test-cluster\" not found"}
  sigs.k8s.io/controller-runtime/pkg/internal/controller.(*Controller[...]).reconcileHandler
  	/Users/priyolahiri/go/pkg/mod/sigs.k8s.io/controller-runtime@v0.21.0/pkg/internal/controller/controller.go:353
  sigs.k8s.io/controller-runtime/pkg/internal/controller.(*Controller[...]).processNextWorkItem
  	/Users/priyolahiri/go/pkg/mod/sigs.k8s.io/controller-runtime@v0.21.0/pkg/internal/controller/controller.go:300
  sigs.k8s.io/controller-runtime/pkg/internal/controller.(*Controller[...]).Start.func2.1
  	/Users/priyolahiri/go/pkg/mod/sigs.k8s.io/controller-runtime@v0.21.0/pkg/internal/controller/controller.go:202
  [38;5;243m<< Timeline[0m

  [38;5;9m[FAILED] Expected success, but got an error:
      <*errors.StatusError | 0x1400030f9a0>:
      admission webhook "vneo4jenterprisecluster.kb.io" denied the request: spec.tls.issuerRef.name: Required value: issuer name must be specified when using cert-manager
      {
          ErrStatus: {
              TypeMeta: {Kind: "", APIVersion: ""},
              ListMeta: {
                  SelfLink: "",
                  ResourceVersion: "",
                  Continue: "",
                  RemainingItemCount: nil,
              },
              Status: "Failure",
              Message: "admission webhook \"vneo4jenterprisecluster.kb.io\" denied the request: spec.tls.issuerRef.name: Required value: issuer name must be specified when using cert-manager",
              Reason: "Forbidden",
              Details: nil,
              Code: 403,
          },
      }[0m
  [38;5;9mIn [1m[It][0m[38;5;9m at: [1m/Users/priyolahiri/Code/neo4j-kubernetes-operator/test/integration/cluster_lifecycle_test.go:242[0m [38;5;243m@ 06/26/25 12:34:35.236[0m
[38;5;243m------------------------------[0m
[38;5;214m• [INTERRUPTED] [0.877 seconds][0m
[0mFailure Scenarios [38;5;243mRestore Failure Scenarios [38;5;214m[1m[It] should handle restore with invalid target cluster[0m
[38;5;243m/Users/priyolahiri/Code/neo4j-kubernetes-operator/test/integration/failure_scenarios_test.go:334[0m

  [38;5;243mTimeline >>[0m
  2025-06-26T12:34:35+02:00	INFO	Starting Controller	{"controller": "neo4jrestore", "controllerGroup": "neo4j.neo4j.com", "controllerKind": "Neo4jRestore"}
  2025-06-26T12:34:35+02:00	INFO	Starting workers	{"controller": "neo4jrestore", "controllerGroup": "neo4j.neo4j.com", "controllerKind": "Neo4jRestore", "worker count": 1}
  2025-06-26T12:34:35+02:00	ERROR	Failed to get target cluster	{"controller": "neo4jrestore", "controllerGroup": "neo4j.neo4j.com", "controllerKind": "Neo4jRestore", "Neo4jRestore": {"name":"test-restore-no-cluster","namespace":"test-failure-1750934075035366000-1750934075036586000"}, "namespace": "test-failure-1750934075035366000-1750934075036586000", "name": "test-restore-no-cluster", "reconcileID": "e35cb1c1-c2ad-45e4-a258-59129d80f2b8", "error": "Neo4jEnterpriseCluster.neo4j.neo4j.com \"non-existent-cluster\" not found"}
  github.com/neo4j-labs/neo4j-kubernetes-operator/internal/controller.(*Neo4jRestoreReconciler).Reconcile
  	/Users/priyolahiri/Code/neo4j-kubernetes-operator/internal/controller/neo4jrestore_controller.go:118
  sigs.k8s.io/controller-runtime/pkg/internal/controller.(*Controller[...]).Reconcile
  	/Users/priyolahiri/go/pkg/mod/sigs.k8s.io/controller-runtime@v0.21.0/pkg/internal/controller/controller.go:119
  sigs.k8s.io/controller-runtime/pkg/internal/controller.(*Controller[...]).reconcileHandler
  	/Users/priyolahiri/go/pkg/mod/sigs.k8s.io/controller-runtime@v0.21.0/pkg/internal/controller/controller.go:340
  sigs.k8s.io/controller-runtime/pkg/internal/controller.(*Controller[...]).processNextWorkItem
  	/Users/priyolahiri/go/pkg/mod/sigs.k8s.io/controller-runtime@v0.21.0/pkg/internal/controller/controller.go:300
  sigs.k8s.io/controller-runtime/pkg/internal/controller.(*Controller[...]).Start.func2.1
  	/Users/priyolahiri/go/pkg/mod/sigs.k8s.io/controller-runtime@v0.21.0/pkg/internal/controller/controller.go:202
  2025-06-26T12:34:35+02:00	INFO	Starting Controller	{"controller": "neo4jdatabase", "controllerGroup": "neo4j.neo4j.com", "controllerKind": "Neo4jDatabase"}
  2025-06-26T12:34:35+02:00	INFO	Starting workers	{"controller": "neo4jdatabase", "controllerGroup": "neo4j.neo4j.com", "controllerKind": "Neo4jDatabase", "worker count": 1}
  2025-06-26T12:34:35+02:00	INFO	Starting Controller	{"controller": "neo4juser", "controllerGroup": "neo4j.neo4j.com", "controllerKind": "Neo4jUser"}
  2025-06-26T12:34:35+02:00	INFO	Starting workers	{"controller": "neo4juser", "controllerGroup": "neo4j.neo4j.com", "controllerKind": "Neo4jUser", "worker count": 1}
  2025-06-26T12:34:35+02:00	INFO	Starting Controller	{"controller": "neo4jgrant", "controllerGroup": "neo4j.neo4j.com", "controllerKind": "Neo4jGrant"}
  2025-06-26T12:34:35+02:00	INFO	Starting workers	{"controller": "neo4jgrant", "controllerGroup": "neo4j.neo4j.com", "controllerKind": "Neo4jGrant", "worker count": 1}
  2025-06-26T12:34:35+02:00	INFO	Starting Controller	{"controller": "neo4jplugin", "controllerGroup": "neo4j.neo4j.com", "controllerKind": "Neo4jPlugin"}
  2025-06-26T12:34:35+02:00	INFO	Starting workers	{"controller": "neo4jplugin", "controllerGroup": "neo4j.neo4j.com", "controllerKind": "Neo4jPlugin", "worker count": 1}
  2025-06-26T12:34:35+02:00	INFO	Starting Controller	{"controller": "neo4jrole", "controllerGroup": "neo4j.neo4j.com", "controllerKind": "Neo4jRole"}
  2025-06-26T12:34:35+02:00	INFO	Starting workers	{"controller": "neo4jrole", "controllerGroup": "neo4j.neo4j.com", "controllerKind": "Neo4jRole", "worker count": 1}
  2025-06-26T12:34:35+02:00	INFO	Starting Controller	{"controller": "neo4jbackup", "controllerGroup": "neo4j.neo4j.com", "controllerKind": "Neo4jBackup"}
  2025-06-26T12:34:35+02:00	INFO	Starting workers	{"controller": "neo4jbackup", "controllerGroup": "neo4j.neo4j.com", "controllerKind": "Neo4jBackup", "worker count": 1}
  2025-06-26T12:34:35+02:00	ERROR	Failed to get target cluster	{"controller": "neo4jbackup", "controllerGroup": "neo4j.neo4j.com", "controllerKind": "Neo4jBackup", "Neo4jBackup": {"name":"test-backup-invalid-storage","namespace":"test-failure-1750934075033884000-1750934075035500000"}, "namespace": "test-failure-1750934075033884000-1750934075035500000", "name": "test-backup-invalid-storage", "reconcileID": "c92f62be-7e4e-47e7-a3a1-4082f9de1e61", "error": "Neo4jEnterpriseCluster.neo4j.neo4j.com \"test-cluster\" not found"}
  github.com/neo4j-labs/neo4j-kubernetes-operator/internal/controller.(*Neo4jBackupReconciler).Reconcile
  	/Users/priyolahiri/Code/neo4j-kubernetes-operator/internal/controller/neo4jbackup_controller.go:106
  sigs.k8s.io/controller-runtime/pkg/internal/controller.(*Controller[...]).Reconcile
  	/Users/priyolahiri/go/pkg/mod/sigs.k8s.io/controller-runtime@v0.21.0/pkg/internal/controller/controller.go:119
  sigs.k8s.io/controller-runtime/pkg/internal/controller.(*Controller[...]).reconcileHandler
  	/Users/priyolahiri/go/pkg/mod/sigs.k8s.io/controller-runtime@v0.21.0/pkg/internal/controller/controller.go:340
  sigs.k8s.io/controller-runtime/pkg/internal/controller.(*Controller[...]).processNextWorkItem
  	/Users/priyolahiri/go/pkg/mod/sigs.k8s.io/controller-runtime@v0.21.0/pkg/internal/controller/controller.go:300
  sigs.k8s.io/controller-runtime/pkg/internal/controller.(*Controller[...]).Start.func2.1
  	/Users/priyolahiri/go/pkg/mod/sigs.k8s.io/controller-runtime@v0.21.0/pkg/internal/controller/controller.go:202
  2025-06-26T12:34:35+02:00	INFO	Starting Controller	{"controller": "neo4jenterprisecluster", "controllerGroup": "neo4j.neo4j.com", "controllerKind": "Neo4jEnterpriseCluster"}
  2025-06-26T12:34:35+02:00	INFO	Starting workers	{"controller": "neo4jenterprisecluster", "controllerGroup": "neo4j.neo4j.com", "controllerKind": "Neo4jEnterpriseCluster", "worker count": 1}
  2025-06-26T12:34:35+02:00	INFO	Warning: Reconciler returned both a non-zero result and a non-nil error. The result will always be ignored if the error is non-nil and the non-nil error causes requeuing with exponential backoff. For more details, see: https://pkg.go.dev/sigs.k8s.io/controller-runtime/pkg/reconcile#Reconciler	{"controller": "neo4jrestore", "controllerGroup": "neo4j.neo4j.com", "controllerKind": "Neo4jRestore", "Neo4jRestore": {"name":"test-restore-no-cluster","namespace":"test-failure-1750934075035366000-1750934075036586000"}, "namespace": "test-failure-1750934075035366000-1750934075036586000", "name": "test-restore-no-cluster", "reconcileID": "e35cb1c1-c2ad-45e4-a258-59129d80f2b8"}
  2025-06-26T12:34:35+02:00	ERROR	Reconciler error	{"controller": "neo4jrestore", "controllerGroup": "neo4j.neo4j.com", "controllerKind": "Neo4jRestore", "Neo4jRestore": {"name":"test-restore-no-cluster","namespace":"test-failure-1750934075035366000-1750934075036586000"}, "namespace": "test-failure-1750934075035366000-1750934075036586000", "name": "test-restore-no-cluster", "reconcileID": "e35cb1c1-c2ad-45e4-a258-59129d80f2b8", "error": "Neo4jEnterpriseCluster.neo4j.neo4j.com \"non-existent-cluster\" not found"}
  sigs.k8s.io/controller-runtime/pkg/internal/controller.(*Controller[...]).reconcileHandler
  	/Users/priyolahiri/go/pkg/mod/sigs.k8s.io/controller-runtime@v0.21.0/pkg/internal/controller/controller.go:353
  sigs.k8s.io/controller-runtime/pkg/internal/controller.(*Controller[...]).processNextWorkItem
  	/Users/priyolahiri/go/pkg/mod/sigs.k8s.io/controller-runtime@v0.21.0/pkg/internal/controller/controller.go:300
  sigs.k8s.io/controller-runtime/pkg/internal/controller.(*Controller[...]).Start.func2.1
  	/Users/priyolahiri/go/pkg/mod/sigs.k8s.io/controller-runtime@v0.21.0/pkg/internal/controller/controller.go:202
  2025-06-26T12:34:35+02:00	ERROR	Failed to get target cluster	{"controller": "neo4jrestore", "controllerGroup": "neo4j.neo4j.com", "controllerKind": "Neo4jRestore", "Neo4jRestore": {"name":"test-restore-no-backup","namespace":"test-failure-1750934075033706000-1750934075035488000"}, "namespace": "test-failure-1750934075033706000-1750934075035488000", "name": "test-restore-no-backup", "reconcileID": "d06aa19a-d527-4235-b449-b4c70b096388", "error": "Neo4jEnterpriseCluster.neo4j.neo4j.com \"test-cluster\" not found"}
  github.com/neo4j-labs/neo4j-kubernetes-operator/internal/controller.(*Neo4jRestoreReconciler).Reconcile
  	/Users/priyolahiri/Code/neo4j-kubernetes-operator/internal/controller/neo4jrestore_controller.go:118
  sigs.k8s.io/controller-runtime/pkg/internal/controller.(*Controller[...]).Reconcile
  	/Users/priyolahiri/go/pkg/mod/sigs.k8s.io/controller-runtime@v0.21.0/pkg/internal/controller/controller.go:119
  sigs.k8s.io/controller-runtime/pkg/internal/controller.(*Controller[...]).reconcileHandler
  	/Users/priyolahiri/go/pkg/mod/sigs.k8s.io/controller-runtime@v0.21.0/pkg/internal/controller/controller.go:340
  sigs.k8s.io/controller-runtime/pkg/internal/controller.(*Controller[...]).processNextWorkItem
  	/Users/priyolahiri/go/pkg/mod/sigs.k8s.io/controller-runtime@v0.21.0/pkg/internal/controller/controller.go:300
  sigs.k8s.io/controller-runtime/pkg/internal/controller.(*Controller[...]).Start.func2.1
  	/Users/priyolahiri/go/pkg/mod/sigs.k8s.io/controller-runtime@v0.21.0/pkg/internal/controller/controller.go:202
  2025-06-26T12:34:35+02:00	INFO	Warning: Reconciler returned both a non-zero result and a non-nil error. The result will always be ignored if the error is non-nil and the non-nil error causes requeuing with exponential backoff. For more details, see: https://pkg.go.dev/sigs.k8s.io/controller-runtime/pkg/reconcile#Reconciler	{"controller": "neo4jbackup", "controllerGroup": "neo4j.neo4j.com", "controllerKind": "Neo4jBackup", "Neo4jBackup": {"name":"test-backup-invalid-storage","namespace":"test-failure-1750934075033884000-1750934075035500000"}, "namespace": "test-failure-1750934075033884000-1750934075035500000", "name": "test-backup-invalid-storage", "reconcileID": "c92f62be-7e4e-47e7-a3a1-4082f9de1e61"}
  2025-06-26T12:34:35+02:00	ERROR	Reconciler error	{"controller": "neo4jbackup", "controllerGroup": "neo4j.neo4j.com", "controllerKind": "Neo4jBackup", "Neo4jBackup": {"name":"test-backup-invalid-storage","namespace":"test-failure-1750934075033884000-1750934075035500000"}, "namespace": "test-failure-1750934075033884000-1750934075035500000", "name": "test-backup-invalid-storage", "reconcileID": "c92f62be-7e4e-47e7-a3a1-4082f9de1e61", "error": "Neo4jEnterpriseCluster.neo4j.neo4j.com \"test-cluster\" not found"}
  sigs.k8s.io/controller-runtime/pkg/internal/controller.(*Controller[...]).reconcileHandler
  	/Users/priyolahiri/go/pkg/mod/sigs.k8s.io/controller-runtime@v0.21.0/pkg/internal/controller/controller.go:353
  sigs.k8s.io/controller-runtime/pkg/internal/controller.(*Controller[...]).processNextWorkItem
  	/Users/priyolahiri/go/pkg/mod/sigs.k8s.io/controller-runtime@v0.21.0/pkg/internal/controller/controller.go:300
  sigs.k8s.io/controller-runtime/pkg/internal/controller.(*Controller[...]).Start.func2.1
  	/Users/priyolahiri/go/pkg/mod/sigs.k8s.io/controller-runtime@v0.21.0/pkg/internal/controller/controller.go:202
  2025-06-26T12:34:35+02:00	ERROR	Failed to get target cluster	{"controller": "neo4jbackup", "controllerGroup": "neo4j.neo4j.com", "controllerKind": "Neo4jBackup", "Neo4jBackup": {"name":"test-backup-no-cluster","namespace":"test-failure-1750934075031883000-1750934075034004000"}, "namespace": "test-failure-1750934075031883000-1750934075034004000", "name": "test-backup-no-cluster", "reconcileID": "9623e40b-62c2-4c06-894f-7fffc8aa1454", "error": "Neo4jEnterpriseCluster.neo4j.neo4j.com \"non-existent-cluster\" not found"}
  github.com/neo4j-labs/neo4j-kubernetes-operator/internal/controller.(*Neo4jBackupReconciler).Reconcile
  	/Users/priyolahiri/Code/neo4j-kubernetes-operator/internal/controller/neo4jbackup_controller.go:106
  sigs.k8s.io/controller-runtime/pkg/internal/controller.(*Controller[...]).Reconcile
  	/Users/priyolahiri/go/pkg/mod/sigs.k8s.io/controller-runtime@v0.21.0/pkg/internal/controller/controller.go:119
  sigs.k8s.io/controller-runtime/pkg/internal/controller.(*Controller[...]).reconcileHandler
  	/Users/priyolahiri/go/pkg/mod/sigs.k8s.io/controller-runtime@v0.21.0/pkg/internal/controller/controller.go:340
  sigs.k8s.io/controller-runtime/pkg/internal/controller.(*Controller[...]).processNextWorkItem
  	/Users/priyolahiri/go/pkg/mod/sigs.k8s.io/controller-runtime@v0.21.0/pkg/internal/controller/controller.go:300
  sigs.k8s.io/controller-runtime/pkg/internal/controller.(*Controller[...]).Start.func2.1
  	/Users/priyolahiri/go/pkg/mod/sigs.k8s.io/controller-runtime@v0.21.0/pkg/internal/controller/controller.go:202
  2025-06-26T12:34:35+02:00	INFO	Warning: Reconciler returned both a non-zero result and a non-nil error. The result will always be ignored if the error is non-nil and the non-nil error causes requeuing with exponential backoff. For more details, see: https://pkg.go.dev/sigs.k8s.io/controller-runtime/pkg/reconcile#Reconciler	{"controller": "neo4jrestore", "controllerGroup": "neo4j.neo4j.com", "controllerKind": "Neo4jRestore", "Neo4jRestore": {"name":"test-restore-no-backup","namespace":"test-failure-1750934075033706000-1750934075035488000"}, "namespace": "test-failure-1750934075033706000-1750934075035488000", "name": "test-restore-no-backup", "reconcileID": "d06aa19a-d527-4235-b449-b4c70b096388"}
  2025-06-26T12:34:35+02:00	INFO	Warning: Reconciler returned both a non-zero result and a non-nil error. The result will always be ignored if the error is non-nil and the non-nil error causes requeuing with exponential backoff. For more details, see: https://pkg.go.dev/sigs.k8s.io/controller-runtime/pkg/reconcile#Reconciler	{"controller": "neo4jbackup", "controllerGroup": "neo4j.neo4j.com", "controllerKind": "Neo4jBackup", "Neo4jBackup": {"name":"test-backup-no-cluster","namespace":"test-failure-1750934075031883000-1750934075034004000"}, "namespace": "test-failure-1750934075031883000-1750934075034004000", "name": "test-backup-no-cluster", "reconcileID": "9623e40b-62c2-4c06-894f-7fffc8aa1454"}
  2025-06-26T12:34:35+02:00	ERROR	Reconciler error	{"controller": "neo4jrestore", "controllerGroup": "neo4j.neo4j.com", "controllerKind": "Neo4jRestore", "Neo4jRestore": {"name":"test-restore-no-backup","namespace":"test-failure-1750934075033706000-1750934075035488000"}, "namespace": "test-failure-1750934075033706000-1750934075035488000", "name": "test-restore-no-backup", "reconcileID": "d06aa19a-d527-4235-b449-b4c70b096388", "error": "Neo4jEnterpriseCluster.neo4j.neo4j.com \"test-cluster\" not found"}
  sigs.k8s.io/controller-runtime/pkg/internal/controller.(*Controller[...]).reconcileHandler
  	/Users/priyolahiri/go/pkg/mod/sigs.k8s.io/controller-runtime@v0.21.0/pkg/internal/controller/controller.go:353
  sigs.k8s.io/controller-runtime/pkg/internal/controller.(*Controller[...]).processNextWorkItem
  	/Users/priyolahiri/go/pkg/mod/sigs.k8s.io/controller-runtime@v0.21.0/pkg/internal/controller/controller.go:300
  sigs.k8s.io/controller-runtime/pkg/internal/controller.(*Controller[...]).Start.func2.1
  	/Users/priyolahiri/go/pkg/mod/sigs.k8s.io/controller-runtime@v0.21.0/pkg/internal/controller/controller.go:202
  2025-06-26T12:34:35+02:00	ERROR	Reconciler error	{"controller": "neo4jbackup", "controllerGroup": "neo4j.neo4j.com", "controllerKind": "Neo4jBackup", "Neo4jBackup": {"name":"test-backup-no-cluster","namespace":"test-failure-1750934075031883000-1750934075034004000"}, "namespace": "test-failure-1750934075031883000-1750934075034004000", "name": "test-backup-no-cluster", "reconcileID": "9623e40b-62c2-4c06-894f-7fffc8aa1454", "error": "Neo4jEnterpriseCluster.neo4j.neo4j.com \"non-existent-cluster\" not found"}
  sigs.k8s.io/controller-runtime/pkg/internal/controller.(*Controller[...]).reconcileHandler
  	/Users/priyolahiri/go/pkg/mod/sigs.k8s.io/controller-runtime@v0.21.0/pkg/internal/controller/controller.go:353
  sigs.k8s.io/controller-runtime/pkg/internal/controller.(*Controller[...]).processNextWorkItem
  	/Users/priyolahiri/go/pkg/mod/sigs.k8s.io/controller-runtime@v0.21.0/pkg/internal/controller/controller.go:300
  sigs.k8s.io/controller-runtime/pkg/internal/controller.(*Controller[...]).Start.func2.1
  	/Users/priyolahiri/go/pkg/mod/sigs.k8s.io/controller-runtime@v0.21.0/pkg/internal/controller/controller.go:202
  2025-06-26T12:34:35+02:00	ERROR	Failed to get target cluster	{"controller": "neo4jrestore", "controllerGroup": "neo4j.neo4j.com", "controllerKind": "Neo4jRestore", "Neo4jRestore": {"name":"test-restore-no-cluster","namespace":"test-failure-1750934075035366000-1750934075036586000"}, "namespace": "test-failure-1750934075035366000-1750934075036586000", "name": "test-restore-no-cluster", "reconcileID": "fe82f265-1ca2-406d-b8c5-4c03598a2001", "error": "Neo4jEnterpriseCluster.neo4j.neo4j.com \"non-existent-cluster\" not found"}
  github.com/neo4j-labs/neo4j-kubernetes-operator/internal/controller.(*Neo4jRestoreReconciler).Reconcile
  	/Users/priyolahiri/Code/neo4j-kubernetes-operator/internal/controller/neo4jrestore_controller.go:118
  sigs.k8s.io/controller-runtime/pkg/internal/controller.(*Controller[...]).Reconcile
  	/Users/priyolahiri/go/pkg/mod/sigs.k8s.io/controller-runtime@v0.21.0/pkg/internal/controller/controller.go:119
  sigs.k8s.io/controller-runtime/pkg/internal/controller.(*Controller[...]).reconcileHandler
  	/Users/priyolahiri/go/pkg/mod/sigs.k8s.io/controller-runtime@v0.21.0/pkg/internal/controller/controller.go:340
  sigs.k8s.io/controller-runtime/pkg/internal/controller.(*Controller[...]).processNextWorkItem
  	/Users/priyolahiri/go/pkg/mod/sigs.k8s.io/controller-runtime@v0.21.0/pkg/internal/controller/controller.go:300
  sigs.k8s.io/controller-runtime/pkg/internal/controller.(*Controller[...]).Start.func2.1
  	/Users/priyolahiri/go/pkg/mod/sigs.k8s.io/controller-runtime@v0.21.0/pkg/internal/controller/controller.go:202
  2025-06-26T12:34:35+02:00	ERROR	Failed to get target cluster	{"controller": "neo4jbackup", "controllerGroup": "neo4j.neo4j.com", "controllerKind": "Neo4jBackup", "Neo4jBackup": {"name":"test-backup-invalid-storage","namespace":"test-failure-1750934075033884000-1750934075035500000"}, "namespace": "test-failure-1750934075033884000-1750934075035500000", "name": "test-backup-invalid-storage", "reconcileID": "edcd9f87-bb51-41dc-89a4-733e7dc99181", "error": "Neo4jEnterpriseCluster.neo4j.neo4j.com \"test-cluster\" not found"}
  github.com/neo4j-labs/neo4j-kubernetes-operator/internal/controller.(*Neo4jBackupReconciler).Reconcile
  	/Users/priyolahiri/Code/neo4j-kubernetes-operator/internal/controller/neo4jbackup_controller.go:106
  sigs.k8s.io/controller-runtime/pkg/internal/controller.(*Controller[...]).Reconcile
  	/Users/priyolahiri/go/pkg/mod/sigs.k8s.io/controller-runtime@v0.21.0/pkg/internal/controller/controller.go:119
  sigs.k8s.io/controller-runtime/pkg/internal/controller.(*Controller[...]).reconcileHandler
  	/Users/priyolahiri/go/pkg/mod/sigs.k8s.io/controller-runtime@v0.21.0/pkg/internal/controller/controller.go:340
  sigs.k8s.io/controller-runtime/pkg/internal/controller.(*Controller[...]).processNextWorkItem
  	/Users/priyolahiri/go/pkg/mod/sigs.k8s.io/controller-runtime@v0.21.0/pkg/internal/controller/controller.go:300
  sigs.k8s.io/controller-runtime/pkg/internal/controller.(*Controller[...]).Start.func2.1
  	/Users/priyolahiri/go/pkg/mod/sigs.k8s.io/controller-runtime@v0.21.0/pkg/internal/controller/controller.go:202
  2025-06-26T12:34:35+02:00	INFO	Warning: Reconciler returned both a non-zero result and a non-nil error. The result will always be ignored if the error is non-nil and the non-nil error causes requeuing with exponential backoff. For more details, see: https://pkg.go.dev/sigs.k8s.io/controller-runtime/pkg/reconcile#Reconciler	{"controller": "neo4jbackup", "controllerGroup": "neo4j.neo4j.com", "controllerKind": "Neo4jBackup", "Neo4jBackup": {"name":"test-backup-invalid-storage","namespace":"test-failure-1750934075033884000-1750934075035500000"}, "namespace": "test-failure-1750934075033884000-1750934075035500000", "name": "test-backup-invalid-storage", "reconcileID": "edcd9f87-bb51-41dc-89a4-733e7dc99181"}
  2025-06-26T12:34:35+02:00	ERROR	Reconciler error	{"controller": "neo4jbackup", "controllerGroup": "neo4j.neo4j.com", "controllerKind": "Neo4jBackup", "Neo4jBackup": {"name":"test-backup-invalid-storage","namespace":"test-failure-1750934075033884000-1750934075035500000"}, "namespace": "test-failure-1750934075033884000-1750934075035500000", "name": "test-backup-invalid-storage", "reconcileID": "edcd9f87-bb51-41dc-89a4-733e7dc99181", "error": "Neo4jEnterpriseCluster.neo4j.neo4j.com \"test-cluster\" not found"}
  sigs.k8s.io/controller-runtime/pkg/internal/controller.(*Controller[...]).reconcileHandler
  	/Users/priyolahiri/go/pkg/mod/sigs.k8s.io/controller-runtime@v0.21.0/pkg/internal/controller/controller.go:353
  sigs.k8s.io/controller-runtime/pkg/internal/controller.(*Controller[...]).processNextWorkItem
  	/Users/priyolahiri/go/pkg/mod/sigs.k8s.io/controller-runtime@v0.21.0/pkg/internal/controller/controller.go:300
  sigs.k8s.io/controller-runtime/pkg/internal/controller.(*Controller[...]).Start.func2.1
  	/Users/priyolahiri/go/pkg/mod/sigs.k8s.io/controller-runtime@v0.21.0/pkg/internal/controller/controller.go:202
  2025-06-26T12:34:35+02:00	ERROR	Failed to get target cluster	{"controller": "neo4jbackup", "controllerGroup": "neo4j.neo4j.com", "controllerKind": "Neo4jBackup", "Neo4jBackup": {"name":"test-backup-no-cluster","namespace":"test-failure-1750934075031883000-1750934075034004000"}, "namespace": "test-failure-1750934075031883000-1750934075034004000", "name": "test-backup-no-cluster", "reconcileID": "2521c305-28b4-45c7-98f0-84c5e6062018", "error": "Neo4jEnterpriseCluster.neo4j.neo4j.com \"non-existent-cluster\" not found"}
  github.com/neo4j-labs/neo4j-kubernetes-operator/internal/controller.(*Neo4jBackupReconciler).Reconcile
  	/Users/priyolahiri/Code/neo4j-kubernetes-operator/internal/controller/neo4jbackup_controller.go:106
  sigs.k8s.io/controller-runtime/pkg/internal/controller.(*Controller[...]).Reconcile
  	/Users/priyolahiri/go/pkg/mod/sigs.k8s.io/controller-runtime@v0.21.0/pkg/internal/controller/controller.go:119
  sigs.k8s.io/controller-runtime/pkg/internal/controller.(*Controller[...]).reconcileHandler
  	/Users/priyolahiri/go/pkg/mod/sigs.k8s.io/controller-runtime@v0.21.0/pkg/internal/controller/controller.go:340
  sigs.k8s.io/controller-runtime/pkg/internal/controller.(*Controller[...]).processNextWorkItem
  	/Users/priyolahiri/go/pkg/mod/sigs.k8s.io/controller-runtime@v0.21.0/pkg/internal/controller/controller.go:300
  sigs.k8s.io/controller-runtime/pkg/internal/controller.(*Controller[...]).Start.func2.1
  	/Users/priyolahiri/go/pkg/mod/sigs.k8s.io/controller-runtime@v0.21.0/pkg/internal/controller/controller.go:202
  2025-06-26T12:34:35+02:00	INFO	Warning: Reconciler returned both a non-zero result and a non-nil error. The result will always be ignored if the error is non-nil and the non-nil error causes requeuing with exponential backoff. For more details, see: https://pkg.go.dev/sigs.k8s.io/controller-runtime/pkg/reconcile#Reconciler	{"controller": "neo4jrestore", "controllerGroup": "neo4j.neo4j.com", "controllerKind": "Neo4jRestore", "Neo4jRestore": {"name":"test-restore-no-cluster","namespace":"test-failure-1750934075035366000-1750934075036586000"}, "namespace": "test-failure-1750934075035366000-1750934075036586000", "name": "test-restore-no-cluster", "reconcileID": "fe82f265-1ca2-406d-b8c5-4c03598a2001"}
  2025-06-26T12:34:35+02:00	ERROR	Reconciler error	{"controller": "neo4jrestore", "controllerGroup": "neo4j.neo4j.com", "controllerKind": "Neo4jRestore", "Neo4jRestore": {"name":"test-restore-no-cluster","namespace":"test-failure-1750934075035366000-1750934075036586000"}, "namespace": "test-failure-1750934075035366000-1750934075036586000", "name": "test-restore-no-cluster", "reconcileID": "fe82f265-1ca2-406d-b8c5-4c03598a2001", "error": "Neo4jEnterpriseCluster.neo4j.neo4j.com \"non-existent-cluster\" not found"}
  sigs.k8s.io/controller-runtime/pkg/internal/controller.(*Controller[...]).reconcileHandler
  	/Users/priyolahiri/go/pkg/mod/sigs.k8s.io/controller-runtime@v0.21.0/pkg/internal/controller/controller.go:353
  sigs.k8s.io/controller-runtime/pkg/internal/controller.(*Controller[...]).processNextWorkItem
  	/Users/priyolahiri/go/pkg/mod/sigs.k8s.io/controller-runtime@v0.21.0/pkg/internal/controller/controller.go:300
  sigs.k8s.io/controller-runtime/pkg/internal/controller.(*Controller[...]).Start.func2.1
  	/Users/priyolahiri/go/pkg/mod/sigs.k8s.io/controller-runtime@v0.21.0/pkg/internal/controller/controller.go:202
  2025-06-26T12:34:35+02:00	ERROR	Failed to get target cluster	{"controller": "neo4jrestore", "controllerGroup": "neo4j.neo4j.com", "controllerKind": "Neo4jRestore", "Neo4jRestore": {"name":"test-restore-no-backup","namespace":"test-failure-1750934075033706000-1750934075035488000"}, "namespace": "test-failure-1750934075033706000-1750934075035488000", "name": "test-restore-no-backup", "reconcileID": "a17dc667-2cd6-4cb0-aff2-f1fe6128cc05", "error": "Neo4jEnterpriseCluster.neo4j.neo4j.com \"test-cluster\" not found"}
  github.com/neo4j-labs/neo4j-kubernetes-operator/internal/controller.(*Neo4jRestoreReconciler).Reconcile
  	/Users/priyolahiri/Code/neo4j-kubernetes-operator/internal/controller/neo4jrestore_controller.go:118
  sigs.k8s.io/controller-runtime/pkg/internal/controller.(*Controller[...]).Reconcile
  	/Users/priyolahiri/go/pkg/mod/sigs.k8s.io/controller-runtime@v0.21.0/pkg/internal/controller/controller.go:119
  sigs.k8s.io/controller-runtime/pkg/internal/controller.(*Controller[...]).reconcileHandler
  	/Users/priyolahiri/go/pkg/mod/sigs.k8s.io/controller-runtime@v0.21.0/pkg/internal/controller/controller.go:340
  sigs.k8s.io/controller-runtime/pkg/internal/controller.(*Controller[...]).processNextWorkItem
  	/Users/priyolahiri/go/pkg/mod/sigs.k8s.io/controller-runtime@v0.21.0/pkg/internal/controller/controller.go:300
  sigs.k8s.io/controller-runtime/pkg/internal/controller.(*Controller[...]).Start.func2.1
  	/Users/priyolahiri/go/pkg/mod/sigs.k8s.io/controller-runtime@v0.21.0/pkg/internal/controller/controller.go:202
  2025-06-26T12:34:35+02:00	INFO	Warning: Reconciler returned both a non-zero result and a non-nil error. The result will always be ignored if the error is non-nil and the non-nil error causes requeuing with exponential backoff. For more details, see: https://pkg.go.dev/sigs.k8s.io/controller-runtime/pkg/reconcile#Reconciler	{"controller": "neo4jbackup", "controllerGroup": "neo4j.neo4j.com", "controllerKind": "Neo4jBackup", "Neo4jBackup": {"name":"test-backup-no-cluster","namespace":"test-failure-1750934075031883000-1750934075034004000"}, "namespace": "test-failure-1750934075031883000-1750934075034004000", "name": "test-backup-no-cluster", "reconcileID": "2521c305-28b4-45c7-98f0-84c5e6062018"}
  2025-06-26T12:34:35+02:00	ERROR	Reconciler error	{"controller": "neo4jbackup", "controllerGroup": "neo4j.neo4j.com", "controllerKind": "Neo4jBackup", "Neo4jBackup": {"name":"test-backup-no-cluster","namespace":"test-failure-1750934075031883000-1750934075034004000"}, "namespace": "test-failure-1750934075031883000-1750934075034004000", "name": "test-backup-no-cluster", "reconcileID": "2521c305-28b4-45c7-98f0-84c5e6062018", "error": "Neo4jEnterpriseCluster.neo4j.neo4j.com \"non-existent-cluster\" not found"}
  sigs.k8s.io/controller-runtime/pkg/internal/controller.(*Controller[...]).reconcileHandler
  	/Users/priyolahiri/go/pkg/mod/sigs.k8s.io/controller-runtime@v0.21.0/pkg/internal/controller/controller.go:353
  sigs.k8s.io/controller-runtime/pkg/internal/controller.(*Controller[...]).processNextWorkItem
  	/Users/priyolahiri/go/pkg/mod/sigs.k8s.io/controller-runtime@v0.21.0/pkg/internal/controller/controller.go:300
  sigs.k8s.io/controller-runtime/pkg/internal/controller.(*Controller[...]).Start.func2.1
  	/Users/priyolahiri/go/pkg/mod/sigs.k8s.io/controller-runtime@v0.21.0/pkg/internal/controller/controller.go:202
  2025-06-26T12:34:35+02:00	INFO	Warning: Reconciler returned both a non-zero result and a non-nil error. The result will always be ignored if the error is non-nil and the non-nil error causes requeuing with exponential backoff. For more details, see: https://pkg.go.dev/sigs.k8s.io/controller-runtime/pkg/reconcile#Reconciler	{"controller": "neo4jrestore", "controllerGroup": "neo4j.neo4j.com", "controllerKind": "Neo4jRestore", "Neo4jRestore": {"name":"test-restore-no-backup","namespace":"test-failure-1750934075033706000-1750934075035488000"}, "namespace": "test-failure-1750934075033706000-1750934075035488000", "name": "test-restore-no-backup", "reconcileID": "a17dc667-2cd6-4cb0-aff2-f1fe6128cc05"}
  2025-06-26T12:34:35+02:00	ERROR	Reconciler error	{"controller": "neo4jrestore", "controllerGroup": "neo4j.neo4j.com", "controllerKind": "Neo4jRestore", "Neo4jRestore": {"name":"test-restore-no-backup","namespace":"test-failure-1750934075033706000-1750934075035488000"}, "namespace": "test-failure-1750934075033706000-1750934075035488000", "name": "test-restore-no-backup", "reconcileID": "a17dc667-2cd6-4cb0-aff2-f1fe6128cc05", "error": "Neo4jEnterpriseCluster.neo4j.neo4j.com \"test-cluster\" not found"}
  sigs.k8s.io/controller-runtime/pkg/internal/controller.(*Controller[...]).reconcileHandler
  	/Users/priyolahiri/go/pkg/mod/sigs.k8s.io/controller-runtime@v0.21.0/pkg/internal/controller/controller.go:353
  sigs.k8s.io/controller-runtime/pkg/internal/controller.(*Controller[...]).processNextWorkItem
  	/Users/priyolahiri/go/pkg/mod/sigs.k8s.io/controller-runtime@v0.21.0/pkg/internal/controller/controller.go:300
  sigs.k8s.io/controller-runtime/pkg/internal/controller.(*Controller[...]).Start.func2.1
  	/Users/priyolahiri/go/pkg/mod/sigs.k8s.io/controller-runtime@v0.21.0/pkg/internal/controller/controller.go:202
  2025-06-26T12:34:35+02:00	ERROR	Failed to get target cluster	{"controller": "neo4jbackup", "controllerGroup": "neo4j.neo4j.com", "controllerKind": "Neo4jBackup", "Neo4jBackup": {"name":"test-backup-invalid-storage","namespace":"test-failure-1750934075033884000-1750934075035500000"}, "namespace": "test-failure-1750934075033884000-1750934075035500000", "name": "test-backup-invalid-storage", "reconcileID": "3a60fedf-a5b2-48de-9149-5f01f103c8eb", "error": "Neo4jEnterpriseCluster.neo4j.neo4j.com \"test-cluster\" not found"}
  github.com/neo4j-labs/neo4j-kubernetes-operator/internal/controller.(*Neo4jBackupReconciler).Reconcile
  	/Users/priyolahiri/Code/neo4j-kubernetes-operator/internal/controller/neo4jbackup_controller.go:106
  sigs.k8s.io/controller-runtime/pkg/internal/controller.(*Controller[...]).Reconcile
  	/Users/priyolahiri/go/pkg/mod/sigs.k8s.io/controller-runtime@v0.21.0/pkg/internal/controller/controller.go:119
  sigs.k8s.io/controller-runtime/pkg/internal/controller.(*Controller[...]).reconcileHandler
  	/Users/priyolahiri/go/pkg/mod/sigs.k8s.io/controller-runtime@v0.21.0/pkg/internal/controller/controller.go:340
  sigs.k8s.io/controller-runtime/pkg/internal/controller.(*Controller[...]).processNextWorkItem
  	/Users/priyolahiri/go/pkg/mod/sigs.k8s.io/controller-runtime@v0.21.0/pkg/internal/controller/controller.go:300
  sigs.k8s.io/controller-runtime/pkg/internal/controller.(*Controller[...]).Start.func2.1
  	/Users/priyolahiri/go/pkg/mod/sigs.k8s.io/controller-runtime@v0.21.0/pkg/internal/controller/controller.go:202
  2025-06-26T12:34:35+02:00	INFO	Warning: Reconciler returned both a non-zero result and a non-nil error. The result will always be ignored if the error is non-nil and the non-nil error causes requeuing with exponential backoff. For more details, see: https://pkg.go.dev/sigs.k8s.io/controller-runtime/pkg/reconcile#Reconciler	{"controller": "neo4jbackup", "controllerGroup": "neo4j.neo4j.com", "controllerKind": "Neo4jBackup", "Neo4jBackup": {"name":"test-backup-invalid-storage","namespace":"test-failure-1750934075033884000-1750934075035500000"}, "namespace": "test-failure-1750934075033884000-1750934075035500000", "name": "test-backup-invalid-storage", "reconcileID": "3a60fedf-a5b2-48de-9149-5f01f103c8eb"}
  2025-06-26T12:34:35+02:00	ERROR	Reconciler error	{"controller": "neo4jbackup", "controllerGroup": "neo4j.neo4j.com", "controllerKind": "Neo4jBackup", "Neo4jBackup": {"name":"test-backup-invalid-storage","namespace":"test-failure-1750934075033884000-1750934075035500000"}, "namespace": "test-failure-1750934075033884000-1750934075035500000", "name": "test-backup-invalid-storage", "reconcileID": "3a60fedf-a5b2-48de-9149-5f01f103c8eb", "error": "Neo4jEnterpriseCluster.neo4j.neo4j.com \"test-cluster\" not found"}
  sigs.k8s.io/controller-runtime/pkg/internal/controller.(*Controller[...]).reconcileHandler
  	/Users/priyolahiri/go/pkg/mod/sigs.k8s.io/controller-runtime@v0.21.0/pkg/internal/controller/controller.go:353
  sigs.k8s.io/controller-runtime/pkg/internal/controller.(*Controller[...]).processNextWorkItem
  	/Users/priyolahiri/go/pkg/mod/sigs.k8s.io/controller-runtime@v0.21.0/pkg/internal/controller/controller.go:300
  sigs.k8s.io/controller-runtime/pkg/internal/controller.(*Controller[...]).Start.func2.1
  	/Users/priyolahiri/go/pkg/mod/sigs.k8s.io/controller-runtime@v0.21.0/pkg/internal/controller/controller.go:202
  2025-06-26T12:34:35+02:00	ERROR	Failed to get target cluster	{"controller": "neo4jrestore", "controllerGroup": "neo4j.neo4j.com", "controllerKind": "Neo4jRestore", "Neo4jRestore": {"name":"test-restore-no-cluster","namespace":"test-failure-1750934075035366000-1750934075036586000"}, "namespace": "test-failure-1750934075035366000-1750934075036586000", "name": "test-restore-no-cluster", "reconcileID": "7d6067af-d121-4d3c-996a-86123d0123bb", "error": "Neo4jEnterpriseCluster.neo4j.neo4j.com \"non-existent-cluster\" not found"}
  github.com/neo4j-labs/neo4j-kubernetes-operator/internal/controller.(*Neo4jRestoreReconciler).Reconcile
  	/Users/priyolahiri/Code/neo4j-kubernetes-operator/internal/controller/neo4jrestore_controller.go:118
  sigs.k8s.io/controller-runtime/pkg/internal/controller.(*Controller[...]).Reconcile
  	/Users/priyolahiri/go/pkg/mod/sigs.k8s.io/controller-runtime@v0.21.0/pkg/internal/controller/controller.go:119
  sigs.k8s.io/controller-runtime/pkg/internal/controller.(*Controller[...]).reconcileHandler
  	/Users/priyolahiri/go/pkg/mod/sigs.k8s.io/controller-runtime@v0.21.0/pkg/internal/controller/controller.go:340
  sigs.k8s.io/controller-runtime/pkg/internal/controller.(*Controller[...]).processNextWorkItem
  	/Users/priyolahiri/go/pkg/mod/sigs.k8s.io/controller-runtime@v0.21.0/pkg/internal/controller/controller.go:300
  sigs.k8s.io/controller-runtime/pkg/internal/controller.(*Controller[...]).Start.func2.1
  	/Users/priyolahiri/go/pkg/mod/sigs.k8s.io/controller-runtime@v0.21.0/pkg/internal/controller/controller.go:202
  2025-06-26T12:34:35+02:00	ERROR	Failed to get target cluster	{"controller": "neo4jbackup", "controllerGroup": "neo4j.neo4j.com", "controllerKind": "Neo4jBackup", "Neo4jBackup": {"name":"test-backup-no-cluster","namespace":"test-failure-1750934075031883000-1750934075034004000"}, "namespace": "test-failure-1750934075031883000-1750934075034004000", "name": "test-backup-no-cluster", "reconcileID": "5e4b12ae-4bb1-4e84-af0b-62612d7e444c", "error": "Neo4jEnterpriseCluster.neo4j.neo4j.com \"non-existent-cluster\" not found"}
  github.com/neo4j-labs/neo4j-kubernetes-operator/internal/controller.(*Neo4jBackupReconciler).Reconcile
  	/Users/priyolahiri/Code/neo4j-kubernetes-operator/internal/controller/neo4jbackup_controller.go:106
  sigs.k8s.io/controller-runtime/pkg/internal/controller.(*Controller[...]).Reconcile
  	/Users/priyolahiri/go/pkg/mod/sigs.k8s.io/controller-runtime@v0.21.0/pkg/internal/controller/controller.go:119
  sigs.k8s.io/controller-runtime/pkg/internal/controller.(*Controller[...]).reconcileHandler
  	/Users/priyolahiri/go/pkg/mod/sigs.k8s.io/controller-runtime@v0.21.0/pkg/internal/controller/controller.go:340
  sigs.k8s.io/controller-runtime/pkg/internal/controller.(*Controller[...]).processNextWorkItem
  	/Users/priyolahiri/go/pkg/mod/sigs.k8s.io/controller-runtime@v0.21.0/pkg/internal/controller/controller.go:300
  sigs.k8s.io/controller-runtime/pkg/internal/controller.(*Controller[...]).Start.func2.1
  	/Users/priyolahiri/go/pkg/mod/sigs.k8s.io/controller-runtime@v0.21.0/pkg/internal/controller/controller.go:202
  2025-06-26T12:34:35+02:00	INFO	Warning: Reconciler returned both a non-zero result and a non-nil error. The result will always be ignored if the error is non-nil and the non-nil error causes requeuing with exponential backoff. For more details, see: https://pkg.go.dev/sigs.k8s.io/controller-runtime/pkg/reconcile#Reconciler	{"controller": "neo4jrestore", "controllerGroup": "neo4j.neo4j.com", "controllerKind": "Neo4jRestore", "Neo4jRestore": {"name":"test-restore-no-cluster","namespace":"test-failure-1750934075035366000-1750934075036586000"}, "namespace": "test-failure-1750934075035366000-1750934075036586000", "name": "test-restore-no-cluster", "reconcileID": "7d6067af-d121-4d3c-996a-86123d0123bb"}
  2025-06-26T12:34:35+02:00	ERROR	Reconciler error	{"controller": "neo4jrestore", "controllerGroup": "neo4j.neo4j.com", "controllerKind": "Neo4jRestore", "Neo4jRestore": {"name":"test-restore-no-cluster","namespace":"test-failure-1750934075035366000-1750934075036586000"}, "namespace": "test-failure-1750934075035366000-1750934075036586000", "name": "test-restore-no-cluster", "reconcileID": "7d6067af-d121-4d3c-996a-86123d0123bb", "error": "Neo4jEnterpriseCluster.neo4j.neo4j.com \"non-existent-cluster\" not found"}
  sigs.k8s.io/controller-runtime/pkg/internal/controller.(*Controller[...]).reconcileHandler
  	/Users/priyolahiri/go/pkg/mod/sigs.k8s.io/controller-runtime@v0.21.0/pkg/internal/controller/controller.go:353
  sigs.k8s.io/controller-runtime/pkg/internal/controller.(*Controller[...]).processNextWorkItem
  	/Users/priyolahiri/go/pkg/mod/sigs.k8s.io/controller-runtime@v0.21.0/pkg/internal/controller/controller.go:300
  sigs.k8s.io/controller-runtime/pkg/internal/controller.(*Controller[...]).Start.func2.1
  	/Users/priyolahiri/go/pkg/mod/sigs.k8s.io/controller-runtime@v0.21.0/pkg/internal/controller/controller.go:202
  2025-06-26T12:34:35+02:00	ERROR	Failed to get target cluster	{"controller": "neo4jrestore", "controllerGroup": "neo4j.neo4j.com", "controllerKind": "Neo4jRestore", "Neo4jRestore": {"name":"test-restore-no-backup","namespace":"test-failure-1750934075033706000-1750934075035488000"}, "namespace": "test-failure-1750934075033706000-1750934075035488000", "name": "test-restore-no-backup", "reconcileID": "f5406278-c3cb-41b7-bd5c-5ef1c6c41df1", "error": "Neo4jEnterpriseCluster.neo4j.neo4j.com \"test-cluster\" not found"}
  github.com/neo4j-labs/neo4j-kubernetes-operator/internal/controller.(*Neo4jRestoreReconciler).Reconcile
  	/Users/priyolahiri/Code/neo4j-kubernetes-operator/internal/controller/neo4jrestore_controller.go:118
  sigs.k8s.io/controller-runtime/pkg/internal/controller.(*Controller[...]).Reconcile
  	/Users/priyolahiri/go/pkg/mod/sigs.k8s.io/controller-runtime@v0.21.0/pkg/internal/controller/controller.go:119
  sigs.k8s.io/controller-runtime/pkg/internal/controller.(*Controller[...]).reconcileHandler
  	/Users/priyolahiri/go/pkg/mod/sigs.k8s.io/controller-runtime@v0.21.0/pkg/internal/controller/controller.go:340
  sigs.k8s.io/controller-runtime/pkg/internal/controller.(*Controller[...]).processNextWorkItem
  	/Users/priyolahiri/go/pkg/mod/sigs.k8s.io/controller-runtime@v0.21.0/pkg/internal/controller/controller.go:300
  sigs.k8s.io/controller-runtime/pkg/internal/controller.(*Controller[...]).Start.func2.1
  	/Users/priyolahiri/go/pkg/mod/sigs.k8s.io/controller-runtime@v0.21.0/pkg/internal/controller/controller.go:202
  2025-06-26T12:34:35+02:00	INFO	Warning: Reconciler returned both a non-zero result and a non-nil error. The result will always be ignored if the error is non-nil and the non-nil error causes requeuing with exponential backoff. For more details, see: https://pkg.go.dev/sigs.k8s.io/controller-runtime/pkg/reconcile#Reconciler	{"controller": "neo4jbackup", "controllerGroup": "neo4j.neo4j.com", "controllerKind": "Neo4jBackup", "Neo4jBackup": {"name":"test-backup-no-cluster","namespace":"test-failure-1750934075031883000-1750934075034004000"}, "namespace": "test-failure-1750934075031883000-1750934075034004000", "name": "test-backup-no-cluster", "reconcileID": "5e4b12ae-4bb1-4e84-af0b-62612d7e444c"}
  2025-06-26T12:34:35+02:00	ERROR	Reconciler error	{"controller": "neo4jbackup", "controllerGroup": "neo4j.neo4j.com", "controllerKind": "Neo4jBackup", "Neo4jBackup": {"name":"test-backup-no-cluster","namespace":"test-failure-1750934075031883000-1750934075034004000"}, "namespace": "test-failure-1750934075031883000-1750934075034004000", "name": "test-backup-no-cluster", "reconcileID": "5e4b12ae-4bb1-4e84-af0b-62612d7e444c", "error": "Neo4jEnterpriseCluster.neo4j.neo4j.com \"non-existent-cluster\" not found"}
  sigs.k8s.io/controller-runtime/pkg/internal/controller.(*Controller[...]).reconcileHandler
  	/Users/priyolahiri/go/pkg/mod/sigs.k8s.io/controller-runtime@v0.21.0/pkg/internal/controller/controller.go:353
  sigs.k8s.io/controller-runtime/pkg/internal/controller.(*Controller[...]).processNextWorkItem
  	/Users/priyolahiri/go/pkg/mod/sigs.k8s.io/controller-runtime@v0.21.0/pkg/internal/controller/controller.go:300
  sigs.k8s.io/controller-runtime/pkg/internal/controller.(*Controller[...]).Start.func2.1
  	/Users/priyolahiri/go/pkg/mod/sigs.k8s.io/controller-runtime@v0.21.0/pkg/internal/controller/controller.go:202
  2025-06-26T12:34:35+02:00	INFO	Warning: Reconciler returned both a non-zero result and a non-nil error. The result will always be ignored if the error is non-nil and the non-nil error causes requeuing with exponential backoff. For more details, see: https://pkg.go.dev/sigs.k8s.io/controller-runtime/pkg/reconcile#Reconciler	{"controller": "neo4jrestore", "controllerGroup": "neo4j.neo4j.com", "controllerKind": "Neo4jRestore", "Neo4jRestore": {"name":"test-restore-no-backup","namespace":"test-failure-1750934075033706000-1750934075035488000"}, "namespace": "test-failure-1750934075033706000-1750934075035488000", "name": "test-restore-no-backup", "reconcileID": "f5406278-c3cb-41b7-bd5c-5ef1c6c41df1"}
  2025-06-26T12:34:35+02:00	ERROR	Reconciler error	{"controller": "neo4jrestore", "controllerGroup": "neo4j.neo4j.com", "controllerKind": "Neo4jRestore", "Neo4jRestore": {"name":"test-restore-no-backup","namespace":"test-failure-1750934075033706000-1750934075035488000"}, "namespace": "test-failure-1750934075033706000-1750934075035488000", "name": "test-restore-no-backup", "reconcileID": "f5406278-c3cb-41b7-bd5c-5ef1c6c41df1", "error": "Neo4jEnterpriseCluster.neo4j.neo4j.com \"test-cluster\" not found"}
  sigs.k8s.io/controller-runtime/pkg/internal/controller.(*Controller[...]).reconcileHandler
  	/Users/priyolahiri/go/pkg/mod/sigs.k8s.io/controller-runtime@v0.21.0/pkg/internal/controller/controller.go:353
  sigs.k8s.io/controller-runtime/pkg/internal/controller.(*Controller[...]).processNextWorkItem
  	/Users/priyolahiri/go/pkg/mod/sigs.k8s.io/controller-runtime@v0.21.0/pkg/internal/controller/controller.go:300
  sigs.k8s.io/controller-runtime/pkg/internal/controller.(*Controller[...]).Start.func2.1
  	/Users/priyolahiri/go/pkg/mod/sigs.k8s.io/controller-runtime@v0.21.0/pkg/internal/controller/controller.go:202
  2025-06-26T12:34:35+02:00	ERROR	Failed to get target cluster	{"controller": "neo4jbackup", "controllerGroup": "neo4j.neo4j.com", "controllerKind": "Neo4jBackup", "Neo4jBackup": {"name":"test-backup-invalid-storage","namespace":"test-failure-1750934075033884000-1750934075035500000"}, "namespace": "test-failure-1750934075033884000-1750934075035500000", "name": "test-backup-invalid-storage", "reconcileID": "c9e201cb-94ad-4efe-8dd2-f4552bdaec55", "error": "Neo4jEnterpriseCluster.neo4j.neo4j.com \"test-cluster\" not found"}
  github.com/neo4j-labs/neo4j-kubernetes-operator/internal/controller.(*Neo4jBackupReconciler).Reconcile
  	/Users/priyolahiri/Code/neo4j-kubernetes-operator/internal/controller/neo4jbackup_controller.go:106
  sigs.k8s.io/controller-runtime/pkg/internal/controller.(*Controller[...]).Reconcile
  	/Users/priyolahiri/go/pkg/mod/sigs.k8s.io/controller-runtime@v0.21.0/pkg/internal/controller/controller.go:119
  sigs.k8s.io/controller-runtime/pkg/internal/controller.(*Controller[...]).reconcileHandler
  	/Users/priyolahiri/go/pkg/mod/sigs.k8s.io/controller-runtime@v0.21.0/pkg/internal/controller/controller.go:340
  sigs.k8s.io/controller-runtime/pkg/internal/controller.(*Controller[...]).processNextWorkItem
  	/Users/priyolahiri/go/pkg/mod/sigs.k8s.io/controller-runtime@v0.21.0/pkg/internal/controller/controller.go:300
  sigs.k8s.io/controller-runtime/pkg/internal/controller.(*Controller[...]).Start.func2.1
  	/Users/priyolahiri/go/pkg/mod/sigs.k8s.io/controller-runtime@v0.21.0/pkg/internal/controller/controller.go:202
  2025-06-26T12:34:35+02:00	ERROR	Failed to get target cluster	{"controller": "neo4jrestore", "controllerGroup": "neo4j.neo4j.com", "controllerKind": "Neo4jRestore", "Neo4jRestore": {"name":"test-restore-no-cluster","namespace":"test-failure-1750934075035366000-1750934075036586000"}, "namespace": "test-failure-1750934075035366000-1750934075036586000", "name": "test-restore-no-cluster", "reconcileID": "4ebe207f-3123-4ed3-ad69-b3f25cbdc3c3", "error": "Neo4jEnterpriseCluster.neo4j.neo4j.com \"non-existent-cluster\" not found"}
  github.com/neo4j-labs/neo4j-kubernetes-operator/internal/controller.(*Neo4jRestoreReconciler).Reconcile
  	/Users/priyolahiri/Code/neo4j-kubernetes-operator/internal/controller/neo4jrestore_controller.go:118
  sigs.k8s.io/controller-runtime/pkg/internal/controller.(*Controller[...]).Reconcile
  	/Users/priyolahiri/go/pkg/mod/sigs.k8s.io/controller-runtime@v0.21.0/pkg/internal/controller/controller.go:119
  sigs.k8s.io/controller-runtime/pkg/internal/controller.(*Controller[...]).reconcileHandler
  	/Users/priyolahiri/go/pkg/mod/sigs.k8s.io/controller-runtime@v0.21.0/pkg/internal/controller/controller.go:340
  sigs.k8s.io/controller-runtime/pkg/internal/controller.(*Controller[...]).processNextWorkItem
  	/Users/priyolahiri/go/pkg/mod/sigs.k8s.io/controller-runtime@v0.21.0/pkg/internal/controller/controller.go:300
  sigs.k8s.io/controller-runtime/pkg/internal/controller.(*Controller[...]).Start.func2.1
  	/Users/priyolahiri/go/pkg/mod/sigs.k8s.io/controller-runtime@v0.21.0/pkg/internal/controller/controller.go:202
  2025-06-26T12:34:35+02:00	INFO	Warning: Reconciler returned both a non-zero result and a non-nil error. The result will always be ignored if the error is non-nil and the non-nil error causes requeuing with exponential backoff. For more details, see: https://pkg.go.dev/sigs.k8s.io/controller-runtime/pkg/reconcile#Reconciler	{"controller": "neo4jbackup", "controllerGroup": "neo4j.neo4j.com", "controllerKind": "Neo4jBackup", "Neo4jBackup": {"name":"test-backup-invalid-storage","namespace":"test-failure-1750934075033884000-1750934075035500000"}, "namespace": "test-failure-1750934075033884000-1750934075035500000", "name": "test-backup-invalid-storage", "reconcileID": "c9e201cb-94ad-4efe-8dd2-f4552bdaec55"}
  2025-06-26T12:34:35+02:00	ERROR	Reconciler error	{"controller": "neo4jbackup", "controllerGroup": "neo4j.neo4j.com", "controllerKind": "Neo4jBackup", "Neo4jBackup": {"name":"test-backup-invalid-storage","namespace":"test-failure-1750934075033884000-1750934075035500000"}, "namespace": "test-failure-1750934075033884000-1750934075035500000", "name": "test-backup-invalid-storage", "reconcileID": "c9e201cb-94ad-4efe-8dd2-f4552bdaec55", "error": "Neo4jEnterpriseCluster.neo4j.neo4j.com \"test-cluster\" not found"}
  sigs.k8s.io/controller-runtime/pkg/internal/controller.(*Controller[...]).reconcileHandler
  	/Users/priyolahiri/go/pkg/mod/sigs.k8s.io/controller-runtime@v0.21.0/pkg/internal/controller/controller.go:353
  sigs.k8s.io/controller-runtime/pkg/internal/controller.(*Controller[...]).processNextWorkItem
  	/Users/priyolahiri/go/pkg/mod/sigs.k8s.io/controller-runtime@v0.21.0/pkg/internal/controller/controller.go:300
  sigs.k8s.io/controller-runtime/pkg/internal/controller.(*Controller[...]).Start.func2.1
  	/Users/priyolahiri/go/pkg/mod/sigs.k8s.io/controller-runtime@v0.21.0/pkg/internal/controller/controller.go:202
  2025-06-26T12:34:35+02:00	ERROR	Failed to get target cluster	{"controller": "neo4jbackup", "controllerGroup": "neo4j.neo4j.com", "controllerKind": "Neo4jBackup", "Neo4jBackup": {"name":"test-backup-no-cluster","namespace":"test-failure-1750934075031883000-1750934075034004000"}, "namespace": "test-failure-1750934075031883000-1750934075034004000", "name": "test-backup-no-cluster", "reconcileID": "ebd379be-6254-42f2-b701-3dc5cf945dca", "error": "Neo4jEnterpriseCluster.neo4j.neo4j.com \"non-existent-cluster\" not found"}
  github.com/neo4j-labs/neo4j-kubernetes-operator/internal/controller.(*Neo4jBackupReconciler).Reconcile
  	/Users/priyolahiri/Code/neo4j-kubernetes-operator/internal/controller/neo4jbackup_controller.go:106
  sigs.k8s.io/controller-runtime/pkg/internal/controller.(*Controller[...]).Reconcile
  	/Users/priyolahiri/go/pkg/mod/sigs.k8s.io/controller-runtime@v0.21.0/pkg/internal/controller/controller.go:119
  sigs.k8s.io/controller-runtime/pkg/internal/controller.(*Controller[...]).reconcileHandler
  	/Users/priyolahiri/go/pkg/mod/sigs.k8s.io/controller-runtime@v0.21.0/pkg/internal/controller/controller.go:340
  sigs.k8s.io/controller-runtime/pkg/internal/controller.(*Controller[...]).processNextWorkItem
  	/Users/priyolahiri/go/pkg/mod/sigs.k8s.io/controller-runtime@v0.21.0/pkg/internal/controller/controller.go:300
  sigs.k8s.io/controller-runtime/pkg/internal/controller.(*Controller[...]).Start.func2.1
  	/Users/priyolahiri/go/pkg/mod/sigs.k8s.io/controller-runtime@v0.21.0/pkg/internal/controller/controller.go:202
  2025-06-26T12:34:35+02:00	INFO	Warning: Reconciler returned both a non-zero result and a non-nil error. The result will always be ignored if the error is non-nil and the non-nil error causes requeuing with exponential backoff. For more details, see: https://pkg.go.dev/sigs.k8s.io/controller-runtime/pkg/reconcile#Reconciler	{"controller": "neo4jrestore", "controllerGroup": "neo4j.neo4j.com", "controllerKind": "Neo4jRestore", "Neo4jRestore": {"name":"test-restore-no-cluster","namespace":"test-failure-1750934075035366000-1750934075036586000"}, "namespace": "test-failure-1750934075035366000-1750934075036586000", "name": "test-restore-no-cluster", "reconcileID": "4ebe207f-3123-4ed3-ad69-b3f25cbdc3c3"}
  2025-06-26T12:34:35+02:00	ERROR	Reconciler error	{"controller": "neo4jrestore", "controllerGroup": "neo4j.neo4j.com", "controllerKind": "Neo4jRestore", "Neo4jRestore": {"name":"test-restore-no-cluster","namespace":"test-failure-1750934075035366000-1750934075036586000"}, "namespace": "test-failure-1750934075035366000-1750934075036586000", "name": "test-restore-no-cluster", "reconcileID": "4ebe207f-3123-4ed3-ad69-b3f25cbdc3c3", "error": "Neo4jEnterpriseCluster.neo4j.neo4j.com \"non-existent-cluster\" not found"}
  sigs.k8s.io/controller-runtime/pkg/internal/controller.(*Controller[...]).reconcileHandler
  	/Users/priyolahiri/go/pkg/mod/sigs.k8s.io/controller-runtime@v0.21.0/pkg/internal/controller/controller.go:353
  sigs.k8s.io/controller-runtime/pkg/internal/controller.(*Controller[...]).processNextWorkItem
  	/Users/priyolahiri/go/pkg/mod/sigs.k8s.io/controller-runtime@v0.21.0/pkg/internal/controller/controller.go:300
  sigs.k8s.io/controller-runtime/pkg/internal/controller.(*Controller[...]).Start.func2.1
  	/Users/priyolahiri/go/pkg/mod/sigs.k8s.io/controller-runtime@v0.21.0/pkg/internal/controller/controller.go:202
  2025-06-26T12:34:35+02:00	ERROR	Failed to get target cluster	{"controller": "neo4jrestore", "controllerGroup": "neo4j.neo4j.com", "controllerKind": "Neo4jRestore", "Neo4jRestore": {"name":"test-restore-no-backup","namespace":"test-failure-1750934075033706000-1750934075035488000"}, "namespace": "test-failure-1750934075033706000-1750934075035488000", "name": "test-restore-no-backup", "reconcileID": "49b7ab74-6dad-48b9-b35a-30e726a51377", "error": "Neo4jEnterpriseCluster.neo4j.neo4j.com \"test-cluster\" not found"}
  github.com/neo4j-labs/neo4j-kubernetes-operator/internal/controller.(*Neo4jRestoreReconciler).Reconcile
  	/Users/priyolahiri/Code/neo4j-kubernetes-operator/internal/controller/neo4jrestore_controller.go:118
  sigs.k8s.io/controller-runtime/pkg/internal/controller.(*Controller[...]).Reconcile
  	/Users/priyolahiri/go/pkg/mod/sigs.k8s.io/controller-runtime@v0.21.0/pkg/internal/controller/controller.go:119
  sigs.k8s.io/controller-runtime/pkg/internal/controller.(*Controller[...]).reconcileHandler
  	/Users/priyolahiri/go/pkg/mod/sigs.k8s.io/controller-runtime@v0.21.0/pkg/internal/controller/controller.go:340
  sigs.k8s.io/controller-runtime/pkg/internal/controller.(*Controller[...]).processNextWorkItem
  	/Users/priyolahiri/go/pkg/mod/sigs.k8s.io/controller-runtime@v0.21.0/pkg/internal/controller/controller.go:300
  sigs.k8s.io/controller-runtime/pkg/internal/controller.(*Controller[...]).Start.func2.1
  	/Users/priyolahiri/go/pkg/mod/sigs.k8s.io/controller-runtime@v0.21.0/pkg/internal/controller/controller.go:202
  2025-06-26T12:34:35+02:00	INFO	Warning: Reconciler returned both a non-zero result and a non-nil error. The result will always be ignored if the error is non-nil and the non-nil error causes requeuing with exponential backoff. For more details, see: https://pkg.go.dev/sigs.k8s.io/controller-runtime/pkg/reconcile#Reconciler	{"controller": "neo4jbackup", "controllerGroup": "neo4j.neo4j.com", "controllerKind": "Neo4jBackup", "Neo4jBackup": {"name":"test-backup-no-cluster","namespace":"test-failure-1750934075031883000-1750934075034004000"}, "namespace": "test-failure-1750934075031883000-1750934075034004000", "name": "test-backup-no-cluster", "reconcileID": "ebd379be-6254-42f2-b701-3dc5cf945dca"}
  2025-06-26T12:34:35+02:00	ERROR	Reconciler error	{"controller": "neo4jbackup", "controllerGroup": "neo4j.neo4j.com", "controllerKind": "Neo4jBackup", "Neo4jBackup": {"name":"test-backup-no-cluster","namespace":"test-failure-1750934075031883000-1750934075034004000"}, "namespace": "test-failure-1750934075031883000-1750934075034004000", "name": "test-backup-no-cluster", "reconcileID": "ebd379be-6254-42f2-b701-3dc5cf945dca", "error": "Neo4jEnterpriseCluster.neo4j.neo4j.com \"non-existent-cluster\" not found"}
  sigs.k8s.io/controller-runtime/pkg/internal/controller.(*Controller[...]).reconcileHandler
  	/Users/priyolahiri/go/pkg/mod/sigs.k8s.io/controller-runtime@v0.21.0/pkg/internal/controller/controller.go:353
  sigs.k8s.io/controller-runtime/pkg/internal/controller.(*Controller[...]).processNextWorkItem
  	/Users/priyolahiri/go/pkg/mod/sigs.k8s.io/controller-runtime@v0.21.0/pkg/internal/controller/controller.go:300
  sigs.k8s.io/controller-runtime/pkg/internal/controller.(*Controller[...]).Start.func2.1
  	/Users/priyolahiri/go/pkg/mod/sigs.k8s.io/controller-runtime@v0.21.0/pkg/internal/controller/controller.go:202
  2025-06-26T12:34:35+02:00	INFO	Warning: Reconciler returned both a non-zero result and a non-nil error. The result will always be ignored if the error is non-nil and the non-nil error causes requeuing with exponential backoff. For more details, see: https://pkg.go.dev/sigs.k8s.io/controller-runtime/pkg/reconcile#Reconciler	{"controller": "neo4jrestore", "controllerGroup": "neo4j.neo4j.com", "controllerKind": "Neo4jRestore", "Neo4jRestore": {"name":"test-restore-no-backup","namespace":"test-failure-1750934075033706000-1750934075035488000"}, "namespace": "test-failure-1750934075033706000-1750934075035488000", "name": "test-restore-no-backup", "reconcileID": "49b7ab74-6dad-48b9-b35a-30e726a51377"}
  2025-06-26T12:34:35+02:00	ERROR	Reconciler error	{"controller": "neo4jrestore", "controllerGroup": "neo4j.neo4j.com", "controllerKind": "Neo4jRestore", "Neo4jRestore": {"name":"test-restore-no-backup","namespace":"test-failure-1750934075033706000-1750934075035488000"}, "namespace": "test-failure-1750934075033706000-1750934075035488000", "name": "test-restore-no-backup", "reconcileID": "49b7ab74-6dad-48b9-b35a-30e726a51377", "error": "Neo4jEnterpriseCluster.neo4j.neo4j.com \"test-cluster\" not found"}
  sigs.k8s.io/controller-runtime/pkg/internal/controller.(*Controller[...]).reconcileHandler
  	/Users/priyolahiri/go/pkg/mod/sigs.k8s.io/controller-runtime@v0.21.0/pkg/internal/controller/controller.go:353
  sigs.k8s.io/controller-runtime/pkg/internal/controller.(*Controller[...]).processNextWorkItem
  	/Users/priyolahiri/go/pkg/mod/sigs.k8s.io/controller-runtime@v0.21.0/pkg/internal/controller/controller.go:300
  sigs.k8s.io/controller-runtime/pkg/internal/controller.(*Controller[...]).Start.func2.1
  	/Users/priyolahiri/go/pkg/mod/sigs.k8s.io/controller-runtime@v0.21.0/pkg/internal/controller/controller.go:202
  2025-06-26T12:34:35+02:00	ERROR	Failed to get target cluster	{"controller": "neo4jbackup", "controllerGroup": "neo4j.neo4j.com", "controllerKind": "Neo4jBackup", "Neo4jBackup": {"name":"test-backup-invalid-storage","namespace":"test-failure-1750934075033884000-1750934075035500000"}, "namespace": "test-failure-1750934075033884000-1750934075035500000", "name": "test-backup-invalid-storage", "reconcileID": "90bf960d-7e9c-46dc-9cfa-99af541b0a0c", "error": "Neo4jEnterpriseCluster.neo4j.neo4j.com \"test-cluster\" not found"}
  github.com/neo4j-labs/neo4j-kubernetes-operator/internal/controller.(*Neo4jBackupReconciler).Reconcile
  	/Users/priyolahiri/Code/neo4j-kubernetes-operator/internal/controller/neo4jbackup_controller.go:106
  sigs.k8s.io/controller-runtime/pkg/internal/controller.(*Controller[...]).Reconcile
  	/Users/priyolahiri/go/pkg/mod/sigs.k8s.io/controller-runtime@v0.21.0/pkg/internal/controller/controller.go:119
  sigs.k8s.io/controller-runtime/pkg/internal/controller.(*Controller[...]).reconcileHandler
  	/Users/priyolahiri/go/pkg/mod/sigs.k8s.io/controller-runtime@v0.21.0/pkg/internal/controller/controller.go:340
  sigs.k8s.io/controller-runtime/pkg/internal/controller.(*Controller[...]).processNextWorkItem
  	/Users/priyolahiri/go/pkg/mod/sigs.k8s.io/controller-runtime@v0.21.0/pkg/internal/controller/controller.go:300
  sigs.k8s.io/controller-runtime/pkg/internal/controller.(*Controller[...]).Start.func2.1
  	/Users/priyolahiri/go/pkg/mod/sigs.k8s.io/controller-runtime@v0.21.0/pkg/internal/controller/controller.go:202
  2025-06-26T12:34:35+02:00	INFO	Warning: Reconciler returned both a non-zero result and a non-nil error. The result will always be ignored if the error is non-nil and the non-nil error causes requeuing with exponential backoff. For more details, see: https://pkg.go.dev/sigs.k8s.io/controller-runtime/pkg/reconcile#Reconciler	{"controller": "neo4jbackup", "controllerGroup": "neo4j.neo4j.com", "controllerKind": "Neo4jBackup", "Neo4jBackup": {"name":"test-backup-invalid-storage","namespace":"test-failure-1750934075033884000-1750934075035500000"}, "namespace": "test-failure-1750934075033884000-1750934075035500000", "name": "test-backup-invalid-storage", "reconcileID": "90bf960d-7e9c-46dc-9cfa-99af541b0a0c"}
  2025-06-26T12:34:35+02:00	ERROR	Reconciler error	{"controller": "neo4jbackup", "controllerGroup": "neo4j.neo4j.com", "controllerKind": "Neo4jBackup", "Neo4jBackup": {"name":"test-backup-invalid-storage","namespace":"test-failure-1750934075033884000-1750934075035500000"}, "namespace": "test-failure-1750934075033884000-1750934075035500000", "name": "test-backup-invalid-storage", "reconcileID": "90bf960d-7e9c-46dc-9cfa-99af541b0a0c", "error": "Neo4jEnterpriseCluster.neo4j.neo4j.com \"test-cluster\" not found"}
  sigs.k8s.io/controller-runtime/pkg/internal/controller.(*Controller[...]).reconcileHandler
  	/Users/priyolahiri/go/pkg/mod/sigs.k8s.io/controller-runtime@v0.21.0/pkg/internal/controller/controller.go:353
  sigs.k8s.io/controller-runtime/pkg/internal/controller.(*Controller[...]).processNextWorkItem
  	/Users/priyolahiri/go/pkg/mod/sigs.k8s.io/controller-runtime@v0.21.0/pkg/internal/controller/controller.go:300
  sigs.k8s.io/controller-runtime/pkg/internal/controller.(*Controller[...]).Start.func2.1
  	/Users/priyolahiri/go/pkg/mod/sigs.k8s.io/controller-runtime@v0.21.0/pkg/internal/controller/controller.go:202
  2025-06-26T12:34:35+02:00	ERROR	Failed to get target cluster	{"controller": "neo4jrestore", "controllerGroup": "neo4j.neo4j.com", "controllerKind": "Neo4jRestore", "Neo4jRestore": {"name":"test-restore-no-cluster","namespace":"test-failure-1750934075035366000-1750934075036586000"}, "namespace": "test-failure-1750934075035366000-1750934075036586000", "name": "test-restore-no-cluster", "reconcileID": "7b5b70de-96e6-446a-9348-1695e24aa176", "error": "Neo4jEnterpriseCluster.neo4j.neo4j.com \"non-existent-cluster\" not found"}
  github.com/neo4j-labs/neo4j-kubernetes-operator/internal/controller.(*Neo4jRestoreReconciler).Reconcile
  	/Users/priyolahiri/Code/neo4j-kubernetes-operator/internal/controller/neo4jrestore_controller.go:118
  sigs.k8s.io/controller-runtime/pkg/internal/controller.(*Controller[...]).Reconcile
  	/Users/priyolahiri/go/pkg/mod/sigs.k8s.io/controller-runtime@v0.21.0/pkg/internal/controller/controller.go:119
  sigs.k8s.io/controller-runtime/pkg/internal/controller.(*Controller[...]).reconcileHandler
  	/Users/priyolahiri/go/pkg/mod/sigs.k8s.io/controller-runtime@v0.21.0/pkg/internal/controller/controller.go:340
  sigs.k8s.io/controller-runtime/pkg/internal/controller.(*Controller[...]).processNextWorkItem
  	/Users/priyolahiri/go/pkg/mod/sigs.k8s.io/controller-runtime@v0.21.0/pkg/internal/controller/controller.go:300
  sigs.k8s.io/controller-runtime/pkg/internal/controller.(*Controller[...]).Start.func2.1
  	/Users/priyolahiri/go/pkg/mod/sigs.k8s.io/controller-runtime@v0.21.0/pkg/internal/controller/controller.go:202
  2025-06-26T12:34:35+02:00	ERROR	Failed to get target cluster	{"controller": "neo4jbackup", "controllerGroup": "neo4j.neo4j.com", "controllerKind": "Neo4jBackup", "Neo4jBackup": {"name":"test-backup-no-cluster","namespace":"test-failure-1750934075031883000-1750934075034004000"}, "namespace": "test-failure-1750934075031883000-1750934075034004000", "name": "test-backup-no-cluster", "reconcileID": "11049a35-4813-4899-ab1b-221d8b853408", "error": "Neo4jEnterpriseCluster.neo4j.neo4j.com \"non-existent-cluster\" not found"}
  github.com/neo4j-labs/neo4j-kubernetes-operator/internal/controller.(*Neo4jBackupReconciler).Reconcile
  	/Users/priyolahiri/Code/neo4j-kubernetes-operator/internal/controller/neo4jbackup_controller.go:106
  sigs.k8s.io/controller-runtime/pkg/internal/controller.(*Controller[...]).Reconcile
  	/Users/priyolahiri/go/pkg/mod/sigs.k8s.io/controller-runtime@v0.21.0/pkg/internal/controller/controller.go:119
  sigs.k8s.io/controller-runtime/pkg/internal/controller.(*Controller[...]).reconcileHandler
  	/Users/priyolahiri/go/pkg/mod/sigs.k8s.io/controller-runtime@v0.21.0/pkg/internal/controller/controller.go:340
  sigs.k8s.io/controller-runtime/pkg/internal/controller.(*Controller[...]).processNextWorkItem
  	/Users/priyolahiri/go/pkg/mod/sigs.k8s.io/controller-runtime@v0.21.0/pkg/internal/controller/controller.go:300
  sigs.k8s.io/controller-runtime/pkg/internal/controller.(*Controller[...]).Start.func2.1
  	/Users/priyolahiri/go/pkg/mod/sigs.k8s.io/controller-runtime@v0.21.0/pkg/internal/controller/controller.go:202
  2025-06-26T12:34:35+02:00	INFO	Warning: Reconciler returned both a non-zero result and a non-nil error. The result will always be ignored if the error is non-nil and the non-nil error causes requeuing with exponential backoff. For more details, see: https://pkg.go.dev/sigs.k8s.io/controller-runtime/pkg/reconcile#Reconciler	{"controller": "neo4jrestore", "controllerGroup": "neo4j.neo4j.com", "controllerKind": "Neo4jRestore", "Neo4jRestore": {"name":"test-restore-no-cluster","namespace":"test-failure-1750934075035366000-1750934075036586000"}, "namespace": "test-failure-1750934075035366000-1750934075036586000", "name": "test-restore-no-cluster", "reconcileID": "7b5b70de-96e6-446a-9348-1695e24aa176"}
  2025-06-26T12:34:35+02:00	ERROR	Reconciler error	{"controller": "neo4jrestore", "controllerGroup": "neo4j.neo4j.com", "controllerKind": "Neo4jRestore", "Neo4jRestore": {"name":"test-restore-no-cluster","namespace":"test-failure-1750934075035366000-1750934075036586000"}, "namespace": "test-failure-1750934075035366000-1750934075036586000", "name": "test-restore-no-cluster", "reconcileID": "7b5b70de-96e6-446a-9348-1695e24aa176", "error": "Neo4jEnterpriseCluster.neo4j.neo4j.com \"non-existent-cluster\" not found"}
  sigs.k8s.io/controller-runtime/pkg/internal/controller.(*Controller[...]).reconcileHandler
  	/Users/priyolahiri/go/pkg/mod/sigs.k8s.io/controller-runtime@v0.21.0/pkg/internal/controller/controller.go:353
  sigs.k8s.io/controller-runtime/pkg/internal/controller.(*Controller[...]).processNextWorkItem
  	/Users/priyolahiri/go/pkg/mod/sigs.k8s.io/controller-runtime@v0.21.0/pkg/internal/controller/controller.go:300
  sigs.k8s.io/controller-runtime/pkg/internal/controller.(*Controller[...]).Start.func2.1
  	/Users/priyolahiri/go/pkg/mod/sigs.k8s.io/controller-runtime@v0.21.0/pkg/internal/controller/controller.go:202
  2025-06-26T12:34:35+02:00	INFO	Warning: Reconciler returned both a non-zero result and a non-nil error. The result will always be ignored if the error is non-nil and the non-nil error causes requeuing with exponential backoff. For more details, see: https://pkg.go.dev/sigs.k8s.io/controller-runtime/pkg/reconcile#Reconciler	{"controller": "neo4jbackup", "controllerGroup": "neo4j.neo4j.com", "controllerKind": "Neo4jBackup", "Neo4jBackup": {"name":"test-backup-no-cluster","namespace":"test-failure-1750934075031883000-1750934075034004000"}, "namespace": "test-failure-1750934075031883000-1750934075034004000", "name": "test-backup-no-cluster", "reconcileID": "11049a35-4813-4899-ab1b-221d8b853408"}
  2025-06-26T12:34:35+02:00	ERROR	Reconciler error	{"controller": "neo4jbackup", "controllerGroup": "neo4j.neo4j.com", "controllerKind": "Neo4jBackup", "Neo4jBackup": {"name":"test-backup-no-cluster","namespace":"test-failure-1750934075031883000-1750934075034004000"}, "namespace": "test-failure-1750934075031883000-1750934075034004000", "name": "test-backup-no-cluster", "reconcileID": "11049a35-4813-4899-ab1b-221d8b853408", "error": "Neo4jEnterpriseCluster.neo4j.neo4j.com \"non-existent-cluster\" not found"}
  sigs.k8s.io/controller-runtime/pkg/internal/controller.(*Controller[...]).reconcileHandler
  	/Users/priyolahiri/go/pkg/mod/sigs.k8s.io/controller-runtime@v0.21.0/pkg/internal/controller/controller.go:353
  sigs.k8s.io/controller-runtime/pkg/internal/controller.(*Controller[...]).processNextWorkItem
  	/Users/priyolahiri/go/pkg/mod/sigs.k8s.io/controller-runtime@v0.21.0/pkg/internal/controller/controller.go:300
  sigs.k8s.io/controller-runtime/pkg/internal/controller.(*Controller[...]).Start.func2.1
  	/Users/priyolahiri/go/pkg/mod/sigs.k8s.io/controller-runtime@v0.21.0/pkg/internal/controller/controller.go:202
  2025-06-26T12:34:35+02:00	ERROR	Failed to get target cluster	{"controller": "neo4jrestore", "controllerGroup": "neo4j.neo4j.com", "controllerKind": "Neo4jRestore", "Neo4jRestore": {"name":"test-restore-no-backup","namespace":"test-failure-1750934075033706000-1750934075035488000"}, "namespace": "test-failure-1750934075033706000-1750934075035488000", "name": "test-restore-no-backup", "reconcileID": "44246d6c-6ce9-4d6e-931a-d208a1d9daa0", "error": "Neo4jEnterpriseCluster.neo4j.neo4j.com \"test-cluster\" not found"}
  github.com/neo4j-labs/neo4j-kubernetes-operator/internal/controller.(*Neo4jRestoreReconciler).Reconcile
  	/Users/priyolahiri/Code/neo4j-kubernetes-operator/internal/controller/neo4jrestore_controller.go:118
  sigs.k8s.io/controller-runtime/pkg/internal/controller.(*Controller[...]).Reconcile
  	/Users/priyolahiri/go/pkg/mod/sigs.k8s.io/controller-runtime@v0.21.0/pkg/internal/controller/controller.go:119
  sigs.k8s.io/controller-runtime/pkg/internal/controller.(*Controller[...]).reconcileHandler
  	/Users/priyolahiri/go/pkg/mod/sigs.k8s.io/controller-runtime@v0.21.0/pkg/internal/controller/controller.go:340
  sigs.k8s.io/controller-runtime/pkg/internal/controller.(*Controller[...]).processNextWorkItem
  	/Users/priyolahiri/go/pkg/mod/sigs.k8s.io/controller-runtime@v0.21.0/pkg/internal/controller/controller.go:300
  sigs.k8s.io/controller-runtime/pkg/internal/controller.(*Controller[...]).Start.func2.1
  	/Users/priyolahiri/go/pkg/mod/sigs.k8s.io/controller-runtime@v0.21.0/pkg/internal/controller/controller.go:202
  2025-06-26T12:34:35+02:00	INFO	Warning: Reconciler returned both a non-zero result and a non-nil error. The result will always be ignored if the error is non-nil and the non-nil error causes requeuing with exponential backoff. For more details, see: https://pkg.go.dev/sigs.k8s.io/controller-runtime/pkg/reconcile#Reconciler	{"controller": "neo4jrestore", "controllerGroup": "neo4j.neo4j.com", "controllerKind": "Neo4jRestore", "Neo4jRestore": {"name":"test-restore-no-backup","namespace":"test-failure-1750934075033706000-1750934075035488000"}, "namespace": "test-failure-1750934075033706000-1750934075035488000", "name": "test-restore-no-backup", "reconcileID": "44246d6c-6ce9-4d6e-931a-d208a1d9daa0"}
  2025-06-26T12:34:35+02:00	ERROR	Reconciler error	{"controller": "neo4jrestore", "controllerGroup": "neo4j.neo4j.com", "controllerKind": "Neo4jRestore", "Neo4jRestore": {"name":"test-restore-no-backup","namespace":"test-failure-1750934075033706000-1750934075035488000"}, "namespace": "test-failure-1750934075033706000-1750934075035488000", "name": "test-restore-no-backup", "reconcileID": "44246d6c-6ce9-4d6e-931a-d208a1d9daa0", "error": "Neo4jEnterpriseCluster.neo4j.neo4j.com \"test-cluster\" not found"}
  sigs.k8s.io/controller-runtime/pkg/internal/controller.(*Controller[...]).reconcileHandler
  	/Users/priyolahiri/go/pkg/mod/sigs.k8s.io/controller-runtime@v0.21.0/pkg/internal/controller/controller.go:353
  sigs.k8s.io/controller-runtime/pkg/internal/controller.(*Controller[...]).processNextWorkItem
  	/Users/priyolahiri/go/pkg/mod/sigs.k8s.io/controller-runtime@v0.21.0/pkg/internal/controller/controller.go:300
  sigs.k8s.io/controller-runtime/pkg/internal/controller.(*Controller[...]).Start.func2.1
  	/Users/priyolahiri/go/pkg/mod/sigs.k8s.io/controller-runtime@v0.21.0/pkg/internal/controller/controller.go:202
  2025-06-26T12:34:35+02:00	ERROR	Failed to get target cluster	{"controller": "neo4jbackup", "controllerGroup": "neo4j.neo4j.com", "controllerKind": "Neo4jBackup", "Neo4jBackup": {"name":"test-backup-invalid-storage","namespace":"test-failure-1750934075033884000-1750934075035500000"}, "namespace": "test-failure-1750934075033884000-1750934075035500000", "name": "test-backup-invalid-storage", "reconcileID": "1d6e0ff0-c15a-4e0e-bb7a-39f78a80a40b", "error": "Neo4jEnterpriseCluster.neo4j.neo4j.com \"test-cluster\" not found"}
  github.com/neo4j-labs/neo4j-kubernetes-operator/internal/controller.(*Neo4jBackupReconciler).Reconcile
  	/Users/priyolahiri/Code/neo4j-kubernetes-operator/internal/controller/neo4jbackup_controller.go:106
  sigs.k8s.io/controller-runtime/pkg/internal/controller.(*Controller[...]).Reconcile
  	/Users/priyolahiri/go/pkg/mod/sigs.k8s.io/controller-runtime@v0.21.0/pkg/internal/controller/controller.go:119
  sigs.k8s.io/controller-runtime/pkg/internal/controller.(*Controller[...]).reconcileHandler
  	/Users/priyolahiri/go/pkg/mod/sigs.k8s.io/controller-runtime@v0.21.0/pkg/internal/controller/controller.go:340
  sigs.k8s.io/controller-runtime/pkg/internal/controller.(*Controller[...]).processNextWorkItem
  	/Users/priyolahiri/go/pkg/mod/sigs.k8s.io/controller-runtime@v0.21.0/pkg/internal/controller/controller.go:300
  sigs.k8s.io/controller-runtime/pkg/internal/controller.(*Controller[...]).Start.func2.1
  	/Users/priyolahiri/go/pkg/mod/sigs.k8s.io/controller-runtime@v0.21.0/pkg/internal/controller/controller.go:202
  2025-06-26T12:34:35+02:00	INFO	Warning: Reconciler returned both a non-zero result and a non-nil error. The result will always be ignored if the error is non-nil and the non-nil error causes requeuing with exponential backoff. For more details, see: https://pkg.go.dev/sigs.k8s.io/controller-runtime/pkg/reconcile#Reconciler	{"controller": "neo4jbackup", "controllerGroup": "neo4j.neo4j.com", "controllerKind": "Neo4jBackup", "Neo4jBackup": {"name":"test-backup-invalid-storage","namespace":"test-failure-1750934075033884000-1750934075035500000"}, "namespace": "test-failure-1750934075033884000-1750934075035500000", "name": "test-backup-invalid-storage", "reconcileID": "1d6e0ff0-c15a-4e0e-bb7a-39f78a80a40b"}
  2025-06-26T12:34:35+02:00	ERROR	Reconciler error	{"controller": "neo4jbackup", "controllerGroup": "neo4j.neo4j.com", "controllerKind": "Neo4jBackup", "Neo4jBackup": {"name":"test-backup-invalid-storage","namespace":"test-failure-1750934075033884000-1750934075035500000"}, "namespace": "test-failure-1750934075033884000-1750934075035500000", "name": "test-backup-invalid-storage", "reconcileID": "1d6e0ff0-c15a-4e0e-bb7a-39f78a80a40b", "error": "Neo4jEnterpriseCluster.neo4j.neo4j.com \"test-cluster\" not found"}
  sigs.k8s.io/controller-runtime/pkg/internal/controller.(*Controller[...]).reconcileHandler
  	/Users/priyolahiri/go/pkg/mod/sigs.k8s.io/controller-runtime@v0.21.0/pkg/internal/controller/controller.go:353
  sigs.k8s.io/controller-runtime/pkg/internal/controller.(*Controller[...]).processNextWorkItem
  	/Users/priyolahiri/go/pkg/mod/sigs.k8s.io/controller-runtime@v0.21.0/pkg/internal/controller/controller.go:300
  sigs.k8s.io/controller-runtime/pkg/internal/controller.(*Controller[...]).Start.func2.1
  	/Users/priyolahiri/go/pkg/mod/sigs.k8s.io/controller-runtime@v0.21.0/pkg/internal/controller/controller.go:202
  2025-06-26T12:34:35+02:00	ERROR	Failed to get target cluster	{"controller": "neo4jrestore", "controllerGroup": "neo4j.neo4j.com", "controllerKind": "Neo4jRestore", "Neo4jRestore": {"name":"test-restore-no-cluster","namespace":"test-failure-1750934075035366000-1750934075036586000"}, "namespace": "test-failure-1750934075035366000-1750934075036586000", "name": "test-restore-no-cluster", "reconcileID": "2b167589-5758-4ddb-8238-1c450224aa33", "error": "Neo4jEnterpriseCluster.neo4j.neo4j.com \"non-existent-cluster\" not found"}
  github.com/neo4j-labs/neo4j-kubernetes-operator/internal/controller.(*Neo4jRestoreReconciler).Reconcile
  	/Users/priyolahiri/Code/neo4j-kubernetes-operator/internal/controller/neo4jrestore_controller.go:118
  sigs.k8s.io/controller-runtime/pkg/internal/controller.(*Controller[...]).Reconcile
  	/Users/priyolahiri/go/pkg/mod/sigs.k8s.io/controller-runtime@v0.21.0/pkg/internal/controller/controller.go:119
  sigs.k8s.io/controller-runtime/pkg/internal/controller.(*Controller[...]).reconcileHandler
  	/Users/priyolahiri/go/pkg/mod/sigs.k8s.io/controller-runtime@v0.21.0/pkg/internal/controller/controller.go:340
  sigs.k8s.io/controller-runtime/pkg/internal/controller.(*Controller[...]).processNextWorkItem
  	/Users/priyolahiri/go/pkg/mod/sigs.k8s.io/controller-runtime@v0.21.0/pkg/internal/controller/controller.go:300
  sigs.k8s.io/controller-runtime/pkg/internal/controller.(*Controller[...]).Start.func2.1
  	/Users/priyolahiri/go/pkg/mod/sigs.k8s.io/controller-runtime@v0.21.0/pkg/internal/controller/controller.go:202
  2025-06-26T12:34:35+02:00	ERROR	Failed to get target cluster	{"controller": "neo4jbackup", "controllerGroup": "neo4j.neo4j.com", "controllerKind": "Neo4jBackup", "Neo4jBackup": {"name":"test-backup-no-cluster","namespace":"test-failure-1750934075031883000-1750934075034004000"}, "namespace": "test-failure-1750934075031883000-1750934075034004000", "name": "test-backup-no-cluster", "reconcileID": "5f277e4a-eba2-46fc-9bb8-13712cc2ace3", "error": "Neo4jEnterpriseCluster.neo4j.neo4j.com \"non-existent-cluster\" not found"}
  github.com/neo4j-labs/neo4j-kubernetes-operator/internal/controller.(*Neo4jBackupReconciler).Reconcile
  	/Users/priyolahiri/Code/neo4j-kubernetes-operator/internal/controller/neo4jbackup_controller.go:106
  sigs.k8s.io/controller-runtime/pkg/internal/controller.(*Controller[...]).Reconcile
  	/Users/priyolahiri/go/pkg/mod/sigs.k8s.io/controller-runtime@v0.21.0/pkg/internal/controller/controller.go:119
  sigs.k8s.io/controller-runtime/pkg/internal/controller.(*Controller[...]).reconcileHandler
  	/Users/priyolahiri/go/pkg/mod/sigs.k8s.io/controller-runtime@v0.21.0/pkg/internal/controller/controller.go:340
  sigs.k8s.io/controller-runtime/pkg/internal/controller.(*Controller[...]).processNextWorkItem
  	/Users/priyolahiri/go/pkg/mod/sigs.k8s.io/controller-runtime@v0.21.0/pkg/internal/controller/controller.go:300
  sigs.k8s.io/controller-runtime/pkg/internal/controller.(*Controller[...]).Start.func2.1
  	/Users/priyolahiri/go/pkg/mod/sigs.k8s.io/controller-runtime@v0.21.0/pkg/internal/controller/controller.go:202
  2025-06-26T12:34:35+02:00	INFO	Warning: Reconciler returned both a non-zero result and a non-nil error. The result will always be ignored if the error is non-nil and the non-nil error causes requeuing with exponential backoff. For more details, see: https://pkg.go.dev/sigs.k8s.io/controller-runtime/pkg/reconcile#Reconciler	{"controller": "neo4jrestore", "controllerGroup": "neo4j.neo4j.com", "controllerKind": "Neo4jRestore", "Neo4jRestore": {"name":"test-restore-no-cluster","namespace":"test-failure-1750934075035366000-1750934075036586000"}, "namespace": "test-failure-1750934075035366000-1750934075036586000", "name": "test-restore-no-cluster", "reconcileID": "2b167589-5758-4ddb-8238-1c450224aa33"}
  2025-06-26T12:34:35+02:00	ERROR	Reconciler error	{"controller": "neo4jrestore", "controllerGroup": "neo4j.neo4j.com", "controllerKind": "Neo4jRestore", "Neo4jRestore": {"name":"test-restore-no-cluster","namespace":"test-failure-1750934075035366000-1750934075036586000"}, "namespace": "test-failure-1750934075035366000-1750934075036586000", "name": "test-restore-no-cluster", "reconcileID": "2b167589-5758-4ddb-8238-1c450224aa33", "error": "Neo4jEnterpriseCluster.neo4j.neo4j.com \"non-existent-cluster\" not found"}
  sigs.k8s.io/controller-runtime/pkg/internal/controller.(*Controller[...]).reconcileHandler
  	/Users/priyolahiri/go/pkg/mod/sigs.k8s.io/controller-runtime@v0.21.0/pkg/internal/controller/controller.go:353
  sigs.k8s.io/controller-runtime/pkg/internal/controller.(*Controller[...]).processNextWorkItem
  	/Users/priyolahiri/go/pkg/mod/sigs.k8s.io/controller-runtime@v0.21.0/pkg/internal/controller/controller.go:300
  sigs.k8s.io/controller-runtime/pkg/internal/controller.(*Controller[...]).Start.func2.1
  	/Users/priyolahiri/go/pkg/mod/sigs.k8s.io/controller-runtime@v0.21.0/pkg/internal/controller/controller.go:202
  2025-06-26T12:34:35+02:00	INFO	Warning: Reconciler returned both a non-zero result and a non-nil error. The result will always be ignored if the error is non-nil and the non-nil error causes requeuing with exponential backoff. For more details, see: https://pkg.go.dev/sigs.k8s.io/controller-runtime/pkg/reconcile#Reconciler	{"controller": "neo4jbackup", "controllerGroup": "neo4j.neo4j.com", "controllerKind": "Neo4jBackup", "Neo4jBackup": {"name":"test-backup-no-cluster","namespace":"test-failure-1750934075031883000-1750934075034004000"}, "namespace": "test-failure-1750934075031883000-1750934075034004000", "name": "test-backup-no-cluster", "reconcileID": "5f277e4a-eba2-46fc-9bb8-13712cc2ace3"}
  2025-06-26T12:34:35+02:00	ERROR	Reconciler error	{"controller": "neo4jbackup", "controllerGroup": "neo4j.neo4j.com", "controllerKind": "Neo4jBackup", "Neo4jBackup": {"name":"test-backup-no-cluster","namespace":"test-failure-1750934075031883000-1750934075034004000"}, "namespace": "test-failure-1750934075031883000-1750934075034004000", "name": "test-backup-no-cluster", "reconcileID": "5f277e4a-eba2-46fc-9bb8-13712cc2ace3", "error": "Neo4jEnterpriseCluster.neo4j.neo4j.com \"non-existent-cluster\" not found"}
  sigs.k8s.io/controller-runtime/pkg/internal/controller.(*Controller[...]).reconcileHandler
  	/Users/priyolahiri/go/pkg/mod/sigs.k8s.io/controller-runtime@v0.21.0/pkg/internal/controller/controller.go:353
  sigs.k8s.io/controller-runtime/pkg/internal/controller.(*Controller[...]).processNextWorkItem
  	/Users/priyolahiri/go/pkg/mod/sigs.k8s.io/controller-runtime@v0.21.0/pkg/internal/controller/controller.go:300
  sigs.k8s.io/controller-runtime/pkg/internal/controller.(*Controller[...]).Start.func2.1
  	/Users/priyolahiri/go/pkg/mod/sigs.k8s.io/controller-runtime@v0.21.0/pkg/internal/controller/controller.go:202
  2025-06-26T12:34:35+02:00	ERROR	Failed to get target cluster	{"controller": "neo4jrestore", "controllerGroup": "neo4j.neo4j.com", "controllerKind": "Neo4jRestore", "Neo4jRestore": {"name":"test-restore-no-backup","namespace":"test-failure-1750934075033706000-1750934075035488000"}, "namespace": "test-failure-1750934075033706000-1750934075035488000", "name": "test-restore-no-backup", "reconcileID": "f63ef89c-6073-4900-a712-ef90153070f8", "error": "Neo4jEnterpriseCluster.neo4j.neo4j.com \"test-cluster\" not found"}
  github.com/neo4j-labs/neo4j-kubernetes-operator/internal/controller.(*Neo4jRestoreReconciler).Reconcile
  	/Users/priyolahiri/Code/neo4j-kubernetes-operator/internal/controller/neo4jrestore_controller.go:118
  sigs.k8s.io/controller-runtime/pkg/internal/controller.(*Controller[...]).Reconcile
  	/Users/priyolahiri/go/pkg/mod/sigs.k8s.io/controller-runtime@v0.21.0/pkg/internal/controller/controller.go:119
  sigs.k8s.io/controller-runtime/pkg/internal/controller.(*Controller[...]).reconcileHandler
  	/Users/priyolahiri/go/pkg/mod/sigs.k8s.io/controller-runtime@v0.21.0/pkg/internal/controller/controller.go:340
  sigs.k8s.io/controller-runtime/pkg/internal/controller.(*Controller[...]).processNextWorkItem
  	/Users/priyolahiri/go/pkg/mod/sigs.k8s.io/controller-runtime@v0.21.0/pkg/internal/controller/controller.go:300
  sigs.k8s.io/controller-runtime/pkg/internal/controller.(*Controller[...]).Start.func2.1
  	/Users/priyolahiri/go/pkg/mod/sigs.k8s.io/controller-runtime@v0.21.0/pkg/internal/controller/controller.go:202
  2025-06-26T12:34:35+02:00	INFO	Warning: Reconciler returned both a non-zero result and a non-nil error. The result will always be ignored if the error is non-nil and the non-nil error causes requeuing with exponential backoff. For more details, see: https://pkg.go.dev/sigs.k8s.io/controller-runtime/pkg/reconcile#Reconciler	{"controller": "neo4jrestore", "controllerGroup": "neo4j.neo4j.com", "controllerKind": "Neo4jRestore", "Neo4jRestore": {"name":"test-restore-no-backup","namespace":"test-failure-1750934075033706000-1750934075035488000"}, "namespace": "test-failure-1750934075033706000-1750934075035488000", "name": "test-restore-no-backup", "reconcileID": "f63ef89c-6073-4900-a712-ef90153070f8"}
  2025-06-26T12:34:35+02:00	ERROR	Reconciler error	{"controller": "neo4jrestore", "controllerGroup": "neo4j.neo4j.com", "controllerKind": "Neo4jRestore", "Neo4jRestore": {"name":"test-restore-no-backup","namespace":"test-failure-1750934075033706000-1750934075035488000"}, "namespace": "test-failure-1750934075033706000-1750934075035488000", "name": "test-restore-no-backup", "reconcileID": "f63ef89c-6073-4900-a712-ef90153070f8", "error": "Neo4jEnterpriseCluster.neo4j.neo4j.com \"test-cluster\" not found"}
  sigs.k8s.io/controller-runtime/pkg/internal/controller.(*Controller[...]).reconcileHandler
  	/Users/priyolahiri/go/pkg/mod/sigs.k8s.io/controller-runtime@v0.21.0/pkg/internal/controller/controller.go:353
  sigs.k8s.io/controller-runtime/pkg/internal/controller.(*Controller[...]).processNextWorkItem
  	/Users/priyolahiri/go/pkg/mod/sigs.k8s.io/controller-runtime@v0.21.0/pkg/internal/controller/controller.go:300
  sigs.k8s.io/controller-runtime/pkg/internal/controller.(*Controller[...]).Start.func2.1
  	/Users/priyolahiri/go/pkg/mod/sigs.k8s.io/controller-runtime@v0.21.0/pkg/internal/controller/controller.go:202
  2025-06-26T12:34:35+02:00	ERROR	Failed to get target cluster	{"controller": "neo4jbackup", "controllerGroup": "neo4j.neo4j.com", "controllerKind": "Neo4jBackup", "Neo4jBackup": {"name":"test-backup-invalid-storage","namespace":"test-failure-1750934075033884000-1750934075035500000"}, "namespace": "test-failure-1750934075033884000-1750934075035500000", "name": "test-backup-invalid-storage", "reconcileID": "033e9b3d-21d7-4d64-b91c-e8ec4ca786ac", "error": "Neo4jEnterpriseCluster.neo4j.neo4j.com \"test-cluster\" not found"}
  github.com/neo4j-labs/neo4j-kubernetes-operator/internal/controller.(*Neo4jBackupReconciler).Reconcile
  	/Users/priyolahiri/Code/neo4j-kubernetes-operator/internal/controller/neo4jbackup_controller.go:106
  sigs.k8s.io/controller-runtime/pkg/internal/controller.(*Controller[...]).Reconcile
  	/Users/priyolahiri/go/pkg/mod/sigs.k8s.io/controller-runtime@v0.21.0/pkg/internal/controller/controller.go:119
  sigs.k8s.io/controller-runtime/pkg/internal/controller.(*Controller[...]).reconcileHandler
  	/Users/priyolahiri/go/pkg/mod/sigs.k8s.io/controller-runtime@v0.21.0/pkg/internal/controller/controller.go:340
  sigs.k8s.io/controller-runtime/pkg/internal/controller.(*Controller[...]).processNextWorkItem
  	/Users/priyolahiri/go/pkg/mod/sigs.k8s.io/controller-runtime@v0.21.0/pkg/internal/controller/controller.go:300
  sigs.k8s.io/controller-runtime/pkg/internal/controller.(*Controller[...]).Start.func2.1
  	/Users/priyolahiri/go/pkg/mod/sigs.k8s.io/controller-runtime@v0.21.0/pkg/internal/controller/controller.go:202
  2025-06-26T12:34:35+02:00	ERROR	Failed to get target cluster	{"controller": "neo4jrestore", "controllerGroup": "neo4j.neo4j.com", "controllerKind": "Neo4jRestore", "Neo4jRestore": {"name":"test-restore-no-cluster","namespace":"test-failure-1750934075035366000-1750934075036586000"}, "namespace": "test-failure-1750934075035366000-1750934075036586000", "name": "test-restore-no-cluster", "reconcileID": "b30e8ee4-4fdb-4e3f-a5fe-90d692e0fe95", "error": "Neo4jEnterpriseCluster.neo4j.neo4j.com \"non-existent-cluster\" not found"}
  github.com/neo4j-labs/neo4j-kubernetes-operator/internal/controller.(*Neo4jRestoreReconciler).Reconcile
  	/Users/priyolahiri/Code/neo4j-kubernetes-operator/internal/controller/neo4jrestore_controller.go:118
  sigs.k8s.io/controller-runtime/pkg/internal/controller.(*Controller[...]).Reconcile
  	/Users/priyolahiri/go/pkg/mod/sigs.k8s.io/controller-runtime@v0.21.0/pkg/internal/controller/controller.go:119
  sigs.k8s.io/controller-runtime/pkg/internal/controller.(*Controller[...]).reconcileHandler
  	/Users/priyolahiri/go/pkg/mod/sigs.k8s.io/controller-runtime@v0.21.0/pkg/internal/controller/controller.go:340
  sigs.k8s.io/controller-runtime/pkg/internal/controller.(*Controller[...]).processNextWorkItem
  	/Users/priyolahiri/go/pkg/mod/sigs.k8s.io/controller-runtime@v0.21.0/pkg/internal/controller/controller.go:300
  sigs.k8s.io/controller-runtime/pkg/internal/controller.(*Controller[...]).Start.func2.1
  	/Users/priyolahiri/go/pkg/mod/sigs.k8s.io/controller-runtime@v0.21.0/pkg/internal/controller/controller.go:202
  2025-06-26T12:34:35+02:00	INFO	Warning: Reconciler returned both a non-zero result and a non-nil error. The result will always be ignored if the error is non-nil and the non-nil error causes requeuing with exponential backoff. For more details, see: https://pkg.go.dev/sigs.k8s.io/controller-runtime/pkg/reconcile#Reconciler	{"controller": "neo4jbackup", "controllerGroup": "neo4j.neo4j.com", "controllerKind": "Neo4jBackup", "Neo4jBackup": {"name":"test-backup-invalid-storage","namespace":"test-failure-1750934075033884000-1750934075035500000"}, "namespace": "test-failure-1750934075033884000-1750934075035500000", "name": "test-backup-invalid-storage", "reconcileID": "033e9b3d-21d7-4d64-b91c-e8ec4ca786ac"}
  2025-06-26T12:34:35+02:00	ERROR	Reconciler error	{"controller": "neo4jbackup", "controllerGroup": "neo4j.neo4j.com", "controllerKind": "Neo4jBackup", "Neo4jBackup": {"name":"test-backup-invalid-storage","namespace":"test-failure-1750934075033884000-1750934075035500000"}, "namespace": "test-failure-1750934075033884000-1750934075035500000", "name": "test-backup-invalid-storage", "reconcileID": "033e9b3d-21d7-4d64-b91c-e8ec4ca786ac", "error": "Neo4jEnterpriseCluster.neo4j.neo4j.com \"test-cluster\" not found"}
  sigs.k8s.io/controller-runtime/pkg/internal/controller.(*Controller[...]).reconcileHandler
  	/Users/priyolahiri/go/pkg/mod/sigs.k8s.io/controller-runtime@v0.21.0/pkg/internal/controller/controller.go:353
  sigs.k8s.io/controller-runtime/pkg/internal/controller.(*Controller[...]).processNextWorkItem
  	/Users/priyolahiri/go/pkg/mod/sigs.k8s.io/controller-runtime@v0.21.0/pkg/internal/controller/controller.go:300
  sigs.k8s.io/controller-runtime/pkg/internal/controller.(*Controller[...]).Start.func2.1
  	/Users/priyolahiri/go/pkg/mod/sigs.k8s.io/controller-runtime@v0.21.0/pkg/internal/controller/controller.go:202
  2025-06-26T12:34:35+02:00	ERROR	Failed to get target cluster	{"controller": "neo4jbackup", "controllerGroup": "neo4j.neo4j.com", "controllerKind": "Neo4jBackup", "Neo4jBackup": {"name":"test-backup-no-cluster","namespace":"test-failure-1750934075031883000-1750934075034004000"}, "namespace": "test-failure-1750934075031883000-1750934075034004000", "name": "test-backup-no-cluster", "reconcileID": "a19b8baa-a8fd-4c4e-9a42-2cfd80ec5ecc", "error": "Neo4jEnterpriseCluster.neo4j.neo4j.com \"non-existent-cluster\" not found"}
  github.com/neo4j-labs/neo4j-kubernetes-operator/internal/controller.(*Neo4jBackupReconciler).Reconcile
  	/Users/priyolahiri/Code/neo4j-kubernetes-operator/internal/controller/neo4jbackup_controller.go:106
  sigs.k8s.io/controller-runtime/pkg/internal/controller.(*Controller[...]).Reconcile
  	/Users/priyolahiri/go/pkg/mod/sigs.k8s.io/controller-runtime@v0.21.0/pkg/internal/controller/controller.go:119
  sigs.k8s.io/controller-runtime/pkg/internal/controller.(*Controller[...]).reconcileHandler
  	/Users/priyolahiri/go/pkg/mod/sigs.k8s.io/controller-runtime@v0.21.0/pkg/internal/controller/controller.go:340
  sigs.k8s.io/controller-runtime/pkg/internal/controller.(*Controller[...]).processNextWorkItem
  	/Users/priyolahiri/go/pkg/mod/sigs.k8s.io/controller-runtime@v0.21.0/pkg/internal/controller/controller.go:300
  sigs.k8s.io/controller-runtime/pkg/internal/controller.(*Controller[...]).Start.func2.1
  	/Users/priyolahiri/go/pkg/mod/sigs.k8s.io/controller-runtime@v0.21.0/pkg/internal/controller/controller.go:202
  2025-06-26T12:34:35+02:00	INFO	Warning: Reconciler returned both a non-zero result and a non-nil error. The result will always be ignored if the error is non-nil and the non-nil error causes requeuing with exponential backoff. For more details, see: https://pkg.go.dev/sigs.k8s.io/controller-runtime/pkg/reconcile#Reconciler	{"controller": "neo4jrestore", "controllerGroup": "neo4j.neo4j.com", "controllerKind": "Neo4jRestore", "Neo4jRestore": {"name":"test-restore-no-cluster","namespace":"test-failure-1750934075035366000-1750934075036586000"}, "namespace": "test-failure-1750934075035366000-1750934075036586000", "name": "test-restore-no-cluster", "reconcileID": "b30e8ee4-4fdb-4e3f-a5fe-90d692e0fe95"}
  2025-06-26T12:34:35+02:00	ERROR	Reconciler error	{"controller": "neo4jrestore", "controllerGroup": "neo4j.neo4j.com", "controllerKind": "Neo4jRestore", "Neo4jRestore": {"name":"test-restore-no-cluster","namespace":"test-failure-1750934075035366000-1750934075036586000"}, "namespace": "test-failure-1750934075035366000-1750934075036586000", "name": "test-restore-no-cluster", "reconcileID": "b30e8ee4-4fdb-4e3f-a5fe-90d692e0fe95", "error": "Neo4jEnterpriseCluster.neo4j.neo4j.com \"non-existent-cluster\" not found"}
  sigs.k8s.io/controller-runtime/pkg/internal/controller.(*Controller[...]).reconcileHandler
  	/Users/priyolahiri/go/pkg/mod/sigs.k8s.io/controller-runtime@v0.21.0/pkg/internal/controller/controller.go:353
  sigs.k8s.io/controller-runtime/pkg/internal/controller.(*Controller[...]).processNextWorkItem
  	/Users/priyolahiri/go/pkg/mod/sigs.k8s.io/controller-runtime@v0.21.0/pkg/internal/controller/controller.go:300
  sigs.k8s.io/controller-runtime/pkg/internal/controller.(*Controller[...]).Start.func2.1
  	/Users/priyolahiri/go/pkg/mod/sigs.k8s.io/controller-runtime@v0.21.0/pkg/internal/controller/controller.go:202
  2025-06-26T12:34:35+02:00	INFO	Warning: Reconciler returned both a non-zero result and a non-nil error. The result will always be ignored if the error is non-nil and the non-nil error causes requeuing with exponential backoff. For more details, see: https://pkg.go.dev/sigs.k8s.io/controller-runtime/pkg/reconcile#Reconciler	{"controller": "neo4jbackup", "controllerGroup": "neo4j.neo4j.com", "controllerKind": "Neo4jBackup", "Neo4jBackup": {"name":"test-backup-no-cluster","namespace":"test-failure-1750934075031883000-1750934075034004000"}, "namespace": "test-failure-1750934075031883000-1750934075034004000", "name": "test-backup-no-cluster", "reconcileID": "a19b8baa-a8fd-4c4e-9a42-2cfd80ec5ecc"}
  2025-06-26T12:34:35+02:00	ERROR	Reconciler error	{"controller": "neo4jbackup", "controllerGroup": "neo4j.neo4j.com", "controllerKind": "Neo4jBackup", "Neo4jBackup": {"name":"test-backup-no-cluster","namespace":"test-failure-1750934075031883000-1750934075034004000"}, "namespace": "test-failure-1750934075031883000-1750934075034004000", "name": "test-backup-no-cluster", "reconcileID": "a19b8baa-a8fd-4c4e-9a42-2cfd80ec5ecc", "error": "Neo4jEnterpriseCluster.neo4j.neo4j.com \"non-existent-cluster\" not found"}
  sigs.k8s.io/controller-runtime/pkg/internal/controller.(*Controller[...]).reconcileHandler
  	/Users/priyolahiri/go/pkg/mod/sigs.k8s.io/controller-runtime@v0.21.0/pkg/internal/controller/controller.go:353
  sigs.k8s.io/controller-runtime/pkg/internal/controller.(*Controller[...]).processNextWorkItem
  	/Users/priyolahiri/go/pkg/mod/sigs.k8s.io/controller-runtime@v0.21.0/pkg/internal/controller/controller.go:300
  sigs.k8s.io/controller-runtime/pkg/internal/controller.(*Controller[...]).Start.func2.1
  	/Users/priyolahiri/go/pkg/mod/sigs.k8s.io/controller-runtime@v0.21.0/pkg/internal/controller/controller.go:202
  2025-06-26T12:34:35+02:00	ERROR	Failed to get target cluster	{"controller": "neo4jrestore", "controllerGroup": "neo4j.neo4j.com", "controllerKind": "Neo4jRestore", "Neo4jRestore": {"name":"test-restore-no-backup","namespace":"test-failure-1750934075033706000-1750934075035488000"}, "namespace": "test-failure-1750934075033706000-1750934075035488000", "name": "test-restore-no-backup", "reconcileID": "111d94f0-81bd-4797-b991-f1a59b01e754", "error": "Neo4jEnterpriseCluster.neo4j.neo4j.com \"test-cluster\" not found"}
  github.com/neo4j-labs/neo4j-kubernetes-operator/internal/controller.(*Neo4jRestoreReconciler).Reconcile
  	/Users/priyolahiri/Code/neo4j-kubernetes-operator/internal/controller/neo4jrestore_controller.go:118
  sigs.k8s.io/controller-runtime/pkg/internal/controller.(*Controller[...]).Reconcile
  	/Users/priyolahiri/go/pkg/mod/sigs.k8s.io/controller-runtime@v0.21.0/pkg/internal/controller/controller.go:119
  sigs.k8s.io/controller-runtime/pkg/internal/controller.(*Controller[...]).reconcileHandler
  	/Users/priyolahiri/go/pkg/mod/sigs.k8s.io/controller-runtime@v0.21.0/pkg/internal/controller/controller.go:340
  sigs.k8s.io/controller-runtime/pkg/internal/controller.(*Controller[...]).processNextWorkItem
  	/Users/priyolahiri/go/pkg/mod/sigs.k8s.io/controller-runtime@v0.21.0/pkg/internal/controller/controller.go:300
  sigs.k8s.io/controller-runtime/pkg/internal/controller.(*Controller[...]).Start.func2.1
  	/Users/priyolahiri/go/pkg/mod/sigs.k8s.io/controller-runtime@v0.21.0/pkg/internal/controller/controller.go:202
  2025-06-26T12:34:35+02:00	INFO	Warning: Reconciler returned both a non-zero result and a non-nil error. The result will always be ignored if the error is non-nil and the non-nil error causes requeuing with exponential backoff. For more details, see: https://pkg.go.dev/sigs.k8s.io/controller-runtime/pkg/reconcile#Reconciler	{"controller": "neo4jrestore", "controllerGroup": "neo4j.neo4j.com", "controllerKind": "Neo4jRestore", "Neo4jRestore": {"name":"test-restore-no-backup","namespace":"test-failure-1750934075033706000-1750934075035488000"}, "namespace": "test-failure-1750934075033706000-1750934075035488000", "name": "test-restore-no-backup", "reconcileID": "111d94f0-81bd-4797-b991-f1a59b01e754"}
  2025-06-26T12:34:35+02:00	ERROR	Reconciler error	{"controller": "neo4jrestore", "controllerGroup": "neo4j.neo4j.com", "controllerKind": "Neo4jRestore", "Neo4jRestore": {"name":"test-restore-no-backup","namespace":"test-failure-1750934075033706000-1750934075035488000"}, "namespace": "test-failure-1750934075033706000-1750934075035488000", "name": "test-restore-no-backup", "reconcileID": "111d94f0-81bd-4797-b991-f1a59b01e754", "error": "Neo4jEnterpriseCluster.neo4j.neo4j.com \"test-cluster\" not found"}
  sigs.k8s.io/controller-runtime/pkg/internal/controller.(*Controller[...]).reconcileHandler
  	/Users/priyolahiri/go/pkg/mod/sigs.k8s.io/controller-runtime@v0.21.0/pkg/internal/controller/controller.go:353
  sigs.k8s.io/controller-runtime/pkg/internal/controller.(*Controller[...]).processNextWorkItem
  	/Users/priyolahiri/go/pkg/mod/sigs.k8s.io/controller-runtime@v0.21.0/pkg/internal/controller/controller.go:300
  sigs.k8s.io/controller-runtime/pkg/internal/controller.(*Controller[...]).Start.func2.1
  	/Users/priyolahiri/go/pkg/mod/sigs.k8s.io/controller-runtime@v0.21.0/pkg/internal/controller/controller.go:202
  [38;5;214m[INTERRUPTED][0m in [It] - /Users/priyolahiri/Code/neo4j-kubernetes-operator/test/integration/failure_scenarios_test.go:334 [38;5;243m@ 06/26/25 12:34:35.829[0m
  2025-06-26T12:34:35+02:00	ERROR	Failed to get target cluster	{"controller": "neo4jbackup", "controllerGroup": "neo4j.neo4j.com", "controllerKind": "Neo4jBackup", "Neo4jBackup": {"name":"test-backup-invalid-storage","namespace":"test-failure-1750934075033884000-1750934075035500000"}, "namespace": "test-failure-1750934075033884000-1750934075035500000", "name": "test-backup-invalid-storage", "reconcileID": "3b7938d6-6d9a-4811-9ee4-9539633d1bc5", "error": "Neo4jEnterpriseCluster.neo4j.neo4j.com \"test-cluster\" not found"}
  github.com/neo4j-labs/neo4j-kubernetes-operator/internal/controller.(*Neo4jBackupReconciler).Reconcile
  	/Users/priyolahiri/Code/neo4j-kubernetes-operator/internal/controller/neo4jbackup_controller.go:106
  sigs.k8s.io/controller-runtime/pkg/internal/controller.(*Controller[...]).Reconcile
  	/Users/priyolahiri/go/pkg/mod/sigs.k8s.io/controller-runtime@v0.21.0/pkg/internal/controller/controller.go:119
  sigs.k8s.io/controller-runtime/pkg/internal/controller.(*Controller[...]).reconcileHandler
  	/Users/priyolahiri/go/pkg/mod/sigs.k8s.io/controller-runtime@v0.21.0/pkg/internal/controller/controller.go:340
  sigs.k8s.io/controller-runtime/pkg/internal/controller.(*Controller[...]).processNextWorkItem
  	/Users/priyolahiri/go/pkg/mod/sigs.k8s.io/controller-runtime@v0.21.0/pkg/internal/controller/controller.go:300
  sigs.k8s.io/controller-runtime/pkg/internal/controller.(*Controller[...]).Start.func2.1
  	/Users/priyolahiri/go/pkg/mod/sigs.k8s.io/controller-runtime@v0.21.0/pkg/internal/controller/controller.go:202
  2025-06-26T12:34:35+02:00	ERROR	Failed to get target cluster	{"controller": "neo4jrestore", "controllerGroup": "neo4j.neo4j.com", "controllerKind": "Neo4jRestore", "Neo4jRestore": {"name":"test-restore-no-cluster","namespace":"test-failure-1750934075035366000-1750934075036586000"}, "namespace": "test-failure-1750934075035366000-1750934075036586000", "name": "test-restore-no-cluster", "reconcileID": "14f5ab0b-1ae4-40b7-8f95-1763ecf6b770", "error": "Neo4jEnterpriseCluster.neo4j.neo4j.com \"non-existent-cluster\" not found"}
  github.com/neo4j-labs/neo4j-kubernetes-operator/internal/controller.(*Neo4jRestoreReconciler).Reconcile
  	/Users/priyolahiri/Code/neo4j-kubernetes-operator/internal/controller/neo4jrestore_controller.go:118
  sigs.k8s.io/controller-runtime/pkg/internal/controller.(*Controller[...]).Reconcile
  	/Users/priyolahiri/go/pkg/mod/sigs.k8s.io/controller-runtime@v0.21.0/pkg/internal/controller/controller.go:119
  sigs.k8s.io/controller-runtime/pkg/internal/controller.(*Controller[...]).reconcileHandler
  	/Users/priyolahiri/go/pkg/mod/sigs.k8s.io/controller-runtime@v0.21.0/pkg/internal/controller/controller.go:340
  sigs.k8s.io/controller-runtime/pkg/internal/controller.(*Controller[...]).processNextWorkItem
  	/Users/priyolahiri/go/pkg/mod/sigs.k8s.io/controller-runtime@v0.21.0/pkg/internal/controller/controller.go:300
  sigs.k8s.io/controller-runtime/pkg/internal/controller.(*Controller[...]).Start.func2.1
  	/Users/priyolahiri/go/pkg/mod/sigs.k8s.io/controller-runtime@v0.21.0/pkg/internal/controller/controller.go:202
  2025-06-26T12:34:35+02:00	INFO	Warning: Reconciler returned both a non-zero result and a non-nil error. The result will always be ignored if the error is non-nil and the non-nil error causes requeuing with exponential backoff. For more details, see: https://pkg.go.dev/sigs.k8s.io/controller-runtime/pkg/reconcile#Reconciler	{"controller": "neo4jrestore", "controllerGroup": "neo4j.neo4j.com", "controllerKind": "Neo4jRestore", "Neo4jRestore": {"name":"test-restore-no-cluster","namespace":"test-failure-1750934075035366000-1750934075036586000"}, "namespace": "test-failure-1750934075035366000-1750934075036586000", "name": "test-restore-no-cluster", "reconcileID": "14f5ab0b-1ae4-40b7-8f95-1763ecf6b770"}
  2025-06-26T12:34:35+02:00	ERROR	Reconciler error	{"controller": "neo4jrestore", "controllerGroup": "neo4j.neo4j.com", "controllerKind": "Neo4jRestore", "Neo4jRestore": {"name":"test-restore-no-cluster","namespace":"test-failure-1750934075035366000-1750934075036586000"}, "namespace": "test-failure-1750934075035366000-1750934075036586000", "name": "test-restore-no-cluster", "reconcileID": "14f5ab0b-1ae4-40b7-8f95-1763ecf6b770", "error": "Neo4jEnterpriseCluster.neo4j.neo4j.com \"non-existent-cluster\" not found"}
  sigs.k8s.io/controller-runtime/pkg/internal/controller.(*Controller[...]).reconcileHandler
  	/Users/priyolahiri/go/pkg/mod/sigs.k8s.io/controller-runtime@v0.21.0/pkg/internal/controller/controller.go:353
  sigs.k8s.io/controller-runtime/pkg/internal/controller.(*Controller[...]).processNextWorkItem
  	/Users/priyolahiri/go/pkg/mod/sigs.k8s.io/controller-runtime@v0.21.0/pkg/internal/controller/controller.go:300
  sigs.k8s.io/controller-runtime/pkg/internal/controller.(*Controller[...]).Start.func2.1
  	/Users/priyolahiri/go/pkg/mod/sigs.k8s.io/controller-runtime@v0.21.0/pkg/internal/controller/controller.go:202
  2025-06-26T12:34:35+02:00	ERROR	Failed to get target cluster	{"controller": "neo4jrestore", "controllerGroup": "neo4j.neo4j.com", "controllerKind": "Neo4jRestore", "Neo4jRestore": {"name":"test-restore-no-backup","namespace":"test-failure-1750934075033706000-1750934075035488000"}, "namespace": "test-failure-1750934075033706000-1750934075035488000", "name": "test-restore-no-backup", "reconcileID": "672c474f-539c-4c61-9e9c-eaecb2298348", "error": "Neo4jEnterpriseCluster.neo4j.neo4j.com \"test-cluster\" not found"}
  github.com/neo4j-labs/neo4j-kubernetes-operator/internal/controller.(*Neo4jRestoreReconciler).Reconcile
  	/Users/priyolahiri/Code/neo4j-kubernetes-operator/internal/controller/neo4jrestore_controller.go:118
  sigs.k8s.io/controller-runtime/pkg/internal/controller.(*Controller[...]).Reconcile
  	/Users/priyolahiri/go/pkg/mod/sigs.k8s.io/controller-runtime@v0.21.0/pkg/internal/controller/controller.go:119
  sigs.k8s.io/controller-runtime/pkg/internal/controller.(*Controller[...]).reconcileHandler
  	/Users/priyolahiri/go/pkg/mod/sigs.k8s.io/controller-runtime@v0.21.0/pkg/internal/controller/controller.go:340
  sigs.k8s.io/controller-runtime/pkg/internal/controller.(*Controller[...]).processNextWorkItem
  	/Users/priyolahiri/go/pkg/mod/sigs.k8s.io/controller-runtime@v0.21.0/pkg/internal/controller/controller.go:300
  sigs.k8s.io/controller-runtime/pkg/internal/controller.(*Controller[...]).Start.func2.1
  	/Users/priyolahiri/go/pkg/mod/sigs.k8s.io/controller-runtime@v0.21.0/pkg/internal/controller/controller.go:202
  2025-06-26T12:34:35+02:00	INFO	Warning: Reconciler returned both a non-zero result and a non-nil error. The result will always be ignored if the error is non-nil and the non-nil error causes requeuing with exponential backoff. For more details, see: https://pkg.go.dev/sigs.k8s.io/controller-runtime/pkg/reconcile#Reconciler	{"controller": "neo4jbackup", "controllerGroup": "neo4j.neo4j.com", "controllerKind": "Neo4jBackup", "Neo4jBackup": {"name":"test-backup-invalid-storage","namespace":"test-failure-1750934075033884000-1750934075035500000"}, "namespace": "test-failure-1750934075033884000-1750934075035500000", "name": "test-backup-invalid-storage", "reconcileID": "3b7938d6-6d9a-4811-9ee4-9539633d1bc5"}
  2025-06-26T12:34:35+02:00	ERROR	Reconciler error	{"controller": "neo4jbackup", "controllerGroup": "neo4j.neo4j.com", "controllerKind": "Neo4jBackup", "Neo4jBackup": {"name":"test-backup-invalid-storage","namespace":"test-failure-1750934075033884000-1750934075035500000"}, "namespace": "test-failure-1750934075033884000-1750934075035500000", "name": "test-backup-invalid-storage", "reconcileID": "3b7938d6-6d9a-4811-9ee4-9539633d1bc5", "error": "Neo4jEnterpriseCluster.neo4j.neo4j.com \"test-cluster\" not found"}
  sigs.k8s.io/controller-runtime/pkg/internal/controller.(*Controller[...]).reconcileHandler
  	/Users/priyolahiri/go/pkg/mod/sigs.k8s.io/controller-runtime@v0.21.0/pkg/internal/controller/controller.go:353
  sigs.k8s.io/controller-runtime/pkg/internal/controller.(*Controller[...]).processNextWorkItem
  	/Users/priyolahiri/go/pkg/mod/sigs.k8s.io/controller-runtime@v0.21.0/pkg/internal/controller/controller.go:300
  sigs.k8s.io/controller-runtime/pkg/internal/controller.(*Controller[...]).Start.func2.1
  	/Users/priyolahiri/go/pkg/mod/sigs.k8s.io/controller-runtime@v0.21.0/pkg/internal/controller/controller.go:202
  2025-06-26T12:34:35+02:00	ERROR	Failed to get target cluster	{"controller": "neo4jbackup", "controllerGroup": "neo4j.neo4j.com", "controllerKind": "Neo4jBackup", "Neo4jBackup": {"name":"test-backup-no-cluster","namespace":"test-failure-1750934075031883000-1750934075034004000"}, "namespace": "test-failure-1750934075031883000-1750934075034004000", "name": "test-backup-no-cluster", "reconcileID": "b9fcf6f9-f075-4720-973f-e05d9dc7455b", "error": "Neo4jEnterpriseCluster.neo4j.neo4j.com \"non-existent-cluster\" not found"}
  github.com/neo4j-labs/neo4j-kubernetes-operator/internal/controller.(*Neo4jBackupReconciler).Reconcile
  	/Users/priyolahiri/Code/neo4j-kubernetes-operator/internal/controller/neo4jbackup_controller.go:106
  sigs.k8s.io/controller-runtime/pkg/internal/controller.(*Controller[...]).Reconcile
  	/Users/priyolahiri/go/pkg/mod/sigs.k8s.io/controller-runtime@v0.21.0/pkg/internal/controller/controller.go:119
  sigs.k8s.io/controller-runtime/pkg/internal/controller.(*Controller[...]).reconcileHandler
  	/Users/priyolahiri/go/pkg/mod/sigs.k8s.io/controller-runtime@v0.21.0/pkg/internal/controller/controller.go:340
  sigs.k8s.io/controller-runtime/pkg/internal/controller.(*Controller[...]).processNextWorkItem
  	/Users/priyolahiri/go/pkg/mod/sigs.k8s.io/controller-runtime@v0.21.0/pkg/internal/controller/controller.go:300
  sigs.k8s.io/controller-runtime/pkg/internal/controller.(*Controller[...]).Start.func2.1
  	/Users/priyolahiri/go/pkg/mod/sigs.k8s.io/controller-runtime@v0.21.0/pkg/internal/controller/controller.go:202
  2025-06-26T12:34:35+02:00	INFO	Warning: Reconciler returned both a non-zero result and a non-nil error. The result will always be ignored if the error is non-nil and the non-nil error causes requeuing with exponential backoff. For more details, see: https://pkg.go.dev/sigs.k8s.io/controller-runtime/pkg/reconcile#Reconciler	{"controller": "neo4jrestore", "controllerGroup": "neo4j.neo4j.com", "controllerKind": "Neo4jRestore", "Neo4jRestore": {"name":"test-restore-no-backup","namespace":"test-failure-1750934075033706000-1750934075035488000"}, "namespace": "test-failure-1750934075033706000-1750934075035488000", "name": "test-restore-no-backup", "reconcileID": "672c474f-539c-4c61-9e9c-eaecb2298348"}
  2025-06-26T12:34:35+02:00	ERROR	Reconciler error	{"controller": "neo4jrestore", "controllerGroup": "neo4j.neo4j.com", "controllerKind": "Neo4jRestore", "Neo4jRestore": {"name":"test-restore-no-backup","namespace":"test-failure-1750934075033706000-1750934075035488000"}, "namespace": "test-failure-1750934075033706000-1750934075035488000", "name": "test-restore-no-backup", "reconcileID": "672c474f-539c-4c61-9e9c-eaecb2298348", "error": "Neo4jEnterpriseCluster.neo4j.neo4j.com \"test-cluster\" not found"}
  sigs.k8s.io/controller-runtime/pkg/internal/controller.(*Controller[...]).reconcileHandler
  	/Users/priyolahiri/go/pkg/mod/sigs.k8s.io/controller-runtime@v0.21.0/pkg/internal/controller/controller.go:353
  sigs.k8s.io/controller-runtime/pkg/internal/controller.(*Controller[...]).processNextWorkItem
  	/Users/priyolahiri/go/pkg/mod/sigs.k8s.io/controller-runtime@v0.21.0/pkg/internal/controller/controller.go:300
  sigs.k8s.io/controller-runtime/pkg/internal/controller.(*Controller[...]).Start.func2.1
  	/Users/priyolahiri/go/pkg/mod/sigs.k8s.io/controller-runtime@v0.21.0/pkg/internal/controller/controller.go:202
  2025-06-26T12:34:35+02:00	INFO	Warning: Reconciler returned both a non-zero result and a non-nil error. The result will always be ignored if the error is non-nil and the non-nil error causes requeuing with exponential backoff. For more details, see: https://pkg.go.dev/sigs.k8s.io/controller-runtime/pkg/reconcile#Reconciler	{"controller": "neo4jbackup", "controllerGroup": "neo4j.neo4j.com", "controllerKind": "Neo4jBackup", "Neo4jBackup": {"name":"test-backup-no-cluster","namespace":"test-failure-1750934075031883000-1750934075034004000"}, "namespace": "test-failure-1750934075031883000-1750934075034004000", "name": "test-backup-no-cluster", "reconcileID": "b9fcf6f9-f075-4720-973f-e05d9dc7455b"}
  2025-06-26T12:34:35+02:00	ERROR	Reconciler error	{"controller": "neo4jbackup", "controllerGroup": "neo4j.neo4j.com", "controllerKind": "Neo4jBackup", "Neo4jBackup": {"name":"test-backup-no-cluster","namespace":"test-failure-1750934075031883000-1750934075034004000"}, "namespace": "test-failure-1750934075031883000-1750934075034004000", "name": "test-backup-no-cluster", "reconcileID": "b9fcf6f9-f075-4720-973f-e05d9dc7455b", "error": "Neo4jEnterpriseCluster.neo4j.neo4j.com \"non-existent-cluster\" not found"}
  sigs.k8s.io/controller-runtime/pkg/internal/controller.(*Controller[...]).reconcileHandler
  	/Users/priyolahiri/go/pkg/mod/sigs.k8s.io/controller-runtime@v0.21.0/pkg/internal/controller/controller.go:353
  sigs.k8s.io/controller-runtime/pkg/internal/controller.(*Controller[...]).processNextWorkItem
  	/Users/priyolahiri/go/pkg/mod/sigs.k8s.io/controller-runtime@v0.21.0/pkg/internal/controller/controller.go:300
  sigs.k8s.io/controller-runtime/pkg/internal/controller.(*Controller[...]).Start.func2.1
  	/Users/priyolahiri/go/pkg/mod/sigs.k8s.io/controller-runtime@v0.21.0/pkg/internal/controller/controller.go:202
  2025-06-26T12:34:35+02:00	ERROR	Failed to add finalizer	{"controller": "neo4jbackup", "controllerGroup": "neo4j.neo4j.com", "controllerKind": "Neo4jBackup", "Neo4jBackup": {"name":"test-backup-no-cluster","namespace":"test-failure-1750934075031883000-1750934075034004000"}, "namespace": "test-failure-1750934075031883000-1750934075034004000", "name": "test-backup-no-cluster", "reconcileID": "6d857c2d-6d1b-4839-9820-745cb44def96", "error": "Operation cannot be fulfilled on neo4jbackups.neo4j.neo4j.com \"test-backup-no-cluster\": the object has been modified; please apply your changes to the latest version and try again"}
  github.com/neo4j-labs/neo4j-kubernetes-operator/internal/controller.(*Neo4jBackupReconciler).Reconcile
  	/Users/priyolahiri/Code/neo4j-kubernetes-operator/internal/controller/neo4jbackup_controller.go:97
  sigs.k8s.io/controller-runtime/pkg/internal/controller.(*Controller[...]).Reconcile
  	/Users/priyolahiri/go/pkg/mod/sigs.k8s.io/controller-runtime@v0.21.0/pkg/internal/controller/controller.go:119
  sigs.k8s.io/controller-runtime/pkg/internal/controller.(*Controller[...]).reconcileHandler
  	/Users/priyolahiri/go/pkg/mod/sigs.k8s.io/controller-runtime@v0.21.0/pkg/internal/controller/controller.go:340
  sigs.k8s.io/controller-runtime/pkg/internal/controller.(*Controller[...]).processNextWorkItem
  	/Users/priyolahiri/go/pkg/mod/sigs.k8s.io/controller-runtime@v0.21.0/pkg/internal/controller/controller.go:300
  sigs.k8s.io/controller-runtime/pkg/internal/controller.(*Controller[...]).Start.func2.1
  	/Users/priyolahiri/go/pkg/mod/sigs.k8s.io/controller-runtime@v0.21.0/pkg/internal/controller/controller.go:202
  2025-06-26T12:34:35+02:00	ERROR	Reconciler error	{"controller": "neo4jbackup", "controllerGroup": "neo4j.neo4j.com", "controllerKind": "Neo4jBackup", "Neo4jBackup": {"name":"test-backup-no-cluster","namespace":"test-failure-1750934075031883000-1750934075034004000"}, "namespace": "test-failure-1750934075031883000-1750934075034004000", "name": "test-backup-no-cluster", "reconcileID": "6d857c2d-6d1b-4839-9820-745cb44def96", "error": "Operation cannot be fulfilled on neo4jbackups.neo4j.neo4j.com \"test-backup-no-cluster\": the object has been modified; please apply your changes to the latest version and try again"}
  sigs.k8s.io/controller-runtime/pkg/internal/controller.(*Controller[...]).reconcileHandler
  	/Users/priyolahiri/go/pkg/mod/sigs.k8s.io/controller-runtime@v0.21.0/pkg/internal/controller/controller.go:353
  sigs.k8s.io/controller-runtime/pkg/internal/controller.(*Controller[...]).processNextWorkItem
  	/Users/priyolahiri/go/pkg/mod/sigs.k8s.io/controller-runtime@v0.21.0/pkg/internal/controller/controller.go:300
  sigs.k8s.io/controller-runtime/pkg/internal/controller.(*Controller[...]).Start.func2.1
  	/Users/priyolahiri/go/pkg/mod/sigs.k8s.io/controller-runtime@v0.21.0/pkg/internal/controller/controller.go:202
  2025-06-26T12:34:35+02:00	ERROR	Failed to add finalizer	{"controller": "neo4jrestore", "controllerGroup": "neo4j.neo4j.com", "controllerKind": "Neo4jRestore", "Neo4jRestore": {"name":"test-restore-no-cluster","namespace":"test-failure-1750934075035366000-1750934075036586000"}, "namespace": "test-failure-1750934075035366000-1750934075036586000", "name": "test-restore-no-cluster", "reconcileID": "6400c71f-3843-4d38-a6b4-c70f5a499ffe", "error": "Operation cannot be fulfilled on neo4jrestores.neo4j.neo4j.com \"test-restore-no-cluster\": the object has been modified; please apply your changes to the latest version and try again"}
  github.com/neo4j-labs/neo4j-kubernetes-operator/internal/controller.(*Neo4jRestoreReconciler).Reconcile
  	/Users/priyolahiri/Code/neo4j-kubernetes-operator/internal/controller/neo4jrestore_controller.go:109
  sigs.k8s.io/controller-runtime/pkg/internal/controller.(*Controller[...]).Reconcile
  	/Users/priyolahiri/go/pkg/mod/sigs.k8s.io/controller-runtime@v0.21.0/pkg/internal/controller/controller.go:119
  sigs.k8s.io/controller-runtime/pkg/internal/controller.(*Controller[...]).reconcileHandler
  	/Users/priyolahiri/go/pkg/mod/sigs.k8s.io/controller-runtime@v0.21.0/pkg/internal/controller/controller.go:340
  sigs.k8s.io/controller-runtime/pkg/internal/controller.(*Controller[...]).processNextWorkItem
  	/Users/priyolahiri/go/pkg/mod/sigs.k8s.io/controller-runtime@v0.21.0/pkg/internal/controller/controller.go:300
  sigs.k8s.io/controller-runtime/pkg/internal/controller.(*Controller[...]).Start.func2.1
  	/Users/priyolahiri/go/pkg/mod/sigs.k8s.io/controller-runtime@v0.21.0/pkg/internal/controller/controller.go:202
  2025-06-26T12:34:35+02:00	ERROR	Reconciler error	{"controller": "neo4jrestore", "controllerGroup": "neo4j.neo4j.com", "controllerKind": "Neo4jRestore", "Neo4jRestore": {"name":"test-restore-no-cluster","namespace":"test-failure-1750934075035366000-1750934075036586000"}, "namespace": "test-failure-1750934075035366000-1750934075036586000", "name": "test-restore-no-cluster", "reconcileID": "6400c71f-3843-4d38-a6b4-c70f5a499ffe", "error": "Operation cannot be fulfilled on neo4jrestores.neo4j.neo4j.com \"test-restore-no-cluster\": the object has been modified; please apply your changes to the latest version and try again"}
  sigs.k8s.io/controller-runtime/pkg/internal/controller.(*Controller[...]).reconcileHandler
  	/Users/priyolahiri/go/pkg/mod/sigs.k8s.io/controller-runtime@v0.21.0/pkg/internal/controller/controller.go:353
  sigs.k8s.io/controller-runtime/pkg/internal/controller.(*Controller[...]).processNextWorkItem
  	/Users/priyolahiri/go/pkg/mod/sigs.k8s.io/controller-runtime@v0.21.0/pkg/internal/controller/controller.go:300
  sigs.k8s.io/controller-runtime/pkg/internal/controller.(*Controller[...]).Start.func2.1
  	/Users/priyolahiri/go/pkg/mod/sigs.k8s.io/controller-runtime@v0.21.0/pkg/internal/controller/controller.go:202
  2025-06-26T12:34:35+02:00	ERROR	Failed to add finalizer	{"controller": "neo4jrestore", "controllerGroup": "neo4j.neo4j.com", "controllerKind": "Neo4jRestore", "Neo4jRestore": {"name":"test-restore-no-backup","namespace":"test-failure-1750934075033706000-1750934075035488000"}, "namespace": "test-failure-1750934075033706000-1750934075035488000", "name": "test-restore-no-backup", "reconcileID": "fdc96bd4-de8b-47d9-926f-cdc28c8acd28", "error": "Operation cannot be fulfilled on neo4jrestores.neo4j.neo4j.com \"test-restore-no-backup\": StorageError: invalid object, Code: 4, Key: /registry/neo4j.neo4j.com/neo4jrestores/test-failure-1750934075033706000-1750934075035488000/test-restore-no-backup, ResourceVersion: 0, AdditionalErrorMsg: Precondition failed: UID in precondition: e6e478b1-bde0-4f6e-8d95-cc64791172d6, UID in object meta: "}
  github.com/neo4j-labs/neo4j-kubernetes-operator/internal/controller.(*Neo4jRestoreReconciler).Reconcile
  	/Users/priyolahiri/Code/neo4j-kubernetes-operator/internal/controller/neo4jrestore_controller.go:109
  sigs.k8s.io/controller-runtime/pkg/internal/controller.(*Controller[...]).Reconcile
  	/Users/priyolahiri/go/pkg/mod/sigs.k8s.io/controller-runtime@v0.21.0/pkg/internal/controller/controller.go:119
  sigs.k8s.io/controller-runtime/pkg/internal/controller.(*Controller[...]).reconcileHandler
  	/Users/priyolahiri/go/pkg/mod/sigs.k8s.io/controller-runtime@v0.21.0/pkg/internal/controller/controller.go:340
  sigs.k8s.io/controller-runtime/pkg/internal/controller.(*Controller[...]).processNextWorkItem
  	/Users/priyolahiri/go/pkg/mod/sigs.k8s.io/controller-runtime@v0.21.0/pkg/internal/controller/controller.go:300
  sigs.k8s.io/controller-runtime/pkg/internal/controller.(*Controller[...]).Start.func2.1
  	/Users/priyolahiri/go/pkg/mod/sigs.k8s.io/controller-runtime@v0.21.0/pkg/internal/controller/controller.go:202
  2025-06-26T12:34:35+02:00	ERROR	Reconciler error	{"controller": "neo4jrestore", "controllerGroup": "neo4j.neo4j.com", "controllerKind": "Neo4jRestore", "Neo4jRestore": {"name":"test-restore-no-backup","namespace":"test-failure-1750934075033706000-1750934075035488000"}, "namespace": "test-failure-1750934075033706000-1750934075035488000", "name": "test-restore-no-backup", "reconcileID": "fdc96bd4-de8b-47d9-926f-cdc28c8acd28", "error": "Operation cannot be fulfilled on neo4jrestores.neo4j.neo4j.com \"test-restore-no-backup\": StorageError: invalid object, Code: 4, Key: /registry/neo4j.neo4j.com/neo4jrestores/test-failure-1750934075033706000-1750934075035488000/test-restore-no-backup, ResourceVersion: 0, AdditionalErrorMsg: Precondition failed: UID in precondition: e6e478b1-bde0-4f6e-8d95-cc64791172d6, UID in object meta: "}
  sigs.k8s.io/controller-runtime/pkg/internal/controller.(*Controller[...]).reconcileHandler
  	/Users/priyolahiri/go/pkg/mod/sigs.k8s.io/controller-runtime@v0.21.0/pkg/internal/controller/controller.go:353
  sigs.k8s.io/controller-runtime/pkg/internal/controller.(*Controller[...]).processNextWorkItem
  	/Users/priyolahiri/go/pkg/mod/sigs.k8s.io/controller-runtime@v0.21.0/pkg/internal/controller/controller.go:300
  sigs.k8s.io/controller-runtime/pkg/internal/controller.(*Controller[...]).Start.func2.1
  	/Users/priyolahiri/go/pkg/mod/sigs.k8s.io/controller-runtime@v0.21.0/pkg/internal/controller/controller.go:202
  2025-06-26T12:34:35+02:00	ERROR	Failed to add finalizer	{"controller": "neo4jbackup", "controllerGroup": "neo4j.neo4j.com", "controllerKind": "Neo4jBackup", "Neo4jBackup": {"name":"test-backup-invalid-storage","namespace":"test-failure-1750934075033884000-1750934075035500000"}, "namespace": "test-failure-1750934075033884000-1750934075035500000", "name": "test-backup-invalid-storage", "reconcileID": "576b041f-9768-4b95-9913-65a45eb7b87b", "error": "Operation cannot be fulfilled on neo4jbackups.neo4j.neo4j.com \"test-backup-invalid-storage\": StorageError: invalid object, Code: 4, Key: /registry/neo4j.neo4j.com/neo4jbackups/test-failure-1750934075033884000-1750934075035500000/test-backup-invalid-storage, ResourceVersion: 0, AdditionalErrorMsg: Precondition failed: UID in precondition: 8b54b550-41c5-4309-aa85-b2e536f19ec7, UID in object meta: "}
  github.com/neo4j-labs/neo4j-kubernetes-operator/internal/controller.(*Neo4jBackupReconciler).Reconcile
  	/Users/priyolahiri/Code/neo4j-kubernetes-operator/internal/controller/neo4jbackup_controller.go:97
  sigs.k8s.io/controller-runtime/pkg/internal/controller.(*Controller[...]).Reconcile
  	/Users/priyolahiri/go/pkg/mod/sigs.k8s.io/controller-runtime@v0.21.0/pkg/internal/controller/controller.go:119
  sigs.k8s.io/controller-runtime/pkg/internal/controller.(*Controller[...]).reconcileHandler
  	/Users/priyolahiri/go/pkg/mod/sigs.k8s.io/controller-runtime@v0.21.0/pkg/internal/controller/controller.go:340
  sigs.k8s.io/controller-runtime/pkg/internal/controller.(*Controller[...]).processNextWorkItem
  	/Users/priyolahiri/go/pkg/mod/sigs.k8s.io/controller-runtime@v0.21.0/pkg/internal/controller/controller.go:300
  sigs.k8s.io/controller-runtime/pkg/internal/controller.(*Controller[...]).Start.func2.1
  	/Users/priyolahiri/go/pkg/mod/sigs.k8s.io/controller-runtime@v0.21.0/pkg/internal/controller/controller.go:202
  2025-06-26T12:34:35+02:00	ERROR	Reconciler error	{"controller": "neo4jbackup", "controllerGroup": "neo4j.neo4j.com", "controllerKind": "Neo4jBackup", "Neo4jBackup": {"name":"test-backup-invalid-storage","namespace":"test-failure-1750934075033884000-1750934075035500000"}, "namespace": "test-failure-1750934075033884000-1750934075035500000", "name": "test-backup-invalid-storage", "reconcileID": "576b041f-9768-4b95-9913-65a45eb7b87b", "error": "Operation cannot be fulfilled on neo4jbackups.neo4j.neo4j.com \"test-backup-invalid-storage\": StorageError: invalid object, Code: 4, Key: /registry/neo4j.neo4j.com/neo4jbackups/test-failure-1750934075033884000-1750934075035500000/test-backup-invalid-storage, ResourceVersion: 0, AdditionalErrorMsg: Precondition failed: UID in precondition: 8b54b550-41c5-4309-aa85-b2e536f19ec7, UID in object meta: "}
  sigs.k8s.io/controller-runtime/pkg/internal/controller.(*Controller[...]).reconcileHandler
  	/Users/priyolahiri/go/pkg/mod/sigs.k8s.io/controller-runtime@v0.21.0/pkg/internal/controller/controller.go:353
  sigs.k8s.io/controller-runtime/pkg/internal/controller.(*Controller[...]).processNextWorkItem
  	/Users/priyolahiri/go/pkg/mod/sigs.k8s.io/controller-runtime@v0.21.0/pkg/internal/controller/controller.go:300
  sigs.k8s.io/controller-runtime/pkg/internal/controller.(*Controller[...]).Start.func2.1
  	/Users/priyolahiri/go/pkg/mod/sigs.k8s.io/controller-runtime@v0.21.0/pkg/internal/controller/controller.go:202
  2025-06-26T12:34:35+02:00	INFO	No retention policy specified, skipping cleanup	{"controller": "neo4jbackup", "controllerGroup": "neo4j.neo4j.com", "controllerKind": "Neo4jBackup", "Neo4jBackup": {"name":"test-backup-no-cluster","namespace":"test-failure-1750934075031883000-1750934075034004000"}, "namespace": "test-failure-1750934075031883000-1750934075034004000", "name": "test-backup-no-cluster", "reconcileID": "da325d20-13b8-4ea5-b162-badf09ef8bc3"}
  2025-06-26T12:34:35+02:00	ERROR	Reconciler error	{"controller": "neo4jbackup", "controllerGroup": "neo4j.neo4j.com", "controllerKind": "Neo4jBackup", "Neo4jBackup": {"name":"test-backup-no-cluster","namespace":"test-failure-1750934075031883000-1750934075034004000"}, "namespace": "test-failure-1750934075031883000-1750934075034004000", "name": "test-backup-no-cluster", "reconcileID": "da325d20-13b8-4ea5-b162-badf09ef8bc3", "error": "Operation cannot be fulfilled on neo4jbackups.neo4j.neo4j.com \"test-backup-no-cluster\": StorageError: invalid object, Code: 4, Key: /registry/neo4j.neo4j.com/neo4jbackups/test-failure-1750934075031883000-1750934075034004000/test-backup-no-cluster, ResourceVersion: 0, AdditionalErrorMsg: Precondition failed: UID in precondition: c163978e-2ca1-4697-83b2-e13f45fdb2dd, UID in object meta: "}
  sigs.k8s.io/controller-runtime/pkg/internal/controller.(*Controller[...]).reconcileHandler
  	/Users/priyolahiri/go/pkg/mod/sigs.k8s.io/controller-runtime@v0.21.0/pkg/internal/controller/controller.go:353
  sigs.k8s.io/controller-runtime/pkg/internal/controller.(*Controller[...]).processNextWorkItem
  	/Users/priyolahiri/go/pkg/mod/sigs.k8s.io/controller-runtime@v0.21.0/pkg/internal/controller/controller.go:300
  sigs.k8s.io/controller-runtime/pkg/internal/controller.(*Controller[...]).Start.func2.1
  	/Users/priyolahiri/go/pkg/mod/sigs.k8s.io/controller-runtime@v0.21.0/pkg/internal/controller/controller.go:202
  2025-06-26T12:34:35+02:00	INFO	Neo4jBackup resource not found	{"controller": "neo4jbackup", "controllerGroup": "neo4j.neo4j.com", "controllerKind": "Neo4jBackup", "Neo4jBackup": {"name":"test-backup-invalid-storage","namespace":"test-failure-1750934075033884000-1750934075035500000"}, "namespace": "test-failure-1750934075033884000-1750934075035500000", "name": "test-backup-invalid-storage", "reconcileID": "1b7afc6f-c0f1-415d-b424-2a54c05864bc"}
  2025-06-26T12:34:35+02:00	INFO	Neo4jBackup resource not found	{"controller": "neo4jbackup", "controllerGroup": "neo4j.neo4j.com", "controllerKind": "Neo4jBackup", "Neo4jBackup": {"name":"test-backup-no-cluster","namespace":"test-failure-1750934075031883000-1750934075034004000"}, "namespace": "test-failure-1750934075031883000-1750934075034004000", "name": "test-backup-no-cluster", "reconcileID": "bed3f4fa-38d3-4350-9d4b-1cfa69d684d5"}
  2025-06-26T12:34:35+02:00	INFO	Neo4jRestore resource not found	{"controller": "neo4jrestore", "controllerGroup": "neo4j.neo4j.com", "controllerKind": "Neo4jRestore", "Neo4jRestore": {"name":"test-restore-no-backup","namespace":"test-failure-1750934075033706000-1750934075035488000"}, "namespace": "test-failure-1750934075033706000-1750934075035488000", "name": "test-restore-no-backup", "reconcileID": "35018fe5-ffff-40ba-b6bb-277c7b6591ea"}
  2025-06-26T12:34:35+02:00	INFO	Neo4jRestore resource not found	{"controller": "neo4jrestore", "controllerGroup": "neo4j.neo4j.com", "controllerKind": "Neo4jRestore", "Neo4jRestore": {"name":"test-restore-no-cluster","namespace":"test-failure-1750934075035366000-1750934075036586000"}, "namespace": "test-failure-1750934075035366000-1750934075036586000", "name": "test-restore-no-cluster", "reconcileID": "dfc0148d-d9a8-42a6-a5a6-8c412536da68"}
  [38;5;243m<< Timeline[0m

  [38;5;214m[INTERRUPTED] Interrupted by Other Ginkgo Process[0m
  [38;5;214mIn [1m[It][0m[38;5;214m at: [1m/Users/priyolahiri/Code/neo4j-kubernetes-operator/test/integration/failure_scenarios_test.go:334[0m [38;5;243m@ 06/26/25 12:34:35.829[0m
[38;5;243m------------------------------[0m
[38;5;214m• [INTERRUPTED] [0.879 seconds][0m
[0mFailure Scenarios [38;5;243mBackup Failure Scenarios [38;5;214m[1m[It] should handle backup with non-existent target cluster[0m
[38;5;243m/Users/priyolahiri/Code/neo4j-kubernetes-operator/test/integration/failure_scenarios_test.go:222[0m

  [38;5;243mTimeline >>[0m
  2025-06-26T12:34:35+02:00	INFO	Starting Controller	{"controller": "neo4jrole", "controllerGroup": "neo4j.neo4j.com", "controllerKind": "Neo4jRole"}
  2025-06-26T12:34:35+02:00	INFO	Starting workers	{"controller": "neo4jrole", "controllerGroup": "neo4j.neo4j.com", "controllerKind": "Neo4jRole", "worker count": 1}
  2025-06-26T12:34:35+02:00	INFO	Starting Controller	{"controller": "neo4jdatabase", "controllerGroup": "neo4j.neo4j.com", "controllerKind": "Neo4jDatabase"}
  2025-06-26T12:34:35+02:00	INFO	Starting workers	{"controller": "neo4jdatabase", "controllerGroup": "neo4j.neo4j.com", "controllerKind": "Neo4jDatabase", "worker count": 1}
  2025-06-26T12:34:35+02:00	INFO	Starting Controller	{"controller": "neo4juser", "controllerGroup": "neo4j.neo4j.com", "controllerKind": "Neo4jUser"}
  2025-06-26T12:34:35+02:00	INFO	Starting workers	{"controller": "neo4juser", "controllerGroup": "neo4j.neo4j.com", "controllerKind": "Neo4jUser", "worker count": 1}
  2025-06-26T12:34:35+02:00	INFO	Starting Controller	{"controller": "neo4jbackup", "controllerGroup": "neo4j.neo4j.com", "controllerKind": "Neo4jBackup"}
  2025-06-26T12:34:35+02:00	INFO	Starting workers	{"controller": "neo4jbackup", "controllerGroup": "neo4j.neo4j.com", "controllerKind": "Neo4jBackup", "worker count": 1}
  2025-06-26T12:34:35+02:00	ERROR	Failed to get target cluster	{"controller": "neo4jbackup", "controllerGroup": "neo4j.neo4j.com", "controllerKind": "Neo4jBackup", "Neo4jBackup": {"name":"test-backup-invalid-storage","namespace":"test-failure-1750934075033884000-1750934075035500000"}, "namespace": "test-failure-1750934075033884000-1750934075035500000", "name": "test-backup-invalid-storage", "reconcileID": "ea378af9-d8c4-46fc-9204-8f90cd908a37", "error": "Neo4jEnterpriseCluster.neo4j.neo4j.com \"test-cluster\" not found"}
  github.com/neo4j-labs/neo4j-kubernetes-operator/internal/controller.(*Neo4jBackupReconciler).Reconcile
  	/Users/priyolahiri/Code/neo4j-kubernetes-operator/internal/controller/neo4jbackup_controller.go:106
  sigs.k8s.io/controller-runtime/pkg/internal/controller.(*Controller[...]).Reconcile
  	/Users/priyolahiri/go/pkg/mod/sigs.k8s.io/controller-runtime@v0.21.0/pkg/internal/controller/controller.go:119
  sigs.k8s.io/controller-runtime/pkg/internal/controller.(*Controller[...]).reconcileHandler
  	/Users/priyolahiri/go/pkg/mod/sigs.k8s.io/controller-runtime@v0.21.0/pkg/internal/controller/controller.go:340
  sigs.k8s.io/controller-runtime/pkg/internal/controller.(*Controller[...]).processNextWorkItem
  	/Users/priyolahiri/go/pkg/mod/sigs.k8s.io/controller-runtime@v0.21.0/pkg/internal/controller/controller.go:300
  sigs.k8s.io/controller-runtime/pkg/internal/controller.(*Controller[...]).Start.func2.1
  	/Users/priyolahiri/go/pkg/mod/sigs.k8s.io/controller-runtime@v0.21.0/pkg/internal/controller/controller.go:202
  2025-06-26T12:34:35+02:00	INFO	Starting Controller	{"controller": "neo4jenterprisecluster", "controllerGroup": "neo4j.neo4j.com", "controllerKind": "Neo4jEnterpriseCluster"}
  2025-06-26T12:34:35+02:00	INFO	Starting workers	{"controller": "neo4jenterprisecluster", "controllerGroup": "neo4j.neo4j.com", "controllerKind": "Neo4jEnterpriseCluster", "worker count": 1}
  2025-06-26T12:34:35+02:00	INFO	Starting Controller	{"controller": "neo4jrestore", "controllerGroup": "neo4j.neo4j.com", "controllerKind": "Neo4jRestore"}
  2025-06-26T12:34:35+02:00	INFO	Starting workers	{"controller": "neo4jrestore", "controllerGroup": "neo4j.neo4j.com", "controllerKind": "Neo4jRestore", "worker count": 1}
  2025-06-26T12:34:35+02:00	ERROR	Failed to get target cluster	{"controller": "neo4jrestore", "controllerGroup": "neo4j.neo4j.com", "controllerKind": "Neo4jRestore", "Neo4jRestore": {"name":"test-restore-no-cluster","namespace":"test-failure-1750934075035366000-1750934075036586000"}, "namespace": "test-failure-1750934075035366000-1750934075036586000", "name": "test-restore-no-cluster", "reconcileID": "64fb60ce-8668-4867-9314-51e4d2c729d3", "error": "Neo4jEnterpriseCluster.neo4j.neo4j.com \"non-existent-cluster\" not found"}
  github.com/neo4j-labs/neo4j-kubernetes-operator/internal/controller.(*Neo4jRestoreReconciler).Reconcile
  	/Users/priyolahiri/Code/neo4j-kubernetes-operator/internal/controller/neo4jrestore_controller.go:118
  sigs.k8s.io/controller-runtime/pkg/internal/controller.(*Controller[...]).Reconcile
  	/Users/priyolahiri/go/pkg/mod/sigs.k8s.io/controller-runtime@v0.21.0/pkg/internal/controller/controller.go:119
  sigs.k8s.io/controller-runtime/pkg/internal/controller.(*Controller[...]).reconcileHandler
  	/Users/priyolahiri/go/pkg/mod/sigs.k8s.io/controller-runtime@v0.21.0/pkg/internal/controller/controller.go:340
  sigs.k8s.io/controller-runtime/pkg/internal/controller.(*Controller[...]).processNextWorkItem
  	/Users/priyolahiri/go/pkg/mod/sigs.k8s.io/controller-runtime@v0.21.0/pkg/internal/controller/controller.go:300
  sigs.k8s.io/controller-runtime/pkg/internal/controller.(*Controller[...]).Start.func2.1
  	/Users/priyolahiri/go/pkg/mod/sigs.k8s.io/controller-runtime@v0.21.0/pkg/internal/controller/controller.go:202
  2025-06-26T12:34:35+02:00	INFO	Starting Controller	{"controller": "neo4jplugin", "controllerGroup": "neo4j.neo4j.com", "controllerKind": "Neo4jPlugin"}
  2025-06-26T12:34:35+02:00	INFO	Starting workers	{"controller": "neo4jplugin", "controllerGroup": "neo4j.neo4j.com", "controllerKind": "Neo4jPlugin", "worker count": 1}
  2025-06-26T12:34:35+02:00	INFO	Starting Controller	{"controller": "neo4jgrant", "controllerGroup": "neo4j.neo4j.com", "controllerKind": "Neo4jGrant"}
  2025-06-26T12:34:35+02:00	INFO	Starting workers	{"controller": "neo4jgrant", "controllerGroup": "neo4j.neo4j.com", "controllerKind": "Neo4jGrant", "worker count": 1}
  2025-06-26T12:34:35+02:00	INFO	Warning: Reconciler returned both a non-zero result and a non-nil error. The result will always be ignored if the error is non-nil and the non-nil error causes requeuing with exponential backoff. For more details, see: https://pkg.go.dev/sigs.k8s.io/controller-runtime/pkg/reconcile#Reconciler	{"controller": "neo4jrestore", "controllerGroup": "neo4j.neo4j.com", "controllerKind": "Neo4jRestore", "Neo4jRestore": {"name":"test-restore-no-cluster","namespace":"test-failure-1750934075035366000-1750934075036586000"}, "namespace": "test-failure-1750934075035366000-1750934075036586000", "name": "test-restore-no-cluster", "reconcileID": "64fb60ce-8668-4867-9314-51e4d2c729d3"}
  2025-06-26T12:34:35+02:00	ERROR	Reconciler error	{"controller": "neo4jrestore", "controllerGroup": "neo4j.neo4j.com", "controllerKind": "Neo4jRestore", "Neo4jRestore": {"name":"test-restore-no-cluster","namespace":"test-failure-1750934075035366000-1750934075036586000"}, "namespace": "test-failure-1750934075035366000-1750934075036586000", "name": "test-restore-no-cluster", "reconcileID": "64fb60ce-8668-4867-9314-51e4d2c729d3", "error": "Neo4jEnterpriseCluster.neo4j.neo4j.com \"non-existent-cluster\" not found"}
  sigs.k8s.io/controller-runtime/pkg/internal/controller.(*Controller[...]).reconcileHandler
  	/Users/priyolahiri/go/pkg/mod/sigs.k8s.io/controller-runtime@v0.21.0/pkg/internal/controller/controller.go:353
  sigs.k8s.io/controller-runtime/pkg/internal/controller.(*Controller[...]).processNextWorkItem
  	/Users/priyolahiri/go/pkg/mod/sigs.k8s.io/controller-runtime@v0.21.0/pkg/internal/controller/controller.go:300
  sigs.k8s.io/controller-runtime/pkg/internal/controller.(*Controller[...]).Start.func2.1
  	/Users/priyolahiri/go/pkg/mod/sigs.k8s.io/controller-runtime@v0.21.0/pkg/internal/controller/controller.go:202
  2025-06-26T12:34:35+02:00	ERROR	Failed to get target cluster	{"controller": "neo4jrestore", "controllerGroup": "neo4j.neo4j.com", "controllerKind": "Neo4jRestore", "Neo4jRestore": {"name":"test-restore-no-backup","namespace":"test-failure-1750934075033706000-1750934075035488000"}, "namespace": "test-failure-1750934075033706000-1750934075035488000", "name": "test-restore-no-backup", "reconcileID": "1860fc5f-1b6e-4dd1-83db-cc9bbdd3e909", "error": "Neo4jEnterpriseCluster.neo4j.neo4j.com \"test-cluster\" not found"}
  github.com/neo4j-labs/neo4j-kubernetes-operator/internal/controller.(*Neo4jRestoreReconciler).Reconcile
  	/Users/priyolahiri/Code/neo4j-kubernetes-operator/internal/controller/neo4jrestore_controller.go:118
  sigs.k8s.io/controller-runtime/pkg/internal/controller.(*Controller[...]).Reconcile
  	/Users/priyolahiri/go/pkg/mod/sigs.k8s.io/controller-runtime@v0.21.0/pkg/internal/controller/controller.go:119
  sigs.k8s.io/controller-runtime/pkg/internal/controller.(*Controller[...]).reconcileHandler
  	/Users/priyolahiri/go/pkg/mod/sigs.k8s.io/controller-runtime@v0.21.0/pkg/internal/controller/controller.go:340
  sigs.k8s.io/controller-runtime/pkg/internal/controller.(*Controller[...]).processNextWorkItem
  	/Users/priyolahiri/go/pkg/mod/sigs.k8s.io/controller-runtime@v0.21.0/pkg/internal/controller/controller.go:300
  sigs.k8s.io/controller-runtime/pkg/internal/controller.(*Controller[...]).Start.func2.1
  	/Users/priyolahiri/go/pkg/mod/sigs.k8s.io/controller-runtime@v0.21.0/pkg/internal/controller/controller.go:202
  2025-06-26T12:34:35+02:00	INFO	Warning: Reconciler returned both a non-zero result and a non-nil error. The result will always be ignored if the error is non-nil and the non-nil error causes requeuing with exponential backoff. For more details, see: https://pkg.go.dev/sigs.k8s.io/controller-runtime/pkg/reconcile#Reconciler	{"controller": "neo4jbackup", "controllerGroup": "neo4j.neo4j.com", "controllerKind": "Neo4jBackup", "Neo4jBackup": {"name":"test-backup-invalid-storage","namespace":"test-failure-1750934075033884000-1750934075035500000"}, "namespace": "test-failure-1750934075033884000-1750934075035500000", "name": "test-backup-invalid-storage", "reconcileID": "ea378af9-d8c4-46fc-9204-8f90cd908a37"}
  2025-06-26T12:34:35+02:00	ERROR	Reconciler error	{"controller": "neo4jbackup", "controllerGroup": "neo4j.neo4j.com", "controllerKind": "Neo4jBackup", "Neo4jBackup": {"name":"test-backup-invalid-storage","namespace":"test-failure-1750934075033884000-1750934075035500000"}, "namespace": "test-failure-1750934075033884000-1750934075035500000", "name": "test-backup-invalid-storage", "reconcileID": "ea378af9-d8c4-46fc-9204-8f90cd908a37", "error": "Neo4jEnterpriseCluster.neo4j.neo4j.com \"test-cluster\" not found"}
  sigs.k8s.io/controller-runtime/pkg/internal/controller.(*Controller[...]).reconcileHandler
  	/Users/priyolahiri/go/pkg/mod/sigs.k8s.io/controller-runtime@v0.21.0/pkg/internal/controller/controller.go:353
  sigs.k8s.io/controller-runtime/pkg/internal/controller.(*Controller[...]).processNextWorkItem
  	/Users/priyolahiri/go/pkg/mod/sigs.k8s.io/controller-runtime@v0.21.0/pkg/internal/controller/controller.go:300
  sigs.k8s.io/controller-runtime/pkg/internal/controller.(*Controller[...]).Start.func2.1
  	/Users/priyolahiri/go/pkg/mod/sigs.k8s.io/controller-runtime@v0.21.0/pkg/internal/controller/controller.go:202
  2025-06-26T12:34:35+02:00	ERROR	Failed to get target cluster	{"controller": "neo4jbackup", "controllerGroup": "neo4j.neo4j.com", "controllerKind": "Neo4jBackup", "Neo4jBackup": {"name":"test-backup-no-cluster","namespace":"test-failure-1750934075031883000-1750934075034004000"}, "namespace": "test-failure-1750934075031883000-1750934075034004000", "name": "test-backup-no-cluster", "reconcileID": "fb080255-2c14-4f60-8d8d-264b019e6d15", "error": "Neo4jEnterpriseCluster.neo4j.neo4j.com \"non-existent-cluster\" not found"}
  github.com/neo4j-labs/neo4j-kubernetes-operator/internal/controller.(*Neo4jBackupReconciler).Reconcile
  	/Users/priyolahiri/Code/neo4j-kubernetes-operator/internal/controller/neo4jbackup_controller.go:106
  sigs.k8s.io/controller-runtime/pkg/internal/controller.(*Controller[...]).Reconcile
  	/Users/priyolahiri/go/pkg/mod/sigs.k8s.io/controller-runtime@v0.21.0/pkg/internal/controller/controller.go:119
  sigs.k8s.io/controller-runtime/pkg/internal/controller.(*Controller[...]).reconcileHandler
  	/Users/priyolahiri/go/pkg/mod/sigs.k8s.io/controller-runtime@v0.21.0/pkg/internal/controller/controller.go:340
  sigs.k8s.io/controller-runtime/pkg/internal/controller.(*Controller[...]).processNextWorkItem
  	/Users/priyolahiri/go/pkg/mod/sigs.k8s.io/controller-runtime@v0.21.0/pkg/internal/controller/controller.go:300
  sigs.k8s.io/controller-runtime/pkg/internal/controller.(*Controller[...]).Start.func2.1
  	/Users/priyolahiri/go/pkg/mod/sigs.k8s.io/controller-runtime@v0.21.0/pkg/internal/controller/controller.go:202
  2025-06-26T12:34:35+02:00	INFO	Warning: Reconciler returned both a non-zero result and a non-nil error. The result will always be ignored if the error is non-nil and the non-nil error causes requeuing with exponential backoff. For more details, see: https://pkg.go.dev/sigs.k8s.io/controller-runtime/pkg/reconcile#Reconciler	{"controller": "neo4jrestore", "controllerGroup": "neo4j.neo4j.com", "controllerKind": "Neo4jRestore", "Neo4jRestore": {"name":"test-restore-no-backup","namespace":"test-failure-1750934075033706000-1750934075035488000"}, "namespace": "test-failure-1750934075033706000-1750934075035488000", "name": "test-restore-no-backup", "reconcileID": "1860fc5f-1b6e-4dd1-83db-cc9bbdd3e909"}
  2025-06-26T12:34:35+02:00	ERROR	Reconciler error	{"controller": "neo4jrestore", "controllerGroup": "neo4j.neo4j.com", "controllerKind": "Neo4jRestore", "Neo4jRestore": {"name":"test-restore-no-backup","namespace":"test-failure-1750934075033706000-1750934075035488000"}, "namespace": "test-failure-1750934075033706000-1750934075035488000", "name": "test-restore-no-backup", "reconcileID": "1860fc5f-1b6e-4dd1-83db-cc9bbdd3e909", "error": "Neo4jEnterpriseCluster.neo4j.neo4j.com \"test-cluster\" not found"}
  sigs.k8s.io/controller-runtime/pkg/internal/controller.(*Controller[...]).reconcileHandler
  	/Users/priyolahiri/go/pkg/mod/sigs.k8s.io/controller-runtime@v0.21.0/pkg/internal/controller/controller.go:353
  sigs.k8s.io/controller-runtime/pkg/internal/controller.(*Controller[...]).processNextWorkItem
  	/Users/priyolahiri/go/pkg/mod/sigs.k8s.io/controller-runtime@v0.21.0/pkg/internal/controller/controller.go:300
  sigs.k8s.io/controller-runtime/pkg/internal/controller.(*Controller[...]).Start.func2.1
  	/Users/priyolahiri/go/pkg/mod/sigs.k8s.io/controller-runtime@v0.21.0/pkg/internal/controller/controller.go:202
  2025-06-26T12:34:35+02:00	ERROR	Failed to get target cluster	{"controller": "neo4jrestore", "controllerGroup": "neo4j.neo4j.com", "controllerKind": "Neo4jRestore", "Neo4jRestore": {"name":"test-restore-no-cluster","namespace":"test-failure-1750934075035366000-1750934075036586000"}, "namespace": "test-failure-1750934075035366000-1750934075036586000", "name": "test-restore-no-cluster", "reconcileID": "c07427db-874d-4062-951e-ec1e758e08f7", "error": "Neo4jEnterpriseCluster.neo4j.neo4j.com \"non-existent-cluster\" not found"}
  github.com/neo4j-labs/neo4j-kubernetes-operator/internal/controller.(*Neo4jRestoreReconciler).Reconcile
  	/Users/priyolahiri/Code/neo4j-kubernetes-operator/internal/controller/neo4jrestore_controller.go:118
  sigs.k8s.io/controller-runtime/pkg/internal/controller.(*Controller[...]).Reconcile
  	/Users/priyolahiri/go/pkg/mod/sigs.k8s.io/controller-runtime@v0.21.0/pkg/internal/controller/controller.go:119
  sigs.k8s.io/controller-runtime/pkg/internal/controller.(*Controller[...]).reconcileHandler
  	/Users/priyolahiri/go/pkg/mod/sigs.k8s.io/controller-runtime@v0.21.0/pkg/internal/controller/controller.go:340
  sigs.k8s.io/controller-runtime/pkg/internal/controller.(*Controller[...]).processNextWorkItem
  	/Users/priyolahiri/go/pkg/mod/sigs.k8s.io/controller-runtime@v0.21.0/pkg/internal/controller/controller.go:300
  sigs.k8s.io/controller-runtime/pkg/internal/controller.(*Controller[...]).Start.func2.1
  	/Users/priyolahiri/go/pkg/mod/sigs.k8s.io/controller-runtime@v0.21.0/pkg/internal/controller/controller.go:202
  2025-06-26T12:34:35+02:00	INFO	Warning: Reconciler returned both a non-zero result and a non-nil error. The result will always be ignored if the error is non-nil and the non-nil error causes requeuing with exponential backoff. For more details, see: https://pkg.go.dev/sigs.k8s.io/controller-runtime/pkg/reconcile#Reconciler	{"controller": "neo4jbackup", "controllerGroup": "neo4j.neo4j.com", "controllerKind": "Neo4jBackup", "Neo4jBackup": {"name":"test-backup-no-cluster","namespace":"test-failure-1750934075031883000-1750934075034004000"}, "namespace": "test-failure-1750934075031883000-1750934075034004000", "name": "test-backup-no-cluster", "reconcileID": "fb080255-2c14-4f60-8d8d-264b019e6d15"}
  2025-06-26T12:34:35+02:00	ERROR	Reconciler error	{"controller": "neo4jbackup", "controllerGroup": "neo4j.neo4j.com", "controllerKind": "Neo4jBackup", "Neo4jBackup": {"name":"test-backup-no-cluster","namespace":"test-failure-1750934075031883000-1750934075034004000"}, "namespace": "test-failure-1750934075031883000-1750934075034004000", "name": "test-backup-no-cluster", "reconcileID": "fb080255-2c14-4f60-8d8d-264b019e6d15", "error": "Neo4jEnterpriseCluster.neo4j.neo4j.com \"non-existent-cluster\" not found"}
  sigs.k8s.io/controller-runtime/pkg/internal/controller.(*Controller[...]).reconcileHandler
  	/Users/priyolahiri/go/pkg/mod/sigs.k8s.io/controller-runtime@v0.21.0/pkg/internal/controller/controller.go:353
  sigs.k8s.io/controller-runtime/pkg/internal/controller.(*Controller[...]).processNextWorkItem
  	/Users/priyolahiri/go/pkg/mod/sigs.k8s.io/controller-runtime@v0.21.0/pkg/internal/controller/controller.go:300
  sigs.k8s.io/controller-runtime/pkg/internal/controller.(*Controller[...]).Start.func2.1
  	/Users/priyolahiri/go/pkg/mod/sigs.k8s.io/controller-runtime@v0.21.0/pkg/internal/controller/controller.go:202
  2025-06-26T12:34:35+02:00	ERROR	Failed to get target cluster	{"controller": "neo4jbackup", "controllerGroup": "neo4j.neo4j.com", "controllerKind": "Neo4jBackup", "Neo4jBackup": {"name":"test-backup-invalid-storage","namespace":"test-failure-1750934075033884000-1750934075035500000"}, "namespace": "test-failure-1750934075033884000-1750934075035500000", "name": "test-backup-invalid-storage", "reconcileID": "e14dba1d-afa7-46bc-a97f-4bf552689da3", "error": "Neo4jEnterpriseCluster.neo4j.neo4j.com \"test-cluster\" not found"}
  github.com/neo4j-labs/neo4j-kubernetes-operator/internal/controller.(*Neo4jBackupReconciler).Reconcile
  	/Users/priyolahiri/Code/neo4j-kubernetes-operator/internal/controller/neo4jbackup_controller.go:106
  sigs.k8s.io/controller-runtime/pkg/internal/controller.(*Controller[...]).Reconcile
  	/Users/priyolahiri/go/pkg/mod/sigs.k8s.io/controller-runtime@v0.21.0/pkg/internal/controller/controller.go:119
  sigs.k8s.io/controller-runtime/pkg/internal/controller.(*Controller[...]).reconcileHandler
  	/Users/priyolahiri/go/pkg/mod/sigs.k8s.io/controller-runtime@v0.21.0/pkg/internal/controller/controller.go:340
  sigs.k8s.io/controller-runtime/pkg/internal/controller.(*Controller[...]).processNextWorkItem
  	/Users/priyolahiri/go/pkg/mod/sigs.k8s.io/controller-runtime@v0.21.0/pkg/internal/controller/controller.go:300
  sigs.k8s.io/controller-runtime/pkg/internal/controller.(*Controller[...]).Start.func2.1
  	/Users/priyolahiri/go/pkg/mod/sigs.k8s.io/controller-runtime@v0.21.0/pkg/internal/controller/controller.go:202
  2025-06-26T12:34:35+02:00	INFO	Warning: Reconciler returned both a non-zero result and a non-nil error. The result will always be ignored if the error is non-nil and the non-nil error causes requeuing with exponential backoff. For more details, see: https://pkg.go.dev/sigs.k8s.io/controller-runtime/pkg/reconcile#Reconciler	{"controller": "neo4jbackup", "controllerGroup": "neo4j.neo4j.com", "controllerKind": "Neo4jBackup", "Neo4jBackup": {"name":"test-backup-invalid-storage","namespace":"test-failure-1750934075033884000-1750934075035500000"}, "namespace": "test-failure-1750934075033884000-1750934075035500000", "name": "test-backup-invalid-storage", "reconcileID": "e14dba1d-afa7-46bc-a97f-4bf552689da3"}
  2025-06-26T12:34:35+02:00	ERROR	Reconciler error	{"controller": "neo4jbackup", "controllerGroup": "neo4j.neo4j.com", "controllerKind": "Neo4jBackup", "Neo4jBackup": {"name":"test-backup-invalid-storage","namespace":"test-failure-1750934075033884000-1750934075035500000"}, "namespace": "test-failure-1750934075033884000-1750934075035500000", "name": "test-backup-invalid-storage", "reconcileID": "e14dba1d-afa7-46bc-a97f-4bf552689da3", "error": "Neo4jEnterpriseCluster.neo4j.neo4j.com \"test-cluster\" not found"}
  sigs.k8s.io/controller-runtime/pkg/internal/controller.(*Controller[...]).reconcileHandler
  	/Users/priyolahiri/go/pkg/mod/sigs.k8s.io/controller-runtime@v0.21.0/pkg/internal/controller/controller.go:353
  sigs.k8s.io/controller-runtime/pkg/internal/controller.(*Controller[...]).processNextWorkItem
  	/Users/priyolahiri/go/pkg/mod/sigs.k8s.io/controller-runtime@v0.21.0/pkg/internal/controller/controller.go:300
  sigs.k8s.io/controller-runtime/pkg/internal/controller.(*Controller[...]).Start.func2.1
  	/Users/priyolahiri/go/pkg/mod/sigs.k8s.io/controller-runtime@v0.21.0/pkg/internal/controller/controller.go:202
  2025-06-26T12:34:35+02:00	INFO	Warning: Reconciler returned both a non-zero result and a non-nil error. The result will always be ignored if the error is non-nil and the non-nil error causes requeuing with exponential backoff. For more details, see: https://pkg.go.dev/sigs.k8s.io/controller-runtime/pkg/reconcile#Reconciler	{"controller": "neo4jrestore", "controllerGroup": "neo4j.neo4j.com", "controllerKind": "Neo4jRestore", "Neo4jRestore": {"name":"test-restore-no-cluster","namespace":"test-failure-1750934075035366000-1750934075036586000"}, "namespace": "test-failure-1750934075035366000-1750934075036586000", "name": "test-restore-no-cluster", "reconcileID": "c07427db-874d-4062-951e-ec1e758e08f7"}
  2025-06-26T12:34:35+02:00	ERROR	Reconciler error	{"controller": "neo4jrestore", "controllerGroup": "neo4j.neo4j.com", "controllerKind": "Neo4jRestore", "Neo4jRestore": {"name":"test-restore-no-cluster","namespace":"test-failure-1750934075035366000-1750934075036586000"}, "namespace": "test-failure-1750934075035366000-1750934075036586000", "name": "test-restore-no-cluster", "reconcileID": "c07427db-874d-4062-951e-ec1e758e08f7", "error": "Neo4jEnterpriseCluster.neo4j.neo4j.com \"non-existent-cluster\" not found"}
  sigs.k8s.io/controller-runtime/pkg/internal/controller.(*Controller[...]).reconcileHandler
  	/Users/priyolahiri/go/pkg/mod/sigs.k8s.io/controller-runtime@v0.21.0/pkg/internal/controller/controller.go:353
  sigs.k8s.io/controller-runtime/pkg/internal/controller.(*Controller[...]).processNextWorkItem
  	/Users/priyolahiri/go/pkg/mod/sigs.k8s.io/controller-runtime@v0.21.0/pkg/internal/controller/controller.go:300
  sigs.k8s.io/controller-runtime/pkg/internal/controller.(*Controller[...]).Start.func2.1
  	/Users/priyolahiri/go/pkg/mod/sigs.k8s.io/controller-runtime@v0.21.0/pkg/internal/controller/controller.go:202
  2025-06-26T12:34:35+02:00	ERROR	Failed to get target cluster	{"controller": "neo4jbackup", "controllerGroup": "neo4j.neo4j.com", "controllerKind": "Neo4jBackup", "Neo4jBackup": {"name":"test-backup-no-cluster","namespace":"test-failure-1750934075031883000-1750934075034004000"}, "namespace": "test-failure-1750934075031883000-1750934075034004000", "name": "test-backup-no-cluster", "reconcileID": "d508f59a-e083-4dff-9779-35151bbfc634", "error": "Neo4jEnterpriseCluster.neo4j.neo4j.com \"non-existent-cluster\" not found"}
  github.com/neo4j-labs/neo4j-kubernetes-operator/internal/controller.(*Neo4jBackupReconciler).Reconcile
  	/Users/priyolahiri/Code/neo4j-kubernetes-operator/internal/controller/neo4jbackup_controller.go:106
  sigs.k8s.io/controller-runtime/pkg/internal/controller.(*Controller[...]).Reconcile
  	/Users/priyolahiri/go/pkg/mod/sigs.k8s.io/controller-runtime@v0.21.0/pkg/internal/controller/controller.go:119
  sigs.k8s.io/controller-runtime/pkg/internal/controller.(*Controller[...]).reconcileHandler
  	/Users/priyolahiri/go/pkg/mod/sigs.k8s.io/controller-runtime@v0.21.0/pkg/internal/controller/controller.go:340
  sigs.k8s.io/controller-runtime/pkg/internal/controller.(*Controller[...]).processNextWorkItem
  	/Users/priyolahiri/go/pkg/mod/sigs.k8s.io/controller-runtime@v0.21.0/pkg/internal/controller/controller.go:300
  sigs.k8s.io/controller-runtime/pkg/internal/controller.(*Controller[...]).Start.func2.1
  	/Users/priyolahiri/go/pkg/mod/sigs.k8s.io/controller-runtime@v0.21.0/pkg/internal/controller/controller.go:202
  2025-06-26T12:34:35+02:00	ERROR	Failed to get target cluster	{"controller": "neo4jrestore", "controllerGroup": "neo4j.neo4j.com", "controllerKind": "Neo4jRestore", "Neo4jRestore": {"name":"test-restore-no-backup","namespace":"test-failure-1750934075033706000-1750934075035488000"}, "namespace": "test-failure-1750934075033706000-1750934075035488000", "name": "test-restore-no-backup", "reconcileID": "9c1379e6-73dc-4754-8a12-30bc9b230804", "error": "Neo4jEnterpriseCluster.neo4j.neo4j.com \"test-cluster\" not found"}
  github.com/neo4j-labs/neo4j-kubernetes-operator/internal/controller.(*Neo4jRestoreReconciler).Reconcile
  	/Users/priyolahiri/Code/neo4j-kubernetes-operator/internal/controller/neo4jrestore_controller.go:118
  sigs.k8s.io/controller-runtime/pkg/internal/controller.(*Controller[...]).Reconcile
  	/Users/priyolahiri/go/pkg/mod/sigs.k8s.io/controller-runtime@v0.21.0/pkg/internal/controller/controller.go:119
  sigs.k8s.io/controller-runtime/pkg/internal/controller.(*Controller[...]).reconcileHandler
  	/Users/priyolahiri/go/pkg/mod/sigs.k8s.io/controller-runtime@v0.21.0/pkg/internal/controller/controller.go:340
  sigs.k8s.io/controller-runtime/pkg/internal/controller.(*Controller[...]).processNextWorkItem
  	/Users/priyolahiri/go/pkg/mod/sigs.k8s.io/controller-runtime@v0.21.0/pkg/internal/controller/controller.go:300
  sigs.k8s.io/controller-runtime/pkg/internal/controller.(*Controller[...]).Start.func2.1
  	/Users/priyolahiri/go/pkg/mod/sigs.k8s.io/controller-runtime@v0.21.0/pkg/internal/controller/controller.go:202
  2025-06-26T12:34:35+02:00	INFO	Warning: Reconciler returned both a non-zero result and a non-nil error. The result will always be ignored if the error is non-nil and the non-nil error causes requeuing with exponential backoff. For more details, see: https://pkg.go.dev/sigs.k8s.io/controller-runtime/pkg/reconcile#Reconciler	{"controller": "neo4jrestore", "controllerGroup": "neo4j.neo4j.com", "controllerKind": "Neo4jRestore", "Neo4jRestore": {"name":"test-restore-no-backup","namespace":"test-failure-1750934075033706000-1750934075035488000"}, "namespace": "test-failure-1750934075033706000-1750934075035488000", "name": "test-restore-no-backup", "reconcileID": "9c1379e6-73dc-4754-8a12-30bc9b230804"}
  2025-06-26T12:34:35+02:00	ERROR	Reconciler error	{"controller": "neo4jrestore", "controllerGroup": "neo4j.neo4j.com", "controllerKind": "Neo4jRestore", "Neo4jRestore": {"name":"test-restore-no-backup","namespace":"test-failure-1750934075033706000-1750934075035488000"}, "namespace": "test-failure-1750934075033706000-1750934075035488000", "name": "test-restore-no-backup", "reconcileID": "9c1379e6-73dc-4754-8a12-30bc9b230804", "error": "Neo4jEnterpriseCluster.neo4j.neo4j.com \"test-cluster\" not found"}
  sigs.k8s.io/controller-runtime/pkg/internal/controller.(*Controller[...]).reconcileHandler
  	/Users/priyolahiri/go/pkg/mod/sigs.k8s.io/controller-runtime@v0.21.0/pkg/internal/controller/controller.go:353
  sigs.k8s.io/controller-runtime/pkg/internal/controller.(*Controller[...]).processNextWorkItem
  	/Users/priyolahiri/go/pkg/mod/sigs.k8s.io/controller-runtime@v0.21.0/pkg/internal/controller/controller.go:300
  sigs.k8s.io/controller-runtime/pkg/internal/controller.(*Controller[...]).Start.func2.1
  	/Users/priyolahiri/go/pkg/mod/sigs.k8s.io/controller-runtime@v0.21.0/pkg/internal/controller/controller.go:202
  2025-06-26T12:34:35+02:00	INFO	Warning: Reconciler returned both a non-zero result and a non-nil error. The result will always be ignored if the error is non-nil and the non-nil error causes requeuing with exponential backoff. For more details, see: https://pkg.go.dev/sigs.k8s.io/controller-runtime/pkg/reconcile#Reconciler	{"controller": "neo4jbackup", "controllerGroup": "neo4j.neo4j.com", "controllerKind": "Neo4jBackup", "Neo4jBackup": {"name":"test-backup-no-cluster","namespace":"test-failure-1750934075031883000-1750934075034004000"}, "namespace": "test-failure-1750934075031883000-1750934075034004000", "name": "test-backup-no-cluster", "reconcileID": "d508f59a-e083-4dff-9779-35151bbfc634"}
  2025-06-26T12:34:35+02:00	ERROR	Reconciler error	{"controller": "neo4jbackup", "controllerGroup": "neo4j.neo4j.com", "controllerKind": "Neo4jBackup", "Neo4jBackup": {"name":"test-backup-no-cluster","namespace":"test-failure-1750934075031883000-1750934075034004000"}, "namespace": "test-failure-1750934075031883000-1750934075034004000", "name": "test-backup-no-cluster", "reconcileID": "d508f59a-e083-4dff-9779-35151bbfc634", "error": "Neo4jEnterpriseCluster.neo4j.neo4j.com \"non-existent-cluster\" not found"}
  sigs.k8s.io/controller-runtime/pkg/internal/controller.(*Controller[...]).reconcileHandler
  	/Users/priyolahiri/go/pkg/mod/sigs.k8s.io/controller-runtime@v0.21.0/pkg/internal/controller/controller.go:353
  sigs.k8s.io/controller-runtime/pkg/internal/controller.(*Controller[...]).processNextWorkItem
  	/Users/priyolahiri/go/pkg/mod/sigs.k8s.io/controller-runtime@v0.21.0/pkg/internal/controller/controller.go:300
  sigs.k8s.io/controller-runtime/pkg/internal/controller.(*Controller[...]).Start.func2.1
  	/Users/priyolahiri/go/pkg/mod/sigs.k8s.io/controller-runtime@v0.21.0/pkg/internal/controller/controller.go:202
  2025-06-26T12:34:35+02:00	ERROR	Failed to get target cluster	{"controller": "neo4jbackup", "controllerGroup": "neo4j.neo4j.com", "controllerKind": "Neo4jBackup", "Neo4jBackup": {"name":"test-backup-invalid-storage","namespace":"test-failure-1750934075033884000-1750934075035500000"}, "namespace": "test-failure-1750934075033884000-1750934075035500000", "name": "test-backup-invalid-storage", "reconcileID": "22ecec4e-25ba-46c3-9c74-e330ff91c1ff", "error": "Neo4jEnterpriseCluster.neo4j.neo4j.com \"test-cluster\" not found"}
  github.com/neo4j-labs/neo4j-kubernetes-operator/internal/controller.(*Neo4jBackupReconciler).Reconcile
  	/Users/priyolahiri/Code/neo4j-kubernetes-operator/internal/controller/neo4jbackup_controller.go:106
  sigs.k8s.io/controller-runtime/pkg/internal/controller.(*Controller[...]).Reconcile
  	/Users/priyolahiri/go/pkg/mod/sigs.k8s.io/controller-runtime@v0.21.0/pkg/internal/controller/controller.go:119
  sigs.k8s.io/controller-runtime/pkg/internal/controller.(*Controller[...]).reconcileHandler
  	/Users/priyolahiri/go/pkg/mod/sigs.k8s.io/controller-runtime@v0.21.0/pkg/internal/controller/controller.go:340
  sigs.k8s.io/controller-runtime/pkg/internal/controller.(*Controller[...]).processNextWorkItem
  	/Users/priyolahiri/go/pkg/mod/sigs.k8s.io/controller-runtime@v0.21.0/pkg/internal/controller/controller.go:300
  sigs.k8s.io/controller-runtime/pkg/internal/controller.(*Controller[...]).Start.func2.1
  	/Users/priyolahiri/go/pkg/mod/sigs.k8s.io/controller-runtime@v0.21.0/pkg/internal/controller/controller.go:202
  2025-06-26T12:34:35+02:00	ERROR	Failed to get target cluster	{"controller": "neo4jrestore", "controllerGroup": "neo4j.neo4j.com", "controllerKind": "Neo4jRestore", "Neo4jRestore": {"name":"test-restore-no-cluster","namespace":"test-failure-1750934075035366000-1750934075036586000"}, "namespace": "test-failure-1750934075035366000-1750934075036586000", "name": "test-restore-no-cluster", "reconcileID": "58735237-0c11-4c39-ae64-f8cc32bc318b", "error": "Neo4jEnterpriseCluster.neo4j.neo4j.com \"non-existent-cluster\" not found"}
  github.com/neo4j-labs/neo4j-kubernetes-operator/internal/controller.(*Neo4jRestoreReconciler).Reconcile
  	/Users/priyolahiri/Code/neo4j-kubernetes-operator/internal/controller/neo4jrestore_controller.go:118
  sigs.k8s.io/controller-runtime/pkg/internal/controller.(*Controller[...]).Reconcile
  	/Users/priyolahiri/go/pkg/mod/sigs.k8s.io/controller-runtime@v0.21.0/pkg/internal/controller/controller.go:119
  sigs.k8s.io/controller-runtime/pkg/internal/controller.(*Controller[...]).reconcileHandler
  	/Users/priyolahiri/go/pkg/mod/sigs.k8s.io/controller-runtime@v0.21.0/pkg/internal/controller/controller.go:340
  sigs.k8s.io/controller-runtime/pkg/internal/controller.(*Controller[...]).processNextWorkItem
  	/Users/priyolahiri/go/pkg/mod/sigs.k8s.io/controller-runtime@v0.21.0/pkg/internal/controller/controller.go:300
  sigs.k8s.io/controller-runtime/pkg/internal/controller.(*Controller[...]).Start.func2.1
  	/Users/priyolahiri/go/pkg/mod/sigs.k8s.io/controller-runtime@v0.21.0/pkg/internal/controller/controller.go:202
  2025-06-26T12:34:35+02:00	INFO	Warning: Reconciler returned both a non-zero result and a non-nil error. The result will always be ignored if the error is non-nil and the non-nil error causes requeuing with exponential backoff. For more details, see: https://pkg.go.dev/sigs.k8s.io/controller-runtime/pkg/reconcile#Reconciler	{"controller": "neo4jbackup", "controllerGroup": "neo4j.neo4j.com", "controllerKind": "Neo4jBackup", "Neo4jBackup": {"name":"test-backup-invalid-storage","namespace":"test-failure-1750934075033884000-1750934075035500000"}, "namespace": "test-failure-1750934075033884000-1750934075035500000", "name": "test-backup-invalid-storage", "reconcileID": "22ecec4e-25ba-46c3-9c74-e330ff91c1ff"}
  2025-06-26T12:34:35+02:00	ERROR	Reconciler error	{"controller": "neo4jbackup", "controllerGroup": "neo4j.neo4j.com", "controllerKind": "Neo4jBackup", "Neo4jBackup": {"name":"test-backup-invalid-storage","namespace":"test-failure-1750934075033884000-1750934075035500000"}, "namespace": "test-failure-1750934075033884000-1750934075035500000", "name": "test-backup-invalid-storage", "reconcileID": "22ecec4e-25ba-46c3-9c74-e330ff91c1ff", "error": "Neo4jEnterpriseCluster.neo4j.neo4j.com \"test-cluster\" not found"}
  sigs.k8s.io/controller-runtime/pkg/internal/controller.(*Controller[...]).reconcileHandler
  	/Users/priyolahiri/go/pkg/mod/sigs.k8s.io/controller-runtime@v0.21.0/pkg/internal/controller/controller.go:353
  sigs.k8s.io/controller-runtime/pkg/internal/controller.(*Controller[...]).processNextWorkItem
  	/Users/priyolahiri/go/pkg/mod/sigs.k8s.io/controller-runtime@v0.21.0/pkg/internal/controller/controller.go:300
  sigs.k8s.io/controller-runtime/pkg/internal/controller.(*Controller[...]).Start.func2.1
  	/Users/priyolahiri/go/pkg/mod/sigs.k8s.io/controller-runtime@v0.21.0/pkg/internal/controller/controller.go:202
  2025-06-26T12:34:35+02:00	ERROR	Failed to get target cluster	{"controller": "neo4jbackup", "controllerGroup": "neo4j.neo4j.com", "controllerKind": "Neo4jBackup", "Neo4jBackup": {"name":"test-backup-no-cluster","namespace":"test-failure-1750934075031883000-1750934075034004000"}, "namespace": "test-failure-1750934075031883000-1750934075034004000", "name": "test-backup-no-cluster", "reconcileID": "601a2a45-7748-4b33-9802-ce05911ffd0a", "error": "Neo4jEnterpriseCluster.neo4j.neo4j.com \"non-existent-cluster\" not found"}
  github.com/neo4j-labs/neo4j-kubernetes-operator/internal/controller.(*Neo4jBackupReconciler).Reconcile
  	/Users/priyolahiri/Code/neo4j-kubernetes-operator/internal/controller/neo4jbackup_controller.go:106
  sigs.k8s.io/controller-runtime/pkg/internal/controller.(*Controller[...]).Reconcile
  	/Users/priyolahiri/go/pkg/mod/sigs.k8s.io/controller-runtime@v0.21.0/pkg/internal/controller/controller.go:119
  sigs.k8s.io/controller-runtime/pkg/internal/controller.(*Controller[...]).reconcileHandler
  	/Users/priyolahiri/go/pkg/mod/sigs.k8s.io/controller-runtime@v0.21.0/pkg/internal/controller/controller.go:340
  sigs.k8s.io/controller-runtime/pkg/internal/controller.(*Controller[...]).processNextWorkItem
  	/Users/priyolahiri/go/pkg/mod/sigs.k8s.io/controller-runtime@v0.21.0/pkg/internal/controller/controller.go:300
  sigs.k8s.io/controller-runtime/pkg/internal/controller.(*Controller[...]).Start.func2.1
  	/Users/priyolahiri/go/pkg/mod/sigs.k8s.io/controller-runtime@v0.21.0/pkg/internal/controller/controller.go:202
  2025-06-26T12:34:35+02:00	INFO	Warning: Reconciler returned both a non-zero result and a non-nil error. The result will always be ignored if the error is non-nil and the non-nil error causes requeuing with exponential backoff. For more details, see: https://pkg.go.dev/sigs.k8s.io/controller-runtime/pkg/reconcile#Reconciler	{"controller": "neo4jrestore", "controllerGroup": "neo4j.neo4j.com", "controllerKind": "Neo4jRestore", "Neo4jRestore": {"name":"test-restore-no-cluster","namespace":"test-failure-1750934075035366000-1750934075036586000"}, "namespace": "test-failure-1750934075035366000-1750934075036586000", "name": "test-restore-no-cluster", "reconcileID": "58735237-0c11-4c39-ae64-f8cc32bc318b"}
  2025-06-26T12:34:35+02:00	ERROR	Reconciler error	{"controller": "neo4jrestore", "controllerGroup": "neo4j.neo4j.com", "controllerKind": "Neo4jRestore", "Neo4jRestore": {"name":"test-restore-no-cluster","namespace":"test-failure-1750934075035366000-1750934075036586000"}, "namespace": "test-failure-1750934075035366000-1750934075036586000", "name": "test-restore-no-cluster", "reconcileID": "58735237-0c11-4c39-ae64-f8cc32bc318b", "error": "Neo4jEnterpriseCluster.neo4j.neo4j.com \"non-existent-cluster\" not found"}
  sigs.k8s.io/controller-runtime/pkg/internal/controller.(*Controller[...]).reconcileHandler
  	/Users/priyolahiri/go/pkg/mod/sigs.k8s.io/controller-runtime@v0.21.0/pkg/internal/controller/controller.go:353
  sigs.k8s.io/controller-runtime/pkg/internal/controller.(*Controller[...]).processNextWorkItem
  	/Users/priyolahiri/go/pkg/mod/sigs.k8s.io/controller-runtime@v0.21.0/pkg/internal/controller/controller.go:300
  sigs.k8s.io/controller-runtime/pkg/internal/controller.(*Controller[...]).Start.func2.1
  	/Users/priyolahiri/go/pkg/mod/sigs.k8s.io/controller-runtime@v0.21.0/pkg/internal/controller/controller.go:202
  2025-06-26T12:34:35+02:00	ERROR	Failed to get target cluster	{"controller": "neo4jrestore", "controllerGroup": "neo4j.neo4j.com", "controllerKind": "Neo4jRestore", "Neo4jRestore": {"name":"test-restore-no-backup","namespace":"test-failure-1750934075033706000-1750934075035488000"}, "namespace": "test-failure-1750934075033706000-1750934075035488000", "name": "test-restore-no-backup", "reconcileID": "727bc8bb-b15f-46c1-b5eb-6b668c01d1a6", "error": "Neo4jEnterpriseCluster.neo4j.neo4j.com \"test-cluster\" not found"}
  github.com/neo4j-labs/neo4j-kubernetes-operator/internal/controller.(*Neo4jRestoreReconciler).Reconcile
  	/Users/priyolahiri/Code/neo4j-kubernetes-operator/internal/controller/neo4jrestore_controller.go:118
  sigs.k8s.io/controller-runtime/pkg/internal/controller.(*Controller[...]).Reconcile
  	/Users/priyolahiri/go/pkg/mod/sigs.k8s.io/controller-runtime@v0.21.0/pkg/internal/controller/controller.go:119
  sigs.k8s.io/controller-runtime/pkg/internal/controller.(*Controller[...]).reconcileHandler
  	/Users/priyolahiri/go/pkg/mod/sigs.k8s.io/controller-runtime@v0.21.0/pkg/internal/controller/controller.go:340
  sigs.k8s.io/controller-runtime/pkg/internal/controller.(*Controller[...]).processNextWorkItem
  	/Users/priyolahiri/go/pkg/mod/sigs.k8s.io/controller-runtime@v0.21.0/pkg/internal/controller/controller.go:300
  sigs.k8s.io/controller-runtime/pkg/internal/controller.(*Controller[...]).Start.func2.1
  	/Users/priyolahiri/go/pkg/mod/sigs.k8s.io/controller-runtime@v0.21.0/pkg/internal/controller/controller.go:202
  2025-06-26T12:34:35+02:00	INFO	Warning: Reconciler returned both a non-zero result and a non-nil error. The result will always be ignored if the error is non-nil and the non-nil error causes requeuing with exponential backoff. For more details, see: https://pkg.go.dev/sigs.k8s.io/controller-runtime/pkg/reconcile#Reconciler	{"controller": "neo4jbackup", "controllerGroup": "neo4j.neo4j.com", "controllerKind": "Neo4jBackup", "Neo4jBackup": {"name":"test-backup-no-cluster","namespace":"test-failure-1750934075031883000-1750934075034004000"}, "namespace": "test-failure-1750934075031883000-1750934075034004000", "name": "test-backup-no-cluster", "reconcileID": "601a2a45-7748-4b33-9802-ce05911ffd0a"}
  2025-06-26T12:34:35+02:00	ERROR	Reconciler error	{"controller": "neo4jbackup", "controllerGroup": "neo4j.neo4j.com", "controllerKind": "Neo4jBackup", "Neo4jBackup": {"name":"test-backup-no-cluster","namespace":"test-failure-1750934075031883000-1750934075034004000"}, "namespace": "test-failure-1750934075031883000-1750934075034004000", "name": "test-backup-no-cluster", "reconcileID": "601a2a45-7748-4b33-9802-ce05911ffd0a", "error": "Neo4jEnterpriseCluster.neo4j.neo4j.com \"non-existent-cluster\" not found"}
  sigs.k8s.io/controller-runtime/pkg/internal/controller.(*Controller[...]).reconcileHandler
  	/Users/priyolahiri/go/pkg/mod/sigs.k8s.io/controller-runtime@v0.21.0/pkg/internal/controller/controller.go:353
  sigs.k8s.io/controller-runtime/pkg/internal/controller.(*Controller[...]).processNextWorkItem
  	/Users/priyolahiri/go/pkg/mod/sigs.k8s.io/controller-runtime@v0.21.0/pkg/internal/controller/controller.go:300
  sigs.k8s.io/controller-runtime/pkg/internal/controller.(*Controller[...]).Start.func2.1
  	/Users/priyolahiri/go/pkg/mod/sigs.k8s.io/controller-runtime@v0.21.0/pkg/internal/controller/controller.go:202
  2025-06-26T12:34:35+02:00	INFO	Warning: Reconciler returned both a non-zero result and a non-nil error. The result will always be ignored if the error is non-nil and the non-nil error causes requeuing with exponential backoff. For more details, see: https://pkg.go.dev/sigs.k8s.io/controller-runtime/pkg/reconcile#Reconciler	{"controller": "neo4jrestore", "controllerGroup": "neo4j.neo4j.com", "controllerKind": "Neo4jRestore", "Neo4jRestore": {"name":"test-restore-no-backup","namespace":"test-failure-1750934075033706000-1750934075035488000"}, "namespace": "test-failure-1750934075033706000-1750934075035488000", "name": "test-restore-no-backup", "reconcileID": "727bc8bb-b15f-46c1-b5eb-6b668c01d1a6"}
  2025-06-26T12:34:35+02:00	ERROR	Reconciler error	{"controller": "neo4jrestore", "controllerGroup": "neo4j.neo4j.com", "controllerKind": "Neo4jRestore", "Neo4jRestore": {"name":"test-restore-no-backup","namespace":"test-failure-1750934075033706000-1750934075035488000"}, "namespace": "test-failure-1750934075033706000-1750934075035488000", "name": "test-restore-no-backup", "reconcileID": "727bc8bb-b15f-46c1-b5eb-6b668c01d1a6", "error": "Neo4jEnterpriseCluster.neo4j.neo4j.com \"test-cluster\" not found"}
  sigs.k8s.io/controller-runtime/pkg/internal/controller.(*Controller[...]).reconcileHandler
  	/Users/priyolahiri/go/pkg/mod/sigs.k8s.io/controller-runtime@v0.21.0/pkg/internal/controller/controller.go:353
  sigs.k8s.io/controller-runtime/pkg/internal/controller.(*Controller[...]).processNextWorkItem
  	/Users/priyolahiri/go/pkg/mod/sigs.k8s.io/controller-runtime@v0.21.0/pkg/internal/controller/controller.go:300
  sigs.k8s.io/controller-runtime/pkg/internal/controller.(*Controller[...]).Start.func2.1
  	/Users/priyolahiri/go/pkg/mod/sigs.k8s.io/controller-runtime@v0.21.0/pkg/internal/controller/controller.go:202
  2025-06-26T12:34:35+02:00	ERROR	Failed to get target cluster	{"controller": "neo4jbackup", "controllerGroup": "neo4j.neo4j.com", "controllerKind": "Neo4jBackup", "Neo4jBackup": {"name":"test-backup-invalid-storage","namespace":"test-failure-1750934075033884000-1750934075035500000"}, "namespace": "test-failure-1750934075033884000-1750934075035500000", "name": "test-backup-invalid-storage", "reconcileID": "1a3047f9-8c04-4644-ab34-85a7067bef49", "error": "Neo4jEnterpriseCluster.neo4j.neo4j.com \"test-cluster\" not found"}
  github.com/neo4j-labs/neo4j-kubernetes-operator/internal/controller.(*Neo4jBackupReconciler).Reconcile
  	/Users/priyolahiri/Code/neo4j-kubernetes-operator/internal/controller/neo4jbackup_controller.go:106
  sigs.k8s.io/controller-runtime/pkg/internal/controller.(*Controller[...]).Reconcile
  	/Users/priyolahiri/go/pkg/mod/sigs.k8s.io/controller-runtime@v0.21.0/pkg/internal/controller/controller.go:119
  sigs.k8s.io/controller-runtime/pkg/internal/controller.(*Controller[...]).reconcileHandler
  	/Users/priyolahiri/go/pkg/mod/sigs.k8s.io/controller-runtime@v0.21.0/pkg/internal/controller/controller.go:340
  sigs.k8s.io/controller-runtime/pkg/internal/controller.(*Controller[...]).processNextWorkItem
  	/Users/priyolahiri/go/pkg/mod/sigs.k8s.io/controller-runtime@v0.21.0/pkg/internal/controller/controller.go:300
  sigs.k8s.io/controller-runtime/pkg/internal/controller.(*Controller[...]).Start.func2.1
  	/Users/priyolahiri/go/pkg/mod/sigs.k8s.io/controller-runtime@v0.21.0/pkg/internal/controller/controller.go:202
  2025-06-26T12:34:35+02:00	ERROR	Failed to get target cluster	{"controller": "neo4jrestore", "controllerGroup": "neo4j.neo4j.com", "controllerKind": "Neo4jRestore", "Neo4jRestore": {"name":"test-restore-no-cluster","namespace":"test-failure-1750934075035366000-1750934075036586000"}, "namespace": "test-failure-1750934075035366000-1750934075036586000", "name": "test-restore-no-cluster", "reconcileID": "da2a2dda-a9ac-4888-a84b-5e333c66a78d", "error": "Neo4jEnterpriseCluster.neo4j.neo4j.com \"non-existent-cluster\" not found"}
  github.com/neo4j-labs/neo4j-kubernetes-operator/internal/controller.(*Neo4jRestoreReconciler).Reconcile
  	/Users/priyolahiri/Code/neo4j-kubernetes-operator/internal/controller/neo4jrestore_controller.go:118
  sigs.k8s.io/controller-runtime/pkg/internal/controller.(*Controller[...]).Reconcile
  	/Users/priyolahiri/go/pkg/mod/sigs.k8s.io/controller-runtime@v0.21.0/pkg/internal/controller/controller.go:119
  sigs.k8s.io/controller-runtime/pkg/internal/controller.(*Controller[...]).reconcileHandler
  	/Users/priyolahiri/go/pkg/mod/sigs.k8s.io/controller-runtime@v0.21.0/pkg/internal/controller/controller.go:340
  sigs.k8s.io/controller-runtime/pkg/internal/controller.(*Controller[...]).processNextWorkItem
  	/Users/priyolahiri/go/pkg/mod/sigs.k8s.io/controller-runtime@v0.21.0/pkg/internal/controller/controller.go:300
  sigs.k8s.io/controller-runtime/pkg/internal/controller.(*Controller[...]).Start.func2.1
  	/Users/priyolahiri/go/pkg/mod/sigs.k8s.io/controller-runtime@v0.21.0/pkg/internal/controller/controller.go:202
  2025-06-26T12:34:35+02:00	INFO	Warning: Reconciler returned both a non-zero result and a non-nil error. The result will always be ignored if the error is non-nil and the non-nil error causes requeuing with exponential backoff. For more details, see: https://pkg.go.dev/sigs.k8s.io/controller-runtime/pkg/reconcile#Reconciler	{"controller": "neo4jbackup", "controllerGroup": "neo4j.neo4j.com", "controllerKind": "Neo4jBackup", "Neo4jBackup": {"name":"test-backup-invalid-storage","namespace":"test-failure-1750934075033884000-1750934075035500000"}, "namespace": "test-failure-1750934075033884000-1750934075035500000", "name": "test-backup-invalid-storage", "reconcileID": "1a3047f9-8c04-4644-ab34-85a7067bef49"}
  2025-06-26T12:34:35+02:00	ERROR	Reconciler error	{"controller": "neo4jbackup", "controllerGroup": "neo4j.neo4j.com", "controllerKind": "Neo4jBackup", "Neo4jBackup": {"name":"test-backup-invalid-storage","namespace":"test-failure-1750934075033884000-1750934075035500000"}, "namespace": "test-failure-1750934075033884000-1750934075035500000", "name": "test-backup-invalid-storage", "reconcileID": "1a3047f9-8c04-4644-ab34-85a7067bef49", "error": "Neo4jEnterpriseCluster.neo4j.neo4j.com \"test-cluster\" not found"}
  sigs.k8s.io/controller-runtime/pkg/internal/controller.(*Controller[...]).reconcileHandler
  	/Users/priyolahiri/go/pkg/mod/sigs.k8s.io/controller-runtime@v0.21.0/pkg/internal/controller/controller.go:353
  sigs.k8s.io/controller-runtime/pkg/internal/controller.(*Controller[...]).processNextWorkItem
  	/Users/priyolahiri/go/pkg/mod/sigs.k8s.io/controller-runtime@v0.21.0/pkg/internal/controller/controller.go:300
  sigs.k8s.io/controller-runtime/pkg/internal/controller.(*Controller[...]).Start.func2.1
  	/Users/priyolahiri/go/pkg/mod/sigs.k8s.io/controller-runtime@v0.21.0/pkg/internal/controller/controller.go:202
  2025-06-26T12:34:35+02:00	ERROR	Failed to get target cluster	{"controller": "neo4jbackup", "controllerGroup": "neo4j.neo4j.com", "controllerKind": "Neo4jBackup", "Neo4jBackup": {"name":"test-backup-no-cluster","namespace":"test-failure-1750934075031883000-1750934075034004000"}, "namespace": "test-failure-1750934075031883000-1750934075034004000", "name": "test-backup-no-cluster", "reconcileID": "02d76364-c287-47c6-a176-8696b39bc391", "error": "Neo4jEnterpriseCluster.neo4j.neo4j.com \"non-existent-cluster\" not found"}
  github.com/neo4j-labs/neo4j-kubernetes-operator/internal/controller.(*Neo4jBackupReconciler).Reconcile
  	/Users/priyolahiri/Code/neo4j-kubernetes-operator/internal/controller/neo4jbackup_controller.go:106
  sigs.k8s.io/controller-runtime/pkg/internal/controller.(*Controller[...]).Reconcile
  	/Users/priyolahiri/go/pkg/mod/sigs.k8s.io/controller-runtime@v0.21.0/pkg/internal/controller/controller.go:119
  sigs.k8s.io/controller-runtime/pkg/internal/controller.(*Controller[...]).reconcileHandler
  	/Users/priyolahiri/go/pkg/mod/sigs.k8s.io/controller-runtime@v0.21.0/pkg/internal/controller/controller.go:340
  sigs.k8s.io/controller-runtime/pkg/internal/controller.(*Controller[...]).processNextWorkItem
  	/Users/priyolahiri/go/pkg/mod/sigs.k8s.io/controller-runtime@v0.21.0/pkg/internal/controller/controller.go:300
  sigs.k8s.io/controller-runtime/pkg/internal/controller.(*Controller[...]).Start.func2.1
  	/Users/priyolahiri/go/pkg/mod/sigs.k8s.io/controller-runtime@v0.21.0/pkg/internal/controller/controller.go:202
  2025-06-26T12:34:35+02:00	INFO	Warning: Reconciler returned both a non-zero result and a non-nil error. The result will always be ignored if the error is non-nil and the non-nil error causes requeuing with exponential backoff. For more details, see: https://pkg.go.dev/sigs.k8s.io/controller-runtime/pkg/reconcile#Reconciler	{"controller": "neo4jrestore", "controllerGroup": "neo4j.neo4j.com", "controllerKind": "Neo4jRestore", "Neo4jRestore": {"name":"test-restore-no-cluster","namespace":"test-failure-1750934075035366000-1750934075036586000"}, "namespace": "test-failure-1750934075035366000-1750934075036586000", "name": "test-restore-no-cluster", "reconcileID": "da2a2dda-a9ac-4888-a84b-5e333c66a78d"}
  2025-06-26T12:34:35+02:00	ERROR	Reconciler error	{"controller": "neo4jrestore", "controllerGroup": "neo4j.neo4j.com", "controllerKind": "Neo4jRestore", "Neo4jRestore": {"name":"test-restore-no-cluster","namespace":"test-failure-1750934075035366000-1750934075036586000"}, "namespace": "test-failure-1750934075035366000-1750934075036586000", "name": "test-restore-no-cluster", "reconcileID": "da2a2dda-a9ac-4888-a84b-5e333c66a78d", "error": "Neo4jEnterpriseCluster.neo4j.neo4j.com \"non-existent-cluster\" not found"}
  sigs.k8s.io/controller-runtime/pkg/internal/controller.(*Controller[...]).reconcileHandler
  	/Users/priyolahiri/go/pkg/mod/sigs.k8s.io/controller-runtime@v0.21.0/pkg/internal/controller/controller.go:353
  sigs.k8s.io/controller-runtime/pkg/internal/controller.(*Controller[...]).processNextWorkItem
  	/Users/priyolahiri/go/pkg/mod/sigs.k8s.io/controller-runtime@v0.21.0/pkg/internal/controller/controller.go:300
  sigs.k8s.io/controller-runtime/pkg/internal/controller.(*Controller[...]).Start.func2.1
  	/Users/priyolahiri/go/pkg/mod/sigs.k8s.io/controller-runtime@v0.21.0/pkg/internal/controller/controller.go:202
  2025-06-26T12:34:35+02:00	ERROR	Failed to get target cluster	{"controller": "neo4jrestore", "controllerGroup": "neo4j.neo4j.com", "controllerKind": "Neo4jRestore", "Neo4jRestore": {"name":"test-restore-no-backup","namespace":"test-failure-1750934075033706000-1750934075035488000"}, "namespace": "test-failure-1750934075033706000-1750934075035488000", "name": "test-restore-no-backup", "reconcileID": "72b7e809-197f-4597-b891-bc1488c86ca9", "error": "Neo4jEnterpriseCluster.neo4j.neo4j.com \"test-cluster\" not found"}
  github.com/neo4j-labs/neo4j-kubernetes-operator/internal/controller.(*Neo4jRestoreReconciler).Reconcile
  	/Users/priyolahiri/Code/neo4j-kubernetes-operator/internal/controller/neo4jrestore_controller.go:118
  sigs.k8s.io/controller-runtime/pkg/internal/controller.(*Controller[...]).Reconcile
  	/Users/priyolahiri/go/pkg/mod/sigs.k8s.io/controller-runtime@v0.21.0/pkg/internal/controller/controller.go:119
  sigs.k8s.io/controller-runtime/pkg/internal/controller.(*Controller[...]).reconcileHandler
  	/Users/priyolahiri/go/pkg/mod/sigs.k8s.io/controller-runtime@v0.21.0/pkg/internal/controller/controller.go:340
  sigs.k8s.io/controller-runtime/pkg/internal/controller.(*Controller[...]).processNextWorkItem
  	/Users/priyolahiri/go/pkg/mod/sigs.k8s.io/controller-runtime@v0.21.0/pkg/internal/controller/controller.go:300
  sigs.k8s.io/controller-runtime/pkg/internal/controller.(*Controller[...]).Start.func2.1
  	/Users/priyolahiri/go/pkg/mod/sigs.k8s.io/controller-runtime@v0.21.0/pkg/internal/controller/controller.go:202
  2025-06-26T12:34:35+02:00	INFO	Warning: Reconciler returned both a non-zero result and a non-nil error. The result will always be ignored if the error is non-nil and the non-nil error causes requeuing with exponential backoff. For more details, see: https://pkg.go.dev/sigs.k8s.io/controller-runtime/pkg/reconcile#Reconciler	{"controller": "neo4jrestore", "controllerGroup": "neo4j.neo4j.com", "controllerKind": "Neo4jRestore", "Neo4jRestore": {"name":"test-restore-no-backup","namespace":"test-failure-1750934075033706000-1750934075035488000"}, "namespace": "test-failure-1750934075033706000-1750934075035488000", "name": "test-restore-no-backup", "reconcileID": "72b7e809-197f-4597-b891-bc1488c86ca9"}
  2025-06-26T12:34:35+02:00	INFO	Warning: Reconciler returned both a non-zero result and a non-nil error. The result will always be ignored if the error is non-nil and the non-nil error causes requeuing with exponential backoff. For more details, see: https://pkg.go.dev/sigs.k8s.io/controller-runtime/pkg/reconcile#Reconciler	{"controller": "neo4jbackup", "controllerGroup": "neo4j.neo4j.com", "controllerKind": "Neo4jBackup", "Neo4jBackup": {"name":"test-backup-no-cluster","namespace":"test-failure-1750934075031883000-1750934075034004000"}, "namespace": "test-failure-1750934075031883000-1750934075034004000", "name": "test-backup-no-cluster", "reconcileID": "02d76364-c287-47c6-a176-8696b39bc391"}
  2025-06-26T12:34:35+02:00	ERROR	Reconciler error	{"controller": "neo4jrestore", "controllerGroup": "neo4j.neo4j.com", "controllerKind": "Neo4jRestore", "Neo4jRestore": {"name":"test-restore-no-backup","namespace":"test-failure-1750934075033706000-1750934075035488000"}, "namespace": "test-failure-1750934075033706000-1750934075035488000", "name": "test-restore-no-backup", "reconcileID": "72b7e809-197f-4597-b891-bc1488c86ca9", "error": "Neo4jEnterpriseCluster.neo4j.neo4j.com \"test-cluster\" not found"}
  sigs.k8s.io/controller-runtime/pkg/internal/controller.(*Controller[...]).reconcileHandler
  	/Users/priyolahiri/go/pkg/mod/sigs.k8s.io/controller-runtime@v0.21.0/pkg/internal/controller/controller.go:353
  sigs.k8s.io/controller-runtime/pkg/internal/controller.(*Controller[...]).processNextWorkItem
  	/Users/priyolahiri/go/pkg/mod/sigs.k8s.io/controller-runtime@v0.21.0/pkg/internal/controller/controller.go:300
  sigs.k8s.io/controller-runtime/pkg/internal/controller.(*Controller[...]).Start.func2.1
  	/Users/priyolahiri/go/pkg/mod/sigs.k8s.io/controller-runtime@v0.21.0/pkg/internal/controller/controller.go:202
  2025-06-26T12:34:35+02:00	ERROR	Reconciler error	{"controller": "neo4jbackup", "controllerGroup": "neo4j.neo4j.com", "controllerKind": "Neo4jBackup", "Neo4jBackup": {"name":"test-backup-no-cluster","namespace":"test-failure-1750934075031883000-1750934075034004000"}, "namespace": "test-failure-1750934075031883000-1750934075034004000", "name": "test-backup-no-cluster", "reconcileID": "02d76364-c287-47c6-a176-8696b39bc391", "error": "Neo4jEnterpriseCluster.neo4j.neo4j.com \"non-existent-cluster\" not found"}
  sigs.k8s.io/controller-runtime/pkg/internal/controller.(*Controller[...]).reconcileHandler
  	/Users/priyolahiri/go/pkg/mod/sigs.k8s.io/controller-runtime@v0.21.0/pkg/internal/controller/controller.go:353
  sigs.k8s.io/controller-runtime/pkg/internal/controller.(*Controller[...]).processNextWorkItem
  	/Users/priyolahiri/go/pkg/mod/sigs.k8s.io/controller-runtime@v0.21.0/pkg/internal/controller/controller.go:300
  sigs.k8s.io/controller-runtime/pkg/internal/controller.(*Controller[...]).Start.func2.1
  	/Users/priyolahiri/go/pkg/mod/sigs.k8s.io/controller-runtime@v0.21.0/pkg/internal/controller/controller.go:202
  2025-06-26T12:34:35+02:00	ERROR	Failed to get target cluster	{"controller": "neo4jbackup", "controllerGroup": "neo4j.neo4j.com", "controllerKind": "Neo4jBackup", "Neo4jBackup": {"name":"test-backup-invalid-storage","namespace":"test-failure-1750934075033884000-1750934075035500000"}, "namespace": "test-failure-1750934075033884000-1750934075035500000", "name": "test-backup-invalid-storage", "reconcileID": "f9aab742-8a0e-422b-89db-b6f86e64a4b8", "error": "Neo4jEnterpriseCluster.neo4j.neo4j.com \"test-cluster\" not found"}
  github.com/neo4j-labs/neo4j-kubernetes-operator/internal/controller.(*Neo4jBackupReconciler).Reconcile
  	/Users/priyolahiri/Code/neo4j-kubernetes-operator/internal/controller/neo4jbackup_controller.go:106
  sigs.k8s.io/controller-runtime/pkg/internal/controller.(*Controller[...]).Reconcile
  	/Users/priyolahiri/go/pkg/mod/sigs.k8s.io/controller-runtime@v0.21.0/pkg/internal/controller/controller.go:119
  sigs.k8s.io/controller-runtime/pkg/internal/controller.(*Controller[...]).reconcileHandler
  	/Users/priyolahiri/go/pkg/mod/sigs.k8s.io/controller-runtime@v0.21.0/pkg/internal/controller/controller.go:340
  sigs.k8s.io/controller-runtime/pkg/internal/controller.(*Controller[...]).processNextWorkItem
  	/Users/priyolahiri/go/pkg/mod/sigs.k8s.io/controller-runtime@v0.21.0/pkg/internal/controller/controller.go:300
  sigs.k8s.io/controller-runtime/pkg/internal/controller.(*Controller[...]).Start.func2.1
  	/Users/priyolahiri/go/pkg/mod/sigs.k8s.io/controller-runtime@v0.21.0/pkg/internal/controller/controller.go:202
  2025-06-26T12:34:35+02:00	ERROR	Failed to get target cluster	{"controller": "neo4jrestore", "controllerGroup": "neo4j.neo4j.com", "controllerKind": "Neo4jRestore", "Neo4jRestore": {"name":"test-restore-no-cluster","namespace":"test-failure-1750934075035366000-1750934075036586000"}, "namespace": "test-failure-1750934075035366000-1750934075036586000", "name": "test-restore-no-cluster", "reconcileID": "a330384d-0d37-4fed-8856-7f805364600e", "error": "Neo4jEnterpriseCluster.neo4j.neo4j.com \"non-existent-cluster\" not found"}
  github.com/neo4j-labs/neo4j-kubernetes-operator/internal/controller.(*Neo4jRestoreReconciler).Reconcile
  	/Users/priyolahiri/Code/neo4j-kubernetes-operator/internal/controller/neo4jrestore_controller.go:118
  sigs.k8s.io/controller-runtime/pkg/internal/controller.(*Controller[...]).Reconcile
  	/Users/priyolahiri/go/pkg/mod/sigs.k8s.io/controller-runtime@v0.21.0/pkg/internal/controller/controller.go:119
  sigs.k8s.io/controller-runtime/pkg/internal/controller.(*Controller[...]).reconcileHandler
  	/Users/priyolahiri/go/pkg/mod/sigs.k8s.io/controller-runtime@v0.21.0/pkg/internal/controller/controller.go:340
  sigs.k8s.io/controller-runtime/pkg/internal/controller.(*Controller[...]).processNextWorkItem
  	/Users/priyolahiri/go/pkg/mod/sigs.k8s.io/controller-runtime@v0.21.0/pkg/internal/controller/controller.go:300
  sigs.k8s.io/controller-runtime/pkg/internal/controller.(*Controller[...]).Start.func2.1
  	/Users/priyolahiri/go/pkg/mod/sigs.k8s.io/controller-runtime@v0.21.0/pkg/internal/controller/controller.go:202
  2025-06-26T12:34:35+02:00	INFO	Warning: Reconciler returned both a non-zero result and a non-nil error. The result will always be ignored if the error is non-nil and the non-nil error causes requeuing with exponential backoff. For more details, see: https://pkg.go.dev/sigs.k8s.io/controller-runtime/pkg/reconcile#Reconciler	{"controller": "neo4jbackup", "controllerGroup": "neo4j.neo4j.com", "controllerKind": "Neo4jBackup", "Neo4jBackup": {"name":"test-backup-invalid-storage","namespace":"test-failure-1750934075033884000-1750934075035500000"}, "namespace": "test-failure-1750934075033884000-1750934075035500000", "name": "test-backup-invalid-storage", "reconcileID": "f9aab742-8a0e-422b-89db-b6f86e64a4b8"}
  2025-06-26T12:34:35+02:00	ERROR	Reconciler error	{"controller": "neo4jbackup", "controllerGroup": "neo4j.neo4j.com", "controllerKind": "Neo4jBackup", "Neo4jBackup": {"name":"test-backup-invalid-storage","namespace":"test-failure-1750934075033884000-1750934075035500000"}, "namespace": "test-failure-1750934075033884000-1750934075035500000", "name": "test-backup-invalid-storage", "reconcileID": "f9aab742-8a0e-422b-89db-b6f86e64a4b8", "error": "Neo4jEnterpriseCluster.neo4j.neo4j.com \"test-cluster\" not found"}
  sigs.k8s.io/controller-runtime/pkg/internal/controller.(*Controller[...]).reconcileHandler
  	/Users/priyolahiri/go/pkg/mod/sigs.k8s.io/controller-runtime@v0.21.0/pkg/internal/controller/controller.go:353
  sigs.k8s.io/controller-runtime/pkg/internal/controller.(*Controller[...]).processNextWorkItem
  	/Users/priyolahiri/go/pkg/mod/sigs.k8s.io/controller-runtime@v0.21.0/pkg/internal/controller/controller.go:300
  sigs.k8s.io/controller-runtime/pkg/internal/controller.(*Controller[...]).Start.func2.1
  	/Users/priyolahiri/go/pkg/mod/sigs.k8s.io/controller-runtime@v0.21.0/pkg/internal/controller/controller.go:202
  2025-06-26T12:34:35+02:00	INFO	Warning: Reconciler returned both a non-zero result and a non-nil error. The result will always be ignored if the error is non-nil and the non-nil error causes requeuing with exponential backoff. For more details, see: https://pkg.go.dev/sigs.k8s.io/controller-runtime/pkg/reconcile#Reconciler	{"controller": "neo4jrestore", "controllerGroup": "neo4j.neo4j.com", "controllerKind": "Neo4jRestore", "Neo4jRestore": {"name":"test-restore-no-cluster","namespace":"test-failure-1750934075035366000-1750934075036586000"}, "namespace": "test-failure-1750934075035366000-1750934075036586000", "name": "test-restore-no-cluster", "reconcileID": "a330384d-0d37-4fed-8856-7f805364600e"}
  2025-06-26T12:34:35+02:00	ERROR	Reconciler error	{"controller": "neo4jrestore", "controllerGroup": "neo4j.neo4j.com", "controllerKind": "Neo4jRestore", "Neo4jRestore": {"name":"test-restore-no-cluster","namespace":"test-failure-1750934075035366000-1750934075036586000"}, "namespace": "test-failure-1750934075035366000-1750934075036586000", "name": "test-restore-no-cluster", "reconcileID": "a330384d-0d37-4fed-8856-7f805364600e", "error": "Neo4jEnterpriseCluster.neo4j.neo4j.com \"non-existent-cluster\" not found"}
  sigs.k8s.io/controller-runtime/pkg/internal/controller.(*Controller[...]).reconcileHandler
  	/Users/priyolahiri/go/pkg/mod/sigs.k8s.io/controller-runtime@v0.21.0/pkg/internal/controller/controller.go:353
  sigs.k8s.io/controller-runtime/pkg/internal/controller.(*Controller[...]).processNextWorkItem
  	/Users/priyolahiri/go/pkg/mod/sigs.k8s.io/controller-runtime@v0.21.0/pkg/internal/controller/controller.go:300
  sigs.k8s.io/controller-runtime/pkg/internal/controller.(*Controller[...]).Start.func2.1
  	/Users/priyolahiri/go/pkg/mod/sigs.k8s.io/controller-runtime@v0.21.0/pkg/internal/controller/controller.go:202
  2025-06-26T12:34:35+02:00	ERROR	Failed to get target cluster	{"controller": "neo4jbackup", "controllerGroup": "neo4j.neo4j.com", "controllerKind": "Neo4jBackup", "Neo4jBackup": {"name":"test-backup-no-cluster","namespace":"test-failure-1750934075031883000-1750934075034004000"}, "namespace": "test-failure-1750934075031883000-1750934075034004000", "name": "test-backup-no-cluster", "reconcileID": "7cafa3be-3e74-4a57-8c38-7e0e4c4c8a3b", "error": "Neo4jEnterpriseCluster.neo4j.neo4j.com \"non-existent-cluster\" not found"}
  github.com/neo4j-labs/neo4j-kubernetes-operator/internal/controller.(*Neo4jBackupReconciler).Reconcile
  	/Users/priyolahiri/Code/neo4j-kubernetes-operator/internal/controller/neo4jbackup_controller.go:106
  sigs.k8s.io/controller-runtime/pkg/internal/controller.(*Controller[...]).Reconcile
  	/Users/priyolahiri/go/pkg/mod/sigs.k8s.io/controller-runtime@v0.21.0/pkg/internal/controller/controller.go:119
  sigs.k8s.io/controller-runtime/pkg/internal/controller.(*Controller[...]).reconcileHandler
  	/Users/priyolahiri/go/pkg/mod/sigs.k8s.io/controller-runtime@v0.21.0/pkg/internal/controller/controller.go:340
  sigs.k8s.io/controller-runtime/pkg/internal/controller.(*Controller[...]).processNextWorkItem
  	/Users/priyolahiri/go/pkg/mod/sigs.k8s.io/controller-runtime@v0.21.0/pkg/internal/controller/controller.go:300
  sigs.k8s.io/controller-runtime/pkg/internal/controller.(*Controller[...]).Start.func2.1
  	/Users/priyolahiri/go/pkg/mod/sigs.k8s.io/controller-runtime@v0.21.0/pkg/internal/controller/controller.go:202
  2025-06-26T12:34:35+02:00	ERROR	Failed to get target cluster	{"controller": "neo4jrestore", "controllerGroup": "neo4j.neo4j.com", "controllerKind": "Neo4jRestore", "Neo4jRestore": {"name":"test-restore-no-backup","namespace":"test-failure-1750934075033706000-1750934075035488000"}, "namespace": "test-failure-1750934075033706000-1750934075035488000", "name": "test-restore-no-backup", "reconcileID": "123aea7b-37e1-4130-b763-89b42a954d93", "error": "Neo4jEnterpriseCluster.neo4j.neo4j.com \"test-cluster\" not found"}
  github.com/neo4j-labs/neo4j-kubernetes-operator/internal/controller.(*Neo4jRestoreReconciler).Reconcile
  	/Users/priyolahiri/Code/neo4j-kubernetes-operator/internal/controller/neo4jrestore_controller.go:118
  sigs.k8s.io/controller-runtime/pkg/internal/controller.(*Controller[...]).Reconcile
  	/Users/priyolahiri/go/pkg/mod/sigs.k8s.io/controller-runtime@v0.21.0/pkg/internal/controller/controller.go:119
  sigs.k8s.io/controller-runtime/pkg/internal/controller.(*Controller[...]).reconcileHandler
  	/Users/priyolahiri/go/pkg/mod/sigs.k8s.io/controller-runtime@v0.21.0/pkg/internal/controller/controller.go:340
  sigs.k8s.io/controller-runtime/pkg/internal/controller.(*Controller[...]).processNextWorkItem
  	/Users/priyolahiri/go/pkg/mod/sigs.k8s.io/controller-runtime@v0.21.0/pkg/internal/controller/controller.go:300
  sigs.k8s.io/controller-runtime/pkg/internal/controller.(*Controller[...]).Start.func2.1
  	/Users/priyolahiri/go/pkg/mod/sigs.k8s.io/controller-runtime@v0.21.0/pkg/internal/controller/controller.go:202
  2025-06-26T12:34:35+02:00	INFO	Warning: Reconciler returned both a non-zero result and a non-nil error. The result will always be ignored if the error is non-nil and the non-nil error causes requeuing with exponential backoff. For more details, see: https://pkg.go.dev/sigs.k8s.io/controller-runtime/pkg/reconcile#Reconciler	{"controller": "neo4jbackup", "controllerGroup": "neo4j.neo4j.com", "controllerKind": "Neo4jBackup", "Neo4jBackup": {"name":"test-backup-no-cluster","namespace":"test-failure-1750934075031883000-1750934075034004000"}, "namespace": "test-failure-1750934075031883000-1750934075034004000", "name": "test-backup-no-cluster", "reconcileID": "7cafa3be-3e74-4a57-8c38-7e0e4c4c8a3b"}
  2025-06-26T12:34:35+02:00	ERROR	Reconciler error	{"controller": "neo4jbackup", "controllerGroup": "neo4j.neo4j.com", "controllerKind": "Neo4jBackup", "Neo4jBackup": {"name":"test-backup-no-cluster","namespace":"test-failure-1750934075031883000-1750934075034004000"}, "namespace": "test-failure-1750934075031883000-1750934075034004000", "name": "test-backup-no-cluster", "reconcileID": "7cafa3be-3e74-4a57-8c38-7e0e4c4c8a3b", "error": "Neo4jEnterpriseCluster.neo4j.neo4j.com \"non-existent-cluster\" not found"}
  sigs.k8s.io/controller-runtime/pkg/internal/controller.(*Controller[...]).reconcileHandler
  	/Users/priyolahiri/go/pkg/mod/sigs.k8s.io/controller-runtime@v0.21.0/pkg/internal/controller/controller.go:353
  sigs.k8s.io/controller-runtime/pkg/internal/controller.(*Controller[...]).processNextWorkItem
  	/Users/priyolahiri/go/pkg/mod/sigs.k8s.io/controller-runtime@v0.21.0/pkg/internal/controller/controller.go:300
  sigs.k8s.io/controller-runtime/pkg/internal/controller.(*Controller[...]).Start.func2.1
  	/Users/priyolahiri/go/pkg/mod/sigs.k8s.io/controller-runtime@v0.21.0/pkg/internal/controller/controller.go:202
  2025-06-26T12:34:35+02:00	INFO	Warning: Reconciler returned both a non-zero result and a non-nil error. The result will always be ignored if the error is non-nil and the non-nil error causes requeuing with exponential backoff. For more details, see: https://pkg.go.dev/sigs.k8s.io/controller-runtime/pkg/reconcile#Reconciler	{"controller": "neo4jrestore", "controllerGroup": "neo4j.neo4j.com", "controllerKind": "Neo4jRestore", "Neo4jRestore": {"name":"test-restore-no-backup","namespace":"test-failure-1750934075033706000-1750934075035488000"}, "namespace": "test-failure-1750934075033706000-1750934075035488000", "name": "test-restore-no-backup", "reconcileID": "123aea7b-37e1-4130-b763-89b42a954d93"}
  2025-06-26T12:34:35+02:00	ERROR	Reconciler error	{"controller": "neo4jrestore", "controllerGroup": "neo4j.neo4j.com", "controllerKind": "Neo4jRestore", "Neo4jRestore": {"name":"test-restore-no-backup","namespace":"test-failure-1750934075033706000-1750934075035488000"}, "namespace": "test-failure-1750934075033706000-1750934075035488000", "name": "test-restore-no-backup", "reconcileID": "123aea7b-37e1-4130-b763-89b42a954d93", "error": "Neo4jEnterpriseCluster.neo4j.neo4j.com \"test-cluster\" not found"}
  sigs.k8s.io/controller-runtime/pkg/internal/controller.(*Controller[...]).reconcileHandler
  	/Users/priyolahiri/go/pkg/mod/sigs.k8s.io/controller-runtime@v0.21.0/pkg/internal/controller/controller.go:353
  sigs.k8s.io/controller-runtime/pkg/internal/controller.(*Controller[...]).processNextWorkItem
  	/Users/priyolahiri/go/pkg/mod/sigs.k8s.io/controller-runtime@v0.21.0/pkg/internal/controller/controller.go:300
  sigs.k8s.io/controller-runtime/pkg/internal/controller.(*Controller[...]).Start.func2.1
  	/Users/priyolahiri/go/pkg/mod/sigs.k8s.io/controller-runtime@v0.21.0/pkg/internal/controller/controller.go:202
  2025-06-26T12:34:35+02:00	ERROR	Failed to get target cluster	{"controller": "neo4jbackup", "controllerGroup": "neo4j.neo4j.com", "controllerKind": "Neo4jBackup", "Neo4jBackup": {"name":"test-backup-invalid-storage","namespace":"test-failure-1750934075033884000-1750934075035500000"}, "namespace": "test-failure-1750934075033884000-1750934075035500000", "name": "test-backup-invalid-storage", "reconcileID": "5af47aca-e084-4ffa-aa0a-da85dc6578d3", "error": "Neo4jEnterpriseCluster.neo4j.neo4j.com \"test-cluster\" not found"}
  github.com/neo4j-labs/neo4j-kubernetes-operator/internal/controller.(*Neo4jBackupReconciler).Reconcile
  	/Users/priyolahiri/Code/neo4j-kubernetes-operator/internal/controller/neo4jbackup_controller.go:106
  sigs.k8s.io/controller-runtime/pkg/internal/controller.(*Controller[...]).Reconcile
  	/Users/priyolahiri/go/pkg/mod/sigs.k8s.io/controller-runtime@v0.21.0/pkg/internal/controller/controller.go:119
  sigs.k8s.io/controller-runtime/pkg/internal/controller.(*Controller[...]).reconcileHandler
  	/Users/priyolahiri/go/pkg/mod/sigs.k8s.io/controller-runtime@v0.21.0/pkg/internal/controller/controller.go:340
  sigs.k8s.io/controller-runtime/pkg/internal/controller.(*Controller[...]).processNextWorkItem
  	/Users/priyolahiri/go/pkg/mod/sigs.k8s.io/controller-runtime@v0.21.0/pkg/internal/controller/controller.go:300
  sigs.k8s.io/controller-runtime/pkg/internal/controller.(*Controller[...]).Start.func2.1
  	/Users/priyolahiri/go/pkg/mod/sigs.k8s.io/controller-runtime@v0.21.0/pkg/internal/controller/controller.go:202
  2025-06-26T12:34:35+02:00	ERROR	Failed to get target cluster	{"controller": "neo4jrestore", "controllerGroup": "neo4j.neo4j.com", "controllerKind": "Neo4jRestore", "Neo4jRestore": {"name":"test-restore-no-cluster","namespace":"test-failure-1750934075035366000-1750934075036586000"}, "namespace": "test-failure-1750934075035366000-1750934075036586000", "name": "test-restore-no-cluster", "reconcileID": "293b441f-e10f-4f4f-9df4-9feb4ed3d84f", "error": "Neo4jEnterpriseCluster.neo4j.neo4j.com \"non-existent-cluster\" not found"}
  github.com/neo4j-labs/neo4j-kubernetes-operator/internal/controller.(*Neo4jRestoreReconciler).Reconcile
  	/Users/priyolahiri/Code/neo4j-kubernetes-operator/internal/controller/neo4jrestore_controller.go:118
  sigs.k8s.io/controller-runtime/pkg/internal/controller.(*Controller[...]).Reconcile
  	/Users/priyolahiri/go/pkg/mod/sigs.k8s.io/controller-runtime@v0.21.0/pkg/internal/controller/controller.go:119
  sigs.k8s.io/controller-runtime/pkg/internal/controller.(*Controller[...]).reconcileHandler
  	/Users/priyolahiri/go/pkg/mod/sigs.k8s.io/controller-runtime@v0.21.0/pkg/internal/controller/controller.go:340
  sigs.k8s.io/controller-runtime/pkg/internal/controller.(*Controller[...]).processNextWorkItem
  	/Users/priyolahiri/go/pkg/mod/sigs.k8s.io/controller-runtime@v0.21.0/pkg/internal/controller/controller.go:300
  sigs.k8s.io/controller-runtime/pkg/internal/controller.(*Controller[...]).Start.func2.1
  	/Users/priyolahiri/go/pkg/mod/sigs.k8s.io/controller-runtime@v0.21.0/pkg/internal/controller/controller.go:202
  2025-06-26T12:34:35+02:00	INFO	Warning: Reconciler returned both a non-zero result and a non-nil error. The result will always be ignored if the error is non-nil and the non-nil error causes requeuing with exponential backoff. For more details, see: https://pkg.go.dev/sigs.k8s.io/controller-runtime/pkg/reconcile#Reconciler	{"controller": "neo4jbackup", "controllerGroup": "neo4j.neo4j.com", "controllerKind": "Neo4jBackup", "Neo4jBackup": {"name":"test-backup-invalid-storage","namespace":"test-failure-1750934075033884000-1750934075035500000"}, "namespace": "test-failure-1750934075033884000-1750934075035500000", "name": "test-backup-invalid-storage", "reconcileID": "5af47aca-e084-4ffa-aa0a-da85dc6578d3"}
  2025-06-26T12:34:35+02:00	ERROR	Reconciler error	{"controller": "neo4jbackup", "controllerGroup": "neo4j.neo4j.com", "controllerKind": "Neo4jBackup", "Neo4jBackup": {"name":"test-backup-invalid-storage","namespace":"test-failure-1750934075033884000-1750934075035500000"}, "namespace": "test-failure-1750934075033884000-1750934075035500000", "name": "test-backup-invalid-storage", "reconcileID": "5af47aca-e084-4ffa-aa0a-da85dc6578d3", "error": "Neo4jEnterpriseCluster.neo4j.neo4j.com \"test-cluster\" not found"}
  sigs.k8s.io/controller-runtime/pkg/internal/controller.(*Controller[...]).reconcileHandler
  	/Users/priyolahiri/go/pkg/mod/sigs.k8s.io/controller-runtime@v0.21.0/pkg/internal/controller/controller.go:353
  sigs.k8s.io/controller-runtime/pkg/internal/controller.(*Controller[...]).processNextWorkItem
  	/Users/priyolahiri/go/pkg/mod/sigs.k8s.io/controller-runtime@v0.21.0/pkg/internal/controller/controller.go:300
  sigs.k8s.io/controller-runtime/pkg/internal/controller.(*Controller[...]).Start.func2.1
  	/Users/priyolahiri/go/pkg/mod/sigs.k8s.io/controller-runtime@v0.21.0/pkg/internal/controller/controller.go:202
  2025-06-26T12:34:35+02:00	INFO	Warning: Reconciler returned both a non-zero result and a non-nil error. The result will always be ignored if the error is non-nil and the non-nil error causes requeuing with exponential backoff. For more details, see: https://pkg.go.dev/sigs.k8s.io/controller-runtime/pkg/reconcile#Reconciler	{"controller": "neo4jrestore", "controllerGroup": "neo4j.neo4j.com", "controllerKind": "Neo4jRestore", "Neo4jRestore": {"name":"test-restore-no-cluster","namespace":"test-failure-1750934075035366000-1750934075036586000"}, "namespace": "test-failure-1750934075035366000-1750934075036586000", "name": "test-restore-no-cluster", "reconcileID": "293b441f-e10f-4f4f-9df4-9feb4ed3d84f"}
  2025-06-26T12:34:35+02:00	ERROR	Reconciler error	{"controller": "neo4jrestore", "controllerGroup": "neo4j.neo4j.com", "controllerKind": "Neo4jRestore", "Neo4jRestore": {"name":"test-restore-no-cluster","namespace":"test-failure-1750934075035366000-1750934075036586000"}, "namespace": "test-failure-1750934075035366000-1750934075036586000", "name": "test-restore-no-cluster", "reconcileID": "293b441f-e10f-4f4f-9df4-9feb4ed3d84f", "error": "Neo4jEnterpriseCluster.neo4j.neo4j.com \"non-existent-cluster\" not found"}
  sigs.k8s.io/controller-runtime/pkg/internal/controller.(*Controller[...]).reconcileHandler
  	/Users/priyolahiri/go/pkg/mod/sigs.k8s.io/controller-runtime@v0.21.0/pkg/internal/controller/controller.go:353
  sigs.k8s.io/controller-runtime/pkg/internal/controller.(*Controller[...]).processNextWorkItem
  	/Users/priyolahiri/go/pkg/mod/sigs.k8s.io/controller-runtime@v0.21.0/pkg/internal/controller/controller.go:300
  sigs.k8s.io/controller-runtime/pkg/internal/controller.(*Controller[...]).Start.func2.1
  	/Users/priyolahiri/go/pkg/mod/sigs.k8s.io/controller-runtime@v0.21.0/pkg/internal/controller/controller.go:202
  2025-06-26T12:34:35+02:00	ERROR	Failed to get target cluster	{"controller": "neo4jbackup", "controllerGroup": "neo4j.neo4j.com", "controllerKind": "Neo4jBackup", "Neo4jBackup": {"name":"test-backup-no-cluster","namespace":"test-failure-1750934075031883000-1750934075034004000"}, "namespace": "test-failure-1750934075031883000-1750934075034004000", "name": "test-backup-no-cluster", "reconcileID": "f278b76e-e039-4303-9434-bff8376421d2", "error": "Neo4jEnterpriseCluster.neo4j.neo4j.com \"non-existent-cluster\" not found"}
  github.com/neo4j-labs/neo4j-kubernetes-operator/internal/controller.(*Neo4jBackupReconciler).Reconcile
  	/Users/priyolahiri/Code/neo4j-kubernetes-operator/internal/controller/neo4jbackup_controller.go:106
  sigs.k8s.io/controller-runtime/pkg/internal/controller.(*Controller[...]).Reconcile
  	/Users/priyolahiri/go/pkg/mod/sigs.k8s.io/controller-runtime@v0.21.0/pkg/internal/controller/controller.go:119
  sigs.k8s.io/controller-runtime/pkg/internal/controller.(*Controller[...]).reconcileHandler
  	/Users/priyolahiri/go/pkg/mod/sigs.k8s.io/controller-runtime@v0.21.0/pkg/internal/controller/controller.go:340
  sigs.k8s.io/controller-runtime/pkg/internal/controller.(*Controller[...]).processNextWorkItem
  	/Users/priyolahiri/go/pkg/mod/sigs.k8s.io/controller-runtime@v0.21.0/pkg/internal/controller/controller.go:300
  sigs.k8s.io/controller-runtime/pkg/internal/controller.(*Controller[...]).Start.func2.1
  	/Users/priyolahiri/go/pkg/mod/sigs.k8s.io/controller-runtime@v0.21.0/pkg/internal/controller/controller.go:202
  2025-06-26T12:34:35+02:00	ERROR	Failed to get target cluster	{"controller": "neo4jrestore", "controllerGroup": "neo4j.neo4j.com", "controllerKind": "Neo4jRestore", "Neo4jRestore": {"name":"test-restore-no-backup","namespace":"test-failure-1750934075033706000-1750934075035488000"}, "namespace": "test-failure-1750934075033706000-1750934075035488000", "name": "test-restore-no-backup", "reconcileID": "cd94412f-6c9d-4a4e-b5b1-ae2dbce7b5ef", "error": "Neo4jEnterpriseCluster.neo4j.neo4j.com \"test-cluster\" not found"}
  github.com/neo4j-labs/neo4j-kubernetes-operator/internal/controller.(*Neo4jRestoreReconciler).Reconcile
  	/Users/priyolahiri/Code/neo4j-kubernetes-operator/internal/controller/neo4jrestore_controller.go:118
  sigs.k8s.io/controller-runtime/pkg/internal/controller.(*Controller[...]).Reconcile
  	/Users/priyolahiri/go/pkg/mod/sigs.k8s.io/controller-runtime@v0.21.0/pkg/internal/controller/controller.go:119
  sigs.k8s.io/controller-runtime/pkg/internal/controller.(*Controller[...]).reconcileHandler
  	/Users/priyolahiri/go/pkg/mod/sigs.k8s.io/controller-runtime@v0.21.0/pkg/internal/controller/controller.go:340
  sigs.k8s.io/controller-runtime/pkg/internal/controller.(*Controller[...]).processNextWorkItem
  	/Users/priyolahiri/go/pkg/mod/sigs.k8s.io/controller-runtime@v0.21.0/pkg/internal/controller/controller.go:300
  sigs.k8s.io/controller-runtime/pkg/internal/controller.(*Controller[...]).Start.func2.1
  	/Users/priyolahiri/go/pkg/mod/sigs.k8s.io/controller-runtime@v0.21.0/pkg/internal/controller/controller.go:202
  2025-06-26T12:34:35+02:00	INFO	Warning: Reconciler returned both a non-zero result and a non-nil error. The result will always be ignored if the error is non-nil and the non-nil error causes requeuing with exponential backoff. For more details, see: https://pkg.go.dev/sigs.k8s.io/controller-runtime/pkg/reconcile#Reconciler	{"controller": "neo4jrestore", "controllerGroup": "neo4j.neo4j.com", "controllerKind": "Neo4jRestore", "Neo4jRestore": {"name":"test-restore-no-backup","namespace":"test-failure-1750934075033706000-1750934075035488000"}, "namespace": "test-failure-1750934075033706000-1750934075035488000", "name": "test-restore-no-backup", "reconcileID": "cd94412f-6c9d-4a4e-b5b1-ae2dbce7b5ef"}
  2025-06-26T12:34:35+02:00	ERROR	Reconciler error	{"controller": "neo4jrestore", "controllerGroup": "neo4j.neo4j.com", "controllerKind": "Neo4jRestore", "Neo4jRestore": {"name":"test-restore-no-backup","namespace":"test-failure-1750934075033706000-1750934075035488000"}, "namespace": "test-failure-1750934075033706000-1750934075035488000", "name": "test-restore-no-backup", "reconcileID": "cd94412f-6c9d-4a4e-b5b1-ae2dbce7b5ef", "error": "Neo4jEnterpriseCluster.neo4j.neo4j.com \"test-cluster\" not found"}
  sigs.k8s.io/controller-runtime/pkg/internal/controller.(*Controller[...]).reconcileHandler
  	/Users/priyolahiri/go/pkg/mod/sigs.k8s.io/controller-runtime@v0.21.0/pkg/internal/controller/controller.go:353
  sigs.k8s.io/controller-runtime/pkg/internal/controller.(*Controller[...]).processNextWorkItem
  	/Users/priyolahiri/go/pkg/mod/sigs.k8s.io/controller-runtime@v0.21.0/pkg/internal/controller/controller.go:300
  sigs.k8s.io/controller-runtime/pkg/internal/controller.(*Controller[...]).Start.func2.1
  	/Users/priyolahiri/go/pkg/mod/sigs.k8s.io/controller-runtime@v0.21.0/pkg/internal/controller/controller.go:202
  2025-06-26T12:34:35+02:00	INFO	Warning: Reconciler returned both a non-zero result and a non-nil error. The result will always be ignored if the error is non-nil and the non-nil error causes requeuing with exponential backoff. For more details, see: https://pkg.go.dev/sigs.k8s.io/controller-runtime/pkg/reconcile#Reconciler	{"controller": "neo4jbackup", "controllerGroup": "neo4j.neo4j.com", "controllerKind": "Neo4jBackup", "Neo4jBackup": {"name":"test-backup-no-cluster","namespace":"test-failure-1750934075031883000-1750934075034004000"}, "namespace": "test-failure-1750934075031883000-1750934075034004000", "name": "test-backup-no-cluster", "reconcileID": "f278b76e-e039-4303-9434-bff8376421d2"}
  2025-06-26T12:34:35+02:00	ERROR	Reconciler error	{"controller": "neo4jbackup", "controllerGroup": "neo4j.neo4j.com", "controllerKind": "Neo4jBackup", "Neo4jBackup": {"name":"test-backup-no-cluster","namespace":"test-failure-1750934075031883000-1750934075034004000"}, "namespace": "test-failure-1750934075031883000-1750934075034004000", "name": "test-backup-no-cluster", "reconcileID": "f278b76e-e039-4303-9434-bff8376421d2", "error": "Neo4jEnterpriseCluster.neo4j.neo4j.com \"non-existent-cluster\" not found"}
  sigs.k8s.io/controller-runtime/pkg/internal/controller.(*Controller[...]).reconcileHandler
  	/Users/priyolahiri/go/pkg/mod/sigs.k8s.io/controller-runtime@v0.21.0/pkg/internal/controller/controller.go:353
  sigs.k8s.io/controller-runtime/pkg/internal/controller.(*Controller[...]).processNextWorkItem
  	/Users/priyolahiri/go/pkg/mod/sigs.k8s.io/controller-runtime@v0.21.0/pkg/internal/controller/controller.go:300
  sigs.k8s.io/controller-runtime/pkg/internal/controller.(*Controller[...]).Start.func2.1
  	/Users/priyolahiri/go/pkg/mod/sigs.k8s.io/controller-runtime@v0.21.0/pkg/internal/controller/controller.go:202
  2025-06-26T12:34:35+02:00	ERROR	Failed to get target cluster	{"controller": "neo4jrestore", "controllerGroup": "neo4j.neo4j.com", "controllerKind": "Neo4jRestore", "Neo4jRestore": {"name":"test-restore-no-cluster","namespace":"test-failure-1750934075035366000-1750934075036586000"}, "namespace": "test-failure-1750934075035366000-1750934075036586000", "name": "test-restore-no-cluster", "reconcileID": "ed5923a6-f18e-4079-9cc0-f400dc442dab", "error": "Neo4jEnterpriseCluster.neo4j.neo4j.com \"non-existent-cluster\" not found"}
  github.com/neo4j-labs/neo4j-kubernetes-operator/internal/controller.(*Neo4jRestoreReconciler).Reconcile
  	/Users/priyolahiri/Code/neo4j-kubernetes-operator/internal/controller/neo4jrestore_controller.go:118
  sigs.k8s.io/controller-runtime/pkg/internal/controller.(*Controller[...]).Reconcile
  	/Users/priyolahiri/go/pkg/mod/sigs.k8s.io/controller-runtime@v0.21.0/pkg/internal/controller/controller.go:119
  sigs.k8s.io/controller-runtime/pkg/internal/controller.(*Controller[...]).reconcileHandler
  	/Users/priyolahiri/go/pkg/mod/sigs.k8s.io/controller-runtime@v0.21.0/pkg/internal/controller/controller.go:340
  sigs.k8s.io/controller-runtime/pkg/internal/controller.(*Controller[...]).processNextWorkItem
  	/Users/priyolahiri/go/pkg/mod/sigs.k8s.io/controller-runtime@v0.21.0/pkg/internal/controller/controller.go:300
  sigs.k8s.io/controller-runtime/pkg/internal/controller.(*Controller[...]).Start.func2.1
  	/Users/priyolahiri/go/pkg/mod/sigs.k8s.io/controller-runtime@v0.21.0/pkg/internal/controller/controller.go:202
  2025-06-26T12:34:35+02:00	ERROR	Failed to get target cluster	{"controller": "neo4jbackup", "controllerGroup": "neo4j.neo4j.com", "controllerKind": "Neo4jBackup", "Neo4jBackup": {"name":"test-backup-invalid-storage","namespace":"test-failure-1750934075033884000-1750934075035500000"}, "namespace": "test-failure-1750934075033884000-1750934075035500000", "name": "test-backup-invalid-storage", "reconcileID": "df47eaa6-ac57-494f-b33e-fb97262d8834", "error": "Neo4jEnterpriseCluster.neo4j.neo4j.com \"test-cluster\" not found"}
  github.com/neo4j-labs/neo4j-kubernetes-operator/internal/controller.(*Neo4jBackupReconciler).Reconcile
  	/Users/priyolahiri/Code/neo4j-kubernetes-operator/internal/controller/neo4jbackup_controller.go:106
  sigs.k8s.io/controller-runtime/pkg/internal/controller.(*Controller[...]).Reconcile
  	/Users/priyolahiri/go/pkg/mod/sigs.k8s.io/controller-runtime@v0.21.0/pkg/internal/controller/controller.go:119
  sigs.k8s.io/controller-runtime/pkg/internal/controller.(*Controller[...]).reconcileHandler
  	/Users/priyolahiri/go/pkg/mod/sigs.k8s.io/controller-runtime@v0.21.0/pkg/internal/controller/controller.go:340
  sigs.k8s.io/controller-runtime/pkg/internal/controller.(*Controller[...]).processNextWorkItem
  	/Users/priyolahiri/go/pkg/mod/sigs.k8s.io/controller-runtime@v0.21.0/pkg/internal/controller/controller.go:300
  sigs.k8s.io/controller-runtime/pkg/internal/controller.(*Controller[...]).Start.func2.1
  	/Users/priyolahiri/go/pkg/mod/sigs.k8s.io/controller-runtime@v0.21.0/pkg/internal/controller/controller.go:202
  2025-06-26T12:34:35+02:00	INFO	Warning: Reconciler returned both a non-zero result and a non-nil error. The result will always be ignored if the error is non-nil and the non-nil error causes requeuing with exponential backoff. For more details, see: https://pkg.go.dev/sigs.k8s.io/controller-runtime/pkg/reconcile#Reconciler	{"controller": "neo4jrestore", "controllerGroup": "neo4j.neo4j.com", "controllerKind": "Neo4jRestore", "Neo4jRestore": {"name":"test-restore-no-cluster","namespace":"test-failure-1750934075035366000-1750934075036586000"}, "namespace": "test-failure-1750934075035366000-1750934075036586000", "name": "test-restore-no-cluster", "reconcileID": "ed5923a6-f18e-4079-9cc0-f400dc442dab"}
  2025-06-26T12:34:35+02:00	ERROR	Reconciler error	{"controller": "neo4jrestore", "controllerGroup": "neo4j.neo4j.com", "controllerKind": "Neo4jRestore", "Neo4jRestore": {"name":"test-restore-no-cluster","namespace":"test-failure-1750934075035366000-1750934075036586000"}, "namespace": "test-failure-1750934075035366000-1750934075036586000", "name": "test-restore-no-cluster", "reconcileID": "ed5923a6-f18e-4079-9cc0-f400dc442dab", "error": "Neo4jEnterpriseCluster.neo4j.neo4j.com \"non-existent-cluster\" not found"}
  sigs.k8s.io/controller-runtime/pkg/internal/controller.(*Controller[...]).reconcileHandler
  	/Users/priyolahiri/go/pkg/mod/sigs.k8s.io/controller-runtime@v0.21.0/pkg/internal/controller/controller.go:353
  sigs.k8s.io/controller-runtime/pkg/internal/controller.(*Controller[...]).processNextWorkItem
  	/Users/priyolahiri/go/pkg/mod/sigs.k8s.io/controller-runtime@v0.21.0/pkg/internal/controller/controller.go:300
  sigs.k8s.io/controller-runtime/pkg/internal/controller.(*Controller[...]).Start.func2.1
  	/Users/priyolahiri/go/pkg/mod/sigs.k8s.io/controller-runtime@v0.21.0/pkg/internal/controller/controller.go:202
  2025-06-26T12:34:35+02:00	INFO	Warning: Reconciler returned both a non-zero result and a non-nil error. The result will always be ignored if the error is non-nil and the non-nil error causes requeuing with exponential backoff. For more details, see: https://pkg.go.dev/sigs.k8s.io/controller-runtime/pkg/reconcile#Reconciler	{"controller": "neo4jbackup", "controllerGroup": "neo4j.neo4j.com", "controllerKind": "Neo4jBackup", "Neo4jBackup": {"name":"test-backup-invalid-storage","namespace":"test-failure-1750934075033884000-1750934075035500000"}, "namespace": "test-failure-1750934075033884000-1750934075035500000", "name": "test-backup-invalid-storage", "reconcileID": "df47eaa6-ac57-494f-b33e-fb97262d8834"}
  2025-06-26T12:34:35+02:00	ERROR	Reconciler error	{"controller": "neo4jbackup", "controllerGroup": "neo4j.neo4j.com", "controllerKind": "Neo4jBackup", "Neo4jBackup": {"name":"test-backup-invalid-storage","namespace":"test-failure-1750934075033884000-1750934075035500000"}, "namespace": "test-failure-1750934075033884000-1750934075035500000", "name": "test-backup-invalid-storage", "reconcileID": "df47eaa6-ac57-494f-b33e-fb97262d8834", "error": "Neo4jEnterpriseCluster.neo4j.neo4j.com \"test-cluster\" not found"}
  sigs.k8s.io/controller-runtime/pkg/internal/controller.(*Controller[...]).reconcileHandler
  	/Users/priyolahiri/go/pkg/mod/sigs.k8s.io/controller-runtime@v0.21.0/pkg/internal/controller/controller.go:353
  sigs.k8s.io/controller-runtime/pkg/internal/controller.(*Controller[...]).processNextWorkItem
  	/Users/priyolahiri/go/pkg/mod/sigs.k8s.io/controller-runtime@v0.21.0/pkg/internal/controller/controller.go:300
  sigs.k8s.io/controller-runtime/pkg/internal/controller.(*Controller[...]).Start.func2.1
  	/Users/priyolahiri/go/pkg/mod/sigs.k8s.io/controller-runtime@v0.21.0/pkg/internal/controller/controller.go:202
  2025-06-26T12:34:35+02:00	ERROR	Failed to get target cluster	{"controller": "neo4jbackup", "controllerGroup": "neo4j.neo4j.com", "controllerKind": "Neo4jBackup", "Neo4jBackup": {"name":"test-backup-no-cluster","namespace":"test-failure-1750934075031883000-1750934075034004000"}, "namespace": "test-failure-1750934075031883000-1750934075034004000", "name": "test-backup-no-cluster", "reconcileID": "ad172e1c-df34-4840-a421-b4b9b0566214", "error": "Neo4jEnterpriseCluster.neo4j.neo4j.com \"non-existent-cluster\" not found"}
  github.com/neo4j-labs/neo4j-kubernetes-operator/internal/controller.(*Neo4jBackupReconciler).Reconcile
  	/Users/priyolahiri/Code/neo4j-kubernetes-operator/internal/controller/neo4jbackup_controller.go:106
  sigs.k8s.io/controller-runtime/pkg/internal/controller.(*Controller[...]).Reconcile
  	/Users/priyolahiri/go/pkg/mod/sigs.k8s.io/controller-runtime@v0.21.0/pkg/internal/controller/controller.go:119
  sigs.k8s.io/controller-runtime/pkg/internal/controller.(*Controller[...]).reconcileHandler
  	/Users/priyolahiri/go/pkg/mod/sigs.k8s.io/controller-runtime@v0.21.0/pkg/internal/controller/controller.go:340
  sigs.k8s.io/controller-runtime/pkg/internal/controller.(*Controller[...]).processNextWorkItem
  	/Users/priyolahiri/go/pkg/mod/sigs.k8s.io/controller-runtime@v0.21.0/pkg/internal/controller/controller.go:300
  sigs.k8s.io/controller-runtime/pkg/internal/controller.(*Controller[...]).Start.func2.1
  	/Users/priyolahiri/go/pkg/mod/sigs.k8s.io/controller-runtime@v0.21.0/pkg/internal/controller/controller.go:202
  2025-06-26T12:34:35+02:00	ERROR	Failed to get target cluster	{"controller": "neo4jrestore", "controllerGroup": "neo4j.neo4j.com", "controllerKind": "Neo4jRestore", "Neo4jRestore": {"name":"test-restore-no-backup","namespace":"test-failure-1750934075033706000-1750934075035488000"}, "namespace": "test-failure-1750934075033706000-1750934075035488000", "name": "test-restore-no-backup", "reconcileID": "20f10f40-18e8-45cb-97ec-42344416e046", "error": "Neo4jEnterpriseCluster.neo4j.neo4j.com \"test-cluster\" not found"}
  github.com/neo4j-labs/neo4j-kubernetes-operator/internal/controller.(*Neo4jRestoreReconciler).Reconcile
  	/Users/priyolahiri/Code/neo4j-kubernetes-operator/internal/controller/neo4jrestore_controller.go:118
  sigs.k8s.io/controller-runtime/pkg/internal/controller.(*Controller[...]).Reconcile
  	/Users/priyolahiri/go/pkg/mod/sigs.k8s.io/controller-runtime@v0.21.0/pkg/internal/controller/controller.go:119
  sigs.k8s.io/controller-runtime/pkg/internal/controller.(*Controller[...]).reconcileHandler
  	/Users/priyolahiri/go/pkg/mod/sigs.k8s.io/controller-runtime@v0.21.0/pkg/internal/controller/controller.go:340
  sigs.k8s.io/controller-runtime/pkg/internal/controller.(*Controller[...]).processNextWorkItem
  	/Users/priyolahiri/go/pkg/mod/sigs.k8s.io/controller-runtime@v0.21.0/pkg/internal/controller/controller.go:300
  sigs.k8s.io/controller-runtime/pkg/internal/controller.(*Controller[...]).Start.func2.1
  	/Users/priyolahiri/go/pkg/mod/sigs.k8s.io/controller-runtime@v0.21.0/pkg/internal/controller/controller.go:202
  2025-06-26T12:34:35+02:00	INFO	Warning: Reconciler returned both a non-zero result and a non-nil error. The result will always be ignored if the error is non-nil and the non-nil error causes requeuing with exponential backoff. For more details, see: https://pkg.go.dev/sigs.k8s.io/controller-runtime/pkg/reconcile#Reconciler	{"controller": "neo4jrestore", "controllerGroup": "neo4j.neo4j.com", "controllerKind": "Neo4jRestore", "Neo4jRestore": {"name":"test-restore-no-backup","namespace":"test-failure-1750934075033706000-1750934075035488000"}, "namespace": "test-failure-1750934075033706000-1750934075035488000", "name": "test-restore-no-backup", "reconcileID": "20f10f40-18e8-45cb-97ec-42344416e046"}
  2025-06-26T12:34:35+02:00	ERROR	Reconciler error	{"controller": "neo4jrestore", "controllerGroup": "neo4j.neo4j.com", "controllerKind": "Neo4jRestore", "Neo4jRestore": {"name":"test-restore-no-backup","namespace":"test-failure-1750934075033706000-1750934075035488000"}, "namespace": "test-failure-1750934075033706000-1750934075035488000", "name": "test-restore-no-backup", "reconcileID": "20f10f40-18e8-45cb-97ec-42344416e046", "error": "Neo4jEnterpriseCluster.neo4j.neo4j.com \"test-cluster\" not found"}
  sigs.k8s.io/controller-runtime/pkg/internal/controller.(*Controller[...]).reconcileHandler
  	/Users/priyolahiri/go/pkg/mod/sigs.k8s.io/controller-runtime@v0.21.0/pkg/internal/controller/controller.go:353
  sigs.k8s.io/controller-runtime/pkg/internal/controller.(*Controller[...]).processNextWorkItem
  	/Users/priyolahiri/go/pkg/mod/sigs.k8s.io/controller-runtime@v0.21.0/pkg/internal/controller/controller.go:300
  sigs.k8s.io/controller-runtime/pkg/internal/controller.(*Controller[...]).Start.func2.1
  	/Users/priyolahiri/go/pkg/mod/sigs.k8s.io/controller-runtime@v0.21.0/pkg/internal/controller/controller.go:202
  2025-06-26T12:34:35+02:00	INFO	Warning: Reconciler returned both a non-zero result and a non-nil error. The result will always be ignored if the error is non-nil and the non-nil error causes requeuing with exponential backoff. For more details, see: https://pkg.go.dev/sigs.k8s.io/controller-runtime/pkg/reconcile#Reconciler	{"controller": "neo4jbackup", "controllerGroup": "neo4j.neo4j.com", "controllerKind": "Neo4jBackup", "Neo4jBackup": {"name":"test-backup-no-cluster","namespace":"test-failure-1750934075031883000-1750934075034004000"}, "namespace": "test-failure-1750934075031883000-1750934075034004000", "name": "test-backup-no-cluster", "reconcileID": "ad172e1c-df34-4840-a421-b4b9b0566214"}
  2025-06-26T12:34:35+02:00	ERROR	Reconciler error	{"controller": "neo4jbackup", "controllerGroup": "neo4j.neo4j.com", "controllerKind": "Neo4jBackup", "Neo4jBackup": {"name":"test-backup-no-cluster","namespace":"test-failure-1750934075031883000-1750934075034004000"}, "namespace": "test-failure-1750934075031883000-1750934075034004000", "name": "test-backup-no-cluster", "reconcileID": "ad172e1c-df34-4840-a421-b4b9b0566214", "error": "Neo4jEnterpriseCluster.neo4j.neo4j.com \"non-existent-cluster\" not found"}
  sigs.k8s.io/controller-runtime/pkg/internal/controller.(*Controller[...]).reconcileHandler
  	/Users/priyolahiri/go/pkg/mod/sigs.k8s.io/controller-runtime@v0.21.0/pkg/internal/controller/controller.go:353
  sigs.k8s.io/controller-runtime/pkg/internal/controller.(*Controller[...]).processNextWorkItem
  	/Users/priyolahiri/go/pkg/mod/sigs.k8s.io/controller-runtime@v0.21.0/pkg/internal/controller/controller.go:300
  sigs.k8s.io/controller-runtime/pkg/internal/controller.(*Controller[...]).Start.func2.1
  	/Users/priyolahiri/go/pkg/mod/sigs.k8s.io/controller-runtime@v0.21.0/pkg/internal/controller/controller.go:202
  [38;5;214m[INTERRUPTED][0m in [It] - /Users/priyolahiri/Code/neo4j-kubernetes-operator/test/integration/failure_scenarios_test.go:222 [38;5;243m@ 06/26/25 12:34:35.829[0m
  2025-06-26T12:34:35+02:00	ERROR	Failed to get target cluster	{"controller": "neo4jrestore", "controllerGroup": "neo4j.neo4j.com", "controllerKind": "Neo4jRestore", "Neo4jRestore": {"name":"test-restore-no-cluster","namespace":"test-failure-1750934075035366000-1750934075036586000"}, "namespace": "test-failure-1750934075035366000-1750934075036586000", "name": "test-restore-no-cluster", "reconcileID": "4cff674f-5b34-41f6-8194-6deb39b2dd2c", "error": "Neo4jEnterpriseCluster.neo4j.neo4j.com \"non-existent-cluster\" not found"}
  github.com/neo4j-labs/neo4j-kubernetes-operator/internal/controller.(*Neo4jRestoreReconciler).Reconcile
  	/Users/priyolahiri/Code/neo4j-kubernetes-operator/internal/controller/neo4jrestore_controller.go:118
  sigs.k8s.io/controller-runtime/pkg/internal/controller.(*Controller[...]).Reconcile
  	/Users/priyolahiri/go/pkg/mod/sigs.k8s.io/controller-runtime@v0.21.0/pkg/internal/controller/controller.go:119
  sigs.k8s.io/controller-runtime/pkg/internal/controller.(*Controller[...]).reconcileHandler
  	/Users/priyolahiri/go/pkg/mod/sigs.k8s.io/controller-runtime@v0.21.0/pkg/internal/controller/controller.go:340
  sigs.k8s.io/controller-runtime/pkg/internal/controller.(*Controller[...]).processNextWorkItem
  	/Users/priyolahiri/go/pkg/mod/sigs.k8s.io/controller-runtime@v0.21.0/pkg/internal/controller/controller.go:300
  sigs.k8s.io/controller-runtime/pkg/internal/controller.(*Controller[...]).Start.func2.1
  	/Users/priyolahiri/go/pkg/mod/sigs.k8s.io/controller-runtime@v0.21.0/pkg/internal/controller/controller.go:202
  2025-06-26T12:34:35+02:00	ERROR	Failed to get target cluster	{"controller": "neo4jbackup", "controllerGroup": "neo4j.neo4j.com", "controllerKind": "Neo4jBackup", "Neo4jBackup": {"name":"test-backup-invalid-storage","namespace":"test-failure-1750934075033884000-1750934075035500000"}, "namespace": "test-failure-1750934075033884000-1750934075035500000", "name": "test-backup-invalid-storage", "reconcileID": "0264e90e-df2f-4457-9c17-d3efa5565147", "error": "Neo4jEnterpriseCluster.neo4j.neo4j.com \"test-cluster\" not found"}
  github.com/neo4j-labs/neo4j-kubernetes-operator/internal/controller.(*Neo4jBackupReconciler).Reconcile
  	/Users/priyolahiri/Code/neo4j-kubernetes-operator/internal/controller/neo4jbackup_controller.go:106
  sigs.k8s.io/controller-runtime/pkg/internal/controller.(*Controller[...]).Reconcile
  	/Users/priyolahiri/go/pkg/mod/sigs.k8s.io/controller-runtime@v0.21.0/pkg/internal/controller/controller.go:119
  sigs.k8s.io/controller-runtime/pkg/internal/controller.(*Controller[...]).reconcileHandler
  	/Users/priyolahiri/go/pkg/mod/sigs.k8s.io/controller-runtime@v0.21.0/pkg/internal/controller/controller.go:340
  sigs.k8s.io/controller-runtime/pkg/internal/controller.(*Controller[...]).processNextWorkItem
  	/Users/priyolahiri/go/pkg/mod/sigs.k8s.io/controller-runtime@v0.21.0/pkg/internal/controller/controller.go:300
  sigs.k8s.io/controller-runtime/pkg/internal/controller.(*Controller[...]).Start.func2.1
  	/Users/priyolahiri/go/pkg/mod/sigs.k8s.io/controller-runtime@v0.21.0/pkg/internal/controller/controller.go:202
  2025-06-26T12:34:35+02:00	INFO	Warning: Reconciler returned both a non-zero result and a non-nil error. The result will always be ignored if the error is non-nil and the non-nil error causes requeuing with exponential backoff. For more details, see: https://pkg.go.dev/sigs.k8s.io/controller-runtime/pkg/reconcile#Reconciler	{"controller": "neo4jbackup", "controllerGroup": "neo4j.neo4j.com", "controllerKind": "Neo4jBackup", "Neo4jBackup": {"name":"test-backup-invalid-storage","namespace":"test-failure-1750934075033884000-1750934075035500000"}, "namespace": "test-failure-1750934075033884000-1750934075035500000", "name": "test-backup-invalid-storage", "reconcileID": "0264e90e-df2f-4457-9c17-d3efa5565147"}
  2025-06-26T12:34:35+02:00	ERROR	Reconciler error	{"controller": "neo4jbackup", "controllerGroup": "neo4j.neo4j.com", "controllerKind": "Neo4jBackup", "Neo4jBackup": {"name":"test-backup-invalid-storage","namespace":"test-failure-1750934075033884000-1750934075035500000"}, "namespace": "test-failure-1750934075033884000-1750934075035500000", "name": "test-backup-invalid-storage", "reconcileID": "0264e90e-df2f-4457-9c17-d3efa5565147", "error": "Neo4jEnterpriseCluster.neo4j.neo4j.com \"test-cluster\" not found"}
  sigs.k8s.io/controller-runtime/pkg/internal/controller.(*Controller[...]).reconcileHandler
  	/Users/priyolahiri/go/pkg/mod/sigs.k8s.io/controller-runtime@v0.21.0/pkg/internal/controller/controller.go:353
  sigs.k8s.io/controller-runtime/pkg/internal/controller.(*Controller[...]).processNextWorkItem
  	/Users/priyolahiri/go/pkg/mod/sigs.k8s.io/controller-runtime@v0.21.0/pkg/internal/controller/controller.go:300
  sigs.k8s.io/controller-runtime/pkg/internal/controller.(*Controller[...]).Start.func2.1
  	/Users/priyolahiri/go/pkg/mod/sigs.k8s.io/controller-runtime@v0.21.0/pkg/internal/controller/controller.go:202
  2025-06-26T12:34:35+02:00	INFO	Warning: Reconciler returned both a non-zero result and a non-nil error. The result will always be ignored if the error is non-nil and the non-nil error causes requeuing with exponential backoff. For more details, see: https://pkg.go.dev/sigs.k8s.io/controller-runtime/pkg/reconcile#Reconciler	{"controller": "neo4jrestore", "controllerGroup": "neo4j.neo4j.com", "controllerKind": "Neo4jRestore", "Neo4jRestore": {"name":"test-restore-no-cluster","namespace":"test-failure-1750934075035366000-1750934075036586000"}, "namespace": "test-failure-1750934075035366000-1750934075036586000", "name": "test-restore-no-cluster", "reconcileID": "4cff674f-5b34-41f6-8194-6deb39b2dd2c"}
  2025-06-26T12:34:35+02:00	ERROR	Reconciler error	{"controller": "neo4jrestore", "controllerGroup": "neo4j.neo4j.com", "controllerKind": "Neo4jRestore", "Neo4jRestore": {"name":"test-restore-no-cluster","namespace":"test-failure-1750934075035366000-1750934075036586000"}, "namespace": "test-failure-1750934075035366000-1750934075036586000", "name": "test-restore-no-cluster", "reconcileID": "4cff674f-5b34-41f6-8194-6deb39b2dd2c", "error": "Neo4jEnterpriseCluster.neo4j.neo4j.com \"non-existent-cluster\" not found"}
  sigs.k8s.io/controller-runtime/pkg/internal/controller.(*Controller[...]).reconcileHandler
  	/Users/priyolahiri/go/pkg/mod/sigs.k8s.io/controller-runtime@v0.21.0/pkg/internal/controller/controller.go:353
  sigs.k8s.io/controller-runtime/pkg/internal/controller.(*Controller[...]).processNextWorkItem
  	/Users/priyolahiri/go/pkg/mod/sigs.k8s.io/controller-runtime@v0.21.0/pkg/internal/controller/controller.go:300
  sigs.k8s.io/controller-runtime/pkg/internal/controller.(*Controller[...]).Start.func2.1
  	/Users/priyolahiri/go/pkg/mod/sigs.k8s.io/controller-runtime@v0.21.0/pkg/internal/controller/controller.go:202
  2025-06-26T12:34:35+02:00	ERROR	Failed to get target cluster	{"controller": "neo4jrestore", "controllerGroup": "neo4j.neo4j.com", "controllerKind": "Neo4jRestore", "Neo4jRestore": {"name":"test-restore-no-backup","namespace":"test-failure-1750934075033706000-1750934075035488000"}, "namespace": "test-failure-1750934075033706000-1750934075035488000", "name": "test-restore-no-backup", "reconcileID": "dfe6b988-caa5-437f-a4ad-e0292a23d8e7", "error": "Neo4jEnterpriseCluster.neo4j.neo4j.com \"test-cluster\" not found"}
  github.com/neo4j-labs/neo4j-kubernetes-operator/internal/controller.(*Neo4jRestoreReconciler).Reconcile
  	/Users/priyolahiri/Code/neo4j-kubernetes-operator/internal/controller/neo4jrestore_controller.go:118
  sigs.k8s.io/controller-runtime/pkg/internal/controller.(*Controller[...]).Reconcile
  	/Users/priyolahiri/go/pkg/mod/sigs.k8s.io/controller-runtime@v0.21.0/pkg/internal/controller/controller.go:119
  sigs.k8s.io/controller-runtime/pkg/internal/controller.(*Controller[...]).reconcileHandler
  	/Users/priyolahiri/go/pkg/mod/sigs.k8s.io/controller-runtime@v0.21.0/pkg/internal/controller/controller.go:340
  sigs.k8s.io/controller-runtime/pkg/internal/controller.(*Controller[...]).processNextWorkItem
  	/Users/priyolahiri/go/pkg/mod/sigs.k8s.io/controller-runtime@v0.21.0/pkg/internal/controller/controller.go:300
  sigs.k8s.io/controller-runtime/pkg/internal/controller.(*Controller[...]).Start.func2.1
  	/Users/priyolahiri/go/pkg/mod/sigs.k8s.io/controller-runtime@v0.21.0/pkg/internal/controller/controller.go:202
  2025-06-26T12:34:35+02:00	ERROR	Failed to get target cluster	{"controller": "neo4jbackup", "controllerGroup": "neo4j.neo4j.com", "controllerKind": "Neo4jBackup", "Neo4jBackup": {"name":"test-backup-no-cluster","namespace":"test-failure-1750934075031883000-1750934075034004000"}, "namespace": "test-failure-1750934075031883000-1750934075034004000", "name": "test-backup-no-cluster", "reconcileID": "5c09a720-51b6-49b5-8356-28beb1e0cd9b", "error": "Neo4jEnterpriseCluster.neo4j.neo4j.com \"non-existent-cluster\" not found"}
  github.com/neo4j-labs/neo4j-kubernetes-operator/internal/controller.(*Neo4jBackupReconciler).Reconcile
  	/Users/priyolahiri/Code/neo4j-kubernetes-operator/internal/controller/neo4jbackup_controller.go:106
  sigs.k8s.io/controller-runtime/pkg/internal/controller.(*Controller[...]).Reconcile
  	/Users/priyolahiri/go/pkg/mod/sigs.k8s.io/controller-runtime@v0.21.0/pkg/internal/controller/controller.go:119
  sigs.k8s.io/controller-runtime/pkg/internal/controller.(*Controller[...]).reconcileHandler
  	/Users/priyolahiri/go/pkg/mod/sigs.k8s.io/controller-runtime@v0.21.0/pkg/internal/controller/controller.go:340
  sigs.k8s.io/controller-runtime/pkg/internal/controller.(*Controller[...]).processNextWorkItem
  	/Users/priyolahiri/go/pkg/mod/sigs.k8s.io/controller-runtime@v0.21.0/pkg/internal/controller/controller.go:300
  sigs.k8s.io/controller-runtime/pkg/internal/controller.(*Controller[...]).Start.func2.1
  	/Users/priyolahiri/go/pkg/mod/sigs.k8s.io/controller-runtime@v0.21.0/pkg/internal/controller/controller.go:202
  2025-06-26T12:34:35+02:00	INFO	Warning: Reconciler returned both a non-zero result and a non-nil error. The result will always be ignored if the error is non-nil and the non-nil error causes requeuing with exponential backoff. For more details, see: https://pkg.go.dev/sigs.k8s.io/controller-runtime/pkg/reconcile#Reconciler	{"controller": "neo4jrestore", "controllerGroup": "neo4j.neo4j.com", "controllerKind": "Neo4jRestore", "Neo4jRestore": {"name":"test-restore-no-backup","namespace":"test-failure-1750934075033706000-1750934075035488000"}, "namespace": "test-failure-1750934075033706000-1750934075035488000", "name": "test-restore-no-backup", "reconcileID": "dfe6b988-caa5-437f-a4ad-e0292a23d8e7"}
  2025-06-26T12:34:35+02:00	ERROR	Reconciler error	{"controller": "neo4jrestore", "controllerGroup": "neo4j.neo4j.com", "controllerKind": "Neo4jRestore", "Neo4jRestore": {"name":"test-restore-no-backup","namespace":"test-failure-1750934075033706000-1750934075035488000"}, "namespace": "test-failure-1750934075033706000-1750934075035488000", "name": "test-restore-no-backup", "reconcileID": "dfe6b988-caa5-437f-a4ad-e0292a23d8e7", "error": "Neo4jEnterpriseCluster.neo4j.neo4j.com \"test-cluster\" not found"}
  sigs.k8s.io/controller-runtime/pkg/internal/controller.(*Controller[...]).reconcileHandler
  	/Users/priyolahiri/go/pkg/mod/sigs.k8s.io/controller-runtime@v0.21.0/pkg/internal/controller/controller.go:353
  sigs.k8s.io/controller-runtime/pkg/internal/controller.(*Controller[...]).processNextWorkItem
  	/Users/priyolahiri/go/pkg/mod/sigs.k8s.io/controller-runtime@v0.21.0/pkg/internal/controller/controller.go:300
  sigs.k8s.io/controller-runtime/pkg/internal/controller.(*Controller[...]).Start.func2.1
  	/Users/priyolahiri/go/pkg/mod/sigs.k8s.io/controller-runtime@v0.21.0/pkg/internal/controller/controller.go:202
  2025-06-26T12:34:35+02:00	INFO	Warning: Reconciler returned both a non-zero result and a non-nil error. The result will always be ignored if the error is non-nil and the non-nil error causes requeuing with exponential backoff. For more details, see: https://pkg.go.dev/sigs.k8s.io/controller-runtime/pkg/reconcile#Reconciler	{"controller": "neo4jbackup", "controllerGroup": "neo4j.neo4j.com", "controllerKind": "Neo4jBackup", "Neo4jBackup": {"name":"test-backup-no-cluster","namespace":"test-failure-1750934075031883000-1750934075034004000"}, "namespace": "test-failure-1750934075031883000-1750934075034004000", "name": "test-backup-no-cluster", "reconcileID": "5c09a720-51b6-49b5-8356-28beb1e0cd9b"}
  2025-06-26T12:34:35+02:00	ERROR	Reconciler error	{"controller": "neo4jbackup", "controllerGroup": "neo4j.neo4j.com", "controllerKind": "Neo4jBackup", "Neo4jBackup": {"name":"test-backup-no-cluster","namespace":"test-failure-1750934075031883000-1750934075034004000"}, "namespace": "test-failure-1750934075031883000-1750934075034004000", "name": "test-backup-no-cluster", "reconcileID": "5c09a720-51b6-49b5-8356-28beb1e0cd9b", "error": "Neo4jEnterpriseCluster.neo4j.neo4j.com \"non-existent-cluster\" not found"}
  sigs.k8s.io/controller-runtime/pkg/internal/controller.(*Controller[...]).reconcileHandler
  	/Users/priyolahiri/go/pkg/mod/sigs.k8s.io/controller-runtime@v0.21.0/pkg/internal/controller/controller.go:353
  sigs.k8s.io/controller-runtime/pkg/internal/controller.(*Controller[...]).processNextWorkItem
  	/Users/priyolahiri/go/pkg/mod/sigs.k8s.io/controller-runtime@v0.21.0/pkg/internal/controller/controller.go:300
  sigs.k8s.io/controller-runtime/pkg/internal/controller.(*Controller[...]).Start.func2.1
  	/Users/priyolahiri/go/pkg/mod/sigs.k8s.io/controller-runtime@v0.21.0/pkg/internal/controller/controller.go:202
  2025-06-26T12:34:35+02:00	ERROR	Failed to add finalizer	{"controller": "neo4jbackup", "controllerGroup": "neo4j.neo4j.com", "controllerKind": "Neo4jBackup", "Neo4jBackup": {"name":"test-backup-no-cluster","namespace":"test-failure-1750934075031883000-1750934075034004000"}, "namespace": "test-failure-1750934075031883000-1750934075034004000", "name": "test-backup-no-cluster", "reconcileID": "83027198-8065-44dd-974c-7145948b8224", "error": "Operation cannot be fulfilled on neo4jbackups.neo4j.neo4j.com \"test-backup-no-cluster\": the object has been modified; please apply your changes to the latest version and try again"}
  github.com/neo4j-labs/neo4j-kubernetes-operator/internal/controller.(*Neo4jBackupReconciler).Reconcile
  	/Users/priyolahiri/Code/neo4j-kubernetes-operator/internal/controller/neo4jbackup_controller.go:97
  sigs.k8s.io/controller-runtime/pkg/internal/controller.(*Controller[...]).Reconcile
  	/Users/priyolahiri/go/pkg/mod/sigs.k8s.io/controller-runtime@v0.21.0/pkg/internal/controller/controller.go:119
  sigs.k8s.io/controller-runtime/pkg/internal/controller.(*Controller[...]).reconcileHandler
  	/Users/priyolahiri/go/pkg/mod/sigs.k8s.io/controller-runtime@v0.21.0/pkg/internal/controller/controller.go:340
  sigs.k8s.io/controller-runtime/pkg/internal/controller.(*Controller[...]).processNextWorkItem
  	/Users/priyolahiri/go/pkg/mod/sigs.k8s.io/controller-runtime@v0.21.0/pkg/internal/controller/controller.go:300
  sigs.k8s.io/controller-runtime/pkg/internal/controller.(*Controller[...]).Start.func2.1
  	/Users/priyolahiri/go/pkg/mod/sigs.k8s.io/controller-runtime@v0.21.0/pkg/internal/controller/controller.go:202
  2025-06-26T12:34:35+02:00	ERROR	Reconciler error	{"controller": "neo4jbackup", "controllerGroup": "neo4j.neo4j.com", "controllerKind": "Neo4jBackup", "Neo4jBackup": {"name":"test-backup-no-cluster","namespace":"test-failure-1750934075031883000-1750934075034004000"}, "namespace": "test-failure-1750934075031883000-1750934075034004000", "name": "test-backup-no-cluster", "reconcileID": "83027198-8065-44dd-974c-7145948b8224", "error": "Operation cannot be fulfilled on neo4jbackups.neo4j.neo4j.com \"test-backup-no-cluster\": the object has been modified; please apply your changes to the latest version and try again"}
  sigs.k8s.io/controller-runtime/pkg/internal/controller.(*Controller[...]).reconcileHandler
  	/Users/priyolahiri/go/pkg/mod/sigs.k8s.io/controller-runtime@v0.21.0/pkg/internal/controller/controller.go:353
  sigs.k8s.io/controller-runtime/pkg/internal/controller.(*Controller[...]).processNextWorkItem
  	/Users/priyolahiri/go/pkg/mod/sigs.k8s.io/controller-runtime@v0.21.0/pkg/internal/controller/controller.go:300
  sigs.k8s.io/controller-runtime/pkg/internal/controller.(*Controller[...]).Start.func2.1
  	/Users/priyolahiri/go/pkg/mod/sigs.k8s.io/controller-runtime@v0.21.0/pkg/internal/controller/controller.go:202
  2025-06-26T12:34:35+02:00	ERROR	Failed to add finalizer	{"controller": "neo4jrestore", "controllerGroup": "neo4j.neo4j.com", "controllerKind": "Neo4jRestore", "Neo4jRestore": {"name":"test-restore-no-cluster","namespace":"test-failure-1750934075035366000-1750934075036586000"}, "namespace": "test-failure-1750934075035366000-1750934075036586000", "name": "test-restore-no-cluster", "reconcileID": "1af8a1c3-585d-4c0b-893b-13a9adb742f9", "error": "Operation cannot be fulfilled on neo4jrestores.neo4j.neo4j.com \"test-restore-no-cluster\": the object has been modified; please apply your changes to the latest version and try again"}
  github.com/neo4j-labs/neo4j-kubernetes-operator/internal/controller.(*Neo4jRestoreReconciler).Reconcile
  	/Users/priyolahiri/Code/neo4j-kubernetes-operator/internal/controller/neo4jrestore_controller.go:109
  sigs.k8s.io/controller-runtime/pkg/internal/controller.(*Controller[...]).Reconcile
  	/Users/priyolahiri/go/pkg/mod/sigs.k8s.io/controller-runtime@v0.21.0/pkg/internal/controller/controller.go:119
  sigs.k8s.io/controller-runtime/pkg/internal/controller.(*Controller[...]).reconcileHandler
  	/Users/priyolahiri/go/pkg/mod/sigs.k8s.io/controller-runtime@v0.21.0/pkg/internal/controller/controller.go:340
  sigs.k8s.io/controller-runtime/pkg/internal/controller.(*Controller[...]).processNextWorkItem
  	/Users/priyolahiri/go/pkg/mod/sigs.k8s.io/controller-runtime@v0.21.0/pkg/internal/controller/controller.go:300
  sigs.k8s.io/controller-runtime/pkg/internal/controller.(*Controller[...]).Start.func2.1
  	/Users/priyolahiri/go/pkg/mod/sigs.k8s.io/controller-runtime@v0.21.0/pkg/internal/controller/controller.go:202
  2025-06-26T12:34:35+02:00	ERROR	Reconciler error	{"controller": "neo4jrestore", "controllerGroup": "neo4j.neo4j.com", "controllerKind": "Neo4jRestore", "Neo4jRestore": {"name":"test-restore-no-cluster","namespace":"test-failure-1750934075035366000-1750934075036586000"}, "namespace": "test-failure-1750934075035366000-1750934075036586000", "name": "test-restore-no-cluster", "reconcileID": "1af8a1c3-585d-4c0b-893b-13a9adb742f9", "error": "Operation cannot be fulfilled on neo4jrestores.neo4j.neo4j.com \"test-restore-no-cluster\": the object has been modified; please apply your changes to the latest version and try again"}
  sigs.k8s.io/controller-runtime/pkg/internal/controller.(*Controller[...]).reconcileHandler
  	/Users/priyolahiri/go/pkg/mod/sigs.k8s.io/controller-runtime@v0.21.0/pkg/internal/controller/controller.go:353
  sigs.k8s.io/controller-runtime/pkg/internal/controller.(*Controller[...]).processNextWorkItem
  	/Users/priyolahiri/go/pkg/mod/sigs.k8s.io/controller-runtime@v0.21.0/pkg/internal/controller/controller.go:300
  sigs.k8s.io/controller-runtime/pkg/internal/controller.(*Controller[...]).Start.func2.1
  	/Users/priyolahiri/go/pkg/mod/sigs.k8s.io/controller-runtime@v0.21.0/pkg/internal/controller/controller.go:202
  2025-06-26T12:34:35+02:00	ERROR	Failed to add finalizer	{"controller": "neo4jbackup", "controllerGroup": "neo4j.neo4j.com", "controllerKind": "Neo4jBackup", "Neo4jBackup": {"name":"test-backup-invalid-storage","namespace":"test-failure-1750934075033884000-1750934075035500000"}, "namespace": "test-failure-1750934075033884000-1750934075035500000", "name": "test-backup-invalid-storage", "reconcileID": "3fe1e51e-5bee-4b34-9e95-dc2505daca1d", "error": "Operation cannot be fulfilled on neo4jbackups.neo4j.neo4j.com \"test-backup-invalid-storage\": StorageError: invalid object, Code: 4, Key: /registry/neo4j.neo4j.com/neo4jbackups/test-failure-1750934075033884000-1750934075035500000/test-backup-invalid-storage, ResourceVersion: 0, AdditionalErrorMsg: Precondition failed: UID in precondition: 8b54b550-41c5-4309-aa85-b2e536f19ec7, UID in object meta: "}
  github.com/neo4j-labs/neo4j-kubernetes-operator/internal/controller.(*Neo4jBackupReconciler).Reconcile
  	/Users/priyolahiri/Code/neo4j-kubernetes-operator/internal/controller/neo4jbackup_controller.go:97
  sigs.k8s.io/controller-runtime/pkg/internal/controller.(*Controller[...]).Reconcile
  	/Users/priyolahiri/go/pkg/mod/sigs.k8s.io/controller-runtime@v0.21.0/pkg/internal/controller/controller.go:119
  sigs.k8s.io/controller-runtime/pkg/internal/controller.(*Controller[...]).reconcileHandler
  	/Users/priyolahiri/go/pkg/mod/sigs.k8s.io/controller-runtime@v0.21.0/pkg/internal/controller/controller.go:340
  sigs.k8s.io/controller-runtime/pkg/internal/controller.(*Controller[...]).processNextWorkItem
  	/Users/priyolahiri/go/pkg/mod/sigs.k8s.io/controller-runtime@v0.21.0/pkg/internal/controller/controller.go:300
  sigs.k8s.io/controller-runtime/pkg/internal/controller.(*Controller[...]).Start.func2.1
  	/Users/priyolahiri/go/pkg/mod/sigs.k8s.io/controller-runtime@v0.21.0/pkg/internal/controller/controller.go:202
  2025-06-26T12:34:35+02:00	ERROR	Reconciler error	{"controller": "neo4jbackup", "controllerGroup": "neo4j.neo4j.com", "controllerKind": "Neo4jBackup", "Neo4jBackup": {"name":"test-backup-invalid-storage","namespace":"test-failure-1750934075033884000-1750934075035500000"}, "namespace": "test-failure-1750934075033884000-1750934075035500000", "name": "test-backup-invalid-storage", "reconcileID": "3fe1e51e-5bee-4b34-9e95-dc2505daca1d", "error": "Operation cannot be fulfilled on neo4jbackups.neo4j.neo4j.com \"test-backup-invalid-storage\": StorageError: invalid object, Code: 4, Key: /registry/neo4j.neo4j.com/neo4jbackups/test-failure-1750934075033884000-1750934075035500000/test-backup-invalid-storage, ResourceVersion: 0, AdditionalErrorMsg: Precondition failed: UID in precondition: 8b54b550-41c5-4309-aa85-b2e536f19ec7, UID in object meta: "}
  sigs.k8s.io/controller-runtime/pkg/internal/controller.(*Controller[...]).reconcileHandler
  	/Users/priyolahiri/go/pkg/mod/sigs.k8s.io/controller-runtime@v0.21.0/pkg/internal/controller/controller.go:353
  sigs.k8s.io/controller-runtime/pkg/internal/controller.(*Controller[...]).processNextWorkItem
  	/Users/priyolahiri/go/pkg/mod/sigs.k8s.io/controller-runtime@v0.21.0/pkg/internal/controller/controller.go:300
  sigs.k8s.io/controller-runtime/pkg/internal/controller.(*Controller[...]).Start.func2.1
  	/Users/priyolahiri/go/pkg/mod/sigs.k8s.io/controller-runtime@v0.21.0/pkg/internal/controller/controller.go:202
  2025-06-26T12:34:35+02:00	INFO	No retention policy specified, skipping cleanup	{"controller": "neo4jbackup", "controllerGroup": "neo4j.neo4j.com", "controllerKind": "Neo4jBackup", "Neo4jBackup": {"name":"test-backup-no-cluster","namespace":"test-failure-1750934075031883000-1750934075034004000"}, "namespace": "test-failure-1750934075031883000-1750934075034004000", "name": "test-backup-no-cluster", "reconcileID": "c134e5c6-ede7-49c8-8514-ffea6910c654"}
  2025-06-26T12:34:35+02:00	ERROR	Failed to add finalizer	{"controller": "neo4jrestore", "controllerGroup": "neo4j.neo4j.com", "controllerKind": "Neo4jRestore", "Neo4jRestore": {"name":"test-restore-no-backup","namespace":"test-failure-1750934075033706000-1750934075035488000"}, "namespace": "test-failure-1750934075033706000-1750934075035488000", "name": "test-restore-no-backup", "reconcileID": "2aa1c46d-0018-4255-a27f-bcd5a0c00ce8", "error": "Operation cannot be fulfilled on neo4jrestores.neo4j.neo4j.com \"test-restore-no-backup\": StorageError: invalid object, Code: 4, Key: /registry/neo4j.neo4j.com/neo4jrestores/test-failure-1750934075033706000-1750934075035488000/test-restore-no-backup, ResourceVersion: 0, AdditionalErrorMsg: Precondition failed: UID in precondition: e6e478b1-bde0-4f6e-8d95-cc64791172d6, UID in object meta: "}
  github.com/neo4j-labs/neo4j-kubernetes-operator/internal/controller.(*Neo4jRestoreReconciler).Reconcile
  	/Users/priyolahiri/Code/neo4j-kubernetes-operator/internal/controller/neo4jrestore_controller.go:109
  sigs.k8s.io/controller-runtime/pkg/internal/controller.(*Controller[...]).Reconcile
  	/Users/priyolahiri/go/pkg/mod/sigs.k8s.io/controller-runtime@v0.21.0/pkg/internal/controller/controller.go:119
  sigs.k8s.io/controller-runtime/pkg/internal/controller.(*Controller[...]).reconcileHandler
  	/Users/priyolahiri/go/pkg/mod/sigs.k8s.io/controller-runtime@v0.21.0/pkg/internal/controller/controller.go:340
  sigs.k8s.io/controller-runtime/pkg/internal/controller.(*Controller[...]).processNextWorkItem
  	/Users/priyolahiri/go/pkg/mod/sigs.k8s.io/controller-runtime@v0.21.0/pkg/internal/controller/controller.go:300
  sigs.k8s.io/controller-runtime/pkg/internal/controller.(*Controller[...]).Start.func2.1
  	/Users/priyolahiri/go/pkg/mod/sigs.k8s.io/controller-runtime@v0.21.0/pkg/internal/controller/controller.go:202
  2025-06-26T12:34:35+02:00	ERROR	Reconciler error	{"controller": "neo4jrestore", "controllerGroup": "neo4j.neo4j.com", "controllerKind": "Neo4jRestore", "Neo4jRestore": {"name":"test-restore-no-backup","namespace":"test-failure-1750934075033706000-1750934075035488000"}, "namespace": "test-failure-1750934075033706000-1750934075035488000", "name": "test-restore-no-backup", "reconcileID": "2aa1c46d-0018-4255-a27f-bcd5a0c00ce8", "error": "Operation cannot be fulfilled on neo4jrestores.neo4j.neo4j.com \"test-restore-no-backup\": StorageError: invalid object, Code: 4, Key: /registry/neo4j.neo4j.com/neo4jrestores/test-failure-1750934075033706000-1750934075035488000/test-restore-no-backup, ResourceVersion: 0, AdditionalErrorMsg: Precondition failed: UID in precondition: e6e478b1-bde0-4f6e-8d95-cc64791172d6, UID in object meta: "}
  sigs.k8s.io/controller-runtime/pkg/internal/controller.(*Controller[...]).reconcileHandler
  	/Users/priyolahiri/go/pkg/mod/sigs.k8s.io/controller-runtime@v0.21.0/pkg/internal/controller/controller.go:353
  sigs.k8s.io/controller-runtime/pkg/internal/controller.(*Controller[...]).processNextWorkItem
  	/Users/priyolahiri/go/pkg/mod/sigs.k8s.io/controller-runtime@v0.21.0/pkg/internal/controller/controller.go:300
  sigs.k8s.io/controller-runtime/pkg/internal/controller.(*Controller[...]).Start.func2.1
  	/Users/priyolahiri/go/pkg/mod/sigs.k8s.io/controller-runtime@v0.21.0/pkg/internal/controller/controller.go:202
  2025-06-26T12:34:35+02:00	ERROR	Reconciler error	{"controller": "neo4jbackup", "controllerGroup": "neo4j.neo4j.com", "controllerKind": "Neo4jBackup", "Neo4jBackup": {"name":"test-backup-no-cluster","namespace":"test-failure-1750934075031883000-1750934075034004000"}, "namespace": "test-failure-1750934075031883000-1750934075034004000", "name": "test-backup-no-cluster", "reconcileID": "c134e5c6-ede7-49c8-8514-ffea6910c654", "error": "Operation cannot be fulfilled on neo4jbackups.neo4j.neo4j.com \"test-backup-no-cluster\": StorageError: invalid object, Code: 4, Key: /registry/neo4j.neo4j.com/neo4jbackups/test-failure-1750934075031883000-1750934075034004000/test-backup-no-cluster, ResourceVersion: 0, AdditionalErrorMsg: Precondition failed: UID in precondition: c163978e-2ca1-4697-83b2-e13f45fdb2dd, UID in object meta: "}
  sigs.k8s.io/controller-runtime/pkg/internal/controller.(*Controller[...]).reconcileHandler
  	/Users/priyolahiri/go/pkg/mod/sigs.k8s.io/controller-runtime@v0.21.0/pkg/internal/controller/controller.go:353
  sigs.k8s.io/controller-runtime/pkg/internal/controller.(*Controller[...]).processNextWorkItem
  	/Users/priyolahiri/go/pkg/mod/sigs.k8s.io/controller-runtime@v0.21.0/pkg/internal/controller/controller.go:300
  sigs.k8s.io/controller-runtime/pkg/internal/controller.(*Controller[...]).Start.func2.1
  	/Users/priyolahiri/go/pkg/mod/sigs.k8s.io/controller-runtime@v0.21.0/pkg/internal/controller/controller.go:202
  2025-06-26T12:34:35+02:00	INFO	Neo4jBackup resource not found	{"controller": "neo4jbackup", "controllerGroup": "neo4j.neo4j.com", "controllerKind": "Neo4jBackup", "Neo4jBackup": {"name":"test-backup-invalid-storage","namespace":"test-failure-1750934075033884000-1750934075035500000"}, "namespace": "test-failure-1750934075033884000-1750934075035500000", "name": "test-backup-invalid-storage", "reconcileID": "46d84dfd-126b-455e-949c-5c98436dc221"}
  2025-06-26T12:34:35+02:00	INFO	Neo4jBackup resource not found	{"controller": "neo4jbackup", "controllerGroup": "neo4j.neo4j.com", "controllerKind": "Neo4jBackup", "Neo4jBackup": {"name":"test-backup-no-cluster","namespace":"test-failure-1750934075031883000-1750934075034004000"}, "namespace": "test-failure-1750934075031883000-1750934075034004000", "name": "test-backup-no-cluster", "reconcileID": "abc599d5-0d7a-4202-9083-18ac00b2144d"}
  2025-06-26T12:34:35+02:00	INFO	Neo4jRestore resource not found	{"controller": "neo4jrestore", "controllerGroup": "neo4j.neo4j.com", "controllerKind": "Neo4jRestore", "Neo4jRestore": {"name":"test-restore-no-backup","namespace":"test-failure-1750934075033706000-1750934075035488000"}, "namespace": "test-failure-1750934075033706000-1750934075035488000", "name": "test-restore-no-backup", "reconcileID": "a7b4ceba-138a-4570-88a2-128cadf463af"}
  2025-06-26T12:34:35+02:00	INFO	Neo4jRestore resource not found	{"controller": "neo4jrestore", "controllerGroup": "neo4j.neo4j.com", "controllerKind": "Neo4jRestore", "Neo4jRestore": {"name":"test-restore-no-cluster","namespace":"test-failure-1750934075035366000-1750934075036586000"}, "namespace": "test-failure-1750934075035366000-1750934075036586000", "name": "test-restore-no-cluster", "reconcileID": "9e44f6f3-10d5-4eb2-8fff-02cfa566df5d"}
  [38;5;243m<< Timeline[0m

  [38;5;214m[INTERRUPTED] Interrupted by Other Ginkgo Process[0m
  [38;5;214mIn [1m[It][0m[38;5;214m at: [1m/Users/priyolahiri/Code/neo4j-kubernetes-operator/test/integration/failure_scenarios_test.go:222[0m [38;5;243m@ 06/26/25 12:34:35.829[0m
[38;5;243m------------------------------[0m
[38;5;214m• [INTERRUPTED] [0.881 seconds][0m
[0mFailure Scenarios [38;5;243mRestore Failure Scenarios [38;5;214m[1m[It] should handle restore with non-existent backup[0m
[38;5;243m/Users/priyolahiri/Code/neo4j-kubernetes-operator/test/integration/failure_scenarios_test.go:300[0m

  [38;5;243mTimeline >>[0m
  2025-06-26T12:34:35+02:00	INFO	Starting Controller	{"controller": "neo4jplugin", "controllerGroup": "neo4j.neo4j.com", "controllerKind": "Neo4jPlugin"}
  2025-06-26T12:34:35+02:00	INFO	Starting workers	{"controller": "neo4jplugin", "controllerGroup": "neo4j.neo4j.com", "controllerKind": "Neo4jPlugin", "worker count": 1}
  2025-06-26T12:34:35+02:00	INFO	Starting Controller	{"controller": "neo4jrestore", "controllerGroup": "neo4j.neo4j.com", "controllerKind": "Neo4jRestore"}
  2025-06-26T12:34:35+02:00	INFO	Starting workers	{"controller": "neo4jrestore", "controllerGroup": "neo4j.neo4j.com", "controllerKind": "Neo4jRestore", "worker count": 1}
  2025-06-26T12:34:35+02:00	ERROR	Failed to get target cluster	{"controller": "neo4jrestore", "controllerGroup": "neo4j.neo4j.com", "controllerKind": "Neo4jRestore", "Neo4jRestore": {"name":"test-restore-no-cluster","namespace":"test-failure-1750934075035366000-1750934075036586000"}, "namespace": "test-failure-1750934075035366000-1750934075036586000", "name": "test-restore-no-cluster", "reconcileID": "03062924-9881-4788-a016-14afdbca2c01", "error": "Neo4jEnterpriseCluster.neo4j.neo4j.com \"non-existent-cluster\" not found"}
  github.com/neo4j-labs/neo4j-kubernetes-operator/internal/controller.(*Neo4jRestoreReconciler).Reconcile
  	/Users/priyolahiri/Code/neo4j-kubernetes-operator/internal/controller/neo4jrestore_controller.go:118
  sigs.k8s.io/controller-runtime/pkg/internal/controller.(*Controller[...]).Reconcile
  	/Users/priyolahiri/go/pkg/mod/sigs.k8s.io/controller-runtime@v0.21.0/pkg/internal/controller/controller.go:119
  sigs.k8s.io/controller-runtime/pkg/internal/controller.(*Controller[...]).reconcileHandler
  	/Users/priyolahiri/go/pkg/mod/sigs.k8s.io/controller-runtime@v0.21.0/pkg/internal/controller/controller.go:340
  sigs.k8s.io/controller-runtime/pkg/internal/controller.(*Controller[...]).processNextWorkItem
  	/Users/priyolahiri/go/pkg/mod/sigs.k8s.io/controller-runtime@v0.21.0/pkg/internal/controller/controller.go:300
  sigs.k8s.io/controller-runtime/pkg/internal/controller.(*Controller[...]).Start.func2.1
  	/Users/priyolahiri/go/pkg/mod/sigs.k8s.io/controller-runtime@v0.21.0/pkg/internal/controller/controller.go:202
  2025-06-26T12:34:35+02:00	INFO	Starting Controller	{"controller": "neo4jbackup", "controllerGroup": "neo4j.neo4j.com", "controllerKind": "Neo4jBackup"}
  2025-06-26T12:34:35+02:00	INFO	Starting Controller	{"controller": "neo4jdatabase", "controllerGroup": "neo4j.neo4j.com", "controllerKind": "Neo4jDatabase"}
  2025-06-26T12:34:35+02:00	INFO	Starting workers	{"controller": "neo4jdatabase", "controllerGroup": "neo4j.neo4j.com", "controllerKind": "Neo4jDatabase", "worker count": 1}
  2025-06-26T12:34:35+02:00	INFO	Starting workers	{"controller": "neo4jbackup", "controllerGroup": "neo4j.neo4j.com", "controllerKind": "Neo4jBackup", "worker count": 1}
  2025-06-26T12:34:35+02:00	ERROR	Failed to get target cluster	{"controller": "neo4jbackup", "controllerGroup": "neo4j.neo4j.com", "controllerKind": "Neo4jBackup", "Neo4jBackup": {"name":"test-backup-invalid-storage","namespace":"test-failure-1750934075033884000-1750934075035500000"}, "namespace": "test-failure-1750934075033884000-1750934075035500000", "name": "test-backup-invalid-storage", "reconcileID": "9bf563db-7302-4eca-975d-744ca44dcc66", "error": "Neo4jEnterpriseCluster.neo4j.neo4j.com \"test-cluster\" not found"}
  github.com/neo4j-labs/neo4j-kubernetes-operator/internal/controller.(*Neo4jBackupReconciler).Reconcile
  	/Users/priyolahiri/Code/neo4j-kubernetes-operator/internal/controller/neo4jbackup_controller.go:106
  sigs.k8s.io/controller-runtime/pkg/internal/controller.(*Controller[...]).Reconcile
  	/Users/priyolahiri/go/pkg/mod/sigs.k8s.io/controller-runtime@v0.21.0/pkg/internal/controller/controller.go:119
  sigs.k8s.io/controller-runtime/pkg/internal/controller.(*Controller[...]).reconcileHandler
  	/Users/priyolahiri/go/pkg/mod/sigs.k8s.io/controller-runtime@v0.21.0/pkg/internal/controller/controller.go:340
  sigs.k8s.io/controller-runtime/pkg/internal/controller.(*Controller[...]).processNextWorkItem
  	/Users/priyolahiri/go/pkg/mod/sigs.k8s.io/controller-runtime@v0.21.0/pkg/internal/controller/controller.go:300
  sigs.k8s.io/controller-runtime/pkg/internal/controller.(*Controller[...]).Start.func2.1
  	/Users/priyolahiri/go/pkg/mod/sigs.k8s.io/controller-runtime@v0.21.0/pkg/internal/controller/controller.go:202
  2025-06-26T12:34:35+02:00	INFO	Starting Controller	{"controller": "neo4jrole", "controllerGroup": "neo4j.neo4j.com", "controllerKind": "Neo4jRole"}
  2025-06-26T12:34:35+02:00	INFO	Starting workers	{"controller": "neo4jrole", "controllerGroup": "neo4j.neo4j.com", "controllerKind": "Neo4jRole", "worker count": 1}
  2025-06-26T12:34:35+02:00	INFO	Starting Controller	{"controller": "neo4juser", "controllerGroup": "neo4j.neo4j.com", "controllerKind": "Neo4jUser"}
  2025-06-26T12:34:35+02:00	INFO	Starting workers	{"controller": "neo4juser", "controllerGroup": "neo4j.neo4j.com", "controllerKind": "Neo4jUser", "worker count": 1}
  2025-06-26T12:34:35+02:00	INFO	Starting Controller	{"controller": "neo4jgrant", "controllerGroup": "neo4j.neo4j.com", "controllerKind": "Neo4jGrant"}
  2025-06-26T12:34:35+02:00	INFO	Starting workers	{"controller": "neo4jgrant", "controllerGroup": "neo4j.neo4j.com", "controllerKind": "Neo4jGrant", "worker count": 1}
  2025-06-26T12:34:35+02:00	INFO	Starting Controller	{"controller": "neo4jenterprisecluster", "controllerGroup": "neo4j.neo4j.com", "controllerKind": "Neo4jEnterpriseCluster"}
  2025-06-26T12:34:35+02:00	INFO	Starting workers	{"controller": "neo4jenterprisecluster", "controllerGroup": "neo4j.neo4j.com", "controllerKind": "Neo4jEnterpriseCluster", "worker count": 1}
  2025-06-26T12:34:35+02:00	INFO	Warning: Reconciler returned both a non-zero result and a non-nil error. The result will always be ignored if the error is non-nil and the non-nil error causes requeuing with exponential backoff. For more details, see: https://pkg.go.dev/sigs.k8s.io/controller-runtime/pkg/reconcile#Reconciler	{"controller": "neo4jbackup", "controllerGroup": "neo4j.neo4j.com", "controllerKind": "Neo4jBackup", "Neo4jBackup": {"name":"test-backup-invalid-storage","namespace":"test-failure-1750934075033884000-1750934075035500000"}, "namespace": "test-failure-1750934075033884000-1750934075035500000", "name": "test-backup-invalid-storage", "reconcileID": "9bf563db-7302-4eca-975d-744ca44dcc66"}
  2025-06-26T12:34:35+02:00	ERROR	Reconciler error	{"controller": "neo4jbackup", "controllerGroup": "neo4j.neo4j.com", "controllerKind": "Neo4jBackup", "Neo4jBackup": {"name":"test-backup-invalid-storage","namespace":"test-failure-1750934075033884000-1750934075035500000"}, "namespace": "test-failure-1750934075033884000-1750934075035500000", "name": "test-backup-invalid-storage", "reconcileID": "9bf563db-7302-4eca-975d-744ca44dcc66", "error": "Neo4jEnterpriseCluster.neo4j.neo4j.com \"test-cluster\" not found"}
  sigs.k8s.io/controller-runtime/pkg/internal/controller.(*Controller[...]).reconcileHandler
  	/Users/priyolahiri/go/pkg/mod/sigs.k8s.io/controller-runtime@v0.21.0/pkg/internal/controller/controller.go:353
  sigs.k8s.io/controller-runtime/pkg/internal/controller.(*Controller[...]).processNextWorkItem
  	/Users/priyolahiri/go/pkg/mod/sigs.k8s.io/controller-runtime@v0.21.0/pkg/internal/controller/controller.go:300
  sigs.k8s.io/controller-runtime/pkg/internal/controller.(*Controller[...]).Start.func2.1
  	/Users/priyolahiri/go/pkg/mod/sigs.k8s.io/controller-runtime@v0.21.0/pkg/internal/controller/controller.go:202
  2025-06-26T12:34:35+02:00	INFO	Warning: Reconciler returned both a non-zero result and a non-nil error. The result will always be ignored if the error is non-nil and the non-nil error causes requeuing with exponential backoff. For more details, see: https://pkg.go.dev/sigs.k8s.io/controller-runtime/pkg/reconcile#Reconciler	{"controller": "neo4jrestore", "controllerGroup": "neo4j.neo4j.com", "controllerKind": "Neo4jRestore", "Neo4jRestore": {"name":"test-restore-no-cluster","namespace":"test-failure-1750934075035366000-1750934075036586000"}, "namespace": "test-failure-1750934075035366000-1750934075036586000", "name": "test-restore-no-cluster", "reconcileID": "03062924-9881-4788-a016-14afdbca2c01"}
  2025-06-26T12:34:35+02:00	ERROR	Reconciler error	{"controller": "neo4jrestore", "controllerGroup": "neo4j.neo4j.com", "controllerKind": "Neo4jRestore", "Neo4jRestore": {"name":"test-restore-no-cluster","namespace":"test-failure-1750934075035366000-1750934075036586000"}, "namespace": "test-failure-1750934075035366000-1750934075036586000", "name": "test-restore-no-cluster", "reconcileID": "03062924-9881-4788-a016-14afdbca2c01", "error": "Neo4jEnterpriseCluster.neo4j.neo4j.com \"non-existent-cluster\" not found"}
  sigs.k8s.io/controller-runtime/pkg/internal/controller.(*Controller[...]).reconcileHandler
  	/Users/priyolahiri/go/pkg/mod/sigs.k8s.io/controller-runtime@v0.21.0/pkg/internal/controller/controller.go:353
  sigs.k8s.io/controller-runtime/pkg/internal/controller.(*Controller[...]).processNextWorkItem
  	/Users/priyolahiri/go/pkg/mod/sigs.k8s.io/controller-runtime@v0.21.0/pkg/internal/controller/controller.go:300
  sigs.k8s.io/controller-runtime/pkg/internal/controller.(*Controller[...]).Start.func2.1
  	/Users/priyolahiri/go/pkg/mod/sigs.k8s.io/controller-runtime@v0.21.0/pkg/internal/controller/controller.go:202
  2025-06-26T12:34:35+02:00	ERROR	Failed to get target cluster	{"controller": "neo4jbackup", "controllerGroup": "neo4j.neo4j.com", "controllerKind": "Neo4jBackup", "Neo4jBackup": {"name":"test-backup-no-cluster","namespace":"test-failure-1750934075031883000-1750934075034004000"}, "namespace": "test-failure-1750934075031883000-1750934075034004000", "name": "test-backup-no-cluster", "reconcileID": "06b85314-1f7f-4343-b180-186d67907365", "error": "Neo4jEnterpriseCluster.neo4j.neo4j.com \"non-existent-cluster\" not found"}
  github.com/neo4j-labs/neo4j-kubernetes-operator/internal/controller.(*Neo4jBackupReconciler).Reconcile
  	/Users/priyolahiri/Code/neo4j-kubernetes-operator/internal/controller/neo4jbackup_controller.go:106
  sigs.k8s.io/controller-runtime/pkg/internal/controller.(*Controller[...]).Reconcile
  	/Users/priyolahiri/go/pkg/mod/sigs.k8s.io/controller-runtime@v0.21.0/pkg/internal/controller/controller.go:119
  sigs.k8s.io/controller-runtime/pkg/internal/controller.(*Controller[...]).reconcileHandler
  	/Users/priyolahiri/go/pkg/mod/sigs.k8s.io/controller-runtime@v0.21.0/pkg/internal/controller/controller.go:340
  sigs.k8s.io/controller-runtime/pkg/internal/controller.(*Controller[...]).processNextWorkItem
  	/Users/priyolahiri/go/pkg/mod/sigs.k8s.io/controller-runtime@v0.21.0/pkg/internal/controller/controller.go:300
  sigs.k8s.io/controller-runtime/pkg/internal/controller.(*Controller[...]).Start.func2.1
  	/Users/priyolahiri/go/pkg/mod/sigs.k8s.io/controller-runtime@v0.21.0/pkg/internal/controller/controller.go:202
  2025-06-26T12:34:35+02:00	ERROR	Failed to get target cluster	{"controller": "neo4jrestore", "controllerGroup": "neo4j.neo4j.com", "controllerKind": "Neo4jRestore", "Neo4jRestore": {"name":"test-restore-no-backup","namespace":"test-failure-1750934075033706000-1750934075035488000"}, "namespace": "test-failure-1750934075033706000-1750934075035488000", "name": "test-restore-no-backup", "reconcileID": "e49d82bf-7e37-4f41-8494-c7790920a87c", "error": "Neo4jEnterpriseCluster.neo4j.neo4j.com \"test-cluster\" not found"}
  github.com/neo4j-labs/neo4j-kubernetes-operator/internal/controller.(*Neo4jRestoreReconciler).Reconcile
  	/Users/priyolahiri/Code/neo4j-kubernetes-operator/internal/controller/neo4jrestore_controller.go:118
  sigs.k8s.io/controller-runtime/pkg/internal/controller.(*Controller[...]).Reconcile
  	/Users/priyolahiri/go/pkg/mod/sigs.k8s.io/controller-runtime@v0.21.0/pkg/internal/controller/controller.go:119
  sigs.k8s.io/controller-runtime/pkg/internal/controller.(*Controller[...]).reconcileHandler
  	/Users/priyolahiri/go/pkg/mod/sigs.k8s.io/controller-runtime@v0.21.0/pkg/internal/controller/controller.go:340
  sigs.k8s.io/controller-runtime/pkg/internal/controller.(*Controller[...]).processNextWorkItem
  	/Users/priyolahiri/go/pkg/mod/sigs.k8s.io/controller-runtime@v0.21.0/pkg/internal/controller/controller.go:300
  sigs.k8s.io/controller-runtime/pkg/internal/controller.(*Controller[...]).Start.func2.1
  	/Users/priyolahiri/go/pkg/mod/sigs.k8s.io/controller-runtime@v0.21.0/pkg/internal/controller/controller.go:202
  2025-06-26T12:34:35+02:00	INFO	Warning: Reconciler returned both a non-zero result and a non-nil error. The result will always be ignored if the error is non-nil and the non-nil error causes requeuing with exponential backoff. For more details, see: https://pkg.go.dev/sigs.k8s.io/controller-runtime/pkg/reconcile#Reconciler	{"controller": "neo4jbackup", "controllerGroup": "neo4j.neo4j.com", "controllerKind": "Neo4jBackup", "Neo4jBackup": {"name":"test-backup-no-cluster","namespace":"test-failure-1750934075031883000-1750934075034004000"}, "namespace": "test-failure-1750934075031883000-1750934075034004000", "name": "test-backup-no-cluster", "reconcileID": "06b85314-1f7f-4343-b180-186d67907365"}
  2025-06-26T12:34:35+02:00	ERROR	Reconciler error	{"controller": "neo4jbackup", "controllerGroup": "neo4j.neo4j.com", "controllerKind": "Neo4jBackup", "Neo4jBackup": {"name":"test-backup-no-cluster","namespace":"test-failure-1750934075031883000-1750934075034004000"}, "namespace": "test-failure-1750934075031883000-1750934075034004000", "name": "test-backup-no-cluster", "reconcileID": "06b85314-1f7f-4343-b180-186d67907365", "error": "Neo4jEnterpriseCluster.neo4j.neo4j.com \"non-existent-cluster\" not found"}
  sigs.k8s.io/controller-runtime/pkg/internal/controller.(*Controller[...]).reconcileHandler
  	/Users/priyolahiri/go/pkg/mod/sigs.k8s.io/controller-runtime@v0.21.0/pkg/internal/controller/controller.go:353
  sigs.k8s.io/controller-runtime/pkg/internal/controller.(*Controller[...]).processNextWorkItem
  	/Users/priyolahiri/go/pkg/mod/sigs.k8s.io/controller-runtime@v0.21.0/pkg/internal/controller/controller.go:300
  sigs.k8s.io/controller-runtime/pkg/internal/controller.(*Controller[...]).Start.func2.1
  	/Users/priyolahiri/go/pkg/mod/sigs.k8s.io/controller-runtime@v0.21.0/pkg/internal/controller/controller.go:202
  2025-06-26T12:34:35+02:00	INFO	Warning: Reconciler returned both a non-zero result and a non-nil error. The result will always be ignored if the error is non-nil and the non-nil error causes requeuing with exponential backoff. For more details, see: https://pkg.go.dev/sigs.k8s.io/controller-runtime/pkg/reconcile#Reconciler	{"controller": "neo4jrestore", "controllerGroup": "neo4j.neo4j.com", "controllerKind": "Neo4jRestore", "Neo4jRestore": {"name":"test-restore-no-backup","namespace":"test-failure-1750934075033706000-1750934075035488000"}, "namespace": "test-failure-1750934075033706000-1750934075035488000", "name": "test-restore-no-backup", "reconcileID": "e49d82bf-7e37-4f41-8494-c7790920a87c"}
  2025-06-26T12:34:35+02:00	ERROR	Reconciler error	{"controller": "neo4jrestore", "controllerGroup": "neo4j.neo4j.com", "controllerKind": "Neo4jRestore", "Neo4jRestore": {"name":"test-restore-no-backup","namespace":"test-failure-1750934075033706000-1750934075035488000"}, "namespace": "test-failure-1750934075033706000-1750934075035488000", "name": "test-restore-no-backup", "reconcileID": "e49d82bf-7e37-4f41-8494-c7790920a87c", "error": "Neo4jEnterpriseCluster.neo4j.neo4j.com \"test-cluster\" not found"}
  sigs.k8s.io/controller-runtime/pkg/internal/controller.(*Controller[...]).reconcileHandler
  	/Users/priyolahiri/go/pkg/mod/sigs.k8s.io/controller-runtime@v0.21.0/pkg/internal/controller/controller.go:353
  sigs.k8s.io/controller-runtime/pkg/internal/controller.(*Controller[...]).processNextWorkItem
  	/Users/priyolahiri/go/pkg/mod/sigs.k8s.io/controller-runtime@v0.21.0/pkg/internal/controller/controller.go:300
  sigs.k8s.io/controller-runtime/pkg/internal/controller.(*Controller[...]).Start.func2.1
  	/Users/priyolahiri/go/pkg/mod/sigs.k8s.io/controller-runtime@v0.21.0/pkg/internal/controller/controller.go:202
  2025-06-26T12:34:35+02:00	ERROR	Failed to get target cluster	{"controller": "neo4jrestore", "controllerGroup": "neo4j.neo4j.com", "controllerKind": "Neo4jRestore", "Neo4jRestore": {"name":"test-restore-no-cluster","namespace":"test-failure-1750934075035366000-1750934075036586000"}, "namespace": "test-failure-1750934075035366000-1750934075036586000", "name": "test-restore-no-cluster", "reconcileID": "5f699e22-00bc-47cd-bc95-470b2dfd2f4f", "error": "Neo4jEnterpriseCluster.neo4j.neo4j.com \"non-existent-cluster\" not found"}
  github.com/neo4j-labs/neo4j-kubernetes-operator/internal/controller.(*Neo4jRestoreReconciler).Reconcile
  	/Users/priyolahiri/Code/neo4j-kubernetes-operator/internal/controller/neo4jrestore_controller.go:118
  sigs.k8s.io/controller-runtime/pkg/internal/controller.(*Controller[...]).Reconcile
  	/Users/priyolahiri/go/pkg/mod/sigs.k8s.io/controller-runtime@v0.21.0/pkg/internal/controller/controller.go:119
  sigs.k8s.io/controller-runtime/pkg/internal/controller.(*Controller[...]).reconcileHandler
  	/Users/priyolahiri/go/pkg/mod/sigs.k8s.io/controller-runtime@v0.21.0/pkg/internal/controller/controller.go:340
  sigs.k8s.io/controller-runtime/pkg/internal/controller.(*Controller[...]).processNextWorkItem
  	/Users/priyolahiri/go/pkg/mod/sigs.k8s.io/controller-runtime@v0.21.0/pkg/internal/controller/controller.go:300
  sigs.k8s.io/controller-runtime/pkg/internal/controller.(*Controller[...]).Start.func2.1
  	/Users/priyolahiri/go/pkg/mod/sigs.k8s.io/controller-runtime@v0.21.0/pkg/internal/controller/controller.go:202
  2025-06-26T12:34:35+02:00	ERROR	Failed to get target cluster	{"controller": "neo4jbackup", "controllerGroup": "neo4j.neo4j.com", "controllerKind": "Neo4jBackup", "Neo4jBackup": {"name":"test-backup-invalid-storage","namespace":"test-failure-1750934075033884000-1750934075035500000"}, "namespace": "test-failure-1750934075033884000-1750934075035500000", "name": "test-backup-invalid-storage", "reconcileID": "06f15dfa-0d50-4da7-88cf-c1b22f35681a", "error": "Neo4jEnterpriseCluster.neo4j.neo4j.com \"test-cluster\" not found"}
  github.com/neo4j-labs/neo4j-kubernetes-operator/internal/controller.(*Neo4jBackupReconciler).Reconcile
  	/Users/priyolahiri/Code/neo4j-kubernetes-operator/internal/controller/neo4jbackup_controller.go:106
  sigs.k8s.io/controller-runtime/pkg/internal/controller.(*Controller[...]).Reconcile
  	/Users/priyolahiri/go/pkg/mod/sigs.k8s.io/controller-runtime@v0.21.0/pkg/internal/controller/controller.go:119
  sigs.k8s.io/controller-runtime/pkg/internal/controller.(*Controller[...]).reconcileHandler
  	/Users/priyolahiri/go/pkg/mod/sigs.k8s.io/controller-runtime@v0.21.0/pkg/internal/controller/controller.go:340
  sigs.k8s.io/controller-runtime/pkg/internal/controller.(*Controller[...]).processNextWorkItem
  	/Users/priyolahiri/go/pkg/mod/sigs.k8s.io/controller-runtime@v0.21.0/pkg/internal/controller/controller.go:300
  sigs.k8s.io/controller-runtime/pkg/internal/controller.(*Controller[...]).Start.func2.1
  	/Users/priyolahiri/go/pkg/mod/sigs.k8s.io/controller-runtime@v0.21.0/pkg/internal/controller/controller.go:202
  2025-06-26T12:34:35+02:00	INFO	Warning: Reconciler returned both a non-zero result and a non-nil error. The result will always be ignored if the error is non-nil and the non-nil error causes requeuing with exponential backoff. For more details, see: https://pkg.go.dev/sigs.k8s.io/controller-runtime/pkg/reconcile#Reconciler	{"controller": "neo4jrestore", "controllerGroup": "neo4j.neo4j.com", "controllerKind": "Neo4jRestore", "Neo4jRestore": {"name":"test-restore-no-cluster","namespace":"test-failure-1750934075035366000-1750934075036586000"}, "namespace": "test-failure-1750934075035366000-1750934075036586000", "name": "test-restore-no-cluster", "reconcileID": "5f699e22-00bc-47cd-bc95-470b2dfd2f4f"}
  2025-06-26T12:34:35+02:00	ERROR	Reconciler error	{"controller": "neo4jrestore", "controllerGroup": "neo4j.neo4j.com", "controllerKind": "Neo4jRestore", "Neo4jRestore": {"name":"test-restore-no-cluster","namespace":"test-failure-1750934075035366000-1750934075036586000"}, "namespace": "test-failure-1750934075035366000-1750934075036586000", "name": "test-restore-no-cluster", "reconcileID": "5f699e22-00bc-47cd-bc95-470b2dfd2f4f", "error": "Neo4jEnterpriseCluster.neo4j.neo4j.com \"non-existent-cluster\" not found"}
  sigs.k8s.io/controller-runtime/pkg/internal/controller.(*Controller[...]).reconcileHandler
  	/Users/priyolahiri/go/pkg/mod/sigs.k8s.io/controller-runtime@v0.21.0/pkg/internal/controller/controller.go:353
  sigs.k8s.io/controller-runtime/pkg/internal/controller.(*Controller[...]).processNextWorkItem
  	/Users/priyolahiri/go/pkg/mod/sigs.k8s.io/controller-runtime@v0.21.0/pkg/internal/controller/controller.go:300
  sigs.k8s.io/controller-runtime/pkg/internal/controller.(*Controller[...]).Start.func2.1
  	/Users/priyolahiri/go/pkg/mod/sigs.k8s.io/controller-runtime@v0.21.0/pkg/internal/controller/controller.go:202
  2025-06-26T12:34:35+02:00	ERROR	Failed to get target cluster	{"controller": "neo4jrestore", "controllerGroup": "neo4j.neo4j.com", "controllerKind": "Neo4jRestore", "Neo4jRestore": {"name":"test-restore-no-backup","namespace":"test-failure-1750934075033706000-1750934075035488000"}, "namespace": "test-failure-1750934075033706000-1750934075035488000", "name": "test-restore-no-backup", "reconcileID": "82d44446-0b48-4cad-b034-6a2e0d1a3602", "error": "Neo4jEnterpriseCluster.neo4j.neo4j.com \"test-cluster\" not found"}
  github.com/neo4j-labs/neo4j-kubernetes-operator/internal/controller.(*Neo4jRestoreReconciler).Reconcile
  	/Users/priyolahiri/Code/neo4j-kubernetes-operator/internal/controller/neo4jrestore_controller.go:118
  sigs.k8s.io/controller-runtime/pkg/internal/controller.(*Controller[...]).Reconcile
  	/Users/priyolahiri/go/pkg/mod/sigs.k8s.io/controller-runtime@v0.21.0/pkg/internal/controller/controller.go:119
  sigs.k8s.io/controller-runtime/pkg/internal/controller.(*Controller[...]).reconcileHandler
  	/Users/priyolahiri/go/pkg/mod/sigs.k8s.io/controller-runtime@v0.21.0/pkg/internal/controller/controller.go:340
  sigs.k8s.io/controller-runtime/pkg/internal/controller.(*Controller[...]).processNextWorkItem
  	/Users/priyolahiri/go/pkg/mod/sigs.k8s.io/controller-runtime@v0.21.0/pkg/internal/controller/controller.go:300
  sigs.k8s.io/controller-runtime/pkg/internal/controller.(*Controller[...]).Start.func2.1
  	/Users/priyolahiri/go/pkg/mod/sigs.k8s.io/controller-runtime@v0.21.0/pkg/internal/controller/controller.go:202
  2025-06-26T12:34:35+02:00	INFO	Warning: Reconciler returned both a non-zero result and a non-nil error. The result will always be ignored if the error is non-nil and the non-nil error causes requeuing with exponential backoff. For more details, see: https://pkg.go.dev/sigs.k8s.io/controller-runtime/pkg/reconcile#Reconciler	{"controller": "neo4jbackup", "controllerGroup": "neo4j.neo4j.com", "controllerKind": "Neo4jBackup", "Neo4jBackup": {"name":"test-backup-invalid-storage","namespace":"test-failure-1750934075033884000-1750934075035500000"}, "namespace": "test-failure-1750934075033884000-1750934075035500000", "name": "test-backup-invalid-storage", "reconcileID": "06f15dfa-0d50-4da7-88cf-c1b22f35681a"}
  2025-06-26T12:34:35+02:00	ERROR	Reconciler error	{"controller": "neo4jbackup", "controllerGroup": "neo4j.neo4j.com", "controllerKind": "Neo4jBackup", "Neo4jBackup": {"name":"test-backup-invalid-storage","namespace":"test-failure-1750934075033884000-1750934075035500000"}, "namespace": "test-failure-1750934075033884000-1750934075035500000", "name": "test-backup-invalid-storage", "reconcileID": "06f15dfa-0d50-4da7-88cf-c1b22f35681a", "error": "Neo4jEnterpriseCluster.neo4j.neo4j.com \"test-cluster\" not found"}
  sigs.k8s.io/controller-runtime/pkg/internal/controller.(*Controller[...]).reconcileHandler
  	/Users/priyolahiri/go/pkg/mod/sigs.k8s.io/controller-runtime@v0.21.0/pkg/internal/controller/controller.go:353
  sigs.k8s.io/controller-runtime/pkg/internal/controller.(*Controller[...]).processNextWorkItem
  	/Users/priyolahiri/go/pkg/mod/sigs.k8s.io/controller-runtime@v0.21.0/pkg/internal/controller/controller.go:300
  sigs.k8s.io/controller-runtime/pkg/internal/controller.(*Controller[...]).Start.func2.1
  	/Users/priyolahiri/go/pkg/mod/sigs.k8s.io/controller-runtime@v0.21.0/pkg/internal/controller/controller.go:202
  2025-06-26T12:34:35+02:00	ERROR	Failed to get target cluster	{"controller": "neo4jbackup", "controllerGroup": "neo4j.neo4j.com", "controllerKind": "Neo4jBackup", "Neo4jBackup": {"name":"test-backup-no-cluster","namespace":"test-failure-1750934075031883000-1750934075034004000"}, "namespace": "test-failure-1750934075031883000-1750934075034004000", "name": "test-backup-no-cluster", "reconcileID": "5fe74e45-e61f-4e0d-a36f-8125b033fefb", "error": "Neo4jEnterpriseCluster.neo4j.neo4j.com \"non-existent-cluster\" not found"}
  github.com/neo4j-labs/neo4j-kubernetes-operator/internal/controller.(*Neo4jBackupReconciler).Reconcile
  	/Users/priyolahiri/Code/neo4j-kubernetes-operator/internal/controller/neo4jbackup_controller.go:106
  sigs.k8s.io/controller-runtime/pkg/internal/controller.(*Controller[...]).Reconcile
  	/Users/priyolahiri/go/pkg/mod/sigs.k8s.io/controller-runtime@v0.21.0/pkg/internal/controller/controller.go:119
  sigs.k8s.io/controller-runtime/pkg/internal/controller.(*Controller[...]).reconcileHandler
  	/Users/priyolahiri/go/pkg/mod/sigs.k8s.io/controller-runtime@v0.21.0/pkg/internal/controller/controller.go:340
  sigs.k8s.io/controller-runtime/pkg/internal/controller.(*Controller[...]).processNextWorkItem
  	/Users/priyolahiri/go/pkg/mod/sigs.k8s.io/controller-runtime@v0.21.0/pkg/internal/controller/controller.go:300
  sigs.k8s.io/controller-runtime/pkg/internal/controller.(*Controller[...]).Start.func2.1
  	/Users/priyolahiri/go/pkg/mod/sigs.k8s.io/controller-runtime@v0.21.0/pkg/internal/controller/controller.go:202
  2025-06-26T12:34:35+02:00	INFO	Warning: Reconciler returned both a non-zero result and a non-nil error. The result will always be ignored if the error is non-nil and the non-nil error causes requeuing with exponential backoff. For more details, see: https://pkg.go.dev/sigs.k8s.io/controller-runtime/pkg/reconcile#Reconciler	{"controller": "neo4jbackup", "controllerGroup": "neo4j.neo4j.com", "controllerKind": "Neo4jBackup", "Neo4jBackup": {"name":"test-backup-no-cluster","namespace":"test-failure-1750934075031883000-1750934075034004000"}, "namespace": "test-failure-1750934075031883000-1750934075034004000", "name": "test-backup-no-cluster", "reconcileID": "5fe74e45-e61f-4e0d-a36f-8125b033fefb"}
  2025-06-26T12:34:35+02:00	ERROR	Reconciler error	{"controller": "neo4jbackup", "controllerGroup": "neo4j.neo4j.com", "controllerKind": "Neo4jBackup", "Neo4jBackup": {"name":"test-backup-no-cluster","namespace":"test-failure-1750934075031883000-1750934075034004000"}, "namespace": "test-failure-1750934075031883000-1750934075034004000", "name": "test-backup-no-cluster", "reconcileID": "5fe74e45-e61f-4e0d-a36f-8125b033fefb", "error": "Neo4jEnterpriseCluster.neo4j.neo4j.com \"non-existent-cluster\" not found"}
  sigs.k8s.io/controller-runtime/pkg/internal/controller.(*Controller[...]).reconcileHandler
  	/Users/priyolahiri/go/pkg/mod/sigs.k8s.io/controller-runtime@v0.21.0/pkg/internal/controller/controller.go:353
  sigs.k8s.io/controller-runtime/pkg/internal/controller.(*Controller[...]).processNextWorkItem
  	/Users/priyolahiri/go/pkg/mod/sigs.k8s.io/controller-runtime@v0.21.0/pkg/internal/controller/controller.go:300
  sigs.k8s.io/controller-runtime/pkg/internal/controller.(*Controller[...]).Start.func2.1
  	/Users/priyolahiri/go/pkg/mod/sigs.k8s.io/controller-runtime@v0.21.0/pkg/internal/controller/controller.go:202
  2025-06-26T12:34:35+02:00	INFO	Warning: Reconciler returned both a non-zero result and a non-nil error. The result will always be ignored if the error is non-nil and the non-nil error causes requeuing with exponential backoff. For more details, see: https://pkg.go.dev/sigs.k8s.io/controller-runtime/pkg/reconcile#Reconciler	{"controller": "neo4jrestore", "controllerGroup": "neo4j.neo4j.com", "controllerKind": "Neo4jRestore", "Neo4jRestore": {"name":"test-restore-no-backup","namespace":"test-failure-1750934075033706000-1750934075035488000"}, "namespace": "test-failure-1750934075033706000-1750934075035488000", "name": "test-restore-no-backup", "reconcileID": "82d44446-0b48-4cad-b034-6a2e0d1a3602"}
  2025-06-26T12:34:35+02:00	ERROR	Reconciler error	{"controller": "neo4jrestore", "controllerGroup": "neo4j.neo4j.com", "controllerKind": "Neo4jRestore", "Neo4jRestore": {"name":"test-restore-no-backup","namespace":"test-failure-1750934075033706000-1750934075035488000"}, "namespace": "test-failure-1750934075033706000-1750934075035488000", "name": "test-restore-no-backup", "reconcileID": "82d44446-0b48-4cad-b034-6a2e0d1a3602", "error": "Neo4jEnterpriseCluster.neo4j.neo4j.com \"test-cluster\" not found"}
  sigs.k8s.io/controller-runtime/pkg/internal/controller.(*Controller[...]).reconcileHandler
  	/Users/priyolahiri/go/pkg/mod/sigs.k8s.io/controller-runtime@v0.21.0/pkg/internal/controller/controller.go:353
  sigs.k8s.io/controller-runtime/pkg/internal/controller.(*Controller[...]).processNextWorkItem
  	/Users/priyolahiri/go/pkg/mod/sigs.k8s.io/controller-runtime@v0.21.0/pkg/internal/controller/controller.go:300
  sigs.k8s.io/controller-runtime/pkg/internal/controller.(*Controller[...]).Start.func2.1
  	/Users/priyolahiri/go/pkg/mod/sigs.k8s.io/controller-runtime@v0.21.0/pkg/internal/controller/controller.go:202
  2025-06-26T12:34:35+02:00	ERROR	Failed to get target cluster	{"controller": "neo4jrestore", "controllerGroup": "neo4j.neo4j.com", "controllerKind": "Neo4jRestore", "Neo4jRestore": {"name":"test-restore-no-cluster","namespace":"test-failure-1750934075035366000-1750934075036586000"}, "namespace": "test-failure-1750934075035366000-1750934075036586000", "name": "test-restore-no-cluster", "reconcileID": "664ea498-7b6c-46be-9ace-0d574e781668", "error": "Neo4jEnterpriseCluster.neo4j.neo4j.com \"non-existent-cluster\" not found"}
  github.com/neo4j-labs/neo4j-kubernetes-operator/internal/controller.(*Neo4jRestoreReconciler).Reconcile
  	/Users/priyolahiri/Code/neo4j-kubernetes-operator/internal/controller/neo4jrestore_controller.go:118
  sigs.k8s.io/controller-runtime/pkg/internal/controller.(*Controller[...]).Reconcile
  	/Users/priyolahiri/go/pkg/mod/sigs.k8s.io/controller-runtime@v0.21.0/pkg/internal/controller/controller.go:119
  sigs.k8s.io/controller-runtime/pkg/internal/controller.(*Controller[...]).reconcileHandler
  	/Users/priyolahiri/go/pkg/mod/sigs.k8s.io/controller-runtime@v0.21.0/pkg/internal/controller/controller.go:340
  sigs.k8s.io/controller-runtime/pkg/internal/controller.(*Controller[...]).processNextWorkItem
  	/Users/priyolahiri/go/pkg/mod/sigs.k8s.io/controller-runtime@v0.21.0/pkg/internal/controller/controller.go:300
  sigs.k8s.io/controller-runtime/pkg/internal/controller.(*Controller[...]).Start.func2.1
  	/Users/priyolahiri/go/pkg/mod/sigs.k8s.io/controller-runtime@v0.21.0/pkg/internal/controller/controller.go:202
  2025-06-26T12:34:35+02:00	ERROR	Failed to get target cluster	{"controller": "neo4jbackup", "controllerGroup": "neo4j.neo4j.com", "controllerKind": "Neo4jBackup", "Neo4jBackup": {"name":"test-backup-invalid-storage","namespace":"test-failure-1750934075033884000-1750934075035500000"}, "namespace": "test-failure-1750934075033884000-1750934075035500000", "name": "test-backup-invalid-storage", "reconcileID": "4aed3627-e525-459a-beb0-00faf62c9b2a", "error": "Neo4jEnterpriseCluster.neo4j.neo4j.com \"test-cluster\" not found"}
  github.com/neo4j-labs/neo4j-kubernetes-operator/internal/controller.(*Neo4jBackupReconciler).Reconcile
  	/Users/priyolahiri/Code/neo4j-kubernetes-operator/internal/controller/neo4jbackup_controller.go:106
  sigs.k8s.io/controller-runtime/pkg/internal/controller.(*Controller[...]).Reconcile
  	/Users/priyolahiri/go/pkg/mod/sigs.k8s.io/controller-runtime@v0.21.0/pkg/internal/controller/controller.go:119
  sigs.k8s.io/controller-runtime/pkg/internal/controller.(*Controller[...]).reconcileHandler
  	/Users/priyolahiri/go/pkg/mod/sigs.k8s.io/controller-runtime@v0.21.0/pkg/internal/controller/controller.go:340
  sigs.k8s.io/controller-runtime/pkg/internal/controller.(*Controller[...]).processNextWorkItem
  	/Users/priyolahiri/go/pkg/mod/sigs.k8s.io/controller-runtime@v0.21.0/pkg/internal/controller/controller.go:300
  sigs.k8s.io/controller-runtime/pkg/internal/controller.(*Controller[...]).Start.func2.1
  	/Users/priyolahiri/go/pkg/mod/sigs.k8s.io/controller-runtime@v0.21.0/pkg/internal/controller/controller.go:202
  2025-06-26T12:34:35+02:00	INFO	Warning: Reconciler returned both a non-zero result and a non-nil error. The result will always be ignored if the error is non-nil and the non-nil error causes requeuing with exponential backoff. For more details, see: https://pkg.go.dev/sigs.k8s.io/controller-runtime/pkg/reconcile#Reconciler	{"controller": "neo4jrestore", "controllerGroup": "neo4j.neo4j.com", "controllerKind": "Neo4jRestore", "Neo4jRestore": {"name":"test-restore-no-cluster","namespace":"test-failure-1750934075035366000-1750934075036586000"}, "namespace": "test-failure-1750934075035366000-1750934075036586000", "name": "test-restore-no-cluster", "reconcileID": "664ea498-7b6c-46be-9ace-0d574e781668"}
  2025-06-26T12:34:35+02:00	ERROR	Reconciler error	{"controller": "neo4jrestore", "controllerGroup": "neo4j.neo4j.com", "controllerKind": "Neo4jRestore", "Neo4jRestore": {"name":"test-restore-no-cluster","namespace":"test-failure-1750934075035366000-1750934075036586000"}, "namespace": "test-failure-1750934075035366000-1750934075036586000", "name": "test-restore-no-cluster", "reconcileID": "664ea498-7b6c-46be-9ace-0d574e781668", "error": "Neo4jEnterpriseCluster.neo4j.neo4j.com \"non-existent-cluster\" not found"}
  sigs.k8s.io/controller-runtime/pkg/internal/controller.(*Controller[...]).reconcileHandler
  	/Users/priyolahiri/go/pkg/mod/sigs.k8s.io/controller-runtime@v0.21.0/pkg/internal/controller/controller.go:353
  sigs.k8s.io/controller-runtime/pkg/internal/controller.(*Controller[...]).processNextWorkItem
  	/Users/priyolahiri/go/pkg/mod/sigs.k8s.io/controller-runtime@v0.21.0/pkg/internal/controller/controller.go:300
  sigs.k8s.io/controller-runtime/pkg/internal/controller.(*Controller[...]).Start.func2.1
  	/Users/priyolahiri/go/pkg/mod/sigs.k8s.io/controller-runtime@v0.21.0/pkg/internal/controller/controller.go:202
  2025-06-26T12:34:35+02:00	ERROR	Failed to get target cluster	{"controller": "neo4jrestore", "controllerGroup": "neo4j.neo4j.com", "controllerKind": "Neo4jRestore", "Neo4jRestore": {"name":"test-restore-no-backup","namespace":"test-failure-1750934075033706000-1750934075035488000"}, "namespace": "test-failure-1750934075033706000-1750934075035488000", "name": "test-restore-no-backup", "reconcileID": "58e7da0a-0ff4-46ef-b1f9-236b15572c21", "error": "Neo4jEnterpriseCluster.neo4j.neo4j.com \"test-cluster\" not found"}
  github.com/neo4j-labs/neo4j-kubernetes-operator/internal/controller.(*Neo4jRestoreReconciler).Reconcile
  	/Users/priyolahiri/Code/neo4j-kubernetes-operator/internal/controller/neo4jrestore_controller.go:118
  sigs.k8s.io/controller-runtime/pkg/internal/controller.(*Controller[...]).Reconcile
  	/Users/priyolahiri/go/pkg/mod/sigs.k8s.io/controller-runtime@v0.21.0/pkg/internal/controller/controller.go:119
  sigs.k8s.io/controller-runtime/pkg/internal/controller.(*Controller[...]).reconcileHandler
  	/Users/priyolahiri/go/pkg/mod/sigs.k8s.io/controller-runtime@v0.21.0/pkg/internal/controller/controller.go:340
  sigs.k8s.io/controller-runtime/pkg/internal/controller.(*Controller[...]).processNextWorkItem
  	/Users/priyolahiri/go/pkg/mod/sigs.k8s.io/controller-runtime@v0.21.0/pkg/internal/controller/controller.go:300
  sigs.k8s.io/controller-runtime/pkg/internal/controller.(*Controller[...]).Start.func2.1
  	/Users/priyolahiri/go/pkg/mod/sigs.k8s.io/controller-runtime@v0.21.0/pkg/internal/controller/controller.go:202
  2025-06-26T12:34:35+02:00	INFO	Warning: Reconciler returned both a non-zero result and a non-nil error. The result will always be ignored if the error is non-nil and the non-nil error causes requeuing with exponential backoff. For more details, see: https://pkg.go.dev/sigs.k8s.io/controller-runtime/pkg/reconcile#Reconciler	{"controller": "neo4jbackup", "controllerGroup": "neo4j.neo4j.com", "controllerKind": "Neo4jBackup", "Neo4jBackup": {"name":"test-backup-invalid-storage","namespace":"test-failure-1750934075033884000-1750934075035500000"}, "namespace": "test-failure-1750934075033884000-1750934075035500000", "name": "test-backup-invalid-storage", "reconcileID": "4aed3627-e525-459a-beb0-00faf62c9b2a"}
  2025-06-26T12:34:35+02:00	ERROR	Reconciler error	{"controller": "neo4jbackup", "controllerGroup": "neo4j.neo4j.com", "controllerKind": "Neo4jBackup", "Neo4jBackup": {"name":"test-backup-invalid-storage","namespace":"test-failure-1750934075033884000-1750934075035500000"}, "namespace": "test-failure-1750934075033884000-1750934075035500000", "name": "test-backup-invalid-storage", "reconcileID": "4aed3627-e525-459a-beb0-00faf62c9b2a", "error": "Neo4jEnterpriseCluster.neo4j.neo4j.com \"test-cluster\" not found"}
  sigs.k8s.io/controller-runtime/pkg/internal/controller.(*Controller[...]).reconcileHandler
  	/Users/priyolahiri/go/pkg/mod/sigs.k8s.io/controller-runtime@v0.21.0/pkg/internal/controller/controller.go:353
  sigs.k8s.io/controller-runtime/pkg/internal/controller.(*Controller[...]).processNextWorkItem
  	/Users/priyolahiri/go/pkg/mod/sigs.k8s.io/controller-runtime@v0.21.0/pkg/internal/controller/controller.go:300
  sigs.k8s.io/controller-runtime/pkg/internal/controller.(*Controller[...]).Start.func2.1
  	/Users/priyolahiri/go/pkg/mod/sigs.k8s.io/controller-runtime@v0.21.0/pkg/internal/controller/controller.go:202
  2025-06-26T12:34:35+02:00	ERROR	Failed to get target cluster	{"controller": "neo4jbackup", "controllerGroup": "neo4j.neo4j.com", "controllerKind": "Neo4jBackup", "Neo4jBackup": {"name":"test-backup-no-cluster","namespace":"test-failure-1750934075031883000-1750934075034004000"}, "namespace": "test-failure-1750934075031883000-1750934075034004000", "name": "test-backup-no-cluster", "reconcileID": "50c6115a-911d-4225-a988-f9a5d43463d4", "error": "Neo4jEnterpriseCluster.neo4j.neo4j.com \"non-existent-cluster\" not found"}
  github.com/neo4j-labs/neo4j-kubernetes-operator/internal/controller.(*Neo4jBackupReconciler).Reconcile
  	/Users/priyolahiri/Code/neo4j-kubernetes-operator/internal/controller/neo4jbackup_controller.go:106
  sigs.k8s.io/controller-runtime/pkg/internal/controller.(*Controller[...]).Reconcile
  	/Users/priyolahiri/go/pkg/mod/sigs.k8s.io/controller-runtime@v0.21.0/pkg/internal/controller/controller.go:119
  sigs.k8s.io/controller-runtime/pkg/internal/controller.(*Controller[...]).reconcileHandler
  	/Users/priyolahiri/go/pkg/mod/sigs.k8s.io/controller-runtime@v0.21.0/pkg/internal/controller/controller.go:340
  sigs.k8s.io/controller-runtime/pkg/internal/controller.(*Controller[...]).processNextWorkItem
  	/Users/priyolahiri/go/pkg/mod/sigs.k8s.io/controller-runtime@v0.21.0/pkg/internal/controller/controller.go:300
  sigs.k8s.io/controller-runtime/pkg/internal/controller.(*Controller[...]).Start.func2.1
  	/Users/priyolahiri/go/pkg/mod/sigs.k8s.io/controller-runtime@v0.21.0/pkg/internal/controller/controller.go:202
  2025-06-26T12:34:35+02:00	INFO	Warning: Reconciler returned both a non-zero result and a non-nil error. The result will always be ignored if the error is non-nil and the non-nil error causes requeuing with exponential backoff. For more details, see: https://pkg.go.dev/sigs.k8s.io/controller-runtime/pkg/reconcile#Reconciler	{"controller": "neo4jrestore", "controllerGroup": "neo4j.neo4j.com", "controllerKind": "Neo4jRestore", "Neo4jRestore": {"name":"test-restore-no-backup","namespace":"test-failure-1750934075033706000-1750934075035488000"}, "namespace": "test-failure-1750934075033706000-1750934075035488000", "name": "test-restore-no-backup", "reconcileID": "58e7da0a-0ff4-46ef-b1f9-236b15572c21"}
  2025-06-26T12:34:35+02:00	ERROR	Reconciler error	{"controller": "neo4jrestore", "controllerGroup": "neo4j.neo4j.com", "controllerKind": "Neo4jRestore", "Neo4jRestore": {"name":"test-restore-no-backup","namespace":"test-failure-1750934075033706000-1750934075035488000"}, "namespace": "test-failure-1750934075033706000-1750934075035488000", "name": "test-restore-no-backup", "reconcileID": "58e7da0a-0ff4-46ef-b1f9-236b15572c21", "error": "Neo4jEnterpriseCluster.neo4j.neo4j.com \"test-cluster\" not found"}
  sigs.k8s.io/controller-runtime/pkg/internal/controller.(*Controller[...]).reconcileHandler
  	/Users/priyolahiri/go/pkg/mod/sigs.k8s.io/controller-runtime@v0.21.0/pkg/internal/controller/controller.go:353
  sigs.k8s.io/controller-runtime/pkg/internal/controller.(*Controller[...]).processNextWorkItem
  	/Users/priyolahiri/go/pkg/mod/sigs.k8s.io/controller-runtime@v0.21.0/pkg/internal/controller/controller.go:300
  sigs.k8s.io/controller-runtime/pkg/internal/controller.(*Controller[...]).Start.func2.1
  	/Users/priyolahiri/go/pkg/mod/sigs.k8s.io/controller-runtime@v0.21.0/pkg/internal/controller/controller.go:202
  2025-06-26T12:34:35+02:00	INFO	Warning: Reconciler returned both a non-zero result and a non-nil error. The result will always be ignored if the error is non-nil and the non-nil error causes requeuing with exponential backoff. For more details, see: https://pkg.go.dev/sigs.k8s.io/controller-runtime/pkg/reconcile#Reconciler	{"controller": "neo4jbackup", "controllerGroup": "neo4j.neo4j.com", "controllerKind": "Neo4jBackup", "Neo4jBackup": {"name":"test-backup-no-cluster","namespace":"test-failure-1750934075031883000-1750934075034004000"}, "namespace": "test-failure-1750934075031883000-1750934075034004000", "name": "test-backup-no-cluster", "reconcileID": "50c6115a-911d-4225-a988-f9a5d43463d4"}
  2025-06-26T12:34:35+02:00	ERROR	Reconciler error	{"controller": "neo4jbackup", "controllerGroup": "neo4j.neo4j.com", "controllerKind": "Neo4jBackup", "Neo4jBackup": {"name":"test-backup-no-cluster","namespace":"test-failure-1750934075031883000-1750934075034004000"}, "namespace": "test-failure-1750934075031883000-1750934075034004000", "name": "test-backup-no-cluster", "reconcileID": "50c6115a-911d-4225-a988-f9a5d43463d4", "error": "Neo4jEnterpriseCluster.neo4j.neo4j.com \"non-existent-cluster\" not found"}
  sigs.k8s.io/controller-runtime/pkg/internal/controller.(*Controller[...]).reconcileHandler
  	/Users/priyolahiri/go/pkg/mod/sigs.k8s.io/controller-runtime@v0.21.0/pkg/internal/controller/controller.go:353
  sigs.k8s.io/controller-runtime/pkg/internal/controller.(*Controller[...]).processNextWorkItem
  	/Users/priyolahiri/go/pkg/mod/sigs.k8s.io/controller-runtime@v0.21.0/pkg/internal/controller/controller.go:300
  sigs.k8s.io/controller-runtime/pkg/internal/controller.(*Controller[...]).Start.func2.1
  	/Users/priyolahiri/go/pkg/mod/sigs.k8s.io/controller-runtime@v0.21.0/pkg/internal/controller/controller.go:202
  2025-06-26T12:34:35+02:00	ERROR	Failed to get target cluster	{"controller": "neo4jrestore", "controllerGroup": "neo4j.neo4j.com", "controllerKind": "Neo4jRestore", "Neo4jRestore": {"name":"test-restore-no-cluster","namespace":"test-failure-1750934075035366000-1750934075036586000"}, "namespace": "test-failure-1750934075035366000-1750934075036586000", "name": "test-restore-no-cluster", "reconcileID": "4d17ac68-6e4e-46fe-96aa-9e487e5be31c", "error": "Neo4jEnterpriseCluster.neo4j.neo4j.com \"non-existent-cluster\" not found"}
  github.com/neo4j-labs/neo4j-kubernetes-operator/internal/controller.(*Neo4jRestoreReconciler).Reconcile
  	/Users/priyolahiri/Code/neo4j-kubernetes-operator/internal/controller/neo4jrestore_controller.go:118
  sigs.k8s.io/controller-runtime/pkg/internal/controller.(*Controller[...]).Reconcile
  	/Users/priyolahiri/go/pkg/mod/sigs.k8s.io/controller-runtime@v0.21.0/pkg/internal/controller/controller.go:119
  sigs.k8s.io/controller-runtime/pkg/internal/controller.(*Controller[...]).reconcileHandler
  	/Users/priyolahiri/go/pkg/mod/sigs.k8s.io/controller-runtime@v0.21.0/pkg/internal/controller/controller.go:340
  sigs.k8s.io/controller-runtime/pkg/internal/controller.(*Controller[...]).processNextWorkItem
  	/Users/priyolahiri/go/pkg/mod/sigs.k8s.io/controller-runtime@v0.21.0/pkg/internal/controller/controller.go:300
  sigs.k8s.io/controller-runtime/pkg/internal/controller.(*Controller[...]).Start.func2.1
  	/Users/priyolahiri/go/pkg/mod/sigs.k8s.io/controller-runtime@v0.21.0/pkg/internal/controller/controller.go:202
  2025-06-26T12:34:35+02:00	ERROR	Failed to get target cluster	{"controller": "neo4jbackup", "controllerGroup": "neo4j.neo4j.com", "controllerKind": "Neo4jBackup", "Neo4jBackup": {"name":"test-backup-invalid-storage","namespace":"test-failure-1750934075033884000-1750934075035500000"}, "namespace": "test-failure-1750934075033884000-1750934075035500000", "name": "test-backup-invalid-storage", "reconcileID": "4a11c475-c883-4a97-9476-907239c6f96c", "error": "Neo4jEnterpriseCluster.neo4j.neo4j.com \"test-cluster\" not found"}
  github.com/neo4j-labs/neo4j-kubernetes-operator/internal/controller.(*Neo4jBackupReconciler).Reconcile
  	/Users/priyolahiri/Code/neo4j-kubernetes-operator/internal/controller/neo4jbackup_controller.go:106
  sigs.k8s.io/controller-runtime/pkg/internal/controller.(*Controller[...]).Reconcile
  	/Users/priyolahiri/go/pkg/mod/sigs.k8s.io/controller-runtime@v0.21.0/pkg/internal/controller/controller.go:119
  sigs.k8s.io/controller-runtime/pkg/internal/controller.(*Controller[...]).reconcileHandler
  	/Users/priyolahiri/go/pkg/mod/sigs.k8s.io/controller-runtime@v0.21.0/pkg/internal/controller/controller.go:340
  sigs.k8s.io/controller-runtime/pkg/internal/controller.(*Controller[...]).processNextWorkItem
  	/Users/priyolahiri/go/pkg/mod/sigs.k8s.io/controller-runtime@v0.21.0/pkg/internal/controller/controller.go:300
  sigs.k8s.io/controller-runtime/pkg/internal/controller.(*Controller[...]).Start.func2.1
  	/Users/priyolahiri/go/pkg/mod/sigs.k8s.io/controller-runtime@v0.21.0/pkg/internal/controller/controller.go:202
  2025-06-26T12:34:35+02:00	INFO	Warning: Reconciler returned both a non-zero result and a non-nil error. The result will always be ignored if the error is non-nil and the non-nil error causes requeuing with exponential backoff. For more details, see: https://pkg.go.dev/sigs.k8s.io/controller-runtime/pkg/reconcile#Reconciler	{"controller": "neo4jrestore", "controllerGroup": "neo4j.neo4j.com", "controllerKind": "Neo4jRestore", "Neo4jRestore": {"name":"test-restore-no-cluster","namespace":"test-failure-1750934075035366000-1750934075036586000"}, "namespace": "test-failure-1750934075035366000-1750934075036586000", "name": "test-restore-no-cluster", "reconcileID": "4d17ac68-6e4e-46fe-96aa-9e487e5be31c"}
  2025-06-26T12:34:35+02:00	ERROR	Reconciler error	{"controller": "neo4jrestore", "controllerGroup": "neo4j.neo4j.com", "controllerKind": "Neo4jRestore", "Neo4jRestore": {"name":"test-restore-no-cluster","namespace":"test-failure-1750934075035366000-1750934075036586000"}, "namespace": "test-failure-1750934075035366000-1750934075036586000", "name": "test-restore-no-cluster", "reconcileID": "4d17ac68-6e4e-46fe-96aa-9e487e5be31c", "error": "Neo4jEnterpriseCluster.neo4j.neo4j.com \"non-existent-cluster\" not found"}
  sigs.k8s.io/controller-runtime/pkg/internal/controller.(*Controller[...]).reconcileHandler
  	/Users/priyolahiri/go/pkg/mod/sigs.k8s.io/controller-runtime@v0.21.0/pkg/internal/controller/controller.go:353
  sigs.k8s.io/controller-runtime/pkg/internal/controller.(*Controller[...]).processNextWorkItem
  	/Users/priyolahiri/go/pkg/mod/sigs.k8s.io/controller-runtime@v0.21.0/pkg/internal/controller/controller.go:300
  sigs.k8s.io/controller-runtime/pkg/internal/controller.(*Controller[...]).Start.func2.1
  	/Users/priyolahiri/go/pkg/mod/sigs.k8s.io/controller-runtime@v0.21.0/pkg/internal/controller/controller.go:202
  2025-06-26T12:34:35+02:00	ERROR	Failed to get target cluster	{"controller": "neo4jrestore", "controllerGroup": "neo4j.neo4j.com", "controllerKind": "Neo4jRestore", "Neo4jRestore": {"name":"test-restore-no-backup","namespace":"test-failure-1750934075033706000-1750934075035488000"}, "namespace": "test-failure-1750934075033706000-1750934075035488000", "name": "test-restore-no-backup", "reconcileID": "fa13b74b-fba5-4f94-8573-8ba24a630f18", "error": "Neo4jEnterpriseCluster.neo4j.neo4j.com \"test-cluster\" not found"}
  github.com/neo4j-labs/neo4j-kubernetes-operator/internal/controller.(*Neo4jRestoreReconciler).Reconcile
  	/Users/priyolahiri/Code/neo4j-kubernetes-operator/internal/controller/neo4jrestore_controller.go:118
  sigs.k8s.io/controller-runtime/pkg/internal/controller.(*Controller[...]).Reconcile
  	/Users/priyolahiri/go/pkg/mod/sigs.k8s.io/controller-runtime@v0.21.0/pkg/internal/controller/controller.go:119
  sigs.k8s.io/controller-runtime/pkg/internal/controller.(*Controller[...]).reconcileHandler
  	/Users/priyolahiri/go/pkg/mod/sigs.k8s.io/controller-runtime@v0.21.0/pkg/internal/controller/controller.go:340
  sigs.k8s.io/controller-runtime/pkg/internal/controller.(*Controller[...]).processNextWorkItem
  	/Users/priyolahiri/go/pkg/mod/sigs.k8s.io/controller-runtime@v0.21.0/pkg/internal/controller/controller.go:300
  sigs.k8s.io/controller-runtime/pkg/internal/controller.(*Controller[...]).Start.func2.1
  	/Users/priyolahiri/go/pkg/mod/sigs.k8s.io/controller-runtime@v0.21.0/pkg/internal/controller/controller.go:202
  2025-06-26T12:34:35+02:00	INFO	Warning: Reconciler returned both a non-zero result and a non-nil error. The result will always be ignored if the error is non-nil and the non-nil error causes requeuing with exponential backoff. For more details, see: https://pkg.go.dev/sigs.k8s.io/controller-runtime/pkg/reconcile#Reconciler	{"controller": "neo4jbackup", "controllerGroup": "neo4j.neo4j.com", "controllerKind": "Neo4jBackup", "Neo4jBackup": {"name":"test-backup-invalid-storage","namespace":"test-failure-1750934075033884000-1750934075035500000"}, "namespace": "test-failure-1750934075033884000-1750934075035500000", "name": "test-backup-invalid-storage", "reconcileID": "4a11c475-c883-4a97-9476-907239c6f96c"}
  2025-06-26T12:34:35+02:00	ERROR	Reconciler error	{"controller": "neo4jbackup", "controllerGroup": "neo4j.neo4j.com", "controllerKind": "Neo4jBackup", "Neo4jBackup": {"name":"test-backup-invalid-storage","namespace":"test-failure-1750934075033884000-1750934075035500000"}, "namespace": "test-failure-1750934075033884000-1750934075035500000", "name": "test-backup-invalid-storage", "reconcileID": "4a11c475-c883-4a97-9476-907239c6f96c", "error": "Neo4jEnterpriseCluster.neo4j.neo4j.com \"test-cluster\" not found"}
  sigs.k8s.io/controller-runtime/pkg/internal/controller.(*Controller[...]).reconcileHandler
  	/Users/priyolahiri/go/pkg/mod/sigs.k8s.io/controller-runtime@v0.21.0/pkg/internal/controller/controller.go:353
  sigs.k8s.io/controller-runtime/pkg/internal/controller.(*Controller[...]).processNextWorkItem
  	/Users/priyolahiri/go/pkg/mod/sigs.k8s.io/controller-runtime@v0.21.0/pkg/internal/controller/controller.go:300
  sigs.k8s.io/controller-runtime/pkg/internal/controller.(*Controller[...]).Start.func2.1
  	/Users/priyolahiri/go/pkg/mod/sigs.k8s.io/controller-runtime@v0.21.0/pkg/internal/controller/controller.go:202
  2025-06-26T12:34:35+02:00	ERROR	Failed to get target cluster	{"controller": "neo4jbackup", "controllerGroup": "neo4j.neo4j.com", "controllerKind": "Neo4jBackup", "Neo4jBackup": {"name":"test-backup-no-cluster","namespace":"test-failure-1750934075031883000-1750934075034004000"}, "namespace": "test-failure-1750934075031883000-1750934075034004000", "name": "test-backup-no-cluster", "reconcileID": "a397bf4f-507b-42e0-9ffe-50fff4a88715", "error": "Neo4jEnterpriseCluster.neo4j.neo4j.com \"non-existent-cluster\" not found"}
  github.com/neo4j-labs/neo4j-kubernetes-operator/internal/controller.(*Neo4jBackupReconciler).Reconcile
  	/Users/priyolahiri/Code/neo4j-kubernetes-operator/internal/controller/neo4jbackup_controller.go:106
  sigs.k8s.io/controller-runtime/pkg/internal/controller.(*Controller[...]).Reconcile
  	/Users/priyolahiri/go/pkg/mod/sigs.k8s.io/controller-runtime@v0.21.0/pkg/internal/controller/controller.go:119
  sigs.k8s.io/controller-runtime/pkg/internal/controller.(*Controller[...]).reconcileHandler
  	/Users/priyolahiri/go/pkg/mod/sigs.k8s.io/controller-runtime@v0.21.0/pkg/internal/controller/controller.go:340
  sigs.k8s.io/controller-runtime/pkg/internal/controller.(*Controller[...]).processNextWorkItem
  	/Users/priyolahiri/go/pkg/mod/sigs.k8s.io/controller-runtime@v0.21.0/pkg/internal/controller/controller.go:300
  sigs.k8s.io/controller-runtime/pkg/internal/controller.(*Controller[...]).Start.func2.1
  	/Users/priyolahiri/go/pkg/mod/sigs.k8s.io/controller-runtime@v0.21.0/pkg/internal/controller/controller.go:202
  2025-06-26T12:34:35+02:00	INFO	Warning: Reconciler returned both a non-zero result and a non-nil error. The result will always be ignored if the error is non-nil and the non-nil error causes requeuing with exponential backoff. For more details, see: https://pkg.go.dev/sigs.k8s.io/controller-runtime/pkg/reconcile#Reconciler	{"controller": "neo4jrestore", "controllerGroup": "neo4j.neo4j.com", "controllerKind": "Neo4jRestore", "Neo4jRestore": {"name":"test-restore-no-backup","namespace":"test-failure-1750934075033706000-1750934075035488000"}, "namespace": "test-failure-1750934075033706000-1750934075035488000", "name": "test-restore-no-backup", "reconcileID": "fa13b74b-fba5-4f94-8573-8ba24a630f18"}
  2025-06-26T12:34:35+02:00	ERROR	Reconciler error	{"controller": "neo4jrestore", "controllerGroup": "neo4j.neo4j.com", "controllerKind": "Neo4jRestore", "Neo4jRestore": {"name":"test-restore-no-backup","namespace":"test-failure-1750934075033706000-1750934075035488000"}, "namespace": "test-failure-1750934075033706000-1750934075035488000", "name": "test-restore-no-backup", "reconcileID": "fa13b74b-fba5-4f94-8573-8ba24a630f18", "error": "Neo4jEnterpriseCluster.neo4j.neo4j.com \"test-cluster\" not found"}
  sigs.k8s.io/controller-runtime/pkg/internal/controller.(*Controller[...]).reconcileHandler
  	/Users/priyolahiri/go/pkg/mod/sigs.k8s.io/controller-runtime@v0.21.0/pkg/internal/controller/controller.go:353
  sigs.k8s.io/controller-runtime/pkg/internal/controller.(*Controller[...]).processNextWorkItem
  	/Users/priyolahiri/go/pkg/mod/sigs.k8s.io/controller-runtime@v0.21.0/pkg/internal/controller/controller.go:300
  sigs.k8s.io/controller-runtime/pkg/internal/controller.(*Controller[...]).Start.func2.1
  	/Users/priyolahiri/go/pkg/mod/sigs.k8s.io/controller-runtime@v0.21.0/pkg/internal/controller/controller.go:202
  2025-06-26T12:34:35+02:00	INFO	Warning: Reconciler returned both a non-zero result and a non-nil error. The result will always be ignored if the error is non-nil and the non-nil error causes requeuing with exponential backoff. For more details, see: https://pkg.go.dev/sigs.k8s.io/controller-runtime/pkg/reconcile#Reconciler	{"controller": "neo4jbackup", "controllerGroup": "neo4j.neo4j.com", "controllerKind": "Neo4jBackup", "Neo4jBackup": {"name":"test-backup-no-cluster","namespace":"test-failure-1750934075031883000-1750934075034004000"}, "namespace": "test-failure-1750934075031883000-1750934075034004000", "name": "test-backup-no-cluster", "reconcileID": "a397bf4f-507b-42e0-9ffe-50fff4a88715"}
  2025-06-26T12:34:35+02:00	ERROR	Reconciler error	{"controller": "neo4jbackup", "controllerGroup": "neo4j.neo4j.com", "controllerKind": "Neo4jBackup", "Neo4jBackup": {"name":"test-backup-no-cluster","namespace":"test-failure-1750934075031883000-1750934075034004000"}, "namespace": "test-failure-1750934075031883000-1750934075034004000", "name": "test-backup-no-cluster", "reconcileID": "a397bf4f-507b-42e0-9ffe-50fff4a88715", "error": "Neo4jEnterpriseCluster.neo4j.neo4j.com \"non-existent-cluster\" not found"}
  sigs.k8s.io/controller-runtime/pkg/internal/controller.(*Controller[...]).reconcileHandler
  	/Users/priyolahiri/go/pkg/mod/sigs.k8s.io/controller-runtime@v0.21.0/pkg/internal/controller/controller.go:353
  sigs.k8s.io/controller-runtime/pkg/internal/controller.(*Controller[...]).processNextWorkItem
  	/Users/priyolahiri/go/pkg/mod/sigs.k8s.io/controller-runtime@v0.21.0/pkg/internal/controller/controller.go:300
  sigs.k8s.io/controller-runtime/pkg/internal/controller.(*Controller[...]).Start.func2.1
  	/Users/priyolahiri/go/pkg/mod/sigs.k8s.io/controller-runtime@v0.21.0/pkg/internal/controller/controller.go:202
  2025-06-26T12:34:35+02:00	ERROR	Failed to get target cluster	{"controller": "neo4jrestore", "controllerGroup": "neo4j.neo4j.com", "controllerKind": "Neo4jRestore", "Neo4jRestore": {"name":"test-restore-no-cluster","namespace":"test-failure-1750934075035366000-1750934075036586000"}, "namespace": "test-failure-1750934075035366000-1750934075036586000", "name": "test-restore-no-cluster", "reconcileID": "0346c2ac-6da4-44bd-9e64-46910bea37aa", "error": "Neo4jEnterpriseCluster.neo4j.neo4j.com \"non-existent-cluster\" not found"}
  github.com/neo4j-labs/neo4j-kubernetes-operator/internal/controller.(*Neo4jRestoreReconciler).Reconcile
  	/Users/priyolahiri/Code/neo4j-kubernetes-operator/internal/controller/neo4jrestore_controller.go:118
  sigs.k8s.io/controller-runtime/pkg/internal/controller.(*Controller[...]).Reconcile
  	/Users/priyolahiri/go/pkg/mod/sigs.k8s.io/controller-runtime@v0.21.0/pkg/internal/controller/controller.go:119
  sigs.k8s.io/controller-runtime/pkg/internal/controller.(*Controller[...]).reconcileHandler
  	/Users/priyolahiri/go/pkg/mod/sigs.k8s.io/controller-runtime@v0.21.0/pkg/internal/controller/controller.go:340
  sigs.k8s.io/controller-runtime/pkg/internal/controller.(*Controller[...]).processNextWorkItem
  	/Users/priyolahiri/go/pkg/mod/sigs.k8s.io/controller-runtime@v0.21.0/pkg/internal/controller/controller.go:300
  sigs.k8s.io/controller-runtime/pkg/internal/controller.(*Controller[...]).Start.func2.1
  	/Users/priyolahiri/go/pkg/mod/sigs.k8s.io/controller-runtime@v0.21.0/pkg/internal/controller/controller.go:202
  2025-06-26T12:34:35+02:00	INFO	Warning: Reconciler returned both a non-zero result and a non-nil error. The result will always be ignored if the error is non-nil and the non-nil error causes requeuing with exponential backoff. For more details, see: https://pkg.go.dev/sigs.k8s.io/controller-runtime/pkg/reconcile#Reconciler	{"controller": "neo4jrestore", "controllerGroup": "neo4j.neo4j.com", "controllerKind": "Neo4jRestore", "Neo4jRestore": {"name":"test-restore-no-cluster","namespace":"test-failure-1750934075035366000-1750934075036586000"}, "namespace": "test-failure-1750934075035366000-1750934075036586000", "name": "test-restore-no-cluster", "reconcileID": "0346c2ac-6da4-44bd-9e64-46910bea37aa"}
  2025-06-26T12:34:35+02:00	ERROR	Reconciler error	{"controller": "neo4jrestore", "controllerGroup": "neo4j.neo4j.com", "controllerKind": "Neo4jRestore", "Neo4jRestore": {"name":"test-restore-no-cluster","namespace":"test-failure-1750934075035366000-1750934075036586000"}, "namespace": "test-failure-1750934075035366000-1750934075036586000", "name": "test-restore-no-cluster", "reconcileID": "0346c2ac-6da4-44bd-9e64-46910bea37aa", "error": "Neo4jEnterpriseCluster.neo4j.neo4j.com \"non-existent-cluster\" not found"}
  sigs.k8s.io/controller-runtime/pkg/internal/controller.(*Controller[...]).reconcileHandler
  	/Users/priyolahiri/go/pkg/mod/sigs.k8s.io/controller-runtime@v0.21.0/pkg/internal/controller/controller.go:353
  sigs.k8s.io/controller-runtime/pkg/internal/controller.(*Controller[...]).processNextWorkItem
  	/Users/priyolahiri/go/pkg/mod/sigs.k8s.io/controller-runtime@v0.21.0/pkg/internal/controller/controller.go:300
  sigs.k8s.io/controller-runtime/pkg/internal/controller.(*Controller[...]).Start.func2.1
  	/Users/priyolahiri/go/pkg/mod/sigs.k8s.io/controller-runtime@v0.21.0/pkg/internal/controller/controller.go:202
  2025-06-26T12:34:35+02:00	ERROR	Failed to get target cluster	{"controller": "neo4jbackup", "controllerGroup": "neo4j.neo4j.com", "controllerKind": "Neo4jBackup", "Neo4jBackup": {"name":"test-backup-invalid-storage","namespace":"test-failure-1750934075033884000-1750934075035500000"}, "namespace": "test-failure-1750934075033884000-1750934075035500000", "name": "test-backup-invalid-storage", "reconcileID": "e542320d-50ef-4b8c-bb53-e94f14916b91", "error": "Neo4jEnterpriseCluster.neo4j.neo4j.com \"test-cluster\" not found"}
  github.com/neo4j-labs/neo4j-kubernetes-operator/internal/controller.(*Neo4jBackupReconciler).Reconcile
  	/Users/priyolahiri/Code/neo4j-kubernetes-operator/internal/controller/neo4jbackup_controller.go:106
  sigs.k8s.io/controller-runtime/pkg/internal/controller.(*Controller[...]).Reconcile
  	/Users/priyolahiri/go/pkg/mod/sigs.k8s.io/controller-runtime@v0.21.0/pkg/internal/controller/controller.go:119
  sigs.k8s.io/controller-runtime/pkg/internal/controller.(*Controller[...]).reconcileHandler
  	/Users/priyolahiri/go/pkg/mod/sigs.k8s.io/controller-runtime@v0.21.0/pkg/internal/controller/controller.go:340
  sigs.k8s.io/controller-runtime/pkg/internal/controller.(*Controller[...]).processNextWorkItem
  	/Users/priyolahiri/go/pkg/mod/sigs.k8s.io/controller-runtime@v0.21.0/pkg/internal/controller/controller.go:300
  sigs.k8s.io/controller-runtime/pkg/internal/controller.(*Controller[...]).Start.func2.1
  	/Users/priyolahiri/go/pkg/mod/sigs.k8s.io/controller-runtime@v0.21.0/pkg/internal/controller/controller.go:202
  2025-06-26T12:34:35+02:00	INFO	Warning: Reconciler returned both a non-zero result and a non-nil error. The result will always be ignored if the error is non-nil and the non-nil error causes requeuing with exponential backoff. For more details, see: https://pkg.go.dev/sigs.k8s.io/controller-runtime/pkg/reconcile#Reconciler	{"controller": "neo4jbackup", "controllerGroup": "neo4j.neo4j.com", "controllerKind": "Neo4jBackup", "Neo4jBackup": {"name":"test-backup-invalid-storage","namespace":"test-failure-1750934075033884000-1750934075035500000"}, "namespace": "test-failure-1750934075033884000-1750934075035500000", "name": "test-backup-invalid-storage", "reconcileID": "e542320d-50ef-4b8c-bb53-e94f14916b91"}
  2025-06-26T12:34:35+02:00	ERROR	Reconciler error	{"controller": "neo4jbackup", "controllerGroup": "neo4j.neo4j.com", "controllerKind": "Neo4jBackup", "Neo4jBackup": {"name":"test-backup-invalid-storage","namespace":"test-failure-1750934075033884000-1750934075035500000"}, "namespace": "test-failure-1750934075033884000-1750934075035500000", "name": "test-backup-invalid-storage", "reconcileID": "e542320d-50ef-4b8c-bb53-e94f14916b91", "error": "Neo4jEnterpriseCluster.neo4j.neo4j.com \"test-cluster\" not found"}
  sigs.k8s.io/controller-runtime/pkg/internal/controller.(*Controller[...]).reconcileHandler
  	/Users/priyolahiri/go/pkg/mod/sigs.k8s.io/controller-runtime@v0.21.0/pkg/internal/controller/controller.go:353
  sigs.k8s.io/controller-runtime/pkg/internal/controller.(*Controller[...]).processNextWorkItem
  	/Users/priyolahiri/go/pkg/mod/sigs.k8s.io/controller-runtime@v0.21.0/pkg/internal/controller/controller.go:300
  sigs.k8s.io/controller-runtime/pkg/internal/controller.(*Controller[...]).Start.func2.1
  	/Users/priyolahiri/go/pkg/mod/sigs.k8s.io/controller-runtime@v0.21.0/pkg/internal/controller/controller.go:202
  2025-06-26T12:34:35+02:00	ERROR	Failed to get target cluster	{"controller": "neo4jrestore", "controllerGroup": "neo4j.neo4j.com", "controllerKind": "Neo4jRestore", "Neo4jRestore": {"name":"test-restore-no-backup","namespace":"test-failure-1750934075033706000-1750934075035488000"}, "namespace": "test-failure-1750934075033706000-1750934075035488000", "name": "test-restore-no-backup", "reconcileID": "60ada9bc-480e-4dca-b264-fe73e637bf0d", "error": "Neo4jEnterpriseCluster.neo4j.neo4j.com \"test-cluster\" not found"}
  github.com/neo4j-labs/neo4j-kubernetes-operator/internal/controller.(*Neo4jRestoreReconciler).Reconcile
  	/Users/priyolahiri/Code/neo4j-kubernetes-operator/internal/controller/neo4jrestore_controller.go:118
  sigs.k8s.io/controller-runtime/pkg/internal/controller.(*Controller[...]).Reconcile
  	/Users/priyolahiri/go/pkg/mod/sigs.k8s.io/controller-runtime@v0.21.0/pkg/internal/controller/controller.go:119
  sigs.k8s.io/controller-runtime/pkg/internal/controller.(*Controller[...]).reconcileHandler
  	/Users/priyolahiri/go/pkg/mod/sigs.k8s.io/controller-runtime@v0.21.0/pkg/internal/controller/controller.go:340
  sigs.k8s.io/controller-runtime/pkg/internal/controller.(*Controller[...]).processNextWorkItem
  	/Users/priyolahiri/go/pkg/mod/sigs.k8s.io/controller-runtime@v0.21.0/pkg/internal/controller/controller.go:300
  sigs.k8s.io/controller-runtime/pkg/internal/controller.(*Controller[...]).Start.func2.1
  	/Users/priyolahiri/go/pkg/mod/sigs.k8s.io/controller-runtime@v0.21.0/pkg/internal/controller/controller.go:202
  2025-06-26T12:34:35+02:00	INFO	Warning: Reconciler returned both a non-zero result and a non-nil error. The result will always be ignored if the error is non-nil and the non-nil error causes requeuing with exponential backoff. For more details, see: https://pkg.go.dev/sigs.k8s.io/controller-runtime/pkg/reconcile#Reconciler	{"controller": "neo4jrestore", "controllerGroup": "neo4j.neo4j.com", "controllerKind": "Neo4jRestore", "Neo4jRestore": {"name":"test-restore-no-backup","namespace":"test-failure-1750934075033706000-1750934075035488000"}, "namespace": "test-failure-1750934075033706000-1750934075035488000", "name": "test-restore-no-backup", "reconcileID": "60ada9bc-480e-4dca-b264-fe73e637bf0d"}
  2025-06-26T12:34:35+02:00	ERROR	Reconciler error	{"controller": "neo4jrestore", "controllerGroup": "neo4j.neo4j.com", "controllerKind": "Neo4jRestore", "Neo4jRestore": {"name":"test-restore-no-backup","namespace":"test-failure-1750934075033706000-1750934075035488000"}, "namespace": "test-failure-1750934075033706000-1750934075035488000", "name": "test-restore-no-backup", "reconcileID": "60ada9bc-480e-4dca-b264-fe73e637bf0d", "error": "Neo4jEnterpriseCluster.neo4j.neo4j.com \"test-cluster\" not found"}
  sigs.k8s.io/controller-runtime/pkg/internal/controller.(*Controller[...]).reconcileHandler
  	/Users/priyolahiri/go/pkg/mod/sigs.k8s.io/controller-runtime@v0.21.0/pkg/internal/controller/controller.go:353
  sigs.k8s.io/controller-runtime/pkg/internal/controller.(*Controller[...]).processNextWorkItem
  	/Users/priyolahiri/go/pkg/mod/sigs.k8s.io/controller-runtime@v0.21.0/pkg/internal/controller/controller.go:300
  sigs.k8s.io/controller-runtime/pkg/internal/controller.(*Controller[...]).Start.func2.1
  	/Users/priyolahiri/go/pkg/mod/sigs.k8s.io/controller-runtime@v0.21.0/pkg/internal/controller/controller.go:202
  2025-06-26T12:34:35+02:00	ERROR	Failed to get target cluster	{"controller": "neo4jbackup", "controllerGroup": "neo4j.neo4j.com", "controllerKind": "Neo4jBackup", "Neo4jBackup": {"name":"test-backup-no-cluster","namespace":"test-failure-1750934075031883000-1750934075034004000"}, "namespace": "test-failure-1750934075031883000-1750934075034004000", "name": "test-backup-no-cluster", "reconcileID": "76815c36-de68-458b-9663-5f78aaf9f202", "error": "Neo4jEnterpriseCluster.neo4j.neo4j.com \"non-existent-cluster\" not found"}
  github.com/neo4j-labs/neo4j-kubernetes-operator/internal/controller.(*Neo4jBackupReconciler).Reconcile
  	/Users/priyolahiri/Code/neo4j-kubernetes-operator/internal/controller/neo4jbackup_controller.go:106
  sigs.k8s.io/controller-runtime/pkg/internal/controller.(*Controller[...]).Reconcile
  	/Users/priyolahiri/go/pkg/mod/sigs.k8s.io/controller-runtime@v0.21.0/pkg/internal/controller/controller.go:119
  sigs.k8s.io/controller-runtime/pkg/internal/controller.(*Controller[...]).reconcileHandler
  	/Users/priyolahiri/go/pkg/mod/sigs.k8s.io/controller-runtime@v0.21.0/pkg/internal/controller/controller.go:340
  sigs.k8s.io/controller-runtime/pkg/internal/controller.(*Controller[...]).processNextWorkItem
  	/Users/priyolahiri/go/pkg/mod/sigs.k8s.io/controller-runtime@v0.21.0/pkg/internal/controller/controller.go:300
  sigs.k8s.io/controller-runtime/pkg/internal/controller.(*Controller[...]).Start.func2.1
  	/Users/priyolahiri/go/pkg/mod/sigs.k8s.io/controller-runtime@v0.21.0/pkg/internal/controller/controller.go:202
  2025-06-26T12:34:35+02:00	INFO	Warning: Reconciler returned both a non-zero result and a non-nil error. The result will always be ignored if the error is non-nil and the non-nil error causes requeuing with exponential backoff. For more details, see: https://pkg.go.dev/sigs.k8s.io/controller-runtime/pkg/reconcile#Reconciler	{"controller": "neo4jbackup", "controllerGroup": "neo4j.neo4j.com", "controllerKind": "Neo4jBackup", "Neo4jBackup": {"name":"test-backup-no-cluster","namespace":"test-failure-1750934075031883000-1750934075034004000"}, "namespace": "test-failure-1750934075031883000-1750934075034004000", "name": "test-backup-no-cluster", "reconcileID": "76815c36-de68-458b-9663-5f78aaf9f202"}
  2025-06-26T12:34:35+02:00	ERROR	Reconciler error	{"controller": "neo4jbackup", "controllerGroup": "neo4j.neo4j.com", "controllerKind": "Neo4jBackup", "Neo4jBackup": {"name":"test-backup-no-cluster","namespace":"test-failure-1750934075031883000-1750934075034004000"}, "namespace": "test-failure-1750934075031883000-1750934075034004000", "name": "test-backup-no-cluster", "reconcileID": "76815c36-de68-458b-9663-5f78aaf9f202", "error": "Neo4jEnterpriseCluster.neo4j.neo4j.com \"non-existent-cluster\" not found"}
  sigs.k8s.io/controller-runtime/pkg/internal/controller.(*Controller[...]).reconcileHandler
  	/Users/priyolahiri/go/pkg/mod/sigs.k8s.io/controller-runtime@v0.21.0/pkg/internal/controller/controller.go:353
  sigs.k8s.io/controller-runtime/pkg/internal/controller.(*Controller[...]).processNextWorkItem
  	/Users/priyolahiri/go/pkg/mod/sigs.k8s.io/controller-runtime@v0.21.0/pkg/internal/controller/controller.go:300
  sigs.k8s.io/controller-runtime/pkg/internal/controller.(*Controller[...]).Start.func2.1
  	/Users/priyolahiri/go/pkg/mod/sigs.k8s.io/controller-runtime@v0.21.0/pkg/internal/controller/controller.go:202
  2025-06-26T12:34:35+02:00	ERROR	Failed to get target cluster	{"controller": "neo4jrestore", "controllerGroup": "neo4j.neo4j.com", "controllerKind": "Neo4jRestore", "Neo4jRestore": {"name":"test-restore-no-cluster","namespace":"test-failure-1750934075035366000-1750934075036586000"}, "namespace": "test-failure-1750934075035366000-1750934075036586000", "name": "test-restore-no-cluster", "reconcileID": "e9fdd4cd-c3bb-40ac-815e-6a912cbee650", "error": "Neo4jEnterpriseCluster.neo4j.neo4j.com \"non-existent-cluster\" not found"}
  github.com/neo4j-labs/neo4j-kubernetes-operator/internal/controller.(*Neo4jRestoreReconciler).Reconcile
  	/Users/priyolahiri/Code/neo4j-kubernetes-operator/internal/controller/neo4jrestore_controller.go:118
  sigs.k8s.io/controller-runtime/pkg/internal/controller.(*Controller[...]).Reconcile
  	/Users/priyolahiri/go/pkg/mod/sigs.k8s.io/controller-runtime@v0.21.0/pkg/internal/controller/controller.go:119
  sigs.k8s.io/controller-runtime/pkg/internal/controller.(*Controller[...]).reconcileHandler
  	/Users/priyolahiri/go/pkg/mod/sigs.k8s.io/controller-runtime@v0.21.0/pkg/internal/controller/controller.go:340
  sigs.k8s.io/controller-runtime/pkg/internal/controller.(*Controller[...]).processNextWorkItem
  	/Users/priyolahiri/go/pkg/mod/sigs.k8s.io/controller-runtime@v0.21.0/pkg/internal/controller/controller.go:300
  sigs.k8s.io/controller-runtime/pkg/internal/controller.(*Controller[...]).Start.func2.1
  	/Users/priyolahiri/go/pkg/mod/sigs.k8s.io/controller-runtime@v0.21.0/pkg/internal/controller/controller.go:202
  2025-06-26T12:34:35+02:00	INFO	Warning: Reconciler returned both a non-zero result and a non-nil error. The result will always be ignored if the error is non-nil and the non-nil error causes requeuing with exponential backoff. For more details, see: https://pkg.go.dev/sigs.k8s.io/controller-runtime/pkg/reconcile#Reconciler	{"controller": "neo4jrestore", "controllerGroup": "neo4j.neo4j.com", "controllerKind": "Neo4jRestore", "Neo4jRestore": {"name":"test-restore-no-cluster","namespace":"test-failure-1750934075035366000-1750934075036586000"}, "namespace": "test-failure-1750934075035366000-1750934075036586000", "name": "test-restore-no-cluster", "reconcileID": "e9fdd4cd-c3bb-40ac-815e-6a912cbee650"}
  2025-06-26T12:34:35+02:00	ERROR	Reconciler error	{"controller": "neo4jrestore", "controllerGroup": "neo4j.neo4j.com", "controllerKind": "Neo4jRestore", "Neo4jRestore": {"name":"test-restore-no-cluster","namespace":"test-failure-1750934075035366000-1750934075036586000"}, "namespace": "test-failure-1750934075035366000-1750934075036586000", "name": "test-restore-no-cluster", "reconcileID": "e9fdd4cd-c3bb-40ac-815e-6a912cbee650", "error": "Neo4jEnterpriseCluster.neo4j.neo4j.com \"non-existent-cluster\" not found"}
  sigs.k8s.io/controller-runtime/pkg/internal/controller.(*Controller[...]).reconcileHandler
  	/Users/priyolahiri/go/pkg/mod/sigs.k8s.io/controller-runtime@v0.21.0/pkg/internal/controller/controller.go:353
  sigs.k8s.io/controller-runtime/pkg/internal/controller.(*Controller[...]).processNextWorkItem
  	/Users/priyolahiri/go/pkg/mod/sigs.k8s.io/controller-runtime@v0.21.0/pkg/internal/controller/controller.go:300
  sigs.k8s.io/controller-runtime/pkg/internal/controller.(*Controller[...]).Start.func2.1
  	/Users/priyolahiri/go/pkg/mod/sigs.k8s.io/controller-runtime@v0.21.0/pkg/internal/controller/controller.go:202
  2025-06-26T12:34:35+02:00	ERROR	Failed to get target cluster	{"controller": "neo4jbackup", "controllerGroup": "neo4j.neo4j.com", "controllerKind": "Neo4jBackup", "Neo4jBackup": {"name":"test-backup-invalid-storage","namespace":"test-failure-1750934075033884000-1750934075035500000"}, "namespace": "test-failure-1750934075033884000-1750934075035500000", "name": "test-backup-invalid-storage", "reconcileID": "7b66abef-0bcc-4237-a816-cd0cf6bdf91b", "error": "Neo4jEnterpriseCluster.neo4j.neo4j.com \"test-cluster\" not found"}
  github.com/neo4j-labs/neo4j-kubernetes-operator/internal/controller.(*Neo4jBackupReconciler).Reconcile
  	/Users/priyolahiri/Code/neo4j-kubernetes-operator/internal/controller/neo4jbackup_controller.go:106
  sigs.k8s.io/controller-runtime/pkg/internal/controller.(*Controller[...]).Reconcile
  	/Users/priyolahiri/go/pkg/mod/sigs.k8s.io/controller-runtime@v0.21.0/pkg/internal/controller/controller.go:119
  sigs.k8s.io/controller-runtime/pkg/internal/controller.(*Controller[...]).reconcileHandler
  	/Users/priyolahiri/go/pkg/mod/sigs.k8s.io/controller-runtime@v0.21.0/pkg/internal/controller/controller.go:340
  sigs.k8s.io/controller-runtime/pkg/internal/controller.(*Controller[...]).processNextWorkItem
  	/Users/priyolahiri/go/pkg/mod/sigs.k8s.io/controller-runtime@v0.21.0/pkg/internal/controller/controller.go:300
  sigs.k8s.io/controller-runtime/pkg/internal/controller.(*Controller[...]).Start.func2.1
  	/Users/priyolahiri/go/pkg/mod/sigs.k8s.io/controller-runtime@v0.21.0/pkg/internal/controller/controller.go:202
  2025-06-26T12:34:35+02:00	ERROR	Failed to get target cluster	{"controller": "neo4jrestore", "controllerGroup": "neo4j.neo4j.com", "controllerKind": "Neo4jRestore", "Neo4jRestore": {"name":"test-restore-no-backup","namespace":"test-failure-1750934075033706000-1750934075035488000"}, "namespace": "test-failure-1750934075033706000-1750934075035488000", "name": "test-restore-no-backup", "reconcileID": "6a356e7b-9fb0-472a-b5e8-095f78cdd60a", "error": "Neo4jEnterpriseCluster.neo4j.neo4j.com \"test-cluster\" not found"}
  github.com/neo4j-labs/neo4j-kubernetes-operator/internal/controller.(*Neo4jRestoreReconciler).Reconcile
  	/Users/priyolahiri/Code/neo4j-kubernetes-operator/internal/controller/neo4jrestore_controller.go:118
  sigs.k8s.io/controller-runtime/pkg/internal/controller.(*Controller[...]).Reconcile
  	/Users/priyolahiri/go/pkg/mod/sigs.k8s.io/controller-runtime@v0.21.0/pkg/internal/controller/controller.go:119
  sigs.k8s.io/controller-runtime/pkg/internal/controller.(*Controller[...]).reconcileHandler
  	/Users/priyolahiri/go/pkg/mod/sigs.k8s.io/controller-runtime@v0.21.0/pkg/internal/controller/controller.go:340
  sigs.k8s.io/controller-runtime/pkg/internal/controller.(*Controller[...]).processNextWorkItem
  	/Users/priyolahiri/go/pkg/mod/sigs.k8s.io/controller-runtime@v0.21.0/pkg/internal/controller/controller.go:300
  sigs.k8s.io/controller-runtime/pkg/internal/controller.(*Controller[...]).Start.func2.1
  	/Users/priyolahiri/go/pkg/mod/sigs.k8s.io/controller-runtime@v0.21.0/pkg/internal/controller/controller.go:202
  2025-06-26T12:34:35+02:00	INFO	Warning: Reconciler returned both a non-zero result and a non-nil error. The result will always be ignored if the error is non-nil and the non-nil error causes requeuing with exponential backoff. For more details, see: https://pkg.go.dev/sigs.k8s.io/controller-runtime/pkg/reconcile#Reconciler	{"controller": "neo4jrestore", "controllerGroup": "neo4j.neo4j.com", "controllerKind": "Neo4jRestore", "Neo4jRestore": {"name":"test-restore-no-backup","namespace":"test-failure-1750934075033706000-1750934075035488000"}, "namespace": "test-failure-1750934075033706000-1750934075035488000", "name": "test-restore-no-backup", "reconcileID": "6a356e7b-9fb0-472a-b5e8-095f78cdd60a"}
  2025-06-26T12:34:35+02:00	ERROR	Reconciler error	{"controller": "neo4jrestore", "controllerGroup": "neo4j.neo4j.com", "controllerKind": "Neo4jRestore", "Neo4jRestore": {"name":"test-restore-no-backup","namespace":"test-failure-1750934075033706000-1750934075035488000"}, "namespace": "test-failure-1750934075033706000-1750934075035488000", "name": "test-restore-no-backup", "reconcileID": "6a356e7b-9fb0-472a-b5e8-095f78cdd60a", "error": "Neo4jEnterpriseCluster.neo4j.neo4j.com \"test-cluster\" not found"}
  sigs.k8s.io/controller-runtime/pkg/internal/controller.(*Controller[...]).reconcileHandler
  	/Users/priyolahiri/go/pkg/mod/sigs.k8s.io/controller-runtime@v0.21.0/pkg/internal/controller/controller.go:353
  sigs.k8s.io/controller-runtime/pkg/internal/controller.(*Controller[...]).processNextWorkItem
  	/Users/priyolahiri/go/pkg/mod/sigs.k8s.io/controller-runtime@v0.21.0/pkg/internal/controller/controller.go:300
  sigs.k8s.io/controller-runtime/pkg/internal/controller.(*Controller[...]).Start.func2.1
  	/Users/priyolahiri/go/pkg/mod/sigs.k8s.io/controller-runtime@v0.21.0/pkg/internal/controller/controller.go:202
  2025-06-26T12:34:35+02:00	INFO	Warning: Reconciler returned both a non-zero result and a non-nil error. The result will always be ignored if the error is non-nil and the non-nil error causes requeuing with exponential backoff. For more details, see: https://pkg.go.dev/sigs.k8s.io/controller-runtime/pkg/reconcile#Reconciler	{"controller": "neo4jbackup", "controllerGroup": "neo4j.neo4j.com", "controllerKind": "Neo4jBackup", "Neo4jBackup": {"name":"test-backup-invalid-storage","namespace":"test-failure-1750934075033884000-1750934075035500000"}, "namespace": "test-failure-1750934075033884000-1750934075035500000", "name": "test-backup-invalid-storage", "reconcileID": "7b66abef-0bcc-4237-a816-cd0cf6bdf91b"}
  2025-06-26T12:34:35+02:00	ERROR	Reconciler error	{"controller": "neo4jbackup", "controllerGroup": "neo4j.neo4j.com", "controllerKind": "Neo4jBackup", "Neo4jBackup": {"name":"test-backup-invalid-storage","namespace":"test-failure-1750934075033884000-1750934075035500000"}, "namespace": "test-failure-1750934075033884000-1750934075035500000", "name": "test-backup-invalid-storage", "reconcileID": "7b66abef-0bcc-4237-a816-cd0cf6bdf91b", "error": "Neo4jEnterpriseCluster.neo4j.neo4j.com \"test-cluster\" not found"}
  sigs.k8s.io/controller-runtime/pkg/internal/controller.(*Controller[...]).reconcileHandler
  	/Users/priyolahiri/go/pkg/mod/sigs.k8s.io/controller-runtime@v0.21.0/pkg/internal/controller/controller.go:353
  sigs.k8s.io/controller-runtime/pkg/internal/controller.(*Controller[...]).processNextWorkItem
  	/Users/priyolahiri/go/pkg/mod/sigs.k8s.io/controller-runtime@v0.21.0/pkg/internal/controller/controller.go:300
  sigs.k8s.io/controller-runtime/pkg/internal/controller.(*Controller[...]).Start.func2.1
  	/Users/priyolahiri/go/pkg/mod/sigs.k8s.io/controller-runtime@v0.21.0/pkg/internal/controller/controller.go:202
  2025-06-26T12:34:35+02:00	ERROR	Failed to get target cluster	{"controller": "neo4jbackup", "controllerGroup": "neo4j.neo4j.com", "controllerKind": "Neo4jBackup", "Neo4jBackup": {"name":"test-backup-no-cluster","namespace":"test-failure-1750934075031883000-1750934075034004000"}, "namespace": "test-failure-1750934075031883000-1750934075034004000", "name": "test-backup-no-cluster", "reconcileID": "27de46b4-3db5-4b14-a4dd-fca8469e02d9", "error": "Neo4jEnterpriseCluster.neo4j.neo4j.com \"non-existent-cluster\" not found"}
  github.com/neo4j-labs/neo4j-kubernetes-operator/internal/controller.(*Neo4jBackupReconciler).Reconcile
  	/Users/priyolahiri/Code/neo4j-kubernetes-operator/internal/controller/neo4jbackup_controller.go:106
  sigs.k8s.io/controller-runtime/pkg/internal/controller.(*Controller[...]).Reconcile
  	/Users/priyolahiri/go/pkg/mod/sigs.k8s.io/controller-runtime@v0.21.0/pkg/internal/controller/controller.go:119
  sigs.k8s.io/controller-runtime/pkg/internal/controller.(*Controller[...]).reconcileHandler
  	/Users/priyolahiri/go/pkg/mod/sigs.k8s.io/controller-runtime@v0.21.0/pkg/internal/controller/controller.go:340
  sigs.k8s.io/controller-runtime/pkg/internal/controller.(*Controller[...]).processNextWorkItem
  	/Users/priyolahiri/go/pkg/mod/sigs.k8s.io/controller-runtime@v0.21.0/pkg/internal/controller/controller.go:300
  sigs.k8s.io/controller-runtime/pkg/internal/controller.(*Controller[...]).Start.func2.1
  	/Users/priyolahiri/go/pkg/mod/sigs.k8s.io/controller-runtime@v0.21.0/pkg/internal/controller/controller.go:202
  2025-06-26T12:34:35+02:00	INFO	Warning: Reconciler returned both a non-zero result and a non-nil error. The result will always be ignored if the error is non-nil and the non-nil error causes requeuing with exponential backoff. For more details, see: https://pkg.go.dev/sigs.k8s.io/controller-runtime/pkg/reconcile#Reconciler	{"controller": "neo4jbackup", "controllerGroup": "neo4j.neo4j.com", "controllerKind": "Neo4jBackup", "Neo4jBackup": {"name":"test-backup-no-cluster","namespace":"test-failure-1750934075031883000-1750934075034004000"}, "namespace": "test-failure-1750934075031883000-1750934075034004000", "name": "test-backup-no-cluster", "reconcileID": "27de46b4-3db5-4b14-a4dd-fca8469e02d9"}
  2025-06-26T12:34:35+02:00	ERROR	Reconciler error	{"controller": "neo4jbackup", "controllerGroup": "neo4j.neo4j.com", "controllerKind": "Neo4jBackup", "Neo4jBackup": {"name":"test-backup-no-cluster","namespace":"test-failure-1750934075031883000-1750934075034004000"}, "namespace": "test-failure-1750934075031883000-1750934075034004000", "name": "test-backup-no-cluster", "reconcileID": "27de46b4-3db5-4b14-a4dd-fca8469e02d9", "error": "Neo4jEnterpriseCluster.neo4j.neo4j.com \"non-existent-cluster\" not found"}
  sigs.k8s.io/controller-runtime/pkg/internal/controller.(*Controller[...]).reconcileHandler
  	/Users/priyolahiri/go/pkg/mod/sigs.k8s.io/controller-runtime@v0.21.0/pkg/internal/controller/controller.go:353
  sigs.k8s.io/controller-runtime/pkg/internal/controller.(*Controller[...]).processNextWorkItem
  	/Users/priyolahiri/go/pkg/mod/sigs.k8s.io/controller-runtime@v0.21.0/pkg/internal/controller/controller.go:300
  sigs.k8s.io/controller-runtime/pkg/internal/controller.(*Controller[...]).Start.func2.1
  	/Users/priyolahiri/go/pkg/mod/sigs.k8s.io/controller-runtime@v0.21.0/pkg/internal/controller/controller.go:202
  2025-06-26T12:34:35+02:00	ERROR	Failed to get target cluster	{"controller": "neo4jrestore", "controllerGroup": "neo4j.neo4j.com", "controllerKind": "Neo4jRestore", "Neo4jRestore": {"name":"test-restore-no-cluster","namespace":"test-failure-1750934075035366000-1750934075036586000"}, "namespace": "test-failure-1750934075035366000-1750934075036586000", "name": "test-restore-no-cluster", "reconcileID": "995416fc-bd59-4730-a11d-7455f215bf8e", "error": "Neo4jEnterpriseCluster.neo4j.neo4j.com \"non-existent-cluster\" not found"}
  github.com/neo4j-labs/neo4j-kubernetes-operator/internal/controller.(*Neo4jRestoreReconciler).Reconcile
  	/Users/priyolahiri/Code/neo4j-kubernetes-operator/internal/controller/neo4jrestore_controller.go:118
  sigs.k8s.io/controller-runtime/pkg/internal/controller.(*Controller[...]).Reconcile
  	/Users/priyolahiri/go/pkg/mod/sigs.k8s.io/controller-runtime@v0.21.0/pkg/internal/controller/controller.go:119
  sigs.k8s.io/controller-runtime/pkg/internal/controller.(*Controller[...]).reconcileHandler
  	/Users/priyolahiri/go/pkg/mod/sigs.k8s.io/controller-runtime@v0.21.0/pkg/internal/controller/controller.go:340
  sigs.k8s.io/controller-runtime/pkg/internal/controller.(*Controller[...]).processNextWorkItem
  	/Users/priyolahiri/go/pkg/mod/sigs.k8s.io/controller-runtime@v0.21.0/pkg/internal/controller/controller.go:300
  sigs.k8s.io/controller-runtime/pkg/internal/controller.(*Controller[...]).Start.func2.1
  	/Users/priyolahiri/go/pkg/mod/sigs.k8s.io/controller-runtime@v0.21.0/pkg/internal/controller/controller.go:202
  2025-06-26T12:34:35+02:00	INFO	Warning: Reconciler returned both a non-zero result and a non-nil error. The result will always be ignored if the error is non-nil and the non-nil error causes requeuing with exponential backoff. For more details, see: https://pkg.go.dev/sigs.k8s.io/controller-runtime/pkg/reconcile#Reconciler	{"controller": "neo4jrestore", "controllerGroup": "neo4j.neo4j.com", "controllerKind": "Neo4jRestore", "Neo4jRestore": {"name":"test-restore-no-cluster","namespace":"test-failure-1750934075035366000-1750934075036586000"}, "namespace": "test-failure-1750934075035366000-1750934075036586000", "name": "test-restore-no-cluster", "reconcileID": "995416fc-bd59-4730-a11d-7455f215bf8e"}
  2025-06-26T12:34:35+02:00	ERROR	Reconciler error	{"controller": "neo4jrestore", "controllerGroup": "neo4j.neo4j.com", "controllerKind": "Neo4jRestore", "Neo4jRestore": {"name":"test-restore-no-cluster","namespace":"test-failure-1750934075035366000-1750934075036586000"}, "namespace": "test-failure-1750934075035366000-1750934075036586000", "name": "test-restore-no-cluster", "reconcileID": "995416fc-bd59-4730-a11d-7455f215bf8e", "error": "Neo4jEnterpriseCluster.neo4j.neo4j.com \"non-existent-cluster\" not found"}
  sigs.k8s.io/controller-runtime/pkg/internal/controller.(*Controller[...]).reconcileHandler
  	/Users/priyolahiri/go/pkg/mod/sigs.k8s.io/controller-runtime@v0.21.0/pkg/internal/controller/controller.go:353
  sigs.k8s.io/controller-runtime/pkg/internal/controller.(*Controller[...]).processNextWorkItem
  	/Users/priyolahiri/go/pkg/mod/sigs.k8s.io/controller-runtime@v0.21.0/pkg/internal/controller/controller.go:300
  sigs.k8s.io/controller-runtime/pkg/internal/controller.(*Controller[...]).Start.func2.1
  	/Users/priyolahiri/go/pkg/mod/sigs.k8s.io/controller-runtime@v0.21.0/pkg/internal/controller/controller.go:202
  2025-06-26T12:34:35+02:00	ERROR	Failed to get target cluster	{"controller": "neo4jrestore", "controllerGroup": "neo4j.neo4j.com", "controllerKind": "Neo4jRestore", "Neo4jRestore": {"name":"test-restore-no-backup","namespace":"test-failure-1750934075033706000-1750934075035488000"}, "namespace": "test-failure-1750934075033706000-1750934075035488000", "name": "test-restore-no-backup", "reconcileID": "f0adacec-66ea-40b4-8afc-d411546ac455", "error": "Neo4jEnterpriseCluster.neo4j.neo4j.com \"test-cluster\" not found"}
  github.com/neo4j-labs/neo4j-kubernetes-operator/internal/controller.(*Neo4jRestoreReconciler).Reconcile
  	/Users/priyolahiri/Code/neo4j-kubernetes-operator/internal/controller/neo4jrestore_controller.go:118
  sigs.k8s.io/controller-runtime/pkg/internal/controller.(*Controller[...]).Reconcile
  	/Users/priyolahiri/go/pkg/mod/sigs.k8s.io/controller-runtime@v0.21.0/pkg/internal/controller/controller.go:119
  sigs.k8s.io/controller-runtime/pkg/internal/controller.(*Controller[...]).reconcileHandler
  	/Users/priyolahiri/go/pkg/mod/sigs.k8s.io/controller-runtime@v0.21.0/pkg/internal/controller/controller.go:340
  sigs.k8s.io/controller-runtime/pkg/internal/controller.(*Controller[...]).processNextWorkItem
  	/Users/priyolahiri/go/pkg/mod/sigs.k8s.io/controller-runtime@v0.21.0/pkg/internal/controller/controller.go:300
  sigs.k8s.io/controller-runtime/pkg/internal/controller.(*Controller[...]).Start.func2.1
  	/Users/priyolahiri/go/pkg/mod/sigs.k8s.io/controller-runtime@v0.21.0/pkg/internal/controller/controller.go:202
  2025-06-26T12:34:35+02:00	ERROR	Failed to get target cluster	{"controller": "neo4jbackup", "controllerGroup": "neo4j.neo4j.com", "controllerKind": "Neo4jBackup", "Neo4jBackup": {"name":"test-backup-invalid-storage","namespace":"test-failure-1750934075033884000-1750934075035500000"}, "namespace": "test-failure-1750934075033884000-1750934075035500000", "name": "test-backup-invalid-storage", "reconcileID": "cce5981f-9a2c-45d8-ac3d-fca773c1ed4b", "error": "Neo4jEnterpriseCluster.neo4j.neo4j.com \"test-cluster\" not found"}
  github.com/neo4j-labs/neo4j-kubernetes-operator/internal/controller.(*Neo4jBackupReconciler).Reconcile
  	/Users/priyolahiri/Code/neo4j-kubernetes-operator/internal/controller/neo4jbackup_controller.go:106
  sigs.k8s.io/controller-runtime/pkg/internal/controller.(*Controller[...]).Reconcile
  	/Users/priyolahiri/go/pkg/mod/sigs.k8s.io/controller-runtime@v0.21.0/pkg/internal/controller/controller.go:119
  sigs.k8s.io/controller-runtime/pkg/internal/controller.(*Controller[...]).reconcileHandler
  	/Users/priyolahiri/go/pkg/mod/sigs.k8s.io/controller-runtime@v0.21.0/pkg/internal/controller/controller.go:340
  sigs.k8s.io/controller-runtime/pkg/internal/controller.(*Controller[...]).processNextWorkItem
  	/Users/priyolahiri/go/pkg/mod/sigs.k8s.io/controller-runtime@v0.21.0/pkg/internal/controller/controller.go:300
  sigs.k8s.io/controller-runtime/pkg/internal/controller.(*Controller[...]).Start.func2.1
  	/Users/priyolahiri/go/pkg/mod/sigs.k8s.io/controller-runtime@v0.21.0/pkg/internal/controller/controller.go:202
  2025-06-26T12:34:35+02:00	INFO	Warning: Reconciler returned both a non-zero result and a non-nil error. The result will always be ignored if the error is non-nil and the non-nil error causes requeuing with exponential backoff. For more details, see: https://pkg.go.dev/sigs.k8s.io/controller-runtime/pkg/reconcile#Reconciler	{"controller": "neo4jrestore", "controllerGroup": "neo4j.neo4j.com", "controllerKind": "Neo4jRestore", "Neo4jRestore": {"name":"test-restore-no-backup","namespace":"test-failure-1750934075033706000-1750934075035488000"}, "namespace": "test-failure-1750934075033706000-1750934075035488000", "name": "test-restore-no-backup", "reconcileID": "f0adacec-66ea-40b4-8afc-d411546ac455"}
  2025-06-26T12:34:35+02:00	ERROR	Reconciler error	{"controller": "neo4jrestore", "controllerGroup": "neo4j.neo4j.com", "controllerKind": "Neo4jRestore", "Neo4jRestore": {"name":"test-restore-no-backup","namespace":"test-failure-1750934075033706000-1750934075035488000"}, "namespace": "test-failure-1750934075033706000-1750934075035488000", "name": "test-restore-no-backup", "reconcileID": "f0adacec-66ea-40b4-8afc-d411546ac455", "error": "Neo4jEnterpriseCluster.neo4j.neo4j.com \"test-cluster\" not found"}
  sigs.k8s.io/controller-runtime/pkg/internal/controller.(*Controller[...]).reconcileHandler
  	/Users/priyolahiri/go/pkg/mod/sigs.k8s.io/controller-runtime@v0.21.0/pkg/internal/controller/controller.go:353
  sigs.k8s.io/controller-runtime/pkg/internal/controller.(*Controller[...]).processNextWorkItem
  	/Users/priyolahiri/go/pkg/mod/sigs.k8s.io/controller-runtime@v0.21.0/pkg/internal/controller/controller.go:300
  sigs.k8s.io/controller-runtime/pkg/internal/controller.(*Controller[...]).Start.func2.1
  	/Users/priyolahiri/go/pkg/mod/sigs.k8s.io/controller-runtime@v0.21.0/pkg/internal/controller/controller.go:202
  2025-06-26T12:34:35+02:00	INFO	Warning: Reconciler returned both a non-zero result and a non-nil error. The result will always be ignored if the error is non-nil and the non-nil error causes requeuing with exponential backoff. For more details, see: https://pkg.go.dev/sigs.k8s.io/controller-runtime/pkg/reconcile#Reconciler	{"controller": "neo4jbackup", "controllerGroup": "neo4j.neo4j.com", "controllerKind": "Neo4jBackup", "Neo4jBackup": {"name":"test-backup-invalid-storage","namespace":"test-failure-1750934075033884000-1750934075035500000"}, "namespace": "test-failure-1750934075033884000-1750934075035500000", "name": "test-backup-invalid-storage", "reconcileID": "cce5981f-9a2c-45d8-ac3d-fca773c1ed4b"}
  2025-06-26T12:34:35+02:00	ERROR	Reconciler error	{"controller": "neo4jbackup", "controllerGroup": "neo4j.neo4j.com", "controllerKind": "Neo4jBackup", "Neo4jBackup": {"name":"test-backup-invalid-storage","namespace":"test-failure-1750934075033884000-1750934075035500000"}, "namespace": "test-failure-1750934075033884000-1750934075035500000", "name": "test-backup-invalid-storage", "reconcileID": "cce5981f-9a2c-45d8-ac3d-fca773c1ed4b", "error": "Neo4jEnterpriseCluster.neo4j.neo4j.com \"test-cluster\" not found"}
  sigs.k8s.io/controller-runtime/pkg/internal/controller.(*Controller[...]).reconcileHandler
  	/Users/priyolahiri/go/pkg/mod/sigs.k8s.io/controller-runtime@v0.21.0/pkg/internal/controller/controller.go:353
  sigs.k8s.io/controller-runtime/pkg/internal/controller.(*Controller[...]).processNextWorkItem
  	/Users/priyolahiri/go/pkg/mod/sigs.k8s.io/controller-runtime@v0.21.0/pkg/internal/controller/controller.go:300
  sigs.k8s.io/controller-runtime/pkg/internal/controller.(*Controller[...]).Start.func2.1
  	/Users/priyolahiri/go/pkg/mod/sigs.k8s.io/controller-runtime@v0.21.0/pkg/internal/controller/controller.go:202
  2025-06-26T12:34:35+02:00	ERROR	Failed to get target cluster	{"controller": "neo4jbackup", "controllerGroup": "neo4j.neo4j.com", "controllerKind": "Neo4jBackup", "Neo4jBackup": {"name":"test-backup-no-cluster","namespace":"test-failure-1750934075031883000-1750934075034004000"}, "namespace": "test-failure-1750934075031883000-1750934075034004000", "name": "test-backup-no-cluster", "reconcileID": "d967b7d8-f6f5-4cf0-a537-43e0daf7ca6a", "error": "Neo4jEnterpriseCluster.neo4j.neo4j.com \"non-existent-cluster\" not found"}
  github.com/neo4j-labs/neo4j-kubernetes-operator/internal/controller.(*Neo4jBackupReconciler).Reconcile
  	/Users/priyolahiri/Code/neo4j-kubernetes-operator/internal/controller/neo4jbackup_controller.go:106
  sigs.k8s.io/controller-runtime/pkg/internal/controller.(*Controller[...]).Reconcile
  	/Users/priyolahiri/go/pkg/mod/sigs.k8s.io/controller-runtime@v0.21.0/pkg/internal/controller/controller.go:119
  sigs.k8s.io/controller-runtime/pkg/internal/controller.(*Controller[...]).reconcileHandler
  	/Users/priyolahiri/go/pkg/mod/sigs.k8s.io/controller-runtime@v0.21.0/pkg/internal/controller/controller.go:340
  sigs.k8s.io/controller-runtime/pkg/internal/controller.(*Controller[...]).processNextWorkItem
  	/Users/priyolahiri/go/pkg/mod/sigs.k8s.io/controller-runtime@v0.21.0/pkg/internal/controller/controller.go:300
  sigs.k8s.io/controller-runtime/pkg/internal/controller.(*Controller[...]).Start.func2.1
  	/Users/priyolahiri/go/pkg/mod/sigs.k8s.io/controller-runtime@v0.21.0/pkg/internal/controller/controller.go:202
  2025-06-26T12:34:35+02:00	INFO	Warning: Reconciler returned both a non-zero result and a non-nil error. The result will always be ignored if the error is non-nil and the non-nil error causes requeuing with exponential backoff. For more details, see: https://pkg.go.dev/sigs.k8s.io/controller-runtime/pkg/reconcile#Reconciler	{"controller": "neo4jbackup", "controllerGroup": "neo4j.neo4j.com", "controllerKind": "Neo4jBackup", "Neo4jBackup": {"name":"test-backup-no-cluster","namespace":"test-failure-1750934075031883000-1750934075034004000"}, "namespace": "test-failure-1750934075031883000-1750934075034004000", "name": "test-backup-no-cluster", "reconcileID": "d967b7d8-f6f5-4cf0-a537-43e0daf7ca6a"}
  2025-06-26T12:34:35+02:00	ERROR	Reconciler error	{"controller": "neo4jbackup", "controllerGroup": "neo4j.neo4j.com", "controllerKind": "Neo4jBackup", "Neo4jBackup": {"name":"test-backup-no-cluster","namespace":"test-failure-1750934075031883000-1750934075034004000"}, "namespace": "test-failure-1750934075031883000-1750934075034004000", "name": "test-backup-no-cluster", "reconcileID": "d967b7d8-f6f5-4cf0-a537-43e0daf7ca6a", "error": "Neo4jEnterpriseCluster.neo4j.neo4j.com \"non-existent-cluster\" not found"}
  sigs.k8s.io/controller-runtime/pkg/internal/controller.(*Controller[...]).reconcileHandler
  	/Users/priyolahiri/go/pkg/mod/sigs.k8s.io/controller-runtime@v0.21.0/pkg/internal/controller/controller.go:353
  sigs.k8s.io/controller-runtime/pkg/internal/controller.(*Controller[...]).processNextWorkItem
  	/Users/priyolahiri/go/pkg/mod/sigs.k8s.io/controller-runtime@v0.21.0/pkg/internal/controller/controller.go:300
  sigs.k8s.io/controller-runtime/pkg/internal/controller.(*Controller[...]).Start.func2.1
  	/Users/priyolahiri/go/pkg/mod/sigs.k8s.io/controller-runtime@v0.21.0/pkg/internal/controller/controller.go:202
  [38;5;214m[INTERRUPTED][0m in [It] - /Users/priyolahiri/Code/neo4j-kubernetes-operator/test/integration/failure_scenarios_test.go:300 [38;5;243m@ 06/26/25 12:34:35.829[0m
  2025-06-26T12:34:35+02:00	ERROR	Failed to get target cluster	{"controller": "neo4jrestore", "controllerGroup": "neo4j.neo4j.com", "controllerKind": "Neo4jRestore", "Neo4jRestore": {"name":"test-restore-no-cluster","namespace":"test-failure-1750934075035366000-1750934075036586000"}, "namespace": "test-failure-1750934075035366000-1750934075036586000", "name": "test-restore-no-cluster", "reconcileID": "a46a8eb9-bf2c-4f73-8304-432c77f1ba70", "error": "Neo4jEnterpriseCluster.neo4j.neo4j.com \"non-existent-cluster\" not found"}
  github.com/neo4j-labs/neo4j-kubernetes-operator/internal/controller.(*Neo4jRestoreReconciler).Reconcile
  	/Users/priyolahiri/Code/neo4j-kubernetes-operator/internal/controller/neo4jrestore_controller.go:118
  sigs.k8s.io/controller-runtime/pkg/internal/controller.(*Controller[...]).Reconcile
  	/Users/priyolahiri/go/pkg/mod/sigs.k8s.io/controller-runtime@v0.21.0/pkg/internal/controller/controller.go:119
  sigs.k8s.io/controller-runtime/pkg/internal/controller.(*Controller[...]).reconcileHandler
  	/Users/priyolahiri/go/pkg/mod/sigs.k8s.io/controller-runtime@v0.21.0/pkg/internal/controller/controller.go:340
  sigs.k8s.io/controller-runtime/pkg/internal/controller.(*Controller[...]).processNextWorkItem
  	/Users/priyolahiri/go/pkg/mod/sigs.k8s.io/controller-runtime@v0.21.0/pkg/internal/controller/controller.go:300
  sigs.k8s.io/controller-runtime/pkg/internal/controller.(*Controller[...]).Start.func2.1
  	/Users/priyolahiri/go/pkg/mod/sigs.k8s.io/controller-runtime@v0.21.0/pkg/internal/controller/controller.go:202
  2025-06-26T12:34:35+02:00	ERROR	Failed to get target cluster	{"controller": "neo4jbackup", "controllerGroup": "neo4j.neo4j.com", "controllerKind": "Neo4jBackup", "Neo4jBackup": {"name":"test-backup-invalid-storage","namespace":"test-failure-1750934075033884000-1750934075035500000"}, "namespace": "test-failure-1750934075033884000-1750934075035500000", "name": "test-backup-invalid-storage", "reconcileID": "edb7c63c-8c93-4da5-960f-461e1eb385cd", "error": "Neo4jEnterpriseCluster.neo4j.neo4j.com \"test-cluster\" not found"}
  github.com/neo4j-labs/neo4j-kubernetes-operator/internal/controller.(*Neo4jBackupReconciler).Reconcile
  	/Users/priyolahiri/Code/neo4j-kubernetes-operator/internal/controller/neo4jbackup_controller.go:106
  sigs.k8s.io/controller-runtime/pkg/internal/controller.(*Controller[...]).Reconcile
  	/Users/priyolahiri/go/pkg/mod/sigs.k8s.io/controller-runtime@v0.21.0/pkg/internal/controller/controller.go:119
  sigs.k8s.io/controller-runtime/pkg/internal/controller.(*Controller[...]).reconcileHandler
  	/Users/priyolahiri/go/pkg/mod/sigs.k8s.io/controller-runtime@v0.21.0/pkg/internal/controller/controller.go:340
  sigs.k8s.io/controller-runtime/pkg/internal/controller.(*Controller[...]).processNextWorkItem
  	/Users/priyolahiri/go/pkg/mod/sigs.k8s.io/controller-runtime@v0.21.0/pkg/internal/controller/controller.go:300
  sigs.k8s.io/controller-runtime/pkg/internal/controller.(*Controller[...]).Start.func2.1
  	/Users/priyolahiri/go/pkg/mod/sigs.k8s.io/controller-runtime@v0.21.0/pkg/internal/controller/controller.go:202
  2025-06-26T12:34:35+02:00	INFO	Warning: Reconciler returned both a non-zero result and a non-nil error. The result will always be ignored if the error is non-nil and the non-nil error causes requeuing with exponential backoff. For more details, see: https://pkg.go.dev/sigs.k8s.io/controller-runtime/pkg/reconcile#Reconciler	{"controller": "neo4jrestore", "controllerGroup": "neo4j.neo4j.com", "controllerKind": "Neo4jRestore", "Neo4jRestore": {"name":"test-restore-no-cluster","namespace":"test-failure-1750934075035366000-1750934075036586000"}, "namespace": "test-failure-1750934075035366000-1750934075036586000", "name": "test-restore-no-cluster", "reconcileID": "a46a8eb9-bf2c-4f73-8304-432c77f1ba70"}
  2025-06-26T12:34:35+02:00	ERROR	Reconciler error	{"controller": "neo4jrestore", "controllerGroup": "neo4j.neo4j.com", "controllerKind": "Neo4jRestore", "Neo4jRestore": {"name":"test-restore-no-cluster","namespace":"test-failure-1750934075035366000-1750934075036586000"}, "namespace": "test-failure-1750934075035366000-1750934075036586000", "name": "test-restore-no-cluster", "reconcileID": "a46a8eb9-bf2c-4f73-8304-432c77f1ba70", "error": "Neo4jEnterpriseCluster.neo4j.neo4j.com \"non-existent-cluster\" not found"}
  sigs.k8s.io/controller-runtime/pkg/internal/controller.(*Controller[...]).reconcileHandler
  	/Users/priyolahiri/go/pkg/mod/sigs.k8s.io/controller-runtime@v0.21.0/pkg/internal/controller/controller.go:353
  sigs.k8s.io/controller-runtime/pkg/internal/controller.(*Controller[...]).processNextWorkItem
  	/Users/priyolahiri/go/pkg/mod/sigs.k8s.io/controller-runtime@v0.21.0/pkg/internal/controller/controller.go:300
  sigs.k8s.io/controller-runtime/pkg/internal/controller.(*Controller[...]).Start.func2.1
  	/Users/priyolahiri/go/pkg/mod/sigs.k8s.io/controller-runtime@v0.21.0/pkg/internal/controller/controller.go:202
  2025-06-26T12:34:35+02:00	ERROR	Failed to get target cluster	{"controller": "neo4jrestore", "controllerGroup": "neo4j.neo4j.com", "controllerKind": "Neo4jRestore", "Neo4jRestore": {"name":"test-restore-no-backup","namespace":"test-failure-1750934075033706000-1750934075035488000"}, "namespace": "test-failure-1750934075033706000-1750934075035488000", "name": "test-restore-no-backup", "reconcileID": "1a3eacb6-6f8d-4b5a-bca5-5a4dd40246b8", "error": "Neo4jEnterpriseCluster.neo4j.neo4j.com \"test-cluster\" not found"}
  github.com/neo4j-labs/neo4j-kubernetes-operator/internal/controller.(*Neo4jRestoreReconciler).Reconcile
  	/Users/priyolahiri/Code/neo4j-kubernetes-operator/internal/controller/neo4jrestore_controller.go:118
  sigs.k8s.io/controller-runtime/pkg/internal/controller.(*Controller[...]).Reconcile
  	/Users/priyolahiri/go/pkg/mod/sigs.k8s.io/controller-runtime@v0.21.0/pkg/internal/controller/controller.go:119
  sigs.k8s.io/controller-runtime/pkg/internal/controller.(*Controller[...]).reconcileHandler
  	/Users/priyolahiri/go/pkg/mod/sigs.k8s.io/controller-runtime@v0.21.0/pkg/internal/controller/controller.go:340
  sigs.k8s.io/controller-runtime/pkg/internal/controller.(*Controller[...]).processNextWorkItem
  	/Users/priyolahiri/go/pkg/mod/sigs.k8s.io/controller-runtime@v0.21.0/pkg/internal/controller/controller.go:300
  sigs.k8s.io/controller-runtime/pkg/internal/controller.(*Controller[...]).Start.func2.1
  	/Users/priyolahiri/go/pkg/mod/sigs.k8s.io/controller-runtime@v0.21.0/pkg/internal/controller/controller.go:202
  2025-06-26T12:34:35+02:00	INFO	Warning: Reconciler returned both a non-zero result and a non-nil error. The result will always be ignored if the error is non-nil and the non-nil error causes requeuing with exponential backoff. For more details, see: https://pkg.go.dev/sigs.k8s.io/controller-runtime/pkg/reconcile#Reconciler	{"controller": "neo4jbackup", "controllerGroup": "neo4j.neo4j.com", "controllerKind": "Neo4jBackup", "Neo4jBackup": {"name":"test-backup-invalid-storage","namespace":"test-failure-1750934075033884000-1750934075035500000"}, "namespace": "test-failure-1750934075033884000-1750934075035500000", "name": "test-backup-invalid-storage", "reconcileID": "edb7c63c-8c93-4da5-960f-461e1eb385cd"}
  2025-06-26T12:34:35+02:00	ERROR	Reconciler error	{"controller": "neo4jbackup", "controllerGroup": "neo4j.neo4j.com", "controllerKind": "Neo4jBackup", "Neo4jBackup": {"name":"test-backup-invalid-storage","namespace":"test-failure-1750934075033884000-1750934075035500000"}, "namespace": "test-failure-1750934075033884000-1750934075035500000", "name": "test-backup-invalid-storage", "reconcileID": "edb7c63c-8c93-4da5-960f-461e1eb385cd", "error": "Neo4jEnterpriseCluster.neo4j.neo4j.com \"test-cluster\" not found"}
  sigs.k8s.io/controller-runtime/pkg/internal/controller.(*Controller[...]).reconcileHandler
  	/Users/priyolahiri/go/pkg/mod/sigs.k8s.io/controller-runtime@v0.21.0/pkg/internal/controller/controller.go:353
  sigs.k8s.io/controller-runtime/pkg/internal/controller.(*Controller[...]).processNextWorkItem
  	/Users/priyolahiri/go/pkg/mod/sigs.k8s.io/controller-runtime@v0.21.0/pkg/internal/controller/controller.go:300
  sigs.k8s.io/controller-runtime/pkg/internal/controller.(*Controller[...]).Start.func2.1
  	/Users/priyolahiri/go/pkg/mod/sigs.k8s.io/controller-runtime@v0.21.0/pkg/internal/controller/controller.go:202
  2025-06-26T12:34:35+02:00	ERROR	Failed to get target cluster	{"controller": "neo4jbackup", "controllerGroup": "neo4j.neo4j.com", "controllerKind": "Neo4jBackup", "Neo4jBackup": {"name":"test-backup-no-cluster","namespace":"test-failure-1750934075031883000-1750934075034004000"}, "namespace": "test-failure-1750934075031883000-1750934075034004000", "name": "test-backup-no-cluster", "reconcileID": "5bf1610a-b437-4a36-8ddd-f006280c6d1e", "error": "Neo4jEnterpriseCluster.neo4j.neo4j.com \"non-existent-cluster\" not found"}
  github.com/neo4j-labs/neo4j-kubernetes-operator/internal/controller.(*Neo4jBackupReconciler).Reconcile
  	/Users/priyolahiri/Code/neo4j-kubernetes-operator/internal/controller/neo4jbackup_controller.go:106
  sigs.k8s.io/controller-runtime/pkg/internal/controller.(*Controller[...]).Reconcile
  	/Users/priyolahiri/go/pkg/mod/sigs.k8s.io/controller-runtime@v0.21.0/pkg/internal/controller/controller.go:119
  sigs.k8s.io/controller-runtime/pkg/internal/controller.(*Controller[...]).reconcileHandler
  	/Users/priyolahiri/go/pkg/mod/sigs.k8s.io/controller-runtime@v0.21.0/pkg/internal/controller/controller.go:340
  sigs.k8s.io/controller-runtime/pkg/internal/controller.(*Controller[...]).processNextWorkItem
  	/Users/priyolahiri/go/pkg/mod/sigs.k8s.io/controller-runtime@v0.21.0/pkg/internal/controller/controller.go:300
  sigs.k8s.io/controller-runtime/pkg/internal/controller.(*Controller[...]).Start.func2.1
  	/Users/priyolahiri/go/pkg/mod/sigs.k8s.io/controller-runtime@v0.21.0/pkg/internal/controller/controller.go:202
  2025-06-26T12:34:35+02:00	INFO	Warning: Reconciler returned both a non-zero result and a non-nil error. The result will always be ignored if the error is non-nil and the non-nil error causes requeuing with exponential backoff. For more details, see: https://pkg.go.dev/sigs.k8s.io/controller-runtime/pkg/reconcile#Reconciler	{"controller": "neo4jrestore", "controllerGroup": "neo4j.neo4j.com", "controllerKind": "Neo4jRestore", "Neo4jRestore": {"name":"test-restore-no-backup","namespace":"test-failure-1750934075033706000-1750934075035488000"}, "namespace": "test-failure-1750934075033706000-1750934075035488000", "name": "test-restore-no-backup", "reconcileID": "1a3eacb6-6f8d-4b5a-bca5-5a4dd40246b8"}
  2025-06-26T12:34:35+02:00	ERROR	Reconciler error	{"controller": "neo4jrestore", "controllerGroup": "neo4j.neo4j.com", "controllerKind": "Neo4jRestore", "Neo4jRestore": {"name":"test-restore-no-backup","namespace":"test-failure-1750934075033706000-1750934075035488000"}, "namespace": "test-failure-1750934075033706000-1750934075035488000", "name": "test-restore-no-backup", "reconcileID": "1a3eacb6-6f8d-4b5a-bca5-5a4dd40246b8", "error": "Neo4jEnterpriseCluster.neo4j.neo4j.com \"test-cluster\" not found"}
  sigs.k8s.io/controller-runtime/pkg/internal/controller.(*Controller[...]).reconcileHandler
  	/Users/priyolahiri/go/pkg/mod/sigs.k8s.io/controller-runtime@v0.21.0/pkg/internal/controller/controller.go:353
  sigs.k8s.io/controller-runtime/pkg/internal/controller.(*Controller[...]).processNextWorkItem
  	/Users/priyolahiri/go/pkg/mod/sigs.k8s.io/controller-runtime@v0.21.0/pkg/internal/controller/controller.go:300
  sigs.k8s.io/controller-runtime/pkg/internal/controller.(*Controller[...]).Start.func2.1
  	/Users/priyolahiri/go/pkg/mod/sigs.k8s.io/controller-runtime@v0.21.0/pkg/internal/controller/controller.go:202
  2025-06-26T12:34:35+02:00	INFO	Warning: Reconciler returned both a non-zero result and a non-nil error. The result will always be ignored if the error is non-nil and the non-nil error causes requeuing with exponential backoff. For more details, see: https://pkg.go.dev/sigs.k8s.io/controller-runtime/pkg/reconcile#Reconciler	{"controller": "neo4jbackup", "controllerGroup": "neo4j.neo4j.com", "controllerKind": "Neo4jBackup", "Neo4jBackup": {"name":"test-backup-no-cluster","namespace":"test-failure-1750934075031883000-1750934075034004000"}, "namespace": "test-failure-1750934075031883000-1750934075034004000", "name": "test-backup-no-cluster", "reconcileID": "5bf1610a-b437-4a36-8ddd-f006280c6d1e"}
  2025-06-26T12:34:35+02:00	ERROR	Reconciler error	{"controller": "neo4jbackup", "controllerGroup": "neo4j.neo4j.com", "controllerKind": "Neo4jBackup", "Neo4jBackup": {"name":"test-backup-no-cluster","namespace":"test-failure-1750934075031883000-1750934075034004000"}, "namespace": "test-failure-1750934075031883000-1750934075034004000", "name": "test-backup-no-cluster", "reconcileID": "5bf1610a-b437-4a36-8ddd-f006280c6d1e", "error": "Neo4jEnterpriseCluster.neo4j.neo4j.com \"non-existent-cluster\" not found"}
  sigs.k8s.io/controller-runtime/pkg/internal/controller.(*Controller[...]).reconcileHandler
  	/Users/priyolahiri/go/pkg/mod/sigs.k8s.io/controller-runtime@v0.21.0/pkg/internal/controller/controller.go:353
  sigs.k8s.io/controller-runtime/pkg/internal/controller.(*Controller[...]).processNextWorkItem
  	/Users/priyolahiri/go/pkg/mod/sigs.k8s.io/controller-runtime@v0.21.0/pkg/internal/controller/controller.go:300
  sigs.k8s.io/controller-runtime/pkg/internal/controller.(*Controller[...]).Start.func2.1
  	/Users/priyolahiri/go/pkg/mod/sigs.k8s.io/controller-runtime@v0.21.0/pkg/internal/controller/controller.go:202
  2025-06-26T12:34:35+02:00	ERROR	Failed to add finalizer	{"controller": "neo4jbackup", "controllerGroup": "neo4j.neo4j.com", "controllerKind": "Neo4jBackup", "Neo4jBackup": {"name":"test-backup-no-cluster","namespace":"test-failure-1750934075031883000-1750934075034004000"}, "namespace": "test-failure-1750934075031883000-1750934075034004000", "name": "test-backup-no-cluster", "reconcileID": "4bdc7903-412a-4ae6-9304-ad3769a30ae8", "error": "Operation cannot be fulfilled on neo4jbackups.neo4j.neo4j.com \"test-backup-no-cluster\": the object has been modified; please apply your changes to the latest version and try again"}
  github.com/neo4j-labs/neo4j-kubernetes-operator/internal/controller.(*Neo4jBackupReconciler).Reconcile
  	/Users/priyolahiri/Code/neo4j-kubernetes-operator/internal/controller/neo4jbackup_controller.go:97
  sigs.k8s.io/controller-runtime/pkg/internal/controller.(*Controller[...]).Reconcile
  	/Users/priyolahiri/go/pkg/mod/sigs.k8s.io/controller-runtime@v0.21.0/pkg/internal/controller/controller.go:119
  sigs.k8s.io/controller-runtime/pkg/internal/controller.(*Controller[...]).reconcileHandler
  	/Users/priyolahiri/go/pkg/mod/sigs.k8s.io/controller-runtime@v0.21.0/pkg/internal/controller/controller.go:340
  sigs.k8s.io/controller-runtime/pkg/internal/controller.(*Controller[...]).processNextWorkItem
  	/Users/priyolahiri/go/pkg/mod/sigs.k8s.io/controller-runtime@v0.21.0/pkg/internal/controller/controller.go:300
  sigs.k8s.io/controller-runtime/pkg/internal/controller.(*Controller[...]).Start.func2.1
  	/Users/priyolahiri/go/pkg/mod/sigs.k8s.io/controller-runtime@v0.21.0/pkg/internal/controller/controller.go:202
  2025-06-26T12:34:35+02:00	ERROR	Reconciler error	{"controller": "neo4jbackup", "controllerGroup": "neo4j.neo4j.com", "controllerKind": "Neo4jBackup", "Neo4jBackup": {"name":"test-backup-no-cluster","namespace":"test-failure-1750934075031883000-1750934075034004000"}, "namespace": "test-failure-1750934075031883000-1750934075034004000", "name": "test-backup-no-cluster", "reconcileID": "4bdc7903-412a-4ae6-9304-ad3769a30ae8", "error": "Operation cannot be fulfilled on neo4jbackups.neo4j.neo4j.com \"test-backup-no-cluster\": the object has been modified; please apply your changes to the latest version and try again"}
  sigs.k8s.io/controller-runtime/pkg/internal/controller.(*Controller[...]).reconcileHandler
  	/Users/priyolahiri/go/pkg/mod/sigs.k8s.io/controller-runtime@v0.21.0/pkg/internal/controller/controller.go:353
  sigs.k8s.io/controller-runtime/pkg/internal/controller.(*Controller[...]).processNextWorkItem
  	/Users/priyolahiri/go/pkg/mod/sigs.k8s.io/controller-runtime@v0.21.0/pkg/internal/controller/controller.go:300
  sigs.k8s.io/controller-runtime/pkg/internal/controller.(*Controller[...]).Start.func2.1
  	/Users/priyolahiri/go/pkg/mod/sigs.k8s.io/controller-runtime@v0.21.0/pkg/internal/controller/controller.go:202
  2025-06-26T12:34:35+02:00	ERROR	Failed to add finalizer	{"controller": "neo4jrestore", "controllerGroup": "neo4j.neo4j.com", "controllerKind": "Neo4jRestore", "Neo4jRestore": {"name":"test-restore-no-cluster","namespace":"test-failure-1750934075035366000-1750934075036586000"}, "namespace": "test-failure-1750934075035366000-1750934075036586000", "name": "test-restore-no-cluster", "reconcileID": "ce5b7331-ec12-400a-8576-6de815692e67", "error": "Operation cannot be fulfilled on neo4jrestores.neo4j.neo4j.com \"test-restore-no-cluster\": the object has been modified; please apply your changes to the latest version and try again"}
  github.com/neo4j-labs/neo4j-kubernetes-operator/internal/controller.(*Neo4jRestoreReconciler).Reconcile
  	/Users/priyolahiri/Code/neo4j-kubernetes-operator/internal/controller/neo4jrestore_controller.go:109
  sigs.k8s.io/controller-runtime/pkg/internal/controller.(*Controller[...]).Reconcile
  	/Users/priyolahiri/go/pkg/mod/sigs.k8s.io/controller-runtime@v0.21.0/pkg/internal/controller/controller.go:119
  sigs.k8s.io/controller-runtime/pkg/internal/controller.(*Controller[...]).reconcileHandler
  	/Users/priyolahiri/go/pkg/mod/sigs.k8s.io/controller-runtime@v0.21.0/pkg/internal/controller/controller.go:340
  sigs.k8s.io/controller-runtime/pkg/internal/controller.(*Controller[...]).processNextWorkItem
  	/Users/priyolahiri/go/pkg/mod/sigs.k8s.io/controller-runtime@v0.21.0/pkg/internal/controller/controller.go:300
  sigs.k8s.io/controller-runtime/pkg/internal/controller.(*Controller[...]).Start.func2.1
  	/Users/priyolahiri/go/pkg/mod/sigs.k8s.io/controller-runtime@v0.21.0/pkg/internal/controller/controller.go:202
  2025-06-26T12:34:35+02:00	ERROR	Reconciler error	{"controller": "neo4jrestore", "controllerGroup": "neo4j.neo4j.com", "controllerKind": "Neo4jRestore", "Neo4jRestore": {"name":"test-restore-no-cluster","namespace":"test-failure-1750934075035366000-1750934075036586000"}, "namespace": "test-failure-1750934075035366000-1750934075036586000", "name": "test-restore-no-cluster", "reconcileID": "ce5b7331-ec12-400a-8576-6de815692e67", "error": "Operation cannot be fulfilled on neo4jrestores.neo4j.neo4j.com \"test-restore-no-cluster\": the object has been modified; please apply your changes to the latest version and try again"}
  sigs.k8s.io/controller-runtime/pkg/internal/controller.(*Controller[...]).reconcileHandler
  	/Users/priyolahiri/go/pkg/mod/sigs.k8s.io/controller-runtime@v0.21.0/pkg/internal/controller/controller.go:353
  sigs.k8s.io/controller-runtime/pkg/internal/controller.(*Controller[...]).processNextWorkItem
  	/Users/priyolahiri/go/pkg/mod/sigs.k8s.io/controller-runtime@v0.21.0/pkg/internal/controller/controller.go:300
  sigs.k8s.io/controller-runtime/pkg/internal/controller.(*Controller[...]).Start.func2.1
  	/Users/priyolahiri/go/pkg/mod/sigs.k8s.io/controller-runtime@v0.21.0/pkg/internal/controller/controller.go:202
  2025-06-26T12:34:35+02:00	ERROR	Failed to add finalizer	{"controller": "neo4jrestore", "controllerGroup": "neo4j.neo4j.com", "controllerKind": "Neo4jRestore", "Neo4jRestore": {"name":"test-restore-no-backup","namespace":"test-failure-1750934075033706000-1750934075035488000"}, "namespace": "test-failure-1750934075033706000-1750934075035488000", "name": "test-restore-no-backup", "reconcileID": "41d65a9a-1eeb-4e5e-9f82-ac9a73043ce6", "error": "Operation cannot be fulfilled on neo4jrestores.neo4j.neo4j.com \"test-restore-no-backup\": StorageError: invalid object, Code: 4, Key: /registry/neo4j.neo4j.com/neo4jrestores/test-failure-1750934075033706000-1750934075035488000/test-restore-no-backup, ResourceVersion: 0, AdditionalErrorMsg: Precondition failed: UID in precondition: e6e478b1-bde0-4f6e-8d95-cc64791172d6, UID in object meta: "}
  github.com/neo4j-labs/neo4j-kubernetes-operator/internal/controller.(*Neo4jRestoreReconciler).Reconcile
  	/Users/priyolahiri/Code/neo4j-kubernetes-operator/internal/controller/neo4jrestore_controller.go:109
  sigs.k8s.io/controller-runtime/pkg/internal/controller.(*Controller[...]).Reconcile
  	/Users/priyolahiri/go/pkg/mod/sigs.k8s.io/controller-runtime@v0.21.0/pkg/internal/controller/controller.go:119
  sigs.k8s.io/controller-runtime/pkg/internal/controller.(*Controller[...]).reconcileHandler
  	/Users/priyolahiri/go/pkg/mod/sigs.k8s.io/controller-runtime@v0.21.0/pkg/internal/controller/controller.go:340
  sigs.k8s.io/controller-runtime/pkg/internal/controller.(*Controller[...]).processNextWorkItem
  	/Users/priyolahiri/go/pkg/mod/sigs.k8s.io/controller-runtime@v0.21.0/pkg/internal/controller/controller.go:300
  sigs.k8s.io/controller-runtime/pkg/internal/controller.(*Controller[...]).Start.func2.1
  	/Users/priyolahiri/go/pkg/mod/sigs.k8s.io/controller-runtime@v0.21.0/pkg/internal/controller/controller.go:202
  2025-06-26T12:34:35+02:00	ERROR	Reconciler error	{"controller": "neo4jrestore", "controllerGroup": "neo4j.neo4j.com", "controllerKind": "Neo4jRestore", "Neo4jRestore": {"name":"test-restore-no-backup","namespace":"test-failure-1750934075033706000-1750934075035488000"}, "namespace": "test-failure-1750934075033706000-1750934075035488000", "name": "test-restore-no-backup", "reconcileID": "41d65a9a-1eeb-4e5e-9f82-ac9a73043ce6", "error": "Operation cannot be fulfilled on neo4jrestores.neo4j.neo4j.com \"test-restore-no-backup\": StorageError: invalid object, Code: 4, Key: /registry/neo4j.neo4j.com/neo4jrestores/test-failure-1750934075033706000-1750934075035488000/test-restore-no-backup, ResourceVersion: 0, AdditionalErrorMsg: Precondition failed: UID in precondition: e6e478b1-bde0-4f6e-8d95-cc64791172d6, UID in object meta: "}
  sigs.k8s.io/controller-runtime/pkg/internal/controller.(*Controller[...]).reconcileHandler
  	/Users/priyolahiri/go/pkg/mod/sigs.k8s.io/controller-runtime@v0.21.0/pkg/internal/controller/controller.go:353
  sigs.k8s.io/controller-runtime/pkg/internal/controller.(*Controller[...]).processNextWorkItem
  	/Users/priyolahiri/go/pkg/mod/sigs.k8s.io/controller-runtime@v0.21.0/pkg/internal/controller/controller.go:300
  sigs.k8s.io/controller-runtime/pkg/internal/controller.(*Controller[...]).Start.func2.1
  	/Users/priyolahiri/go/pkg/mod/sigs.k8s.io/controller-runtime@v0.21.0/pkg/internal/controller/controller.go:202
  2025-06-26T12:34:35+02:00	ERROR	Failed to add finalizer	{"controller": "neo4jbackup", "controllerGroup": "neo4j.neo4j.com", "controllerKind": "Neo4jBackup", "Neo4jBackup": {"name":"test-backup-invalid-storage","namespace":"test-failure-1750934075033884000-1750934075035500000"}, "namespace": "test-failure-1750934075033884000-1750934075035500000", "name": "test-backup-invalid-storage", "reconcileID": "ad928c08-7201-41c6-bcf0-10f87d0ec518", "error": "Operation cannot be fulfilled on neo4jbackups.neo4j.neo4j.com \"test-backup-invalid-storage\": StorageError: invalid object, Code: 4, Key: /registry/neo4j.neo4j.com/neo4jbackups/test-failure-1750934075033884000-1750934075035500000/test-backup-invalid-storage, ResourceVersion: 0, AdditionalErrorMsg: Precondition failed: UID in precondition: 8b54b550-41c5-4309-aa85-b2e536f19ec7, UID in object meta: "}
  github.com/neo4j-labs/neo4j-kubernetes-operator/internal/controller.(*Neo4jBackupReconciler).Reconcile
  	/Users/priyolahiri/Code/neo4j-kubernetes-operator/internal/controller/neo4jbackup_controller.go:97
  sigs.k8s.io/controller-runtime/pkg/internal/controller.(*Controller[...]).Reconcile
  	/Users/priyolahiri/go/pkg/mod/sigs.k8s.io/controller-runtime@v0.21.0/pkg/internal/controller/controller.go:119
  sigs.k8s.io/controller-runtime/pkg/internal/controller.(*Controller[...]).reconcileHandler
  	/Users/priyolahiri/go/pkg/mod/sigs.k8s.io/controller-runtime@v0.21.0/pkg/internal/controller/controller.go:340
  sigs.k8s.io/controller-runtime/pkg/internal/controller.(*Controller[...]).processNextWorkItem
  	/Users/priyolahiri/go/pkg/mod/sigs.k8s.io/controller-runtime@v0.21.0/pkg/internal/controller/controller.go:300
  sigs.k8s.io/controller-runtime/pkg/internal/controller.(*Controller[...]).Start.func2.1
  	/Users/priyolahiri/go/pkg/mod/sigs.k8s.io/controller-runtime@v0.21.0/pkg/internal/controller/controller.go:202
  2025-06-26T12:34:35+02:00	ERROR	Reconciler error	{"controller": "neo4jbackup", "controllerGroup": "neo4j.neo4j.com", "controllerKind": "Neo4jBackup", "Neo4jBackup": {"name":"test-backup-invalid-storage","namespace":"test-failure-1750934075033884000-1750934075035500000"}, "namespace": "test-failure-1750934075033884000-1750934075035500000", "name": "test-backup-invalid-storage", "reconcileID": "ad928c08-7201-41c6-bcf0-10f87d0ec518", "error": "Operation cannot be fulfilled on neo4jbackups.neo4j.neo4j.com \"test-backup-invalid-storage\": StorageError: invalid object, Code: 4, Key: /registry/neo4j.neo4j.com/neo4jbackups/test-failure-1750934075033884000-1750934075035500000/test-backup-invalid-storage, ResourceVersion: 0, AdditionalErrorMsg: Precondition failed: UID in precondition: 8b54b550-41c5-4309-aa85-b2e536f19ec7, UID in object meta: "}
  sigs.k8s.io/controller-runtime/pkg/internal/controller.(*Controller[...]).reconcileHandler
  	/Users/priyolahiri/go/pkg/mod/sigs.k8s.io/controller-runtime@v0.21.0/pkg/internal/controller/controller.go:353
  sigs.k8s.io/controller-runtime/pkg/internal/controller.(*Controller[...]).processNextWorkItem
  	/Users/priyolahiri/go/pkg/mod/sigs.k8s.io/controller-runtime@v0.21.0/pkg/internal/controller/controller.go:300
  sigs.k8s.io/controller-runtime/pkg/internal/controller.(*Controller[...]).Start.func2.1
  	/Users/priyolahiri/go/pkg/mod/sigs.k8s.io/controller-runtime@v0.21.0/pkg/internal/controller/controller.go:202
  2025-06-26T12:34:35+02:00	INFO	No retention policy specified, skipping cleanup	{"controller": "neo4jbackup", "controllerGroup": "neo4j.neo4j.com", "controllerKind": "Neo4jBackup", "Neo4jBackup": {"name":"test-backup-no-cluster","namespace":"test-failure-1750934075031883000-1750934075034004000"}, "namespace": "test-failure-1750934075031883000-1750934075034004000", "name": "test-backup-no-cluster", "reconcileID": "d8e17fdb-bb7d-4d95-9f86-e40cfe989800"}
  2025-06-26T12:34:35+02:00	ERROR	Reconciler error	{"controller": "neo4jbackup", "controllerGroup": "neo4j.neo4j.com", "controllerKind": "Neo4jBackup", "Neo4jBackup": {"name":"test-backup-no-cluster","namespace":"test-failure-1750934075031883000-1750934075034004000"}, "namespace": "test-failure-1750934075031883000-1750934075034004000", "name": "test-backup-no-cluster", "reconcileID": "d8e17fdb-bb7d-4d95-9f86-e40cfe989800", "error": "Operation cannot be fulfilled on neo4jbackups.neo4j.neo4j.com \"test-backup-no-cluster\": StorageError: invalid object, Code: 4, Key: /registry/neo4j.neo4j.com/neo4jbackups/test-failure-1750934075031883000-1750934075034004000/test-backup-no-cluster, ResourceVersion: 0, AdditionalErrorMsg: Precondition failed: UID in precondition: c163978e-2ca1-4697-83b2-e13f45fdb2dd, UID in object meta: "}
  sigs.k8s.io/controller-runtime/pkg/internal/controller.(*Controller[...]).reconcileHandler
  	/Users/priyolahiri/go/pkg/mod/sigs.k8s.io/controller-runtime@v0.21.0/pkg/internal/controller/controller.go:353
  sigs.k8s.io/controller-runtime/pkg/internal/controller.(*Controller[...]).processNextWorkItem
  	/Users/priyolahiri/go/pkg/mod/sigs.k8s.io/controller-runtime@v0.21.0/pkg/internal/controller/controller.go:300
  sigs.k8s.io/controller-runtime/pkg/internal/controller.(*Controller[...]).Start.func2.1
  	/Users/priyolahiri/go/pkg/mod/sigs.k8s.io/controller-runtime@v0.21.0/pkg/internal/controller/controller.go:202
  2025-06-26T12:34:35+02:00	INFO	Neo4jBackup resource not found	{"controller": "neo4jbackup", "controllerGroup": "neo4j.neo4j.com", "controllerKind": "Neo4jBackup", "Neo4jBackup": {"name":"test-backup-invalid-storage","namespace":"test-failure-1750934075033884000-1750934075035500000"}, "namespace": "test-failure-1750934075033884000-1750934075035500000", "name": "test-backup-invalid-storage", "reconcileID": "4ddc074c-0e53-4028-89ce-0f692c16fa9e"}
  2025-06-26T12:34:35+02:00	INFO	Neo4jBackup resource not found	{"controller": "neo4jbackup", "controllerGroup": "neo4j.neo4j.com", "controllerKind": "Neo4jBackup", "Neo4jBackup": {"name":"test-backup-no-cluster","namespace":"test-failure-1750934075031883000-1750934075034004000"}, "namespace": "test-failure-1750934075031883000-1750934075034004000", "name": "test-backup-no-cluster", "reconcileID": "98b79569-c4b5-430e-924c-c5db91f04577"}
  2025-06-26T12:34:35+02:00	INFO	Neo4jRestore resource not found	{"controller": "neo4jrestore", "controllerGroup": "neo4j.neo4j.com", "controllerKind": "Neo4jRestore", "Neo4jRestore": {"name":"test-restore-no-backup","namespace":"test-failure-1750934075033706000-1750934075035488000"}, "namespace": "test-failure-1750934075033706000-1750934075035488000", "name": "test-restore-no-backup", "reconcileID": "9795633b-40bc-4882-bbbf-38ba43f290bc"}
  2025-06-26T12:34:35+02:00	INFO	Neo4jRestore resource not found	{"controller": "neo4jrestore", "controllerGroup": "neo4j.neo4j.com", "controllerKind": "Neo4jRestore", "Neo4jRestore": {"name":"test-restore-no-cluster","namespace":"test-failure-1750934075035366000-1750934075036586000"}, "namespace": "test-failure-1750934075035366000-1750934075036586000", "name": "test-restore-no-cluster", "reconcileID": "d84ed625-a198-4d7a-8854-f5b367e73e3e"}
  [38;5;243m<< Timeline[0m

  [38;5;214m[INTERRUPTED] Interrupted by Other Ginkgo Process[0m
  [38;5;214mIn [1m[It][0m[38;5;214m at: [1m/Users/priyolahiri/Code/neo4j-kubernetes-operator/test/integration/failure_scenarios_test.go:300[0m [38;5;243m@ 06/26/25 12:34:35.829[0m
[38;5;243m------------------------------[0m
[38;5;214m• [INTERRUPTED] [0.883 seconds][0m
[0mFailure Scenarios [38;5;243mBackup Failure Scenarios [38;5;214m[1m[It] should handle backup with invalid storage configuration[0m
[38;5;243m/Users/priyolahiri/Code/neo4j-kubernetes-operator/test/integration/failure_scenarios_test.go:261[0m

  [38;5;243mTimeline >>[0m
  2025-06-26T12:34:35+02:00	INFO	Starting Controller	{"controller": "neo4jrole", "controllerGroup": "neo4j.neo4j.com", "controllerKind": "Neo4jRole"}
  2025-06-26T12:34:35+02:00	INFO	Starting workers	{"controller": "neo4jrole", "controllerGroup": "neo4j.neo4j.com", "controllerKind": "Neo4jRole", "worker count": 1}
  2025-06-26T12:34:35+02:00	INFO	Starting Controller	{"controller": "neo4jbackup", "controllerGroup": "neo4j.neo4j.com", "controllerKind": "Neo4jBackup"}
  2025-06-26T12:34:35+02:00	INFO	Starting workers	{"controller": "neo4jbackup", "controllerGroup": "neo4j.neo4j.com", "controllerKind": "Neo4jBackup", "worker count": 1}
  2025-06-26T12:34:35+02:00	ERROR	Failed to get target cluster	{"controller": "neo4jbackup", "controllerGroup": "neo4j.neo4j.com", "controllerKind": "Neo4jBackup", "Neo4jBackup": {"name":"test-backup-invalid-storage","namespace":"test-failure-1750934075033884000-1750934075035500000"}, "namespace": "test-failure-1750934075033884000-1750934075035500000", "name": "test-backup-invalid-storage", "reconcileID": "75c442aa-1714-4d8c-968d-962b903c1910", "error": "Neo4jEnterpriseCluster.neo4j.neo4j.com \"test-cluster\" not found"}
  github.com/neo4j-labs/neo4j-kubernetes-operator/internal/controller.(*Neo4jBackupReconciler).Reconcile
  	/Users/priyolahiri/Code/neo4j-kubernetes-operator/internal/controller/neo4jbackup_controller.go:106
  sigs.k8s.io/controller-runtime/pkg/internal/controller.(*Controller[...]).Reconcile
  	/Users/priyolahiri/go/pkg/mod/sigs.k8s.io/controller-runtime@v0.21.0/pkg/internal/controller/controller.go:119
  sigs.k8s.io/controller-runtime/pkg/internal/controller.(*Controller[...]).reconcileHandler
  	/Users/priyolahiri/go/pkg/mod/sigs.k8s.io/controller-runtime@v0.21.0/pkg/internal/controller/controller.go:340
  sigs.k8s.io/controller-runtime/pkg/internal/controller.(*Controller[...]).processNextWorkItem
  	/Users/priyolahiri/go/pkg/mod/sigs.k8s.io/controller-runtime@v0.21.0/pkg/internal/controller/controller.go:300
  sigs.k8s.io/controller-runtime/pkg/internal/controller.(*Controller[...]).Start.func2.1
  	/Users/priyolahiri/go/pkg/mod/sigs.k8s.io/controller-runtime@v0.21.0/pkg/internal/controller/controller.go:202
  2025-06-26T12:34:35+02:00	INFO	Starting Controller	{"controller": "neo4jdatabase", "controllerGroup": "neo4j.neo4j.com", "controllerKind": "Neo4jDatabase"}
  2025-06-26T12:34:35+02:00	INFO	Starting workers	{"controller": "neo4jdatabase", "controllerGroup": "neo4j.neo4j.com", "controllerKind": "Neo4jDatabase", "worker count": 1}
  2025-06-26T12:34:35+02:00	INFO	Starting Controller	{"controller": "neo4jrestore", "controllerGroup": "neo4j.neo4j.com", "controllerKind": "Neo4jRestore"}
  2025-06-26T12:34:35+02:00	INFO	Starting workers	{"controller": "neo4jrestore", "controllerGroup": "neo4j.neo4j.com", "controllerKind": "Neo4jRestore", "worker count": 1}
  2025-06-26T12:34:35+02:00	ERROR	Failed to get target cluster	{"controller": "neo4jrestore", "controllerGroup": "neo4j.neo4j.com", "controllerKind": "Neo4jRestore", "Neo4jRestore": {"name":"test-restore-no-cluster","namespace":"test-failure-1750934075035366000-1750934075036586000"}, "namespace": "test-failure-1750934075035366000-1750934075036586000", "name": "test-restore-no-cluster", "reconcileID": "10a07c2d-6ed2-4f63-8d3a-ae7db968f828", "error": "Neo4jEnterpriseCluster.neo4j.neo4j.com \"non-existent-cluster\" not found"}
  github.com/neo4j-labs/neo4j-kubernetes-operator/internal/controller.(*Neo4jRestoreReconciler).Reconcile
  	/Users/priyolahiri/Code/neo4j-kubernetes-operator/internal/controller/neo4jrestore_controller.go:118
  sigs.k8s.io/controller-runtime/pkg/internal/controller.(*Controller[...]).Reconcile
  	/Users/priyolahiri/go/pkg/mod/sigs.k8s.io/controller-runtime@v0.21.0/pkg/internal/controller/controller.go:119
  sigs.k8s.io/controller-runtime/pkg/internal/controller.(*Controller[...]).reconcileHandler
  	/Users/priyolahiri/go/pkg/mod/sigs.k8s.io/controller-runtime@v0.21.0/pkg/internal/controller/controller.go:340
  sigs.k8s.io/controller-runtime/pkg/internal/controller.(*Controller[...]).processNextWorkItem
  	/Users/priyolahiri/go/pkg/mod/sigs.k8s.io/controller-runtime@v0.21.0/pkg/internal/controller/controller.go:300
  sigs.k8s.io/controller-runtime/pkg/internal/controller.(*Controller[...]).Start.func2.1
  	/Users/priyolahiri/go/pkg/mod/sigs.k8s.io/controller-runtime@v0.21.0/pkg/internal/controller/controller.go:202
  2025-06-26T12:34:35+02:00	INFO	Starting Controller	{"controller": "neo4jplugin", "controllerGroup": "neo4j.neo4j.com", "controllerKind": "Neo4jPlugin"}
  2025-06-26T12:34:35+02:00	INFO	Starting workers	{"controller": "neo4jplugin", "controllerGroup": "neo4j.neo4j.com", "controllerKind": "Neo4jPlugin", "worker count": 1}
  2025-06-26T12:34:35+02:00	INFO	Starting Controller	{"controller": "neo4jgrant", "controllerGroup": "neo4j.neo4j.com", "controllerKind": "Neo4jGrant"}
  2025-06-26T12:34:35+02:00	INFO	Starting Controller	{"controller": "neo4juser", "controllerGroup": "neo4j.neo4j.com", "controllerKind": "Neo4jUser"}
  2025-06-26T12:34:35+02:00	INFO	Starting workers	{"controller": "neo4juser", "controllerGroup": "neo4j.neo4j.com", "controllerKind": "Neo4jUser", "worker count": 1}
  2025-06-26T12:34:35+02:00	INFO	Starting workers	{"controller": "neo4jgrant", "controllerGroup": "neo4j.neo4j.com", "controllerKind": "Neo4jGrant", "worker count": 1}
  2025-06-26T12:34:35+02:00	INFO	Starting Controller	{"controller": "neo4jenterprisecluster", "controllerGroup": "neo4j.neo4j.com", "controllerKind": "Neo4jEnterpriseCluster"}
  2025-06-26T12:34:35+02:00	INFO	Starting workers	{"controller": "neo4jenterprisecluster", "controllerGroup": "neo4j.neo4j.com", "controllerKind": "Neo4jEnterpriseCluster", "worker count": 1}
  2025-06-26T12:34:35+02:00	INFO	Warning: Reconciler returned both a non-zero result and a non-nil error. The result will always be ignored if the error is non-nil and the non-nil error causes requeuing with exponential backoff. For more details, see: https://pkg.go.dev/sigs.k8s.io/controller-runtime/pkg/reconcile#Reconciler	{"controller": "neo4jrestore", "controllerGroup": "neo4j.neo4j.com", "controllerKind": "Neo4jRestore", "Neo4jRestore": {"name":"test-restore-no-cluster","namespace":"test-failure-1750934075035366000-1750934075036586000"}, "namespace": "test-failure-1750934075035366000-1750934075036586000", "name": "test-restore-no-cluster", "reconcileID": "10a07c2d-6ed2-4f63-8d3a-ae7db968f828"}
  2025-06-26T12:34:35+02:00	ERROR	Reconciler error	{"controller": "neo4jrestore", "controllerGroup": "neo4j.neo4j.com", "controllerKind": "Neo4jRestore", "Neo4jRestore": {"name":"test-restore-no-cluster","namespace":"test-failure-1750934075035366000-1750934075036586000"}, "namespace": "test-failure-1750934075035366000-1750934075036586000", "name": "test-restore-no-cluster", "reconcileID": "10a07c2d-6ed2-4f63-8d3a-ae7db968f828", "error": "Neo4jEnterpriseCluster.neo4j.neo4j.com \"non-existent-cluster\" not found"}
  sigs.k8s.io/controller-runtime/pkg/internal/controller.(*Controller[...]).reconcileHandler
  	/Users/priyolahiri/go/pkg/mod/sigs.k8s.io/controller-runtime@v0.21.0/pkg/internal/controller/controller.go:353
  sigs.k8s.io/controller-runtime/pkg/internal/controller.(*Controller[...]).processNextWorkItem
  	/Users/priyolahiri/go/pkg/mod/sigs.k8s.io/controller-runtime@v0.21.0/pkg/internal/controller/controller.go:300
  sigs.k8s.io/controller-runtime/pkg/internal/controller.(*Controller[...]).Start.func2.1
  	/Users/priyolahiri/go/pkg/mod/sigs.k8s.io/controller-runtime@v0.21.0/pkg/internal/controller/controller.go:202
  2025-06-26T12:34:35+02:00	ERROR	Failed to get target cluster	{"controller": "neo4jrestore", "controllerGroup": "neo4j.neo4j.com", "controllerKind": "Neo4jRestore", "Neo4jRestore": {"name":"test-restore-no-backup","namespace":"test-failure-1750934075033706000-1750934075035488000"}, "namespace": "test-failure-1750934075033706000-1750934075035488000", "name": "test-restore-no-backup", "reconcileID": "1480b3b2-bb25-47f9-a9e4-50047f04628d", "error": "Neo4jEnterpriseCluster.neo4j.neo4j.com \"test-cluster\" not found"}
  github.com/neo4j-labs/neo4j-kubernetes-operator/internal/controller.(*Neo4jRestoreReconciler).Reconcile
  	/Users/priyolahiri/Code/neo4j-kubernetes-operator/internal/controller/neo4jrestore_controller.go:118
  sigs.k8s.io/controller-runtime/pkg/internal/controller.(*Controller[...]).Reconcile
  	/Users/priyolahiri/go/pkg/mod/sigs.k8s.io/controller-runtime@v0.21.0/pkg/internal/controller/controller.go:119
  sigs.k8s.io/controller-runtime/pkg/internal/controller.(*Controller[...]).reconcileHandler
  	/Users/priyolahiri/go/pkg/mod/sigs.k8s.io/controller-runtime@v0.21.0/pkg/internal/controller/controller.go:340
  sigs.k8s.io/controller-runtime/pkg/internal/controller.(*Controller[...]).processNextWorkItem
  	/Users/priyolahiri/go/pkg/mod/sigs.k8s.io/controller-runtime@v0.21.0/pkg/internal/controller/controller.go:300
  sigs.k8s.io/controller-runtime/pkg/internal/controller.(*Controller[...]).Start.func2.1
  	/Users/priyolahiri/go/pkg/mod/sigs.k8s.io/controller-runtime@v0.21.0/pkg/internal/controller/controller.go:202
  2025-06-26T12:34:35+02:00	INFO	Warning: Reconciler returned both a non-zero result and a non-nil error. The result will always be ignored if the error is non-nil and the non-nil error causes requeuing with exponential backoff. For more details, see: https://pkg.go.dev/sigs.k8s.io/controller-runtime/pkg/reconcile#Reconciler	{"controller": "neo4jbackup", "controllerGroup": "neo4j.neo4j.com", "controllerKind": "Neo4jBackup", "Neo4jBackup": {"name":"test-backup-invalid-storage","namespace":"test-failure-1750934075033884000-1750934075035500000"}, "namespace": "test-failure-1750934075033884000-1750934075035500000", "name": "test-backup-invalid-storage", "reconcileID": "75c442aa-1714-4d8c-968d-962b903c1910"}
  2025-06-26T12:34:35+02:00	ERROR	Reconciler error	{"controller": "neo4jbackup", "controllerGroup": "neo4j.neo4j.com", "controllerKind": "Neo4jBackup", "Neo4jBackup": {"name":"test-backup-invalid-storage","namespace":"test-failure-1750934075033884000-1750934075035500000"}, "namespace": "test-failure-1750934075033884000-1750934075035500000", "name": "test-backup-invalid-storage", "reconcileID": "75c442aa-1714-4d8c-968d-962b903c1910", "error": "Neo4jEnterpriseCluster.neo4j.neo4j.com \"test-cluster\" not found"}
  sigs.k8s.io/controller-runtime/pkg/internal/controller.(*Controller[...]).reconcileHandler
  	/Users/priyolahiri/go/pkg/mod/sigs.k8s.io/controller-runtime@v0.21.0/pkg/internal/controller/controller.go:353
  sigs.k8s.io/controller-runtime/pkg/internal/controller.(*Controller[...]).processNextWorkItem
  	/Users/priyolahiri/go/pkg/mod/sigs.k8s.io/controller-runtime@v0.21.0/pkg/internal/controller/controller.go:300
  sigs.k8s.io/controller-runtime/pkg/internal/controller.(*Controller[...]).Start.func2.1
  	/Users/priyolahiri/go/pkg/mod/sigs.k8s.io/controller-runtime@v0.21.0/pkg/internal/controller/controller.go:202
  2025-06-26T12:34:35+02:00	ERROR	Failed to get target cluster	{"controller": "neo4jbackup", "controllerGroup": "neo4j.neo4j.com", "controllerKind": "Neo4jBackup", "Neo4jBackup": {"name":"test-backup-no-cluster","namespace":"test-failure-1750934075031883000-1750934075034004000"}, "namespace": "test-failure-1750934075031883000-1750934075034004000", "name": "test-backup-no-cluster", "reconcileID": "6f030dfe-ef28-4492-8858-a2d69dd0984c", "error": "Neo4jEnterpriseCluster.neo4j.neo4j.com \"non-existent-cluster\" not found"}
  github.com/neo4j-labs/neo4j-kubernetes-operator/internal/controller.(*Neo4jBackupReconciler).Reconcile
  	/Users/priyolahiri/Code/neo4j-kubernetes-operator/internal/controller/neo4jbackup_controller.go:106
  sigs.k8s.io/controller-runtime/pkg/internal/controller.(*Controller[...]).Reconcile
  	/Users/priyolahiri/go/pkg/mod/sigs.k8s.io/controller-runtime@v0.21.0/pkg/internal/controller/controller.go:119
  sigs.k8s.io/controller-runtime/pkg/internal/controller.(*Controller[...]).reconcileHandler
  	/Users/priyolahiri/go/pkg/mod/sigs.k8s.io/controller-runtime@v0.21.0/pkg/internal/controller/controller.go:340
  sigs.k8s.io/controller-runtime/pkg/internal/controller.(*Controller[...]).processNextWorkItem
  	/Users/priyolahiri/go/pkg/mod/sigs.k8s.io/controller-runtime@v0.21.0/pkg/internal/controller/controller.go:300
  sigs.k8s.io/controller-runtime/pkg/internal/controller.(*Controller[...]).Start.func2.1
  	/Users/priyolahiri/go/pkg/mod/sigs.k8s.io/controller-runtime@v0.21.0/pkg/internal/controller/controller.go:202
  2025-06-26T12:34:35+02:00	INFO	Warning: Reconciler returned both a non-zero result and a non-nil error. The result will always be ignored if the error is non-nil and the non-nil error causes requeuing with exponential backoff. For more details, see: https://pkg.go.dev/sigs.k8s.io/controller-runtime/pkg/reconcile#Reconciler	{"controller": "neo4jbackup", "controllerGroup": "neo4j.neo4j.com", "controllerKind": "Neo4jBackup", "Neo4jBackup": {"name":"test-backup-no-cluster","namespace":"test-failure-1750934075031883000-1750934075034004000"}, "namespace": "test-failure-1750934075031883000-1750934075034004000", "name": "test-backup-no-cluster", "reconcileID": "6f030dfe-ef28-4492-8858-a2d69dd0984c"}
  2025-06-26T12:34:35+02:00	ERROR	Reconciler error	{"controller": "neo4jbackup", "controllerGroup": "neo4j.neo4j.com", "controllerKind": "Neo4jBackup", "Neo4jBackup": {"name":"test-backup-no-cluster","namespace":"test-failure-1750934075031883000-1750934075034004000"}, "namespace": "test-failure-1750934075031883000-1750934075034004000", "name": "test-backup-no-cluster", "reconcileID": "6f030dfe-ef28-4492-8858-a2d69dd0984c", "error": "Neo4jEnterpriseCluster.neo4j.neo4j.com \"non-existent-cluster\" not found"}
  sigs.k8s.io/controller-runtime/pkg/internal/controller.(*Controller[...]).reconcileHandler
  	/Users/priyolahiri/go/pkg/mod/sigs.k8s.io/controller-runtime@v0.21.0/pkg/internal/controller/controller.go:353
  sigs.k8s.io/controller-runtime/pkg/internal/controller.(*Controller[...]).processNextWorkItem
  	/Users/priyolahiri/go/pkg/mod/sigs.k8s.io/controller-runtime@v0.21.0/pkg/internal/controller/controller.go:300
  sigs.k8s.io/controller-runtime/pkg/internal/controller.(*Controller[...]).Start.func2.1
  	/Users/priyolahiri/go/pkg/mod/sigs.k8s.io/controller-runtime@v0.21.0/pkg/internal/controller/controller.go:202
  2025-06-26T12:34:35+02:00	ERROR	Failed to get target cluster	{"controller": "neo4jbackup", "controllerGroup": "neo4j.neo4j.com", "controllerKind": "Neo4jBackup", "Neo4jBackup": {"name":"test-backup-invalid-storage","namespace":"test-failure-1750934075033884000-1750934075035500000"}, "namespace": "test-failure-1750934075033884000-1750934075035500000", "name": "test-backup-invalid-storage", "reconcileID": "5005e097-1c60-42fe-b0cc-36dc3fd7fd4c", "error": "Neo4jEnterpriseCluster.neo4j.neo4j.com \"test-cluster\" not found"}
  github.com/neo4j-labs/neo4j-kubernetes-operator/internal/controller.(*Neo4jBackupReconciler).Reconcile
  	/Users/priyolahiri/Code/neo4j-kubernetes-operator/internal/controller/neo4jbackup_controller.go:106
  sigs.k8s.io/controller-runtime/pkg/internal/controller.(*Controller[...]).Reconcile
  	/Users/priyolahiri/go/pkg/mod/sigs.k8s.io/controller-runtime@v0.21.0/pkg/internal/controller/controller.go:119
  sigs.k8s.io/controller-runtime/pkg/internal/controller.(*Controller[...]).reconcileHandler
  	/Users/priyolahiri/go/pkg/mod/sigs.k8s.io/controller-runtime@v0.21.0/pkg/internal/controller/controller.go:340
  sigs.k8s.io/controller-runtime/pkg/internal/controller.(*Controller[...]).processNextWorkItem
  	/Users/priyolahiri/go/pkg/mod/sigs.k8s.io/controller-runtime@v0.21.0/pkg/internal/controller/controller.go:300
  sigs.k8s.io/controller-runtime/pkg/internal/controller.(*Controller[...]).Start.func2.1
  	/Users/priyolahiri/go/pkg/mod/sigs.k8s.io/controller-runtime@v0.21.0/pkg/internal/controller/controller.go:202
  2025-06-26T12:34:35+02:00	INFO	Warning: Reconciler returned both a non-zero result and a non-nil error. The result will always be ignored if the error is non-nil and the non-nil error causes requeuing with exponential backoff. For more details, see: https://pkg.go.dev/sigs.k8s.io/controller-runtime/pkg/reconcile#Reconciler	{"controller": "neo4jbackup", "controllerGroup": "neo4j.neo4j.com", "controllerKind": "Neo4jBackup", "Neo4jBackup": {"name":"test-backup-invalid-storage","namespace":"test-failure-1750934075033884000-1750934075035500000"}, "namespace": "test-failure-1750934075033884000-1750934075035500000", "name": "test-backup-invalid-storage", "reconcileID": "5005e097-1c60-42fe-b0cc-36dc3fd7fd4c"}
  2025-06-26T12:34:35+02:00	ERROR	Reconciler error	{"controller": "neo4jbackup", "controllerGroup": "neo4j.neo4j.com", "controllerKind": "Neo4jBackup", "Neo4jBackup": {"name":"test-backup-invalid-storage","namespace":"test-failure-1750934075033884000-1750934075035500000"}, "namespace": "test-failure-1750934075033884000-1750934075035500000", "name": "test-backup-invalid-storage", "reconcileID": "5005e097-1c60-42fe-b0cc-36dc3fd7fd4c", "error": "Neo4jEnterpriseCluster.neo4j.neo4j.com \"test-cluster\" not found"}
  sigs.k8s.io/controller-runtime/pkg/internal/controller.(*Controller[...]).reconcileHandler
  	/Users/priyolahiri/go/pkg/mod/sigs.k8s.io/controller-runtime@v0.21.0/pkg/internal/controller/controller.go:353
  sigs.k8s.io/controller-runtime/pkg/internal/controller.(*Controller[...]).processNextWorkItem
  	/Users/priyolahiri/go/pkg/mod/sigs.k8s.io/controller-runtime@v0.21.0/pkg/internal/controller/controller.go:300
  sigs.k8s.io/controller-runtime/pkg/internal/controller.(*Controller[...]).Start.func2.1
  	/Users/priyolahiri/go/pkg/mod/sigs.k8s.io/controller-runtime@v0.21.0/pkg/internal/controller/controller.go:202
  2025-06-26T12:34:35+02:00	ERROR	Failed to get target cluster	{"controller": "neo4jbackup", "controllerGroup": "neo4j.neo4j.com", "controllerKind": "Neo4jBackup", "Neo4jBackup": {"name":"test-backup-no-cluster","namespace":"test-failure-1750934075031883000-1750934075034004000"}, "namespace": "test-failure-1750934075031883000-1750934075034004000", "name": "test-backup-no-cluster", "reconcileID": "30de4ae6-a446-4c0f-af6b-fce2f7d967f0", "error": "Neo4jEnterpriseCluster.neo4j.neo4j.com \"non-existent-cluster\" not found"}
  github.com/neo4j-labs/neo4j-kubernetes-operator/internal/controller.(*Neo4jBackupReconciler).Reconcile
  	/Users/priyolahiri/Code/neo4j-kubernetes-operator/internal/controller/neo4jbackup_controller.go:106
  sigs.k8s.io/controller-runtime/pkg/internal/controller.(*Controller[...]).Reconcile
  	/Users/priyolahiri/go/pkg/mod/sigs.k8s.io/controller-runtime@v0.21.0/pkg/internal/controller/controller.go:119
  sigs.k8s.io/controller-runtime/pkg/internal/controller.(*Controller[...]).reconcileHandler
  	/Users/priyolahiri/go/pkg/mod/sigs.k8s.io/controller-runtime@v0.21.0/pkg/internal/controller/controller.go:340
  sigs.k8s.io/controller-runtime/pkg/internal/controller.(*Controller[...]).processNextWorkItem
  	/Users/priyolahiri/go/pkg/mod/sigs.k8s.io/controller-runtime@v0.21.0/pkg/internal/controller/controller.go:300
  sigs.k8s.io/controller-runtime/pkg/internal/controller.(*Controller[...]).Start.func2.1
  	/Users/priyolahiri/go/pkg/mod/sigs.k8s.io/controller-runtime@v0.21.0/pkg/internal/controller/controller.go:202
  2025-06-26T12:34:35+02:00	INFO	Warning: Reconciler returned both a non-zero result and a non-nil error. The result will always be ignored if the error is non-nil and the non-nil error causes requeuing with exponential backoff. For more details, see: https://pkg.go.dev/sigs.k8s.io/controller-runtime/pkg/reconcile#Reconciler	{"controller": "neo4jbackup", "controllerGroup": "neo4j.neo4j.com", "controllerKind": "Neo4jBackup", "Neo4jBackup": {"name":"test-backup-no-cluster","namespace":"test-failure-1750934075031883000-1750934075034004000"}, "namespace": "test-failure-1750934075031883000-1750934075034004000", "name": "test-backup-no-cluster", "reconcileID": "30de4ae6-a446-4c0f-af6b-fce2f7d967f0"}
  2025-06-26T12:34:35+02:00	ERROR	Reconciler error	{"controller": "neo4jbackup", "controllerGroup": "neo4j.neo4j.com", "controllerKind": "Neo4jBackup", "Neo4jBackup": {"name":"test-backup-no-cluster","namespace":"test-failure-1750934075031883000-1750934075034004000"}, "namespace": "test-failure-1750934075031883000-1750934075034004000", "name": "test-backup-no-cluster", "reconcileID": "30de4ae6-a446-4c0f-af6b-fce2f7d967f0", "error": "Neo4jEnterpriseCluster.neo4j.neo4j.com \"non-existent-cluster\" not found"}
  sigs.k8s.io/controller-runtime/pkg/internal/controller.(*Controller[...]).reconcileHandler
  	/Users/priyolahiri/go/pkg/mod/sigs.k8s.io/controller-runtime@v0.21.0/pkg/internal/controller/controller.go:353
  sigs.k8s.io/controller-runtime/pkg/internal/controller.(*Controller[...]).processNextWorkItem
  	/Users/priyolahiri/go/pkg/mod/sigs.k8s.io/controller-runtime@v0.21.0/pkg/internal/controller/controller.go:300
  sigs.k8s.io/controller-runtime/pkg/internal/controller.(*Controller[...]).Start.func2.1
  	/Users/priyolahiri/go/pkg/mod/sigs.k8s.io/controller-runtime@v0.21.0/pkg/internal/controller/controller.go:202
  2025-06-26T12:34:35+02:00	INFO	Warning: Reconciler returned both a non-zero result and a non-nil error. The result will always be ignored if the error is non-nil and the non-nil error causes requeuing with exponential backoff. For more details, see: https://pkg.go.dev/sigs.k8s.io/controller-runtime/pkg/reconcile#Reconciler	{"controller": "neo4jrestore", "controllerGroup": "neo4j.neo4j.com", "controllerKind": "Neo4jRestore", "Neo4jRestore": {"name":"test-restore-no-backup","namespace":"test-failure-1750934075033706000-1750934075035488000"}, "namespace": "test-failure-1750934075033706000-1750934075035488000", "name": "test-restore-no-backup", "reconcileID": "1480b3b2-bb25-47f9-a9e4-50047f04628d"}
  2025-06-26T12:34:35+02:00	ERROR	Reconciler error	{"controller": "neo4jrestore", "controllerGroup": "neo4j.neo4j.com", "controllerKind": "Neo4jRestore", "Neo4jRestore": {"name":"test-restore-no-backup","namespace":"test-failure-1750934075033706000-1750934075035488000"}, "namespace": "test-failure-1750934075033706000-1750934075035488000", "name": "test-restore-no-backup", "reconcileID": "1480b3b2-bb25-47f9-a9e4-50047f04628d", "error": "Neo4jEnterpriseCluster.neo4j.neo4j.com \"test-cluster\" not found"}
  sigs.k8s.io/controller-runtime/pkg/internal/controller.(*Controller[...]).reconcileHandler
  	/Users/priyolahiri/go/pkg/mod/sigs.k8s.io/controller-runtime@v0.21.0/pkg/internal/controller/controller.go:353
  sigs.k8s.io/controller-runtime/pkg/internal/controller.(*Controller[...]).processNextWorkItem
  	/Users/priyolahiri/go/pkg/mod/sigs.k8s.io/controller-runtime@v0.21.0/pkg/internal/controller/controller.go:300
  sigs.k8s.io/controller-runtime/pkg/internal/controller.(*Controller[...]).Start.func2.1
  	/Users/priyolahiri/go/pkg/mod/sigs.k8s.io/controller-runtime@v0.21.0/pkg/internal/controller/controller.go:202
  2025-06-26T12:34:35+02:00	ERROR	Failed to get target cluster	{"controller": "neo4jrestore", "controllerGroup": "neo4j.neo4j.com", "controllerKind": "Neo4jRestore", "Neo4jRestore": {"name":"test-restore-no-cluster","namespace":"test-failure-1750934075035366000-1750934075036586000"}, "namespace": "test-failure-1750934075035366000-1750934075036586000", "name": "test-restore-no-cluster", "reconcileID": "fddd7311-b00d-4eb6-ba41-028d5c3b9224", "error": "Neo4jEnterpriseCluster.neo4j.neo4j.com \"non-existent-cluster\" not found"}
  github.com/neo4j-labs/neo4j-kubernetes-operator/internal/controller.(*Neo4jRestoreReconciler).Reconcile
  	/Users/priyolahiri/Code/neo4j-kubernetes-operator/internal/controller/neo4jrestore_controller.go:118
  sigs.k8s.io/controller-runtime/pkg/internal/controller.(*Controller[...]).Reconcile
  	/Users/priyolahiri/go/pkg/mod/sigs.k8s.io/controller-runtime@v0.21.0/pkg/internal/controller/controller.go:119
  sigs.k8s.io/controller-runtime/pkg/internal/controller.(*Controller[...]).reconcileHandler
  	/Users/priyolahiri/go/pkg/mod/sigs.k8s.io/controller-runtime@v0.21.0/pkg/internal/controller/controller.go:340
  sigs.k8s.io/controller-runtime/pkg/internal/controller.(*Controller[...]).processNextWorkItem
  	/Users/priyolahiri/go/pkg/mod/sigs.k8s.io/controller-runtime@v0.21.0/pkg/internal/controller/controller.go:300
  sigs.k8s.io/controller-runtime/pkg/internal/controller.(*Controller[...]).Start.func2.1
  	/Users/priyolahiri/go/pkg/mod/sigs.k8s.io/controller-runtime@v0.21.0/pkg/internal/controller/controller.go:202
  2025-06-26T12:34:35+02:00	ERROR	Failed to get target cluster	{"controller": "neo4jbackup", "controllerGroup": "neo4j.neo4j.com", "controllerKind": "Neo4jBackup", "Neo4jBackup": {"name":"test-backup-invalid-storage","namespace":"test-failure-1750934075033884000-1750934075035500000"}, "namespace": "test-failure-1750934075033884000-1750934075035500000", "name": "test-backup-invalid-storage", "reconcileID": "5473384f-ac01-41da-9017-ff44760e5ce7", "error": "Neo4jEnterpriseCluster.neo4j.neo4j.com \"test-cluster\" not found"}
  github.com/neo4j-labs/neo4j-kubernetes-operator/internal/controller.(*Neo4jBackupReconciler).Reconcile
  	/Users/priyolahiri/Code/neo4j-kubernetes-operator/internal/controller/neo4jbackup_controller.go:106
  sigs.k8s.io/controller-runtime/pkg/internal/controller.(*Controller[...]).Reconcile
  	/Users/priyolahiri/go/pkg/mod/sigs.k8s.io/controller-runtime@v0.21.0/pkg/internal/controller/controller.go:119
  sigs.k8s.io/controller-runtime/pkg/internal/controller.(*Controller[...]).reconcileHandler
  	/Users/priyolahiri/go/pkg/mod/sigs.k8s.io/controller-runtime@v0.21.0/pkg/internal/controller/controller.go:340
  sigs.k8s.io/controller-runtime/pkg/internal/controller.(*Controller[...]).processNextWorkItem
  	/Users/priyolahiri/go/pkg/mod/sigs.k8s.io/controller-runtime@v0.21.0/pkg/internal/controller/controller.go:300
  sigs.k8s.io/controller-runtime/pkg/internal/controller.(*Controller[...]).Start.func2.1
  	/Users/priyolahiri/go/pkg/mod/sigs.k8s.io/controller-runtime@v0.21.0/pkg/internal/controller/controller.go:202
  2025-06-26T12:34:35+02:00	INFO	Warning: Reconciler returned both a non-zero result and a non-nil error. The result will always be ignored if the error is non-nil and the non-nil error causes requeuing with exponential backoff. For more details, see: https://pkg.go.dev/sigs.k8s.io/controller-runtime/pkg/reconcile#Reconciler	{"controller": "neo4jbackup", "controllerGroup": "neo4j.neo4j.com", "controllerKind": "Neo4jBackup", "Neo4jBackup": {"name":"test-backup-invalid-storage","namespace":"test-failure-1750934075033884000-1750934075035500000"}, "namespace": "test-failure-1750934075033884000-1750934075035500000", "name": "test-backup-invalid-storage", "reconcileID": "5473384f-ac01-41da-9017-ff44760e5ce7"}
  2025-06-26T12:34:35+02:00	ERROR	Reconciler error	{"controller": "neo4jbackup", "controllerGroup": "neo4j.neo4j.com", "controllerKind": "Neo4jBackup", "Neo4jBackup": {"name":"test-backup-invalid-storage","namespace":"test-failure-1750934075033884000-1750934075035500000"}, "namespace": "test-failure-1750934075033884000-1750934075035500000", "name": "test-backup-invalid-storage", "reconcileID": "5473384f-ac01-41da-9017-ff44760e5ce7", "error": "Neo4jEnterpriseCluster.neo4j.neo4j.com \"test-cluster\" not found"}
  sigs.k8s.io/controller-runtime/pkg/internal/controller.(*Controller[...]).reconcileHandler
  	/Users/priyolahiri/go/pkg/mod/sigs.k8s.io/controller-runtime@v0.21.0/pkg/internal/controller/controller.go:353
  sigs.k8s.io/controller-runtime/pkg/internal/controller.(*Controller[...]).processNextWorkItem
  	/Users/priyolahiri/go/pkg/mod/sigs.k8s.io/controller-runtime@v0.21.0/pkg/internal/controller/controller.go:300
  sigs.k8s.io/controller-runtime/pkg/internal/controller.(*Controller[...]).Start.func2.1
  	/Users/priyolahiri/go/pkg/mod/sigs.k8s.io/controller-runtime@v0.21.0/pkg/internal/controller/controller.go:202
  2025-06-26T12:34:35+02:00	INFO	Warning: Reconciler returned both a non-zero result and a non-nil error. The result will always be ignored if the error is non-nil and the non-nil error causes requeuing with exponential backoff. For more details, see: https://pkg.go.dev/sigs.k8s.io/controller-runtime/pkg/reconcile#Reconciler	{"controller": "neo4jrestore", "controllerGroup": "neo4j.neo4j.com", "controllerKind": "Neo4jRestore", "Neo4jRestore": {"name":"test-restore-no-cluster","namespace":"test-failure-1750934075035366000-1750934075036586000"}, "namespace": "test-failure-1750934075035366000-1750934075036586000", "name": "test-restore-no-cluster", "reconcileID": "fddd7311-b00d-4eb6-ba41-028d5c3b9224"}
  2025-06-26T12:34:35+02:00	ERROR	Reconciler error	{"controller": "neo4jrestore", "controllerGroup": "neo4j.neo4j.com", "controllerKind": "Neo4jRestore", "Neo4jRestore": {"name":"test-restore-no-cluster","namespace":"test-failure-1750934075035366000-1750934075036586000"}, "namespace": "test-failure-1750934075035366000-1750934075036586000", "name": "test-restore-no-cluster", "reconcileID": "fddd7311-b00d-4eb6-ba41-028d5c3b9224", "error": "Neo4jEnterpriseCluster.neo4j.neo4j.com \"non-existent-cluster\" not found"}
  sigs.k8s.io/controller-runtime/pkg/internal/controller.(*Controller[...]).reconcileHandler
  	/Users/priyolahiri/go/pkg/mod/sigs.k8s.io/controller-runtime@v0.21.0/pkg/internal/controller/controller.go:353
  sigs.k8s.io/controller-runtime/pkg/internal/controller.(*Controller[...]).processNextWorkItem
  	/Users/priyolahiri/go/pkg/mod/sigs.k8s.io/controller-runtime@v0.21.0/pkg/internal/controller/controller.go:300
  sigs.k8s.io/controller-runtime/pkg/internal/controller.(*Controller[...]).Start.func2.1
  	/Users/priyolahiri/go/pkg/mod/sigs.k8s.io/controller-runtime@v0.21.0/pkg/internal/controller/controller.go:202
  2025-06-26T12:34:35+02:00	ERROR	Failed to get target cluster	{"controller": "neo4jrestore", "controllerGroup": "neo4j.neo4j.com", "controllerKind": "Neo4jRestore", "Neo4jRestore": {"name":"test-restore-no-backup","namespace":"test-failure-1750934075033706000-1750934075035488000"}, "namespace": "test-failure-1750934075033706000-1750934075035488000", "name": "test-restore-no-backup", "reconcileID": "422fa0f4-4c66-4edc-9242-b1e2e51b1a95", "error": "Neo4jEnterpriseCluster.neo4j.neo4j.com \"test-cluster\" not found"}
  github.com/neo4j-labs/neo4j-kubernetes-operator/internal/controller.(*Neo4jRestoreReconciler).Reconcile
  	/Users/priyolahiri/Code/neo4j-kubernetes-operator/internal/controller/neo4jrestore_controller.go:118
  sigs.k8s.io/controller-runtime/pkg/internal/controller.(*Controller[...]).Reconcile
  	/Users/priyolahiri/go/pkg/mod/sigs.k8s.io/controller-runtime@v0.21.0/pkg/internal/controller/controller.go:119
  sigs.k8s.io/controller-runtime/pkg/internal/controller.(*Controller[...]).reconcileHandler
  	/Users/priyolahiri/go/pkg/mod/sigs.k8s.io/controller-runtime@v0.21.0/pkg/internal/controller/controller.go:340
  sigs.k8s.io/controller-runtime/pkg/internal/controller.(*Controller[...]).processNextWorkItem
  	/Users/priyolahiri/go/pkg/mod/sigs.k8s.io/controller-runtime@v0.21.0/pkg/internal/controller/controller.go:300
  sigs.k8s.io/controller-runtime/pkg/internal/controller.(*Controller[...]).Start.func2.1
  	/Users/priyolahiri/go/pkg/mod/sigs.k8s.io/controller-runtime@v0.21.0/pkg/internal/controller/controller.go:202
  2025-06-26T12:34:35+02:00	INFO	Warning: Reconciler returned both a non-zero result and a non-nil error. The result will always be ignored if the error is non-nil and the non-nil error causes requeuing with exponential backoff. For more details, see: https://pkg.go.dev/sigs.k8s.io/controller-runtime/pkg/reconcile#Reconciler	{"controller": "neo4jrestore", "controllerGroup": "neo4j.neo4j.com", "controllerKind": "Neo4jRestore", "Neo4jRestore": {"name":"test-restore-no-backup","namespace":"test-failure-1750934075033706000-1750934075035488000"}, "namespace": "test-failure-1750934075033706000-1750934075035488000", "name": "test-restore-no-backup", "reconcileID": "422fa0f4-4c66-4edc-9242-b1e2e51b1a95"}
  2025-06-26T12:34:35+02:00	ERROR	Reconciler error	{"controller": "neo4jrestore", "controllerGroup": "neo4j.neo4j.com", "controllerKind": "Neo4jRestore", "Neo4jRestore": {"name":"test-restore-no-backup","namespace":"test-failure-1750934075033706000-1750934075035488000"}, "namespace": "test-failure-1750934075033706000-1750934075035488000", "name": "test-restore-no-backup", "reconcileID": "422fa0f4-4c66-4edc-9242-b1e2e51b1a95", "error": "Neo4jEnterpriseCluster.neo4j.neo4j.com \"test-cluster\" not found"}
  sigs.k8s.io/controller-runtime/pkg/internal/controller.(*Controller[...]).reconcileHandler
  	/Users/priyolahiri/go/pkg/mod/sigs.k8s.io/controller-runtime@v0.21.0/pkg/internal/controller/controller.go:353
  sigs.k8s.io/controller-runtime/pkg/internal/controller.(*Controller[...]).processNextWorkItem
  	/Users/priyolahiri/go/pkg/mod/sigs.k8s.io/controller-runtime@v0.21.0/pkg/internal/controller/controller.go:300
  sigs.k8s.io/controller-runtime/pkg/internal/controller.(*Controller[...]).Start.func2.1
  	/Users/priyolahiri/go/pkg/mod/sigs.k8s.io/controller-runtime@v0.21.0/pkg/internal/controller/controller.go:202
  2025-06-26T12:34:35+02:00	ERROR	Failed to get target cluster	{"controller": "neo4jrestore", "controllerGroup": "neo4j.neo4j.com", "controllerKind": "Neo4jRestore", "Neo4jRestore": {"name":"test-restore-no-backup","namespace":"test-failure-1750934075033706000-1750934075035488000"}, "namespace": "test-failure-1750934075033706000-1750934075035488000", "name": "test-restore-no-backup", "reconcileID": "21c56bfa-92ec-4c6b-a9da-561e32c569f5", "error": "Neo4jEnterpriseCluster.neo4j.neo4j.com \"test-cluster\" not found"}
  github.com/neo4j-labs/neo4j-kubernetes-operator/internal/controller.(*Neo4jRestoreReconciler).Reconcile
  	/Users/priyolahiri/Code/neo4j-kubernetes-operator/internal/controller/neo4jrestore_controller.go:118
  sigs.k8s.io/controller-runtime/pkg/internal/controller.(*Controller[...]).Reconcile
  	/Users/priyolahiri/go/pkg/mod/sigs.k8s.io/controller-runtime@v0.21.0/pkg/internal/controller/controller.go:119
  sigs.k8s.io/controller-runtime/pkg/internal/controller.(*Controller[...]).reconcileHandler
  	/Users/priyolahiri/go/pkg/mod/sigs.k8s.io/controller-runtime@v0.21.0/pkg/internal/controller/controller.go:340
  sigs.k8s.io/controller-runtime/pkg/internal/controller.(*Controller[...]).processNextWorkItem
  	/Users/priyolahiri/go/pkg/mod/sigs.k8s.io/controller-runtime@v0.21.0/pkg/internal/controller/controller.go:300
  sigs.k8s.io/controller-runtime/pkg/internal/controller.(*Controller[...]).Start.func2.1
  	/Users/priyolahiri/go/pkg/mod/sigs.k8s.io/controller-runtime@v0.21.0/pkg/internal/controller/controller.go:202
  2025-06-26T12:34:35+02:00	ERROR	Failed to get target cluster	{"controller": "neo4jbackup", "controllerGroup": "neo4j.neo4j.com", "controllerKind": "Neo4jBackup", "Neo4jBackup": {"name":"test-backup-no-cluster","namespace":"test-failure-1750934075031883000-1750934075034004000"}, "namespace": "test-failure-1750934075031883000-1750934075034004000", "name": "test-backup-no-cluster", "reconcileID": "82104e16-b6ea-437d-aa77-87e147030cec", "error": "Neo4jEnterpriseCluster.neo4j.neo4j.com \"non-existent-cluster\" not found"}
  github.com/neo4j-labs/neo4j-kubernetes-operator/internal/controller.(*Neo4jBackupReconciler).Reconcile
  	/Users/priyolahiri/Code/neo4j-kubernetes-operator/internal/controller/neo4jbackup_controller.go:106
  sigs.k8s.io/controller-runtime/pkg/internal/controller.(*Controller[...]).Reconcile
  	/Users/priyolahiri/go/pkg/mod/sigs.k8s.io/controller-runtime@v0.21.0/pkg/internal/controller/controller.go:119
  sigs.k8s.io/controller-runtime/pkg/internal/controller.(*Controller[...]).reconcileHandler
  	/Users/priyolahiri/go/pkg/mod/sigs.k8s.io/controller-runtime@v0.21.0/pkg/internal/controller/controller.go:340
  sigs.k8s.io/controller-runtime/pkg/internal/controller.(*Controller[...]).processNextWorkItem
  	/Users/priyolahiri/go/pkg/mod/sigs.k8s.io/controller-runtime@v0.21.0/pkg/internal/controller/controller.go:300
  sigs.k8s.io/controller-runtime/pkg/internal/controller.(*Controller[...]).Start.func2.1
  	/Users/priyolahiri/go/pkg/mod/sigs.k8s.io/controller-runtime@v0.21.0/pkg/internal/controller/controller.go:202
  2025-06-26T12:34:35+02:00	INFO	Warning: Reconciler returned both a non-zero result and a non-nil error. The result will always be ignored if the error is non-nil and the non-nil error causes requeuing with exponential backoff. For more details, see: https://pkg.go.dev/sigs.k8s.io/controller-runtime/pkg/reconcile#Reconciler	{"controller": "neo4jbackup", "controllerGroup": "neo4j.neo4j.com", "controllerKind": "Neo4jBackup", "Neo4jBackup": {"name":"test-backup-no-cluster","namespace":"test-failure-1750934075031883000-1750934075034004000"}, "namespace": "test-failure-1750934075031883000-1750934075034004000", "name": "test-backup-no-cluster", "reconcileID": "82104e16-b6ea-437d-aa77-87e147030cec"}
  2025-06-26T12:34:35+02:00	ERROR	Reconciler error	{"controller": "neo4jbackup", "controllerGroup": "neo4j.neo4j.com", "controllerKind": "Neo4jBackup", "Neo4jBackup": {"name":"test-backup-no-cluster","namespace":"test-failure-1750934075031883000-1750934075034004000"}, "namespace": "test-failure-1750934075031883000-1750934075034004000", "name": "test-backup-no-cluster", "reconcileID": "82104e16-b6ea-437d-aa77-87e147030cec", "error": "Neo4jEnterpriseCluster.neo4j.neo4j.com \"non-existent-cluster\" not found"}
  sigs.k8s.io/controller-runtime/pkg/internal/controller.(*Controller[...]).reconcileHandler
  	/Users/priyolahiri/go/pkg/mod/sigs.k8s.io/controller-runtime@v0.21.0/pkg/internal/controller/controller.go:353
  sigs.k8s.io/controller-runtime/pkg/internal/controller.(*Controller[...]).processNextWorkItem
  	/Users/priyolahiri/go/pkg/mod/sigs.k8s.io/controller-runtime@v0.21.0/pkg/internal/controller/controller.go:300
  sigs.k8s.io/controller-runtime/pkg/internal/controller.(*Controller[...]).Start.func2.1
  	/Users/priyolahiri/go/pkg/mod/sigs.k8s.io/controller-runtime@v0.21.0/pkg/internal/controller/controller.go:202
  2025-06-26T12:34:35+02:00	INFO	Warning: Reconciler returned both a non-zero result and a non-nil error. The result will always be ignored if the error is non-nil and the non-nil error causes requeuing with exponential backoff. For more details, see: https://pkg.go.dev/sigs.k8s.io/controller-runtime/pkg/reconcile#Reconciler	{"controller": "neo4jrestore", "controllerGroup": "neo4j.neo4j.com", "controllerKind": "Neo4jRestore", "Neo4jRestore": {"name":"test-restore-no-backup","namespace":"test-failure-1750934075033706000-1750934075035488000"}, "namespace": "test-failure-1750934075033706000-1750934075035488000", "name": "test-restore-no-backup", "reconcileID": "21c56bfa-92ec-4c6b-a9da-561e32c569f5"}
  2025-06-26T12:34:35+02:00	ERROR	Reconciler error	{"controller": "neo4jrestore", "controllerGroup": "neo4j.neo4j.com", "controllerKind": "Neo4jRestore", "Neo4jRestore": {"name":"test-restore-no-backup","namespace":"test-failure-1750934075033706000-1750934075035488000"}, "namespace": "test-failure-1750934075033706000-1750934075035488000", "name": "test-restore-no-backup", "reconcileID": "21c56bfa-92ec-4c6b-a9da-561e32c569f5", "error": "Neo4jEnterpriseCluster.neo4j.neo4j.com \"test-cluster\" not found"}
  sigs.k8s.io/controller-runtime/pkg/internal/controller.(*Controller[...]).reconcileHandler
  	/Users/priyolahiri/go/pkg/mod/sigs.k8s.io/controller-runtime@v0.21.0/pkg/internal/controller/controller.go:353
  sigs.k8s.io/controller-runtime/pkg/internal/controller.(*Controller[...]).processNextWorkItem
  	/Users/priyolahiri/go/pkg/mod/sigs.k8s.io/controller-runtime@v0.21.0/pkg/internal/controller/controller.go:300
  sigs.k8s.io/controller-runtime/pkg/internal/controller.(*Controller[...]).Start.func2.1
  	/Users/priyolahiri/go/pkg/mod/sigs.k8s.io/controller-runtime@v0.21.0/pkg/internal/controller/controller.go:202
  2025-06-26T12:34:35+02:00	ERROR	Failed to get target cluster	{"controller": "neo4jrestore", "controllerGroup": "neo4j.neo4j.com", "controllerKind": "Neo4jRestore", "Neo4jRestore": {"name":"test-restore-no-cluster","namespace":"test-failure-1750934075035366000-1750934075036586000"}, "namespace": "test-failure-1750934075035366000-1750934075036586000", "name": "test-restore-no-cluster", "reconcileID": "099e2d34-65cc-4306-91bb-54efc81846db", "error": "Neo4jEnterpriseCluster.neo4j.neo4j.com \"non-existent-cluster\" not found"}
  github.com/neo4j-labs/neo4j-kubernetes-operator/internal/controller.(*Neo4jRestoreReconciler).Reconcile
  	/Users/priyolahiri/Code/neo4j-kubernetes-operator/internal/controller/neo4jrestore_controller.go:118
  sigs.k8s.io/controller-runtime/pkg/internal/controller.(*Controller[...]).Reconcile
  	/Users/priyolahiri/go/pkg/mod/sigs.k8s.io/controller-runtime@v0.21.0/pkg/internal/controller/controller.go:119
  sigs.k8s.io/controller-runtime/pkg/internal/controller.(*Controller[...]).reconcileHandler
  	/Users/priyolahiri/go/pkg/mod/sigs.k8s.io/controller-runtime@v0.21.0/pkg/internal/controller/controller.go:340
  sigs.k8s.io/controller-runtime/pkg/internal/controller.(*Controller[...]).processNextWorkItem
  	/Users/priyolahiri/go/pkg/mod/sigs.k8s.io/controller-runtime@v0.21.0/pkg/internal/controller/controller.go:300
  sigs.k8s.io/controller-runtime/pkg/internal/controller.(*Controller[...]).Start.func2.1
  	/Users/priyolahiri/go/pkg/mod/sigs.k8s.io/controller-runtime@v0.21.0/pkg/internal/controller/controller.go:202
  2025-06-26T12:34:35+02:00	ERROR	Failed to get target cluster	{"controller": "neo4jbackup", "controllerGroup": "neo4j.neo4j.com", "controllerKind": "Neo4jBackup", "Neo4jBackup": {"name":"test-backup-invalid-storage","namespace":"test-failure-1750934075033884000-1750934075035500000"}, "namespace": "test-failure-1750934075033884000-1750934075035500000", "name": "test-backup-invalid-storage", "reconcileID": "3a5ef3ba-50b9-43b2-9446-2518486ecb84", "error": "Neo4jEnterpriseCluster.neo4j.neo4j.com \"test-cluster\" not found"}
  github.com/neo4j-labs/neo4j-kubernetes-operator/internal/controller.(*Neo4jBackupReconciler).Reconcile
  	/Users/priyolahiri/Code/neo4j-kubernetes-operator/internal/controller/neo4jbackup_controller.go:106
  sigs.k8s.io/controller-runtime/pkg/internal/controller.(*Controller[...]).Reconcile
  	/Users/priyolahiri/go/pkg/mod/sigs.k8s.io/controller-runtime@v0.21.0/pkg/internal/controller/controller.go:119
  sigs.k8s.io/controller-runtime/pkg/internal/controller.(*Controller[...]).reconcileHandler
  	/Users/priyolahiri/go/pkg/mod/sigs.k8s.io/controller-runtime@v0.21.0/pkg/internal/controller/controller.go:340
  sigs.k8s.io/controller-runtime/pkg/internal/controller.(*Controller[...]).processNextWorkItem
  	/Users/priyolahiri/go/pkg/mod/sigs.k8s.io/controller-runtime@v0.21.0/pkg/internal/controller/controller.go:300
  sigs.k8s.io/controller-runtime/pkg/internal/controller.(*Controller[...]).Start.func2.1
  	/Users/priyolahiri/go/pkg/mod/sigs.k8s.io/controller-runtime@v0.21.0/pkg/internal/controller/controller.go:202
  2025-06-26T12:34:35+02:00	INFO	Warning: Reconciler returned both a non-zero result and a non-nil error. The result will always be ignored if the error is non-nil and the non-nil error causes requeuing with exponential backoff. For more details, see: https://pkg.go.dev/sigs.k8s.io/controller-runtime/pkg/reconcile#Reconciler	{"controller": "neo4jrestore", "controllerGroup": "neo4j.neo4j.com", "controllerKind": "Neo4jRestore", "Neo4jRestore": {"name":"test-restore-no-cluster","namespace":"test-failure-1750934075035366000-1750934075036586000"}, "namespace": "test-failure-1750934075035366000-1750934075036586000", "name": "test-restore-no-cluster", "reconcileID": "099e2d34-65cc-4306-91bb-54efc81846db"}
  2025-06-26T12:34:35+02:00	ERROR	Reconciler error	{"controller": "neo4jrestore", "controllerGroup": "neo4j.neo4j.com", "controllerKind": "Neo4jRestore", "Neo4jRestore": {"name":"test-restore-no-cluster","namespace":"test-failure-1750934075035366000-1750934075036586000"}, "namespace": "test-failure-1750934075035366000-1750934075036586000", "name": "test-restore-no-cluster", "reconcileID": "099e2d34-65cc-4306-91bb-54efc81846db", "error": "Neo4jEnterpriseCluster.neo4j.neo4j.com \"non-existent-cluster\" not found"}
  sigs.k8s.io/controller-runtime/pkg/internal/controller.(*Controller[...]).reconcileHandler
  	/Users/priyolahiri/go/pkg/mod/sigs.k8s.io/controller-runtime@v0.21.0/pkg/internal/controller/controller.go:353
  sigs.k8s.io/controller-runtime/pkg/internal/controller.(*Controller[...]).processNextWorkItem
  	/Users/priyolahiri/go/pkg/mod/sigs.k8s.io/controller-runtime@v0.21.0/pkg/internal/controller/controller.go:300
  sigs.k8s.io/controller-runtime/pkg/internal/controller.(*Controller[...]).Start.func2.1
  	/Users/priyolahiri/go/pkg/mod/sigs.k8s.io/controller-runtime@v0.21.0/pkg/internal/controller/controller.go:202
  2025-06-26T12:34:35+02:00	ERROR	Failed to get target cluster	{"controller": "neo4jrestore", "controllerGroup": "neo4j.neo4j.com", "controllerKind": "Neo4jRestore", "Neo4jRestore": {"name":"test-restore-no-backup","namespace":"test-failure-1750934075033706000-1750934075035488000"}, "namespace": "test-failure-1750934075033706000-1750934075035488000", "name": "test-restore-no-backup", "reconcileID": "9bf711c4-e9e6-4e2c-b548-61de068d89d8", "error": "Neo4jEnterpriseCluster.neo4j.neo4j.com \"test-cluster\" not found"}
  github.com/neo4j-labs/neo4j-kubernetes-operator/internal/controller.(*Neo4jRestoreReconciler).Reconcile
  	/Users/priyolahiri/Code/neo4j-kubernetes-operator/internal/controller/neo4jrestore_controller.go:118
  sigs.k8s.io/controller-runtime/pkg/internal/controller.(*Controller[...]).Reconcile
  	/Users/priyolahiri/go/pkg/mod/sigs.k8s.io/controller-runtime@v0.21.0/pkg/internal/controller/controller.go:119
  sigs.k8s.io/controller-runtime/pkg/internal/controller.(*Controller[...]).reconcileHandler
  	/Users/priyolahiri/go/pkg/mod/sigs.k8s.io/controller-runtime@v0.21.0/pkg/internal/controller/controller.go:340
  sigs.k8s.io/controller-runtime/pkg/internal/controller.(*Controller[...]).processNextWorkItem
  	/Users/priyolahiri/go/pkg/mod/sigs.k8s.io/controller-runtime@v0.21.0/pkg/internal/controller/controller.go:300
  sigs.k8s.io/controller-runtime/pkg/internal/controller.(*Controller[...]).Start.func2.1
  	/Users/priyolahiri/go/pkg/mod/sigs.k8s.io/controller-runtime@v0.21.0/pkg/internal/controller/controller.go:202
  2025-06-26T12:34:35+02:00	INFO	Warning: Reconciler returned both a non-zero result and a non-nil error. The result will always be ignored if the error is non-nil and the non-nil error causes requeuing with exponential backoff. For more details, see: https://pkg.go.dev/sigs.k8s.io/controller-runtime/pkg/reconcile#Reconciler	{"controller": "neo4jbackup", "controllerGroup": "neo4j.neo4j.com", "controllerKind": "Neo4jBackup", "Neo4jBackup": {"name":"test-backup-invalid-storage","namespace":"test-failure-1750934075033884000-1750934075035500000"}, "namespace": "test-failure-1750934075033884000-1750934075035500000", "name": "test-backup-invalid-storage", "reconcileID": "3a5ef3ba-50b9-43b2-9446-2518486ecb84"}
  2025-06-26T12:34:35+02:00	ERROR	Reconciler error	{"controller": "neo4jbackup", "controllerGroup": "neo4j.neo4j.com", "controllerKind": "Neo4jBackup", "Neo4jBackup": {"name":"test-backup-invalid-storage","namespace":"test-failure-1750934075033884000-1750934075035500000"}, "namespace": "test-failure-1750934075033884000-1750934075035500000", "name": "test-backup-invalid-storage", "reconcileID": "3a5ef3ba-50b9-43b2-9446-2518486ecb84", "error": "Neo4jEnterpriseCluster.neo4j.neo4j.com \"test-cluster\" not found"}
  sigs.k8s.io/controller-runtime/pkg/internal/controller.(*Controller[...]).reconcileHandler
  	/Users/priyolahiri/go/pkg/mod/sigs.k8s.io/controller-runtime@v0.21.0/pkg/internal/controller/controller.go:353
  sigs.k8s.io/controller-runtime/pkg/internal/controller.(*Controller[...]).processNextWorkItem
  	/Users/priyolahiri/go/pkg/mod/sigs.k8s.io/controller-runtime@v0.21.0/pkg/internal/controller/controller.go:300
  sigs.k8s.io/controller-runtime/pkg/internal/controller.(*Controller[...]).Start.func2.1
  	/Users/priyolahiri/go/pkg/mod/sigs.k8s.io/controller-runtime@v0.21.0/pkg/internal/controller/controller.go:202
  2025-06-26T12:34:35+02:00	ERROR	Failed to get target cluster	{"controller": "neo4jbackup", "controllerGroup": "neo4j.neo4j.com", "controllerKind": "Neo4jBackup", "Neo4jBackup": {"name":"test-backup-no-cluster","namespace":"test-failure-1750934075031883000-1750934075034004000"}, "namespace": "test-failure-1750934075031883000-1750934075034004000", "name": "test-backup-no-cluster", "reconcileID": "a6f4867b-d0ba-4be2-8de9-30c2bdd35270", "error": "Neo4jEnterpriseCluster.neo4j.neo4j.com \"non-existent-cluster\" not found"}
  github.com/neo4j-labs/neo4j-kubernetes-operator/internal/controller.(*Neo4jBackupReconciler).Reconcile
  	/Users/priyolahiri/Code/neo4j-kubernetes-operator/internal/controller/neo4jbackup_controller.go:106
  sigs.k8s.io/controller-runtime/pkg/internal/controller.(*Controller[...]).Reconcile
  	/Users/priyolahiri/go/pkg/mod/sigs.k8s.io/controller-runtime@v0.21.0/pkg/internal/controller/controller.go:119
  sigs.k8s.io/controller-runtime/pkg/internal/controller.(*Controller[...]).reconcileHandler
  	/Users/priyolahiri/go/pkg/mod/sigs.k8s.io/controller-runtime@v0.21.0/pkg/internal/controller/controller.go:340
  sigs.k8s.io/controller-runtime/pkg/internal/controller.(*Controller[...]).processNextWorkItem
  	/Users/priyolahiri/go/pkg/mod/sigs.k8s.io/controller-runtime@v0.21.0/pkg/internal/controller/controller.go:300
  sigs.k8s.io/controller-runtime/pkg/internal/controller.(*Controller[...]).Start.func2.1
  	/Users/priyolahiri/go/pkg/mod/sigs.k8s.io/controller-runtime@v0.21.0/pkg/internal/controller/controller.go:202
  2025-06-26T12:34:35+02:00	INFO	Warning: Reconciler returned both a non-zero result and a non-nil error. The result will always be ignored if the error is non-nil and the non-nil error causes requeuing with exponential backoff. For more details, see: https://pkg.go.dev/sigs.k8s.io/controller-runtime/pkg/reconcile#Reconciler	{"controller": "neo4jrestore", "controllerGroup": "neo4j.neo4j.com", "controllerKind": "Neo4jRestore", "Neo4jRestore": {"name":"test-restore-no-backup","namespace":"test-failure-1750934075033706000-1750934075035488000"}, "namespace": "test-failure-1750934075033706000-1750934075035488000", "name": "test-restore-no-backup", "reconcileID": "9bf711c4-e9e6-4e2c-b548-61de068d89d8"}
  2025-06-26T12:34:35+02:00	ERROR	Reconciler error	{"controller": "neo4jrestore", "controllerGroup": "neo4j.neo4j.com", "controllerKind": "Neo4jRestore", "Neo4jRestore": {"name":"test-restore-no-backup","namespace":"test-failure-1750934075033706000-1750934075035488000"}, "namespace": "test-failure-1750934075033706000-1750934075035488000", "name": "test-restore-no-backup", "reconcileID": "9bf711c4-e9e6-4e2c-b548-61de068d89d8", "error": "Neo4jEnterpriseCluster.neo4j.neo4j.com \"test-cluster\" not found"}
  sigs.k8s.io/controller-runtime/pkg/internal/controller.(*Controller[...]).reconcileHandler
  	/Users/priyolahiri/go/pkg/mod/sigs.k8s.io/controller-runtime@v0.21.0/pkg/internal/controller/controller.go:353
  sigs.k8s.io/controller-runtime/pkg/internal/controller.(*Controller[...]).processNextWorkItem
  	/Users/priyolahiri/go/pkg/mod/sigs.k8s.io/controller-runtime@v0.21.0/pkg/internal/controller/controller.go:300
  sigs.k8s.io/controller-runtime/pkg/internal/controller.(*Controller[...]).Start.func2.1
  	/Users/priyolahiri/go/pkg/mod/sigs.k8s.io/controller-runtime@v0.21.0/pkg/internal/controller/controller.go:202
  2025-06-26T12:34:35+02:00	INFO	Warning: Reconciler returned both a non-zero result and a non-nil error. The result will always be ignored if the error is non-nil and the non-nil error causes requeuing with exponential backoff. For more details, see: https://pkg.go.dev/sigs.k8s.io/controller-runtime/pkg/reconcile#Reconciler	{"controller": "neo4jbackup", "controllerGroup": "neo4j.neo4j.com", "controllerKind": "Neo4jBackup", "Neo4jBackup": {"name":"test-backup-no-cluster","namespace":"test-failure-1750934075031883000-1750934075034004000"}, "namespace": "test-failure-1750934075031883000-1750934075034004000", "name": "test-backup-no-cluster", "reconcileID": "a6f4867b-d0ba-4be2-8de9-30c2bdd35270"}
  2025-06-26T12:34:35+02:00	ERROR	Reconciler error	{"controller": "neo4jbackup", "controllerGroup": "neo4j.neo4j.com", "controllerKind": "Neo4jBackup", "Neo4jBackup": {"name":"test-backup-no-cluster","namespace":"test-failure-1750934075031883000-1750934075034004000"}, "namespace": "test-failure-1750934075031883000-1750934075034004000", "name": "test-backup-no-cluster", "reconcileID": "a6f4867b-d0ba-4be2-8de9-30c2bdd35270", "error": "Neo4jEnterpriseCluster.neo4j.neo4j.com \"non-existent-cluster\" not found"}
  sigs.k8s.io/controller-runtime/pkg/internal/controller.(*Controller[...]).reconcileHandler
  	/Users/priyolahiri/go/pkg/mod/sigs.k8s.io/controller-runtime@v0.21.0/pkg/internal/controller/controller.go:353
  sigs.k8s.io/controller-runtime/pkg/internal/controller.(*Controller[...]).processNextWorkItem
  	/Users/priyolahiri/go/pkg/mod/sigs.k8s.io/controller-runtime@v0.21.0/pkg/internal/controller/controller.go:300
  sigs.k8s.io/controller-runtime/pkg/internal/controller.(*Controller[...]).Start.func2.1
  	/Users/priyolahiri/go/pkg/mod/sigs.k8s.io/controller-runtime@v0.21.0/pkg/internal/controller/controller.go:202
  2025-06-26T12:34:35+02:00	ERROR	Failed to get target cluster	{"controller": "neo4jrestore", "controllerGroup": "neo4j.neo4j.com", "controllerKind": "Neo4jRestore", "Neo4jRestore": {"name":"test-restore-no-cluster","namespace":"test-failure-1750934075035366000-1750934075036586000"}, "namespace": "test-failure-1750934075035366000-1750934075036586000", "name": "test-restore-no-cluster", "reconcileID": "0fa86357-6361-434e-83ff-2c8c37af126b", "error": "Neo4jEnterpriseCluster.neo4j.neo4j.com \"non-existent-cluster\" not found"}
  github.com/neo4j-labs/neo4j-kubernetes-operator/internal/controller.(*Neo4jRestoreReconciler).Reconcile
  	/Users/priyolahiri/Code/neo4j-kubernetes-operator/internal/controller/neo4jrestore_controller.go:118
  sigs.k8s.io/controller-runtime/pkg/internal/controller.(*Controller[...]).Reconcile
  	/Users/priyolahiri/go/pkg/mod/sigs.k8s.io/controller-runtime@v0.21.0/pkg/internal/controller/controller.go:119
  sigs.k8s.io/controller-runtime/pkg/internal/controller.(*Controller[...]).reconcileHandler
  	/Users/priyolahiri/go/pkg/mod/sigs.k8s.io/controller-runtime@v0.21.0/pkg/internal/controller/controller.go:340
  sigs.k8s.io/controller-runtime/pkg/internal/controller.(*Controller[...]).processNextWorkItem
  	/Users/priyolahiri/go/pkg/mod/sigs.k8s.io/controller-runtime@v0.21.0/pkg/internal/controller/controller.go:300
  sigs.k8s.io/controller-runtime/pkg/internal/controller.(*Controller[...]).Start.func2.1
  	/Users/priyolahiri/go/pkg/mod/sigs.k8s.io/controller-runtime@v0.21.0/pkg/internal/controller/controller.go:202
  2025-06-26T12:34:35+02:00	INFO	Warning: Reconciler returned both a non-zero result and a non-nil error. The result will always be ignored if the error is non-nil and the non-nil error causes requeuing with exponential backoff. For more details, see: https://pkg.go.dev/sigs.k8s.io/controller-runtime/pkg/reconcile#Reconciler	{"controller": "neo4jrestore", "controllerGroup": "neo4j.neo4j.com", "controllerKind": "Neo4jRestore", "Neo4jRestore": {"name":"test-restore-no-cluster","namespace":"test-failure-1750934075035366000-1750934075036586000"}, "namespace": "test-failure-1750934075035366000-1750934075036586000", "name": "test-restore-no-cluster", "reconcileID": "0fa86357-6361-434e-83ff-2c8c37af126b"}
  2025-06-26T12:34:35+02:00	ERROR	Reconciler error	{"controller": "neo4jrestore", "controllerGroup": "neo4j.neo4j.com", "controllerKind": "Neo4jRestore", "Neo4jRestore": {"name":"test-restore-no-cluster","namespace":"test-failure-1750934075035366000-1750934075036586000"}, "namespace": "test-failure-1750934075035366000-1750934075036586000", "name": "test-restore-no-cluster", "reconcileID": "0fa86357-6361-434e-83ff-2c8c37af126b", "error": "Neo4jEnterpriseCluster.neo4j.neo4j.com \"non-existent-cluster\" not found"}
  sigs.k8s.io/controller-runtime/pkg/internal/controller.(*Controller[...]).reconcileHandler
  	/Users/priyolahiri/go/pkg/mod/sigs.k8s.io/controller-runtime@v0.21.0/pkg/internal/controller/controller.go:353
  sigs.k8s.io/controller-runtime/pkg/internal/controller.(*Controller[...]).processNextWorkItem
  	/Users/priyolahiri/go/pkg/mod/sigs.k8s.io/controller-runtime@v0.21.0/pkg/internal/controller/controller.go:300
  sigs.k8s.io/controller-runtime/pkg/internal/controller.(*Controller[...]).Start.func2.1
  	/Users/priyolahiri/go/pkg/mod/sigs.k8s.io/controller-runtime@v0.21.0/pkg/internal/controller/controller.go:202
  2025-06-26T12:34:35+02:00	ERROR	Failed to get target cluster	{"controller": "neo4jbackup", "controllerGroup": "neo4j.neo4j.com", "controllerKind": "Neo4jBackup", "Neo4jBackup": {"name":"test-backup-invalid-storage","namespace":"test-failure-1750934075033884000-1750934075035500000"}, "namespace": "test-failure-1750934075033884000-1750934075035500000", "name": "test-backup-invalid-storage", "reconcileID": "b78ab236-d14e-4ef2-9d8d-6eee75abf5cd", "error": "Neo4jEnterpriseCluster.neo4j.neo4j.com \"test-cluster\" not found"}
  github.com/neo4j-labs/neo4j-kubernetes-operator/internal/controller.(*Neo4jBackupReconciler).Reconcile
  	/Users/priyolahiri/Code/neo4j-kubernetes-operator/internal/controller/neo4jbackup_controller.go:106
  sigs.k8s.io/controller-runtime/pkg/internal/controller.(*Controller[...]).Reconcile
  	/Users/priyolahiri/go/pkg/mod/sigs.k8s.io/controller-runtime@v0.21.0/pkg/internal/controller/controller.go:119
  sigs.k8s.io/controller-runtime/pkg/internal/controller.(*Controller[...]).reconcileHandler
  	/Users/priyolahiri/go/pkg/mod/sigs.k8s.io/controller-runtime@v0.21.0/pkg/internal/controller/controller.go:340
  sigs.k8s.io/controller-runtime/pkg/internal/controller.(*Controller[...]).processNextWorkItem
  	/Users/priyolahiri/go/pkg/mod/sigs.k8s.io/controller-runtime@v0.21.0/pkg/internal/controller/controller.go:300
  sigs.k8s.io/controller-runtime/pkg/internal/controller.(*Controller[...]).Start.func2.1
  	/Users/priyolahiri/go/pkg/mod/sigs.k8s.io/controller-runtime@v0.21.0/pkg/internal/controller/controller.go:202
  2025-06-26T12:34:35+02:00	INFO	Warning: Reconciler returned both a non-zero result and a non-nil error. The result will always be ignored if the error is non-nil and the non-nil error causes requeuing with exponential backoff. For more details, see: https://pkg.go.dev/sigs.k8s.io/controller-runtime/pkg/reconcile#Reconciler	{"controller": "neo4jbackup", "controllerGroup": "neo4j.neo4j.com", "controllerKind": "Neo4jBackup", "Neo4jBackup": {"name":"test-backup-invalid-storage","namespace":"test-failure-1750934075033884000-1750934075035500000"}, "namespace": "test-failure-1750934075033884000-1750934075035500000", "name": "test-backup-invalid-storage", "reconcileID": "b78ab236-d14e-4ef2-9d8d-6eee75abf5cd"}
  2025-06-26T12:34:35+02:00	ERROR	Reconciler error	{"controller": "neo4jbackup", "controllerGroup": "neo4j.neo4j.com", "controllerKind": "Neo4jBackup", "Neo4jBackup": {"name":"test-backup-invalid-storage","namespace":"test-failure-1750934075033884000-1750934075035500000"}, "namespace": "test-failure-1750934075033884000-1750934075035500000", "name": "test-backup-invalid-storage", "reconcileID": "b78ab236-d14e-4ef2-9d8d-6eee75abf5cd", "error": "Neo4jEnterpriseCluster.neo4j.neo4j.com \"test-cluster\" not found"}
  sigs.k8s.io/controller-runtime/pkg/internal/controller.(*Controller[...]).reconcileHandler
  	/Users/priyolahiri/go/pkg/mod/sigs.k8s.io/controller-runtime@v0.21.0/pkg/internal/controller/controller.go:353
  sigs.k8s.io/controller-runtime/pkg/internal/controller.(*Controller[...]).processNextWorkItem
  	/Users/priyolahiri/go/pkg/mod/sigs.k8s.io/controller-runtime@v0.21.0/pkg/internal/controller/controller.go:300
  sigs.k8s.io/controller-runtime/pkg/internal/controller.(*Controller[...]).Start.func2.1
  	/Users/priyolahiri/go/pkg/mod/sigs.k8s.io/controller-runtime@v0.21.0/pkg/internal/controller/controller.go:202
  2025-06-26T12:34:35+02:00	ERROR	Failed to get target cluster	{"controller": "neo4jrestore", "controllerGroup": "neo4j.neo4j.com", "controllerKind": "Neo4jRestore", "Neo4jRestore": {"name":"test-restore-no-backup","namespace":"test-failure-1750934075033706000-1750934075035488000"}, "namespace": "test-failure-1750934075033706000-1750934075035488000", "name": "test-restore-no-backup", "reconcileID": "21e61448-c523-4097-b8d0-e75f41bf374f", "error": "Neo4jEnterpriseCluster.neo4j.neo4j.com \"test-cluster\" not found"}
  github.com/neo4j-labs/neo4j-kubernetes-operator/internal/controller.(*Neo4jRestoreReconciler).Reconcile
  	/Users/priyolahiri/Code/neo4j-kubernetes-operator/internal/controller/neo4jrestore_controller.go:118
  sigs.k8s.io/controller-runtime/pkg/internal/controller.(*Controller[...]).Reconcile
  	/Users/priyolahiri/go/pkg/mod/sigs.k8s.io/controller-runtime@v0.21.0/pkg/internal/controller/controller.go:119
  sigs.k8s.io/controller-runtime/pkg/internal/controller.(*Controller[...]).reconcileHandler
  	/Users/priyolahiri/go/pkg/mod/sigs.k8s.io/controller-runtime@v0.21.0/pkg/internal/controller/controller.go:340
  sigs.k8s.io/controller-runtime/pkg/internal/controller.(*Controller[...]).processNextWorkItem
  	/Users/priyolahiri/go/pkg/mod/sigs.k8s.io/controller-runtime@v0.21.0/pkg/internal/controller/controller.go:300
  sigs.k8s.io/controller-runtime/pkg/internal/controller.(*Controller[...]).Start.func2.1
  	/Users/priyolahiri/go/pkg/mod/sigs.k8s.io/controller-runtime@v0.21.0/pkg/internal/controller/controller.go:202
  2025-06-26T12:34:35+02:00	INFO	Warning: Reconciler returned both a non-zero result and a non-nil error. The result will always be ignored if the error is non-nil and the non-nil error causes requeuing with exponential backoff. For more details, see: https://pkg.go.dev/sigs.k8s.io/controller-runtime/pkg/reconcile#Reconciler	{"controller": "neo4jrestore", "controllerGroup": "neo4j.neo4j.com", "controllerKind": "Neo4jRestore", "Neo4jRestore": {"name":"test-restore-no-backup","namespace":"test-failure-1750934075033706000-1750934075035488000"}, "namespace": "test-failure-1750934075033706000-1750934075035488000", "name": "test-restore-no-backup", "reconcileID": "21e61448-c523-4097-b8d0-e75f41bf374f"}
  2025-06-26T12:34:35+02:00	ERROR	Reconciler error	{"controller": "neo4jrestore", "controllerGroup": "neo4j.neo4j.com", "controllerKind": "Neo4jRestore", "Neo4jRestore": {"name":"test-restore-no-backup","namespace":"test-failure-1750934075033706000-1750934075035488000"}, "namespace": "test-failure-1750934075033706000-1750934075035488000", "name": "test-restore-no-backup", "reconcileID": "21e61448-c523-4097-b8d0-e75f41bf374f", "error": "Neo4jEnterpriseCluster.neo4j.neo4j.com \"test-cluster\" not found"}
  sigs.k8s.io/controller-runtime/pkg/internal/controller.(*Controller[...]).reconcileHandler
  	/Users/priyolahiri/go/pkg/mod/sigs.k8s.io/controller-runtime@v0.21.0/pkg/internal/controller/controller.go:353
  sigs.k8s.io/controller-runtime/pkg/internal/controller.(*Controller[...]).processNextWorkItem
  	/Users/priyolahiri/go/pkg/mod/sigs.k8s.io/controller-runtime@v0.21.0/pkg/internal/controller/controller.go:300
  sigs.k8s.io/controller-runtime/pkg/internal/controller.(*Controller[...]).Start.func2.1
  	/Users/priyolahiri/go/pkg/mod/sigs.k8s.io/controller-runtime@v0.21.0/pkg/internal/controller/controller.go:202
  2025-06-26T12:34:35+02:00	ERROR	Failed to get target cluster	{"controller": "neo4jbackup", "controllerGroup": "neo4j.neo4j.com", "controllerKind": "Neo4jBackup", "Neo4jBackup": {"name":"test-backup-no-cluster","namespace":"test-failure-1750934075031883000-1750934075034004000"}, "namespace": "test-failure-1750934075031883000-1750934075034004000", "name": "test-backup-no-cluster", "reconcileID": "06764ee9-a1e0-4b79-827a-079dea0c0d78", "error": "Neo4jEnterpriseCluster.neo4j.neo4j.com \"non-existent-cluster\" not found"}
  github.com/neo4j-labs/neo4j-kubernetes-operator/internal/controller.(*Neo4jBackupReconciler).Reconcile
  	/Users/priyolahiri/Code/neo4j-kubernetes-operator/internal/controller/neo4jbackup_controller.go:106
  sigs.k8s.io/controller-runtime/pkg/internal/controller.(*Controller[...]).Reconcile
  	/Users/priyolahiri/go/pkg/mod/sigs.k8s.io/controller-runtime@v0.21.0/pkg/internal/controller/controller.go:119
  sigs.k8s.io/controller-runtime/pkg/internal/controller.(*Controller[...]).reconcileHandler
  	/Users/priyolahiri/go/pkg/mod/sigs.k8s.io/controller-runtime@v0.21.0/pkg/internal/controller/controller.go:340
  sigs.k8s.io/controller-runtime/pkg/internal/controller.(*Controller[...]).processNextWorkItem
  	/Users/priyolahiri/go/pkg/mod/sigs.k8s.io/controller-runtime@v0.21.0/pkg/internal/controller/controller.go:300
  sigs.k8s.io/controller-runtime/pkg/internal/controller.(*Controller[...]).Start.func2.1
  	/Users/priyolahiri/go/pkg/mod/sigs.k8s.io/controller-runtime@v0.21.0/pkg/internal/controller/controller.go:202
  2025-06-26T12:34:35+02:00	INFO	Warning: Reconciler returned both a non-zero result and a non-nil error. The result will always be ignored if the error is non-nil and the non-nil error causes requeuing with exponential backoff. For more details, see: https://pkg.go.dev/sigs.k8s.io/controller-runtime/pkg/reconcile#Reconciler	{"controller": "neo4jbackup", "controllerGroup": "neo4j.neo4j.com", "controllerKind": "Neo4jBackup", "Neo4jBackup": {"name":"test-backup-no-cluster","namespace":"test-failure-1750934075031883000-1750934075034004000"}, "namespace": "test-failure-1750934075031883000-1750934075034004000", "name": "test-backup-no-cluster", "reconcileID": "06764ee9-a1e0-4b79-827a-079dea0c0d78"}
  2025-06-26T12:34:35+02:00	ERROR	Reconciler error	{"controller": "neo4jbackup", "controllerGroup": "neo4j.neo4j.com", "controllerKind": "Neo4jBackup", "Neo4jBackup": {"name":"test-backup-no-cluster","namespace":"test-failure-1750934075031883000-1750934075034004000"}, "namespace": "test-failure-1750934075031883000-1750934075034004000", "name": "test-backup-no-cluster", "reconcileID": "06764ee9-a1e0-4b79-827a-079dea0c0d78", "error": "Neo4jEnterpriseCluster.neo4j.neo4j.com \"non-existent-cluster\" not found"}
  sigs.k8s.io/controller-runtime/pkg/internal/controller.(*Controller[...]).reconcileHandler
  	/Users/priyolahiri/go/pkg/mod/sigs.k8s.io/controller-runtime@v0.21.0/pkg/internal/controller/controller.go:353
  sigs.k8s.io/controller-runtime/pkg/internal/controller.(*Controller[...]).processNextWorkItem
  	/Users/priyolahiri/go/pkg/mod/sigs.k8s.io/controller-runtime@v0.21.0/pkg/internal/controller/controller.go:300
  sigs.k8s.io/controller-runtime/pkg/internal/controller.(*Controller[...]).Start.func2.1
  	/Users/priyolahiri/go/pkg/mod/sigs.k8s.io/controller-runtime@v0.21.0/pkg/internal/controller/controller.go:202
  2025-06-26T12:34:35+02:00	ERROR	Failed to get target cluster	{"controller": "neo4jrestore", "controllerGroup": "neo4j.neo4j.com", "controllerKind": "Neo4jRestore", "Neo4jRestore": {"name":"test-restore-no-cluster","namespace":"test-failure-1750934075035366000-1750934075036586000"}, "namespace": "test-failure-1750934075035366000-1750934075036586000", "name": "test-restore-no-cluster", "reconcileID": "22eb09bb-cf10-46e1-a509-9f0e2e32603d", "error": "Neo4jEnterpriseCluster.neo4j.neo4j.com \"non-existent-cluster\" not found"}
  github.com/neo4j-labs/neo4j-kubernetes-operator/internal/controller.(*Neo4jRestoreReconciler).Reconcile
  	/Users/priyolahiri/Code/neo4j-kubernetes-operator/internal/controller/neo4jrestore_controller.go:118
  sigs.k8s.io/controller-runtime/pkg/internal/controller.(*Controller[...]).Reconcile
  	/Users/priyolahiri/go/pkg/mod/sigs.k8s.io/controller-runtime@v0.21.0/pkg/internal/controller/controller.go:119
  sigs.k8s.io/controller-runtime/pkg/internal/controller.(*Controller[...]).reconcileHandler
  	/Users/priyolahiri/go/pkg/mod/sigs.k8s.io/controller-runtime@v0.21.0/pkg/internal/controller/controller.go:340
  sigs.k8s.io/controller-runtime/pkg/internal/controller.(*Controller[...]).processNextWorkItem
  	/Users/priyolahiri/go/pkg/mod/sigs.k8s.io/controller-runtime@v0.21.0/pkg/internal/controller/controller.go:300
  sigs.k8s.io/controller-runtime/pkg/internal/controller.(*Controller[...]).Start.func2.1
  	/Users/priyolahiri/go/pkg/mod/sigs.k8s.io/controller-runtime@v0.21.0/pkg/internal/controller/controller.go:202
  2025-06-26T12:34:35+02:00	INFO	Warning: Reconciler returned both a non-zero result and a non-nil error. The result will always be ignored if the error is non-nil and the non-nil error causes requeuing with exponential backoff. For more details, see: https://pkg.go.dev/sigs.k8s.io/controller-runtime/pkg/reconcile#Reconciler	{"controller": "neo4jrestore", "controllerGroup": "neo4j.neo4j.com", "controllerKind": "Neo4jRestore", "Neo4jRestore": {"name":"test-restore-no-cluster","namespace":"test-failure-1750934075035366000-1750934075036586000"}, "namespace": "test-failure-1750934075035366000-1750934075036586000", "name": "test-restore-no-cluster", "reconcileID": "22eb09bb-cf10-46e1-a509-9f0e2e32603d"}
  2025-06-26T12:34:35+02:00	ERROR	Reconciler error	{"controller": "neo4jrestore", "controllerGroup": "neo4j.neo4j.com", "controllerKind": "Neo4jRestore", "Neo4jRestore": {"name":"test-restore-no-cluster","namespace":"test-failure-1750934075035366000-1750934075036586000"}, "namespace": "test-failure-1750934075035366000-1750934075036586000", "name": "test-restore-no-cluster", "reconcileID": "22eb09bb-cf10-46e1-a509-9f0e2e32603d", "error": "Neo4jEnterpriseCluster.neo4j.neo4j.com \"non-existent-cluster\" not found"}
  sigs.k8s.io/controller-runtime/pkg/internal/controller.(*Controller[...]).reconcileHandler
  	/Users/priyolahiri/go/pkg/mod/sigs.k8s.io/controller-runtime@v0.21.0/pkg/internal/controller/controller.go:353
  sigs.k8s.io/controller-runtime/pkg/internal/controller.(*Controller[...]).processNextWorkItem
  	/Users/priyolahiri/go/pkg/mod/sigs.k8s.io/controller-runtime@v0.21.0/pkg/internal/controller/controller.go:300
  sigs.k8s.io/controller-runtime/pkg/internal/controller.(*Controller[...]).Start.func2.1
  	/Users/priyolahiri/go/pkg/mod/sigs.k8s.io/controller-runtime@v0.21.0/pkg/internal/controller/controller.go:202
  2025-06-26T12:34:35+02:00	ERROR	Failed to get target cluster	{"controller": "neo4jbackup", "controllerGroup": "neo4j.neo4j.com", "controllerKind": "Neo4jBackup", "Neo4jBackup": {"name":"test-backup-invalid-storage","namespace":"test-failure-1750934075033884000-1750934075035500000"}, "namespace": "test-failure-1750934075033884000-1750934075035500000", "name": "test-backup-invalid-storage", "reconcileID": "0785d117-1b64-4fa2-875e-85aa8d7b252a", "error": "Neo4jEnterpriseCluster.neo4j.neo4j.com \"test-cluster\" not found"}
  github.com/neo4j-labs/neo4j-kubernetes-operator/internal/controller.(*Neo4jBackupReconciler).Reconcile
  	/Users/priyolahiri/Code/neo4j-kubernetes-operator/internal/controller/neo4jbackup_controller.go:106
  sigs.k8s.io/controller-runtime/pkg/internal/controller.(*Controller[...]).Reconcile
  	/Users/priyolahiri/go/pkg/mod/sigs.k8s.io/controller-runtime@v0.21.0/pkg/internal/controller/controller.go:119
  sigs.k8s.io/controller-runtime/pkg/internal/controller.(*Controller[...]).reconcileHandler
  	/Users/priyolahiri/go/pkg/mod/sigs.k8s.io/controller-runtime@v0.21.0/pkg/internal/controller/controller.go:340
  sigs.k8s.io/controller-runtime/pkg/internal/controller.(*Controller[...]).processNextWorkItem
  	/Users/priyolahiri/go/pkg/mod/sigs.k8s.io/controller-runtime@v0.21.0/pkg/internal/controller/controller.go:300
  sigs.k8s.io/controller-runtime/pkg/internal/controller.(*Controller[...]).Start.func2.1
  	/Users/priyolahiri/go/pkg/mod/sigs.k8s.io/controller-runtime@v0.21.0/pkg/internal/controller/controller.go:202
  2025-06-26T12:34:35+02:00	INFO	Warning: Reconciler returned both a non-zero result and a non-nil error. The result will always be ignored if the error is non-nil and the non-nil error causes requeuing with exponential backoff. For more details, see: https://pkg.go.dev/sigs.k8s.io/controller-runtime/pkg/reconcile#Reconciler	{"controller": "neo4jbackup", "controllerGroup": "neo4j.neo4j.com", "controllerKind": "Neo4jBackup", "Neo4jBackup": {"name":"test-backup-invalid-storage","namespace":"test-failure-1750934075033884000-1750934075035500000"}, "namespace": "test-failure-1750934075033884000-1750934075035500000", "name": "test-backup-invalid-storage", "reconcileID": "0785d117-1b64-4fa2-875e-85aa8d7b252a"}
  2025-06-26T12:34:35+02:00	ERROR	Reconciler error	{"controller": "neo4jbackup", "controllerGroup": "neo4j.neo4j.com", "controllerKind": "Neo4jBackup", "Neo4jBackup": {"name":"test-backup-invalid-storage","namespace":"test-failure-1750934075033884000-1750934075035500000"}, "namespace": "test-failure-1750934075033884000-1750934075035500000", "name": "test-backup-invalid-storage", "reconcileID": "0785d117-1b64-4fa2-875e-85aa8d7b252a", "error": "Neo4jEnterpriseCluster.neo4j.neo4j.com \"test-cluster\" not found"}
  sigs.k8s.io/controller-runtime/pkg/internal/controller.(*Controller[...]).reconcileHandler
  	/Users/priyolahiri/go/pkg/mod/sigs.k8s.io/controller-runtime@v0.21.0/pkg/internal/controller/controller.go:353
  sigs.k8s.io/controller-runtime/pkg/internal/controller.(*Controller[...]).processNextWorkItem
  	/Users/priyolahiri/go/pkg/mod/sigs.k8s.io/controller-runtime@v0.21.0/pkg/internal/controller/controller.go:300
  sigs.k8s.io/controller-runtime/pkg/internal/controller.(*Controller[...]).Start.func2.1
  	/Users/priyolahiri/go/pkg/mod/sigs.k8s.io/controller-runtime@v0.21.0/pkg/internal/controller/controller.go:202
  2025-06-26T12:34:35+02:00	ERROR	Failed to get target cluster	{"controller": "neo4jrestore", "controllerGroup": "neo4j.neo4j.com", "controllerKind": "Neo4jRestore", "Neo4jRestore": {"name":"test-restore-no-backup","namespace":"test-failure-1750934075033706000-1750934075035488000"}, "namespace": "test-failure-1750934075033706000-1750934075035488000", "name": "test-restore-no-backup", "reconcileID": "ce673ac4-c083-40d7-a729-17df7b8be9c9", "error": "Neo4jEnterpriseCluster.neo4j.neo4j.com \"test-cluster\" not found"}
  github.com/neo4j-labs/neo4j-kubernetes-operator/internal/controller.(*Neo4jRestoreReconciler).Reconcile
  	/Users/priyolahiri/Code/neo4j-kubernetes-operator/internal/controller/neo4jrestore_controller.go:118
  sigs.k8s.io/controller-runtime/pkg/internal/controller.(*Controller[...]).Reconcile
  	/Users/priyolahiri/go/pkg/mod/sigs.k8s.io/controller-runtime@v0.21.0/pkg/internal/controller/controller.go:119
  sigs.k8s.io/controller-runtime/pkg/internal/controller.(*Controller[...]).reconcileHandler
  	/Users/priyolahiri/go/pkg/mod/sigs.k8s.io/controller-runtime@v0.21.0/pkg/internal/controller/controller.go:340
  sigs.k8s.io/controller-runtime/pkg/internal/controller.(*Controller[...]).processNextWorkItem
  	/Users/priyolahiri/go/pkg/mod/sigs.k8s.io/controller-runtime@v0.21.0/pkg/internal/controller/controller.go:300
  sigs.k8s.io/controller-runtime/pkg/internal/controller.(*Controller[...]).Start.func2.1
  	/Users/priyolahiri/go/pkg/mod/sigs.k8s.io/controller-runtime@v0.21.0/pkg/internal/controller/controller.go:202
  2025-06-26T12:34:35+02:00	INFO	Warning: Reconciler returned both a non-zero result and a non-nil error. The result will always be ignored if the error is non-nil and the non-nil error causes requeuing with exponential backoff. For more details, see: https://pkg.go.dev/sigs.k8s.io/controller-runtime/pkg/reconcile#Reconciler	{"controller": "neo4jrestore", "controllerGroup": "neo4j.neo4j.com", "controllerKind": "Neo4jRestore", "Neo4jRestore": {"name":"test-restore-no-backup","namespace":"test-failure-1750934075033706000-1750934075035488000"}, "namespace": "test-failure-1750934075033706000-1750934075035488000", "name": "test-restore-no-backup", "reconcileID": "ce673ac4-c083-40d7-a729-17df7b8be9c9"}
  2025-06-26T12:34:35+02:00	ERROR	Reconciler error	{"controller": "neo4jrestore", "controllerGroup": "neo4j.neo4j.com", "controllerKind": "Neo4jRestore", "Neo4jRestore": {"name":"test-restore-no-backup","namespace":"test-failure-1750934075033706000-1750934075035488000"}, "namespace": "test-failure-1750934075033706000-1750934075035488000", "name": "test-restore-no-backup", "reconcileID": "ce673ac4-c083-40d7-a729-17df7b8be9c9", "error": "Neo4jEnterpriseCluster.neo4j.neo4j.com \"test-cluster\" not found"}
  sigs.k8s.io/controller-runtime/pkg/internal/controller.(*Controller[...]).reconcileHandler
  	/Users/priyolahiri/go/pkg/mod/sigs.k8s.io/controller-runtime@v0.21.0/pkg/internal/controller/controller.go:353
  sigs.k8s.io/controller-runtime/pkg/internal/controller.(*Controller[...]).processNextWorkItem
  	/Users/priyolahiri/go/pkg/mod/sigs.k8s.io/controller-runtime@v0.21.0/pkg/internal/controller/controller.go:300
  sigs.k8s.io/controller-runtime/pkg/internal/controller.(*Controller[...]).Start.func2.1
  	/Users/priyolahiri/go/pkg/mod/sigs.k8s.io/controller-runtime@v0.21.0/pkg/internal/controller/controller.go:202
  2025-06-26T12:34:35+02:00	ERROR	Failed to get target cluster	{"controller": "neo4jbackup", "controllerGroup": "neo4j.neo4j.com", "controllerKind": "Neo4jBackup", "Neo4jBackup": {"name":"test-backup-no-cluster","namespace":"test-failure-1750934075031883000-1750934075034004000"}, "namespace": "test-failure-1750934075031883000-1750934075034004000", "name": "test-backup-no-cluster", "reconcileID": "295c9ab2-bc9a-427b-a942-9218e08fd894", "error": "Neo4jEnterpriseCluster.neo4j.neo4j.com \"non-existent-cluster\" not found"}
  github.com/neo4j-labs/neo4j-kubernetes-operator/internal/controller.(*Neo4jBackupReconciler).Reconcile
  	/Users/priyolahiri/Code/neo4j-kubernetes-operator/internal/controller/neo4jbackup_controller.go:106
  sigs.k8s.io/controller-runtime/pkg/internal/controller.(*Controller[...]).Reconcile
  	/Users/priyolahiri/go/pkg/mod/sigs.k8s.io/controller-runtime@v0.21.0/pkg/internal/controller/controller.go:119
  sigs.k8s.io/controller-runtime/pkg/internal/controller.(*Controller[...]).reconcileHandler
  	/Users/priyolahiri/go/pkg/mod/sigs.k8s.io/controller-runtime@v0.21.0/pkg/internal/controller/controller.go:340
  sigs.k8s.io/controller-runtime/pkg/internal/controller.(*Controller[...]).processNextWorkItem
  	/Users/priyolahiri/go/pkg/mod/sigs.k8s.io/controller-runtime@v0.21.0/pkg/internal/controller/controller.go:300
  sigs.k8s.io/controller-runtime/pkg/internal/controller.(*Controller[...]).Start.func2.1
  	/Users/priyolahiri/go/pkg/mod/sigs.k8s.io/controller-runtime@v0.21.0/pkg/internal/controller/controller.go:202
  2025-06-26T12:34:35+02:00	INFO	Warning: Reconciler returned both a non-zero result and a non-nil error. The result will always be ignored if the error is non-nil and the non-nil error causes requeuing with exponential backoff. For more details, see: https://pkg.go.dev/sigs.k8s.io/controller-runtime/pkg/reconcile#Reconciler	{"controller": "neo4jbackup", "controllerGroup": "neo4j.neo4j.com", "controllerKind": "Neo4jBackup", "Neo4jBackup": {"name":"test-backup-no-cluster","namespace":"test-failure-1750934075031883000-1750934075034004000"}, "namespace": "test-failure-1750934075031883000-1750934075034004000", "name": "test-backup-no-cluster", "reconcileID": "295c9ab2-bc9a-427b-a942-9218e08fd894"}
  2025-06-26T12:34:35+02:00	ERROR	Reconciler error	{"controller": "neo4jbackup", "controllerGroup": "neo4j.neo4j.com", "controllerKind": "Neo4jBackup", "Neo4jBackup": {"name":"test-backup-no-cluster","namespace":"test-failure-1750934075031883000-1750934075034004000"}, "namespace": "test-failure-1750934075031883000-1750934075034004000", "name": "test-backup-no-cluster", "reconcileID": "295c9ab2-bc9a-427b-a942-9218e08fd894", "error": "Neo4jEnterpriseCluster.neo4j.neo4j.com \"non-existent-cluster\" not found"}
  sigs.k8s.io/controller-runtime/pkg/internal/controller.(*Controller[...]).reconcileHandler
  	/Users/priyolahiri/go/pkg/mod/sigs.k8s.io/controller-runtime@v0.21.0/pkg/internal/controller/controller.go:353
  sigs.k8s.io/controller-runtime/pkg/internal/controller.(*Controller[...]).processNextWorkItem
  	/Users/priyolahiri/go/pkg/mod/sigs.k8s.io/controller-runtime@v0.21.0/pkg/internal/controller/controller.go:300
  sigs.k8s.io/controller-runtime/pkg/internal/controller.(*Controller[...]).Start.func2.1
  	/Users/priyolahiri/go/pkg/mod/sigs.k8s.io/controller-runtime@v0.21.0/pkg/internal/controller/controller.go:202
  2025-06-26T12:34:35+02:00	ERROR	Failed to get target cluster	{"controller": "neo4jrestore", "controllerGroup": "neo4j.neo4j.com", "controllerKind": "Neo4jRestore", "Neo4jRestore": {"name":"test-restore-no-cluster","namespace":"test-failure-1750934075035366000-1750934075036586000"}, "namespace": "test-failure-1750934075035366000-1750934075036586000", "name": "test-restore-no-cluster", "reconcileID": "80928b38-fbaf-49f3-9825-3024aac1448f", "error": "Neo4jEnterpriseCluster.neo4j.neo4j.com \"non-existent-cluster\" not found"}
  github.com/neo4j-labs/neo4j-kubernetes-operator/internal/controller.(*Neo4jRestoreReconciler).Reconcile
  	/Users/priyolahiri/Code/neo4j-kubernetes-operator/internal/controller/neo4jrestore_controller.go:118
  sigs.k8s.io/controller-runtime/pkg/internal/controller.(*Controller[...]).Reconcile
  	/Users/priyolahiri/go/pkg/mod/sigs.k8s.io/controller-runtime@v0.21.0/pkg/internal/controller/controller.go:119
  sigs.k8s.io/controller-runtime/pkg/internal/controller.(*Controller[...]).reconcileHandler
  	/Users/priyolahiri/go/pkg/mod/sigs.k8s.io/controller-runtime@v0.21.0/pkg/internal/controller/controller.go:340
  sigs.k8s.io/controller-runtime/pkg/internal/controller.(*Controller[...]).processNextWorkItem
  	/Users/priyolahiri/go/pkg/mod/sigs.k8s.io/controller-runtime@v0.21.0/pkg/internal/controller/controller.go:300
  sigs.k8s.io/controller-runtime/pkg/internal/controller.(*Controller[...]).Start.func2.1
  	/Users/priyolahiri/go/pkg/mod/sigs.k8s.io/controller-runtime@v0.21.0/pkg/internal/controller/controller.go:202
  2025-06-26T12:34:35+02:00	INFO	Warning: Reconciler returned both a non-zero result and a non-nil error. The result will always be ignored if the error is non-nil and the non-nil error causes requeuing with exponential backoff. For more details, see: https://pkg.go.dev/sigs.k8s.io/controller-runtime/pkg/reconcile#Reconciler	{"controller": "neo4jrestore", "controllerGroup": "neo4j.neo4j.com", "controllerKind": "Neo4jRestore", "Neo4jRestore": {"name":"test-restore-no-cluster","namespace":"test-failure-1750934075035366000-1750934075036586000"}, "namespace": "test-failure-1750934075035366000-1750934075036586000", "name": "test-restore-no-cluster", "reconcileID": "80928b38-fbaf-49f3-9825-3024aac1448f"}
  2025-06-26T12:34:35+02:00	ERROR	Reconciler error	{"controller": "neo4jrestore", "controllerGroup": "neo4j.neo4j.com", "controllerKind": "Neo4jRestore", "Neo4jRestore": {"name":"test-restore-no-cluster","namespace":"test-failure-1750934075035366000-1750934075036586000"}, "namespace": "test-failure-1750934075035366000-1750934075036586000", "name": "test-restore-no-cluster", "reconcileID": "80928b38-fbaf-49f3-9825-3024aac1448f", "error": "Neo4jEnterpriseCluster.neo4j.neo4j.com \"non-existent-cluster\" not found"}
  sigs.k8s.io/controller-runtime/pkg/internal/controller.(*Controller[...]).reconcileHandler
  	/Users/priyolahiri/go/pkg/mod/sigs.k8s.io/controller-runtime@v0.21.0/pkg/internal/controller/controller.go:353
  sigs.k8s.io/controller-runtime/pkg/internal/controller.(*Controller[...]).processNextWorkItem
  	/Users/priyolahiri/go/pkg/mod/sigs.k8s.io/controller-runtime@v0.21.0/pkg/internal/controller/controller.go:300
  sigs.k8s.io/controller-runtime/pkg/internal/controller.(*Controller[...]).Start.func2.1
  	/Users/priyolahiri/go/pkg/mod/sigs.k8s.io/controller-runtime@v0.21.0/pkg/internal/controller/controller.go:202
  2025-06-26T12:34:35+02:00	ERROR	Failed to get target cluster	{"controller": "neo4jbackup", "controllerGroup": "neo4j.neo4j.com", "controllerKind": "Neo4jBackup", "Neo4jBackup": {"name":"test-backup-invalid-storage","namespace":"test-failure-1750934075033884000-1750934075035500000"}, "namespace": "test-failure-1750934075033884000-1750934075035500000", "name": "test-backup-invalid-storage", "reconcileID": "6de736c8-ea4e-4517-8c41-5e6a8520bbee", "error": "Neo4jEnterpriseCluster.neo4j.neo4j.com \"test-cluster\" not found"}
  github.com/neo4j-labs/neo4j-kubernetes-operator/internal/controller.(*Neo4jBackupReconciler).Reconcile
  	/Users/priyolahiri/Code/neo4j-kubernetes-operator/internal/controller/neo4jbackup_controller.go:106
  sigs.k8s.io/controller-runtime/pkg/internal/controller.(*Controller[...]).Reconcile
  	/Users/priyolahiri/go/pkg/mod/sigs.k8s.io/controller-runtime@v0.21.0/pkg/internal/controller/controller.go:119
  sigs.k8s.io/controller-runtime/pkg/internal/controller.(*Controller[...]).reconcileHandler
  	/Users/priyolahiri/go/pkg/mod/sigs.k8s.io/controller-runtime@v0.21.0/pkg/internal/controller/controller.go:340
  sigs.k8s.io/controller-runtime/pkg/internal/controller.(*Controller[...]).processNextWorkItem
  	/Users/priyolahiri/go/pkg/mod/sigs.k8s.io/controller-runtime@v0.21.0/pkg/internal/controller/controller.go:300
  sigs.k8s.io/controller-runtime/pkg/internal/controller.(*Controller[...]).Start.func2.1
  	/Users/priyolahiri/go/pkg/mod/sigs.k8s.io/controller-runtime@v0.21.0/pkg/internal/controller/controller.go:202
  2025-06-26T12:34:35+02:00	INFO	Warning: Reconciler returned both a non-zero result and a non-nil error. The result will always be ignored if the error is non-nil and the non-nil error causes requeuing with exponential backoff. For more details, see: https://pkg.go.dev/sigs.k8s.io/controller-runtime/pkg/reconcile#Reconciler	{"controller": "neo4jbackup", "controllerGroup": "neo4j.neo4j.com", "controllerKind": "Neo4jBackup", "Neo4jBackup": {"name":"test-backup-invalid-storage","namespace":"test-failure-1750934075033884000-1750934075035500000"}, "namespace": "test-failure-1750934075033884000-1750934075035500000", "name": "test-backup-invalid-storage", "reconcileID": "6de736c8-ea4e-4517-8c41-5e6a8520bbee"}
  2025-06-26T12:34:35+02:00	ERROR	Reconciler error	{"controller": "neo4jbackup", "controllerGroup": "neo4j.neo4j.com", "controllerKind": "Neo4jBackup", "Neo4jBackup": {"name":"test-backup-invalid-storage","namespace":"test-failure-1750934075033884000-1750934075035500000"}, "namespace": "test-failure-1750934075033884000-1750934075035500000", "name": "test-backup-invalid-storage", "reconcileID": "6de736c8-ea4e-4517-8c41-5e6a8520bbee", "error": "Neo4jEnterpriseCluster.neo4j.neo4j.com \"test-cluster\" not found"}
  sigs.k8s.io/controller-runtime/pkg/internal/controller.(*Controller[...]).reconcileHandler
  	/Users/priyolahiri/go/pkg/mod/sigs.k8s.io/controller-runtime@v0.21.0/pkg/internal/controller/controller.go:353
  sigs.k8s.io/controller-runtime/pkg/internal/controller.(*Controller[...]).processNextWorkItem
  	/Users/priyolahiri/go/pkg/mod/sigs.k8s.io/controller-runtime@v0.21.0/pkg/internal/controller/controller.go:300
  sigs.k8s.io/controller-runtime/pkg/internal/controller.(*Controller[...]).Start.func2.1
  	/Users/priyolahiri/go/pkg/mod/sigs.k8s.io/controller-runtime@v0.21.0/pkg/internal/controller/controller.go:202
  2025-06-26T12:34:35+02:00	ERROR	Failed to get target cluster	{"controller": "neo4jrestore", "controllerGroup": "neo4j.neo4j.com", "controllerKind": "Neo4jRestore", "Neo4jRestore": {"name":"test-restore-no-backup","namespace":"test-failure-1750934075033706000-1750934075035488000"}, "namespace": "test-failure-1750934075033706000-1750934075035488000", "name": "test-restore-no-backup", "reconcileID": "bc456bab-5376-4970-9103-40a5e7e8327e", "error": "Neo4jEnterpriseCluster.neo4j.neo4j.com \"test-cluster\" not found"}
  github.com/neo4j-labs/neo4j-kubernetes-operator/internal/controller.(*Neo4jRestoreReconciler).Reconcile
  	/Users/priyolahiri/Code/neo4j-kubernetes-operator/internal/controller/neo4jrestore_controller.go:118
  sigs.k8s.io/controller-runtime/pkg/internal/controller.(*Controller[...]).Reconcile
  	/Users/priyolahiri/go/pkg/mod/sigs.k8s.io/controller-runtime@v0.21.0/pkg/internal/controller/controller.go:119
  sigs.k8s.io/controller-runtime/pkg/internal/controller.(*Controller[...]).reconcileHandler
  	/Users/priyolahiri/go/pkg/mod/sigs.k8s.io/controller-runtime@v0.21.0/pkg/internal/controller/controller.go:340
  sigs.k8s.io/controller-runtime/pkg/internal/controller.(*Controller[...]).processNextWorkItem
  	/Users/priyolahiri/go/pkg/mod/sigs.k8s.io/controller-runtime@v0.21.0/pkg/internal/controller/controller.go:300
  sigs.k8s.io/controller-runtime/pkg/internal/controller.(*Controller[...]).Start.func2.1
  	/Users/priyolahiri/go/pkg/mod/sigs.k8s.io/controller-runtime@v0.21.0/pkg/internal/controller/controller.go:202
  2025-06-26T12:34:35+02:00	INFO	Warning: Reconciler returned both a non-zero result and a non-nil error. The result will always be ignored if the error is non-nil and the non-nil error causes requeuing with exponential backoff. For more details, see: https://pkg.go.dev/sigs.k8s.io/controller-runtime/pkg/reconcile#Reconciler	{"controller": "neo4jrestore", "controllerGroup": "neo4j.neo4j.com", "controllerKind": "Neo4jRestore", "Neo4jRestore": {"name":"test-restore-no-backup","namespace":"test-failure-1750934075033706000-1750934075035488000"}, "namespace": "test-failure-1750934075033706000-1750934075035488000", "name": "test-restore-no-backup", "reconcileID": "bc456bab-5376-4970-9103-40a5e7e8327e"}
  2025-06-26T12:34:35+02:00	ERROR	Reconciler error	{"controller": "neo4jrestore", "controllerGroup": "neo4j.neo4j.com", "controllerKind": "Neo4jRestore", "Neo4jRestore": {"name":"test-restore-no-backup","namespace":"test-failure-1750934075033706000-1750934075035488000"}, "namespace": "test-failure-1750934075033706000-1750934075035488000", "name": "test-restore-no-backup", "reconcileID": "bc456bab-5376-4970-9103-40a5e7e8327e", "error": "Neo4jEnterpriseCluster.neo4j.neo4j.com \"test-cluster\" not found"}
  sigs.k8s.io/controller-runtime/pkg/internal/controller.(*Controller[...]).reconcileHandler
  	/Users/priyolahiri/go/pkg/mod/sigs.k8s.io/controller-runtime@v0.21.0/pkg/internal/controller/controller.go:353
  sigs.k8s.io/controller-runtime/pkg/internal/controller.(*Controller[...]).processNextWorkItem
  	/Users/priyolahiri/go/pkg/mod/sigs.k8s.io/controller-runtime@v0.21.0/pkg/internal/controller/controller.go:300
  sigs.k8s.io/controller-runtime/pkg/internal/controller.(*Controller[...]).Start.func2.1
  	/Users/priyolahiri/go/pkg/mod/sigs.k8s.io/controller-runtime@v0.21.0/pkg/internal/controller/controller.go:202
  2025-06-26T12:34:35+02:00	ERROR	Failed to get target cluster	{"controller": "neo4jbackup", "controllerGroup": "neo4j.neo4j.com", "controllerKind": "Neo4jBackup", "Neo4jBackup": {"name":"test-backup-no-cluster","namespace":"test-failure-1750934075031883000-1750934075034004000"}, "namespace": "test-failure-1750934075031883000-1750934075034004000", "name": "test-backup-no-cluster", "reconcileID": "7f5cd5fc-f8db-41f9-a178-d0fec794d25c", "error": "Neo4jEnterpriseCluster.neo4j.neo4j.com \"non-existent-cluster\" not found"}
  github.com/neo4j-labs/neo4j-kubernetes-operator/internal/controller.(*Neo4jBackupReconciler).Reconcile
  	/Users/priyolahiri/Code/neo4j-kubernetes-operator/internal/controller/neo4jbackup_controller.go:106
  sigs.k8s.io/controller-runtime/pkg/internal/controller.(*Controller[...]).Reconcile
  	/Users/priyolahiri/go/pkg/mod/sigs.k8s.io/controller-runtime@v0.21.0/pkg/internal/controller/controller.go:119
  sigs.k8s.io/controller-runtime/pkg/internal/controller.(*Controller[...]).reconcileHandler
  	/Users/priyolahiri/go/pkg/mod/sigs.k8s.io/controller-runtime@v0.21.0/pkg/internal/controller/controller.go:340
  sigs.k8s.io/controller-runtime/pkg/internal/controller.(*Controller[...]).processNextWorkItem
  	/Users/priyolahiri/go/pkg/mod/sigs.k8s.io/controller-runtime@v0.21.0/pkg/internal/controller/controller.go:300
  sigs.k8s.io/controller-runtime/pkg/internal/controller.(*Controller[...]).Start.func2.1
  	/Users/priyolahiri/go/pkg/mod/sigs.k8s.io/controller-runtime@v0.21.0/pkg/internal/controller/controller.go:202
  2025-06-26T12:34:35+02:00	INFO	Warning: Reconciler returned both a non-zero result and a non-nil error. The result will always be ignored if the error is non-nil and the non-nil error causes requeuing with exponential backoff. For more details, see: https://pkg.go.dev/sigs.k8s.io/controller-runtime/pkg/reconcile#Reconciler	{"controller": "neo4jbackup", "controllerGroup": "neo4j.neo4j.com", "controllerKind": "Neo4jBackup", "Neo4jBackup": {"name":"test-backup-no-cluster","namespace":"test-failure-1750934075031883000-1750934075034004000"}, "namespace": "test-failure-1750934075031883000-1750934075034004000", "name": "test-backup-no-cluster", "reconcileID": "7f5cd5fc-f8db-41f9-a178-d0fec794d25c"}
  2025-06-26T12:34:35+02:00	ERROR	Reconciler error	{"controller": "neo4jbackup", "controllerGroup": "neo4j.neo4j.com", "controllerKind": "Neo4jBackup", "Neo4jBackup": {"name":"test-backup-no-cluster","namespace":"test-failure-1750934075031883000-1750934075034004000"}, "namespace": "test-failure-1750934075031883000-1750934075034004000", "name": "test-backup-no-cluster", "reconcileID": "7f5cd5fc-f8db-41f9-a178-d0fec794d25c", "error": "Neo4jEnterpriseCluster.neo4j.neo4j.com \"non-existent-cluster\" not found"}
  sigs.k8s.io/controller-runtime/pkg/internal/controller.(*Controller[...]).reconcileHandler
  	/Users/priyolahiri/go/pkg/mod/sigs.k8s.io/controller-runtime@v0.21.0/pkg/internal/controller/controller.go:353
  sigs.k8s.io/controller-runtime/pkg/internal/controller.(*Controller[...]).processNextWorkItem
  	/Users/priyolahiri/go/pkg/mod/sigs.k8s.io/controller-runtime@v0.21.0/pkg/internal/controller/controller.go:300
  sigs.k8s.io/controller-runtime/pkg/internal/controller.(*Controller[...]).Start.func2.1
  	/Users/priyolahiri/go/pkg/mod/sigs.k8s.io/controller-runtime@v0.21.0/pkg/internal/controller/controller.go:202
  2025-06-26T12:34:35+02:00	ERROR	Failed to get target cluster	{"controller": "neo4jrestore", "controllerGroup": "neo4j.neo4j.com", "controllerKind": "Neo4jRestore", "Neo4jRestore": {"name":"test-restore-no-cluster","namespace":"test-failure-1750934075035366000-1750934075036586000"}, "namespace": "test-failure-1750934075035366000-1750934075036586000", "name": "test-restore-no-cluster", "reconcileID": "da4ac3bc-bad5-46ea-8dcc-79e640e01381", "error": "Neo4jEnterpriseCluster.neo4j.neo4j.com \"non-existent-cluster\" not found"}
  github.com/neo4j-labs/neo4j-kubernetes-operator/internal/controller.(*Neo4jRestoreReconciler).Reconcile
  	/Users/priyolahiri/Code/neo4j-kubernetes-operator/internal/controller/neo4jrestore_controller.go:118
  sigs.k8s.io/controller-runtime/pkg/internal/controller.(*Controller[...]).Reconcile
  	/Users/priyolahiri/go/pkg/mod/sigs.k8s.io/controller-runtime@v0.21.0/pkg/internal/controller/controller.go:119
  sigs.k8s.io/controller-runtime/pkg/internal/controller.(*Controller[...]).reconcileHandler
  	/Users/priyolahiri/go/pkg/mod/sigs.k8s.io/controller-runtime@v0.21.0/pkg/internal/controller/controller.go:340
  sigs.k8s.io/controller-runtime/pkg/internal/controller.(*Controller[...]).processNextWorkItem
  	/Users/priyolahiri/go/pkg/mod/sigs.k8s.io/controller-runtime@v0.21.0/pkg/internal/controller/controller.go:300
  sigs.k8s.io/controller-runtime/pkg/internal/controller.(*Controller[...]).Start.func2.1
  	/Users/priyolahiri/go/pkg/mod/sigs.k8s.io/controller-runtime@v0.21.0/pkg/internal/controller/controller.go:202
  2025-06-26T12:34:35+02:00	INFO	Warning: Reconciler returned both a non-zero result and a non-nil error. The result will always be ignored if the error is non-nil and the non-nil error causes requeuing with exponential backoff. For more details, see: https://pkg.go.dev/sigs.k8s.io/controller-runtime/pkg/reconcile#Reconciler	{"controller": "neo4jrestore", "controllerGroup": "neo4j.neo4j.com", "controllerKind": "Neo4jRestore", "Neo4jRestore": {"name":"test-restore-no-cluster","namespace":"test-failure-1750934075035366000-1750934075036586000"}, "namespace": "test-failure-1750934075035366000-1750934075036586000", "name": "test-restore-no-cluster", "reconcileID": "da4ac3bc-bad5-46ea-8dcc-79e640e01381"}
  2025-06-26T12:34:35+02:00	ERROR	Reconciler error	{"controller": "neo4jrestore", "controllerGroup": "neo4j.neo4j.com", "controllerKind": "Neo4jRestore", "Neo4jRestore": {"name":"test-restore-no-cluster","namespace":"test-failure-1750934075035366000-1750934075036586000"}, "namespace": "test-failure-1750934075035366000-1750934075036586000", "name": "test-restore-no-cluster", "reconcileID": "da4ac3bc-bad5-46ea-8dcc-79e640e01381", "error": "Neo4jEnterpriseCluster.neo4j.neo4j.com \"non-existent-cluster\" not found"}
  sigs.k8s.io/controller-runtime/pkg/internal/controller.(*Controller[...]).reconcileHandler
  	/Users/priyolahiri/go/pkg/mod/sigs.k8s.io/controller-runtime@v0.21.0/pkg/internal/controller/controller.go:353
  sigs.k8s.io/controller-runtime/pkg/internal/controller.(*Controller[...]).processNextWorkItem
  	/Users/priyolahiri/go/pkg/mod/sigs.k8s.io/controller-runtime@v0.21.0/pkg/internal/controller/controller.go:300
  sigs.k8s.io/controller-runtime/pkg/internal/controller.(*Controller[...]).Start.func2.1
  	/Users/priyolahiri/go/pkg/mod/sigs.k8s.io/controller-runtime@v0.21.0/pkg/internal/controller/controller.go:202
  [38;5;214m[INTERRUPTED][0m in [It] - /Users/priyolahiri/Code/neo4j-kubernetes-operator/test/integration/failure_scenarios_test.go:261 [38;5;243m@ 06/26/25 12:34:35.828[0m
  2025-06-26T12:34:35+02:00	ERROR	Failed to get target cluster	{"controller": "neo4jbackup", "controllerGroup": "neo4j.neo4j.com", "controllerKind": "Neo4jBackup", "Neo4jBackup": {"name":"test-backup-invalid-storage","namespace":"test-failure-1750934075033884000-1750934075035500000"}, "namespace": "test-failure-1750934075033884000-1750934075035500000", "name": "test-backup-invalid-storage", "reconcileID": "cb44ced0-e6cf-4ac2-859e-2ad09ee3fd50", "error": "Neo4jEnterpriseCluster.neo4j.neo4j.com \"test-cluster\" not found"}
  github.com/neo4j-labs/neo4j-kubernetes-operator/internal/controller.(*Neo4jBackupReconciler).Reconcile
  	/Users/priyolahiri/Code/neo4j-kubernetes-operator/internal/controller/neo4jbackup_controller.go:106
  sigs.k8s.io/controller-runtime/pkg/internal/controller.(*Controller[...]).Reconcile
  	/Users/priyolahiri/go/pkg/mod/sigs.k8s.io/controller-runtime@v0.21.0/pkg/internal/controller/controller.go:119
  sigs.k8s.io/controller-runtime/pkg/internal/controller.(*Controller[...]).reconcileHandler
  	/Users/priyolahiri/go/pkg/mod/sigs.k8s.io/controller-runtime@v0.21.0/pkg/internal/controller/controller.go:340
  sigs.k8s.io/controller-runtime/pkg/internal/controller.(*Controller[...]).processNextWorkItem
  	/Users/priyolahiri/go/pkg/mod/sigs.k8s.io/controller-runtime@v0.21.0/pkg/internal/controller/controller.go:300
  sigs.k8s.io/controller-runtime/pkg/internal/controller.(*Controller[...]).Start.func2.1
  	/Users/priyolahiri/go/pkg/mod/sigs.k8s.io/controller-runtime@v0.21.0/pkg/internal/controller/controller.go:202
  2025-06-26T12:34:35+02:00	ERROR	Failed to get target cluster	{"controller": "neo4jrestore", "controllerGroup": "neo4j.neo4j.com", "controllerKind": "Neo4jRestore", "Neo4jRestore": {"name":"test-restore-no-backup","namespace":"test-failure-1750934075033706000-1750934075035488000"}, "namespace": "test-failure-1750934075033706000-1750934075035488000", "name": "test-restore-no-backup", "reconcileID": "d1ccb128-f922-45ad-a261-bfa438e38f0b", "error": "Neo4jEnterpriseCluster.neo4j.neo4j.com \"test-cluster\" not found"}
  github.com/neo4j-labs/neo4j-kubernetes-operator/internal/controller.(*Neo4jRestoreReconciler).Reconcile
  	/Users/priyolahiri/Code/neo4j-kubernetes-operator/internal/controller/neo4jrestore_controller.go:118
  sigs.k8s.io/controller-runtime/pkg/internal/controller.(*Controller[...]).Reconcile
  	/Users/priyolahiri/go/pkg/mod/sigs.k8s.io/controller-runtime@v0.21.0/pkg/internal/controller/controller.go:119
  sigs.k8s.io/controller-runtime/pkg/internal/controller.(*Controller[...]).reconcileHandler
  	/Users/priyolahiri/go/pkg/mod/sigs.k8s.io/controller-runtime@v0.21.0/pkg/internal/controller/controller.go:340
  sigs.k8s.io/controller-runtime/pkg/internal/controller.(*Controller[...]).processNextWorkItem
  	/Users/priyolahiri/go/pkg/mod/sigs.k8s.io/controller-runtime@v0.21.0/pkg/internal/controller/controller.go:300
  sigs.k8s.io/controller-runtime/pkg/internal/controller.(*Controller[...]).Start.func2.1
  	/Users/priyolahiri/go/pkg/mod/sigs.k8s.io/controller-runtime@v0.21.0/pkg/internal/controller/controller.go:202
  2025-06-26T12:34:35+02:00	INFO	Warning: Reconciler returned both a non-zero result and a non-nil error. The result will always be ignored if the error is non-nil and the non-nil error causes requeuing with exponential backoff. For more details, see: https://pkg.go.dev/sigs.k8s.io/controller-runtime/pkg/reconcile#Reconciler	{"controller": "neo4jbackup", "controllerGroup": "neo4j.neo4j.com", "controllerKind": "Neo4jBackup", "Neo4jBackup": {"name":"test-backup-invalid-storage","namespace":"test-failure-1750934075033884000-1750934075035500000"}, "namespace": "test-failure-1750934075033884000-1750934075035500000", "name": "test-backup-invalid-storage", "reconcileID": "cb44ced0-e6cf-4ac2-859e-2ad09ee3fd50"}
  2025-06-26T12:34:35+02:00	ERROR	Reconciler error	{"controller": "neo4jbackup", "controllerGroup": "neo4j.neo4j.com", "controllerKind": "Neo4jBackup", "Neo4jBackup": {"name":"test-backup-invalid-storage","namespace":"test-failure-1750934075033884000-1750934075035500000"}, "namespace": "test-failure-1750934075033884000-1750934075035500000", "name": "test-backup-invalid-storage", "reconcileID": "cb44ced0-e6cf-4ac2-859e-2ad09ee3fd50", "error": "Neo4jEnterpriseCluster.neo4j.neo4j.com \"test-cluster\" not found"}
  sigs.k8s.io/controller-runtime/pkg/internal/controller.(*Controller[...]).reconcileHandler
  	/Users/priyolahiri/go/pkg/mod/sigs.k8s.io/controller-runtime@v0.21.0/pkg/internal/controller/controller.go:353
  sigs.k8s.io/controller-runtime/pkg/internal/controller.(*Controller[...]).processNextWorkItem
  	/Users/priyolahiri/go/pkg/mod/sigs.k8s.io/controller-runtime@v0.21.0/pkg/internal/controller/controller.go:300
  sigs.k8s.io/controller-runtime/pkg/internal/controller.(*Controller[...]).Start.func2.1
  	/Users/priyolahiri/go/pkg/mod/sigs.k8s.io/controller-runtime@v0.21.0/pkg/internal/controller/controller.go:202
  2025-06-26T12:34:35+02:00	ERROR	Failed to get target cluster	{"controller": "neo4jbackup", "controllerGroup": "neo4j.neo4j.com", "controllerKind": "Neo4jBackup", "Neo4jBackup": {"name":"test-backup-no-cluster","namespace":"test-failure-1750934075031883000-1750934075034004000"}, "namespace": "test-failure-1750934075031883000-1750934075034004000", "name": "test-backup-no-cluster", "reconcileID": "b263e668-9273-4d6f-8a5d-d0c73407b66f", "error": "Neo4jEnterpriseCluster.neo4j.neo4j.com \"non-existent-cluster\" not found"}
  github.com/neo4j-labs/neo4j-kubernetes-operator/internal/controller.(*Neo4jBackupReconciler).Reconcile
  	/Users/priyolahiri/Code/neo4j-kubernetes-operator/internal/controller/neo4jbackup_controller.go:106
  sigs.k8s.io/controller-runtime/pkg/internal/controller.(*Controller[...]).Reconcile
  	/Users/priyolahiri/go/pkg/mod/sigs.k8s.io/controller-runtime@v0.21.0/pkg/internal/controller/controller.go:119
  sigs.k8s.io/controller-runtime/pkg/internal/controller.(*Controller[...]).reconcileHandler
  	/Users/priyolahiri/go/pkg/mod/sigs.k8s.io/controller-runtime@v0.21.0/pkg/internal/controller/controller.go:340
  sigs.k8s.io/controller-runtime/pkg/internal/controller.(*Controller[...]).processNextWorkItem
  	/Users/priyolahiri/go/pkg/mod/sigs.k8s.io/controller-runtime@v0.21.0/pkg/internal/controller/controller.go:300
  sigs.k8s.io/controller-runtime/pkg/internal/controller.(*Controller[...]).Start.func2.1
  	/Users/priyolahiri/go/pkg/mod/sigs.k8s.io/controller-runtime@v0.21.0/pkg/internal/controller/controller.go:202
  2025-06-26T12:34:35+02:00	INFO	Warning: Reconciler returned both a non-zero result and a non-nil error. The result will always be ignored if the error is non-nil and the non-nil error causes requeuing with exponential backoff. For more details, see: https://pkg.go.dev/sigs.k8s.io/controller-runtime/pkg/reconcile#Reconciler	{"controller": "neo4jrestore", "controllerGroup": "neo4j.neo4j.com", "controllerKind": "Neo4jRestore", "Neo4jRestore": {"name":"test-restore-no-backup","namespace":"test-failure-1750934075033706000-1750934075035488000"}, "namespace": "test-failure-1750934075033706000-1750934075035488000", "name": "test-restore-no-backup", "reconcileID": "d1ccb128-f922-45ad-a261-bfa438e38f0b"}
  2025-06-26T12:34:35+02:00	ERROR	Reconciler error	{"controller": "neo4jrestore", "controllerGroup": "neo4j.neo4j.com", "controllerKind": "Neo4jRestore", "Neo4jRestore": {"name":"test-restore-no-backup","namespace":"test-failure-1750934075033706000-1750934075035488000"}, "namespace": "test-failure-1750934075033706000-1750934075035488000", "name": "test-restore-no-backup", "reconcileID": "d1ccb128-f922-45ad-a261-bfa438e38f0b", "error": "Neo4jEnterpriseCluster.neo4j.neo4j.com \"test-cluster\" not found"}
  sigs.k8s.io/controller-runtime/pkg/internal/controller.(*Controller[...]).reconcileHandler
  	/Users/priyolahiri/go/pkg/mod/sigs.k8s.io/controller-runtime@v0.21.0/pkg/internal/controller/controller.go:353
  sigs.k8s.io/controller-runtime/pkg/internal/controller.(*Controller[...]).processNextWorkItem
  	/Users/priyolahiri/go/pkg/mod/sigs.k8s.io/controller-runtime@v0.21.0/pkg/internal/controller/controller.go:300
  sigs.k8s.io/controller-runtime/pkg/internal/controller.(*Controller[...]).Start.func2.1
  	/Users/priyolahiri/go/pkg/mod/sigs.k8s.io/controller-runtime@v0.21.0/pkg/internal/controller/controller.go:202
  2025-06-26T12:34:35+02:00	ERROR	Failed to get target cluster	{"controller": "neo4jrestore", "controllerGroup": "neo4j.neo4j.com", "controllerKind": "Neo4jRestore", "Neo4jRestore": {"name":"test-restore-no-cluster","namespace":"test-failure-1750934075035366000-1750934075036586000"}, "namespace": "test-failure-1750934075035366000-1750934075036586000", "name": "test-restore-no-cluster", "reconcileID": "efba45fa-1bae-4457-ac55-030b776f1c88", "error": "Neo4jEnterpriseCluster.neo4j.neo4j.com \"non-existent-cluster\" not found"}
  github.com/neo4j-labs/neo4j-kubernetes-operator/internal/controller.(*Neo4jRestoreReconciler).Reconcile
  	/Users/priyolahiri/Code/neo4j-kubernetes-operator/internal/controller/neo4jrestore_controller.go:118
  sigs.k8s.io/controller-runtime/pkg/internal/controller.(*Controller[...]).Reconcile
  	/Users/priyolahiri/go/pkg/mod/sigs.k8s.io/controller-runtime@v0.21.0/pkg/internal/controller/controller.go:119
  sigs.k8s.io/controller-runtime/pkg/internal/controller.(*Controller[...]).reconcileHandler
  	/Users/priyolahiri/go/pkg/mod/sigs.k8s.io/controller-runtime@v0.21.0/pkg/internal/controller/controller.go:340
  sigs.k8s.io/controller-runtime/pkg/internal/controller.(*Controller[...]).processNextWorkItem
  	/Users/priyolahiri/go/pkg/mod/sigs.k8s.io/controller-runtime@v0.21.0/pkg/internal/controller/controller.go:300
  sigs.k8s.io/controller-runtime/pkg/internal/controller.(*Controller[...]).Start.func2.1
  	/Users/priyolahiri/go/pkg/mod/sigs.k8s.io/controller-runtime@v0.21.0/pkg/internal/controller/controller.go:202
  2025-06-26T12:34:35+02:00	INFO	Warning: Reconciler returned both a non-zero result and a non-nil error. The result will always be ignored if the error is non-nil and the non-nil error causes requeuing with exponential backoff. For more details, see: https://pkg.go.dev/sigs.k8s.io/controller-runtime/pkg/reconcile#Reconciler	{"controller": "neo4jrestore", "controllerGroup": "neo4j.neo4j.com", "controllerKind": "Neo4jRestore", "Neo4jRestore": {"name":"test-restore-no-cluster","namespace":"test-failure-1750934075035366000-1750934075036586000"}, "namespace": "test-failure-1750934075035366000-1750934075036586000", "name": "test-restore-no-cluster", "reconcileID": "efba45fa-1bae-4457-ac55-030b776f1c88"}
  2025-06-26T12:34:35+02:00	ERROR	Reconciler error	{"controller": "neo4jrestore", "controllerGroup": "neo4j.neo4j.com", "controllerKind": "Neo4jRestore", "Neo4jRestore": {"name":"test-restore-no-cluster","namespace":"test-failure-1750934075035366000-1750934075036586000"}, "namespace": "test-failure-1750934075035366000-1750934075036586000", "name": "test-restore-no-cluster", "reconcileID": "efba45fa-1bae-4457-ac55-030b776f1c88", "error": "Neo4jEnterpriseCluster.neo4j.neo4j.com \"non-existent-cluster\" not found"}
  sigs.k8s.io/controller-runtime/pkg/internal/controller.(*Controller[...]).reconcileHandler
  	/Users/priyolahiri/go/pkg/mod/sigs.k8s.io/controller-runtime@v0.21.0/pkg/internal/controller/controller.go:353
  sigs.k8s.io/controller-runtime/pkg/internal/controller.(*Controller[...]).processNextWorkItem
  	/Users/priyolahiri/go/pkg/mod/sigs.k8s.io/controller-runtime@v0.21.0/pkg/internal/controller/controller.go:300
  sigs.k8s.io/controller-runtime/pkg/internal/controller.(*Controller[...]).Start.func2.1
  	/Users/priyolahiri/go/pkg/mod/sigs.k8s.io/controller-runtime@v0.21.0/pkg/internal/controller/controller.go:202
  2025-06-26T12:34:35+02:00	INFO	Warning: Reconciler returned both a non-zero result and a non-nil error. The result will always be ignored if the error is non-nil and the non-nil error causes requeuing with exponential backoff. For more details, see: https://pkg.go.dev/sigs.k8s.io/controller-runtime/pkg/reconcile#Reconciler	{"controller": "neo4jbackup", "controllerGroup": "neo4j.neo4j.com", "controllerKind": "Neo4jBackup", "Neo4jBackup": {"name":"test-backup-no-cluster","namespace":"test-failure-1750934075031883000-1750934075034004000"}, "namespace": "test-failure-1750934075031883000-1750934075034004000", "name": "test-backup-no-cluster", "reconcileID": "b263e668-9273-4d6f-8a5d-d0c73407b66f"}
  2025-06-26T12:34:35+02:00	ERROR	Reconciler error	{"controller": "neo4jbackup", "controllerGroup": "neo4j.neo4j.com", "controllerKind": "Neo4jBackup", "Neo4jBackup": {"name":"test-backup-no-cluster","namespace":"test-failure-1750934075031883000-1750934075034004000"}, "namespace": "test-failure-1750934075031883000-1750934075034004000", "name": "test-backup-no-cluster", "reconcileID": "b263e668-9273-4d6f-8a5d-d0c73407b66f", "error": "Neo4jEnterpriseCluster.neo4j.neo4j.com \"non-existent-cluster\" not found"}
  sigs.k8s.io/controller-runtime/pkg/internal/controller.(*Controller[...]).reconcileHandler
  	/Users/priyolahiri/go/pkg/mod/sigs.k8s.io/controller-runtime@v0.21.0/pkg/internal/controller/controller.go:353
  sigs.k8s.io/controller-runtime/pkg/internal/controller.(*Controller[...]).processNextWorkItem
  	/Users/priyolahiri/go/pkg/mod/sigs.k8s.io/controller-runtime@v0.21.0/pkg/internal/controller/controller.go:300
  sigs.k8s.io/controller-runtime/pkg/internal/controller.(*Controller[...]).Start.func2.1
  	/Users/priyolahiri/go/pkg/mod/sigs.k8s.io/controller-runtime@v0.21.0/pkg/internal/controller/controller.go:202
  2025-06-26T12:34:35+02:00	ERROR	Failed to add finalizer	{"controller": "neo4jbackup", "controllerGroup": "neo4j.neo4j.com", "controllerKind": "Neo4jBackup", "Neo4jBackup": {"name":"test-backup-no-cluster","namespace":"test-failure-1750934075031883000-1750934075034004000"}, "namespace": "test-failure-1750934075031883000-1750934075034004000", "name": "test-backup-no-cluster", "reconcileID": "2499080e-9f96-4397-9851-3a99c3084e21", "error": "Operation cannot be fulfilled on neo4jbackups.neo4j.neo4j.com \"test-backup-no-cluster\": the object has been modified; please apply your changes to the latest version and try again"}
  github.com/neo4j-labs/neo4j-kubernetes-operator/internal/controller.(*Neo4jBackupReconciler).Reconcile
  	/Users/priyolahiri/Code/neo4j-kubernetes-operator/internal/controller/neo4jbackup_controller.go:97
  sigs.k8s.io/controller-runtime/pkg/internal/controller.(*Controller[...]).Reconcile
  	/Users/priyolahiri/go/pkg/mod/sigs.k8s.io/controller-runtime@v0.21.0/pkg/internal/controller/controller.go:119
  sigs.k8s.io/controller-runtime/pkg/internal/controller.(*Controller[...]).reconcileHandler
  	/Users/priyolahiri/go/pkg/mod/sigs.k8s.io/controller-runtime@v0.21.0/pkg/internal/controller/controller.go:340
  sigs.k8s.io/controller-runtime/pkg/internal/controller.(*Controller[...]).processNextWorkItem
  	/Users/priyolahiri/go/pkg/mod/sigs.k8s.io/controller-runtime@v0.21.0/pkg/internal/controller/controller.go:300
  sigs.k8s.io/controller-runtime/pkg/internal/controller.(*Controller[...]).Start.func2.1
  	/Users/priyolahiri/go/pkg/mod/sigs.k8s.io/controller-runtime@v0.21.0/pkg/internal/controller/controller.go:202
  2025-06-26T12:34:35+02:00	ERROR	Reconciler error	{"controller": "neo4jbackup", "controllerGroup": "neo4j.neo4j.com", "controllerKind": "Neo4jBackup", "Neo4jBackup": {"name":"test-backup-no-cluster","namespace":"test-failure-1750934075031883000-1750934075034004000"}, "namespace": "test-failure-1750934075031883000-1750934075034004000", "name": "test-backup-no-cluster", "reconcileID": "2499080e-9f96-4397-9851-3a99c3084e21", "error": "Operation cannot be fulfilled on neo4jbackups.neo4j.neo4j.com \"test-backup-no-cluster\": the object has been modified; please apply your changes to the latest version and try again"}
  sigs.k8s.io/controller-runtime/pkg/internal/controller.(*Controller[...]).reconcileHandler
  	/Users/priyolahiri/go/pkg/mod/sigs.k8s.io/controller-runtime@v0.21.0/pkg/internal/controller/controller.go:353
  sigs.k8s.io/controller-runtime/pkg/internal/controller.(*Controller[...]).processNextWorkItem
  	/Users/priyolahiri/go/pkg/mod/sigs.k8s.io/controller-runtime@v0.21.0/pkg/internal/controller/controller.go:300
  sigs.k8s.io/controller-runtime/pkg/internal/controller.(*Controller[...]).Start.func2.1
  	/Users/priyolahiri/go/pkg/mod/sigs.k8s.io/controller-runtime@v0.21.0/pkg/internal/controller/controller.go:202
  2025-06-26T12:34:35+02:00	ERROR	Failed to add finalizer	{"controller": "neo4jrestore", "controllerGroup": "neo4j.neo4j.com", "controllerKind": "Neo4jRestore", "Neo4jRestore": {"name":"test-restore-no-cluster","namespace":"test-failure-1750934075035366000-1750934075036586000"}, "namespace": "test-failure-1750934075035366000-1750934075036586000", "name": "test-restore-no-cluster", "reconcileID": "17783591-7f3d-434e-b4d7-9e5232da1037", "error": "Operation cannot be fulfilled on neo4jrestores.neo4j.neo4j.com \"test-restore-no-cluster\": the object has been modified; please apply your changes to the latest version and try again"}
  github.com/neo4j-labs/neo4j-kubernetes-operator/internal/controller.(*Neo4jRestoreReconciler).Reconcile
  	/Users/priyolahiri/Code/neo4j-kubernetes-operator/internal/controller/neo4jrestore_controller.go:109
  sigs.k8s.io/controller-runtime/pkg/internal/controller.(*Controller[...]).Reconcile
  	/Users/priyolahiri/go/pkg/mod/sigs.k8s.io/controller-runtime@v0.21.0/pkg/internal/controller/controller.go:119
  sigs.k8s.io/controller-runtime/pkg/internal/controller.(*Controller[...]).reconcileHandler
  	/Users/priyolahiri/go/pkg/mod/sigs.k8s.io/controller-runtime@v0.21.0/pkg/internal/controller/controller.go:340
  sigs.k8s.io/controller-runtime/pkg/internal/controller.(*Controller[...]).processNextWorkItem
  	/Users/priyolahiri/go/pkg/mod/sigs.k8s.io/controller-runtime@v0.21.0/pkg/internal/controller/controller.go:300
  sigs.k8s.io/controller-runtime/pkg/internal/controller.(*Controller[...]).Start.func2.1
  	/Users/priyolahiri/go/pkg/mod/sigs.k8s.io/controller-runtime@v0.21.0/pkg/internal/controller/controller.go:202
  2025-06-26T12:34:35+02:00	ERROR	Reconciler error	{"controller": "neo4jrestore", "controllerGroup": "neo4j.neo4j.com", "controllerKind": "Neo4jRestore", "Neo4jRestore": {"name":"test-restore-no-cluster","namespace":"test-failure-1750934075035366000-1750934075036586000"}, "namespace": "test-failure-1750934075035366000-1750934075036586000", "name": "test-restore-no-cluster", "reconcileID": "17783591-7f3d-434e-b4d7-9e5232da1037", "error": "Operation cannot be fulfilled on neo4jrestores.neo4j.neo4j.com \"test-restore-no-cluster\": the object has been modified; please apply your changes to the latest version and try again"}
  sigs.k8s.io/controller-runtime/pkg/internal/controller.(*Controller[...]).reconcileHandler
  	/Users/priyolahiri/go/pkg/mod/sigs.k8s.io/controller-runtime@v0.21.0/pkg/internal/controller/controller.go:353
  sigs.k8s.io/controller-runtime/pkg/internal/controller.(*Controller[...]).processNextWorkItem
  	/Users/priyolahiri/go/pkg/mod/sigs.k8s.io/controller-runtime@v0.21.0/pkg/internal/controller/controller.go:300
  sigs.k8s.io/controller-runtime/pkg/internal/controller.(*Controller[...]).Start.func2.1
  	/Users/priyolahiri/go/pkg/mod/sigs.k8s.io/controller-runtime@v0.21.0/pkg/internal/controller/controller.go:202
  2025-06-26T12:34:35+02:00	ERROR	Failed to add finalizer	{"controller": "neo4jrestore", "controllerGroup": "neo4j.neo4j.com", "controllerKind": "Neo4jRestore", "Neo4jRestore": {"name":"test-restore-no-backup","namespace":"test-failure-1750934075033706000-1750934075035488000"}, "namespace": "test-failure-1750934075033706000-1750934075035488000", "name": "test-restore-no-backup", "reconcileID": "e11d1d58-3f2c-4ec5-9882-83685308584d", "error": "Operation cannot be fulfilled on neo4jrestores.neo4j.neo4j.com \"test-restore-no-backup\": StorageError: invalid object, Code: 4, Key: /registry/neo4j.neo4j.com/neo4jrestores/test-failure-1750934075033706000-1750934075035488000/test-restore-no-backup, ResourceVersion: 0, AdditionalErrorMsg: Precondition failed: UID in precondition: e6e478b1-bde0-4f6e-8d95-cc64791172d6, UID in object meta: "}
  github.com/neo4j-labs/neo4j-kubernetes-operator/internal/controller.(*Neo4jRestoreReconciler).Reconcile
  	/Users/priyolahiri/Code/neo4j-kubernetes-operator/internal/controller/neo4jrestore_controller.go:109
  sigs.k8s.io/controller-runtime/pkg/internal/controller.(*Controller[...]).Reconcile
  	/Users/priyolahiri/go/pkg/mod/sigs.k8s.io/controller-runtime@v0.21.0/pkg/internal/controller/controller.go:119
  sigs.k8s.io/controller-runtime/pkg/internal/controller.(*Controller[...]).reconcileHandler
  	/Users/priyolahiri/go/pkg/mod/sigs.k8s.io/controller-runtime@v0.21.0/pkg/internal/controller/controller.go:340
  sigs.k8s.io/controller-runtime/pkg/internal/controller.(*Controller[...]).processNextWorkItem
  	/Users/priyolahiri/go/pkg/mod/sigs.k8s.io/controller-runtime@v0.21.0/pkg/internal/controller/controller.go:300
  sigs.k8s.io/controller-runtime/pkg/internal/controller.(*Controller[...]).Start.func2.1
  	/Users/priyolahiri/go/pkg/mod/sigs.k8s.io/controller-runtime@v0.21.0/pkg/internal/controller/controller.go:202
  2025-06-26T12:34:35+02:00	ERROR	Reconciler error	{"controller": "neo4jrestore", "controllerGroup": "neo4j.neo4j.com", "controllerKind": "Neo4jRestore", "Neo4jRestore": {"name":"test-restore-no-backup","namespace":"test-failure-1750934075033706000-1750934075035488000"}, "namespace": "test-failure-1750934075033706000-1750934075035488000", "name": "test-restore-no-backup", "reconcileID": "e11d1d58-3f2c-4ec5-9882-83685308584d", "error": "Operation cannot be fulfilled on neo4jrestores.neo4j.neo4j.com \"test-restore-no-backup\": StorageError: invalid object, Code: 4, Key: /registry/neo4j.neo4j.com/neo4jrestores/test-failure-1750934075033706000-1750934075035488000/test-restore-no-backup, ResourceVersion: 0, AdditionalErrorMsg: Precondition failed: UID in precondition: e6e478b1-bde0-4f6e-8d95-cc64791172d6, UID in object meta: "}
  sigs.k8s.io/controller-runtime/pkg/internal/controller.(*Controller[...]).reconcileHandler
  	/Users/priyolahiri/go/pkg/mod/sigs.k8s.io/controller-runtime@v0.21.0/pkg/internal/controller/controller.go:353
  sigs.k8s.io/controller-runtime/pkg/internal/controller.(*Controller[...]).processNextWorkItem
  	/Users/priyolahiri/go/pkg/mod/sigs.k8s.io/controller-runtime@v0.21.0/pkg/internal/controller/controller.go:300
  sigs.k8s.io/controller-runtime/pkg/internal/controller.(*Controller[...]).Start.func2.1
  	/Users/priyolahiri/go/pkg/mod/sigs.k8s.io/controller-runtime@v0.21.0/pkg/internal/controller/controller.go:202
  2025-06-26T12:34:35+02:00	ERROR	Failed to add finalizer	{"controller": "neo4jbackup", "controllerGroup": "neo4j.neo4j.com", "controllerKind": "Neo4jBackup", "Neo4jBackup": {"name":"test-backup-invalid-storage","namespace":"test-failure-1750934075033884000-1750934075035500000"}, "namespace": "test-failure-1750934075033884000-1750934075035500000", "name": "test-backup-invalid-storage", "reconcileID": "0aa6d43e-7b02-48fc-ae29-4942c958b34a", "error": "Operation cannot be fulfilled on neo4jbackups.neo4j.neo4j.com \"test-backup-invalid-storage\": StorageError: invalid object, Code: 4, Key: /registry/neo4j.neo4j.com/neo4jbackups/test-failure-1750934075033884000-1750934075035500000/test-backup-invalid-storage, ResourceVersion: 0, AdditionalErrorMsg: Precondition failed: UID in precondition: 8b54b550-41c5-4309-aa85-b2e536f19ec7, UID in object meta: "}
  github.com/neo4j-labs/neo4j-kubernetes-operator/internal/controller.(*Neo4jBackupReconciler).Reconcile
  	/Users/priyolahiri/Code/neo4j-kubernetes-operator/internal/controller/neo4jbackup_controller.go:97
  sigs.k8s.io/controller-runtime/pkg/internal/controller.(*Controller[...]).Reconcile
  	/Users/priyolahiri/go/pkg/mod/sigs.k8s.io/controller-runtime@v0.21.0/pkg/internal/controller/controller.go:119
  sigs.k8s.io/controller-runtime/pkg/internal/controller.(*Controller[...]).reconcileHandler
  	/Users/priyolahiri/go/pkg/mod/sigs.k8s.io/controller-runtime@v0.21.0/pkg/internal/controller/controller.go:340
  sigs.k8s.io/controller-runtime/pkg/internal/controller.(*Controller[...]).processNextWorkItem
  	/Users/priyolahiri/go/pkg/mod/sigs.k8s.io/controller-runtime@v0.21.0/pkg/internal/controller/controller.go:300
  sigs.k8s.io/controller-runtime/pkg/internal/controller.(*Controller[...]).Start.func2.1
  	/Users/priyolahiri/go/pkg/mod/sigs.k8s.io/controller-runtime@v0.21.0/pkg/internal/controller/controller.go:202
  2025-06-26T12:34:35+02:00	ERROR	Reconciler error	{"controller": "neo4jbackup", "controllerGroup": "neo4j.neo4j.com", "controllerKind": "Neo4jBackup", "Neo4jBackup": {"name":"test-backup-invalid-storage","namespace":"test-failure-1750934075033884000-1750934075035500000"}, "namespace": "test-failure-1750934075033884000-1750934075035500000", "name": "test-backup-invalid-storage", "reconcileID": "0aa6d43e-7b02-48fc-ae29-4942c958b34a", "error": "Operation cannot be fulfilled on neo4jbackups.neo4j.neo4j.com \"test-backup-invalid-storage\": StorageError: invalid object, Code: 4, Key: /registry/neo4j.neo4j.com/neo4jbackups/test-failure-1750934075033884000-1750934075035500000/test-backup-invalid-storage, ResourceVersion: 0, AdditionalErrorMsg: Precondition failed: UID in precondition: 8b54b550-41c5-4309-aa85-b2e536f19ec7, UID in object meta: "}
  sigs.k8s.io/controller-runtime/pkg/internal/controller.(*Controller[...]).reconcileHandler
  	/Users/priyolahiri/go/pkg/mod/sigs.k8s.io/controller-runtime@v0.21.0/pkg/internal/controller/controller.go:353
  sigs.k8s.io/controller-runtime/pkg/internal/controller.(*Controller[...]).processNextWorkItem
  	/Users/priyolahiri/go/pkg/mod/sigs.k8s.io/controller-runtime@v0.21.0/pkg/internal/controller/controller.go:300
  sigs.k8s.io/controller-runtime/pkg/internal/controller.(*Controller[...]).Start.func2.1
  	/Users/priyolahiri/go/pkg/mod/sigs.k8s.io/controller-runtime@v0.21.0/pkg/internal/controller/controller.go:202
  2025-06-26T12:34:35+02:00	INFO	No retention policy specified, skipping cleanup	{"controller": "neo4jbackup", "controllerGroup": "neo4j.neo4j.com", "controllerKind": "Neo4jBackup", "Neo4jBackup": {"name":"test-backup-no-cluster","namespace":"test-failure-1750934075031883000-1750934075034004000"}, "namespace": "test-failure-1750934075031883000-1750934075034004000", "name": "test-backup-no-cluster", "reconcileID": "929af513-6b23-452e-b53b-fa2e0976d479"}
  2025-06-26T12:34:35+02:00	ERROR	Reconciler error	{"controller": "neo4jbackup", "controllerGroup": "neo4j.neo4j.com", "controllerKind": "Neo4jBackup", "Neo4jBackup": {"name":"test-backup-no-cluster","namespace":"test-failure-1750934075031883000-1750934075034004000"}, "namespace": "test-failure-1750934075031883000-1750934075034004000", "name": "test-backup-no-cluster", "reconcileID": "929af513-6b23-452e-b53b-fa2e0976d479", "error": "Operation cannot be fulfilled on neo4jbackups.neo4j.neo4j.com \"test-backup-no-cluster\": StorageError: invalid object, Code: 4, Key: /registry/neo4j.neo4j.com/neo4jbackups/test-failure-1750934075031883000-1750934075034004000/test-backup-no-cluster, ResourceVersion: 0, AdditionalErrorMsg: Precondition failed: UID in precondition: c163978e-2ca1-4697-83b2-e13f45fdb2dd, UID in object meta: "}
  sigs.k8s.io/controller-runtime/pkg/internal/controller.(*Controller[...]).reconcileHandler
  	/Users/priyolahiri/go/pkg/mod/sigs.k8s.io/controller-runtime@v0.21.0/pkg/internal/controller/controller.go:353
  sigs.k8s.io/controller-runtime/pkg/internal/controller.(*Controller[...]).processNextWorkItem
  	/Users/priyolahiri/go/pkg/mod/sigs.k8s.io/controller-runtime@v0.21.0/pkg/internal/controller/controller.go:300
  sigs.k8s.io/controller-runtime/pkg/internal/controller.(*Controller[...]).Start.func2.1
  	/Users/priyolahiri/go/pkg/mod/sigs.k8s.io/controller-runtime@v0.21.0/pkg/internal/controller/controller.go:202
  2025-06-26T12:34:35+02:00	INFO	Neo4jBackup resource not found	{"controller": "neo4jbackup", "controllerGroup": "neo4j.neo4j.com", "controllerKind": "Neo4jBackup", "Neo4jBackup": {"name":"test-backup-invalid-storage","namespace":"test-failure-1750934075033884000-1750934075035500000"}, "namespace": "test-failure-1750934075033884000-1750934075035500000", "name": "test-backup-invalid-storage", "reconcileID": "f46f2cd8-ab5d-4611-b9b0-a169a3334e91"}
  2025-06-26T12:34:35+02:00	INFO	Neo4jBackup resource not found	{"controller": "neo4jbackup", "controllerGroup": "neo4j.neo4j.com", "controllerKind": "Neo4jBackup", "Neo4jBackup": {"name":"test-backup-no-cluster","namespace":"test-failure-1750934075031883000-1750934075034004000"}, "namespace": "test-failure-1750934075031883000-1750934075034004000", "name": "test-backup-no-cluster", "reconcileID": "6e984119-02d7-466e-af29-0127ff330a23"}
  2025-06-26T12:34:35+02:00	ERROR	Reconciler error	{"controller": "neo4jrestore", "controllerGroup": "neo4j.neo4j.com", "controllerKind": "Neo4jRestore", "Neo4jRestore": {"name":"test-restore-no-cluster","namespace":"test-failure-1750934075035366000-1750934075036586000"}, "namespace": "test-failure-1750934075035366000-1750934075036586000", "name": "test-restore-no-cluster", "reconcileID": "203fd2bb-1088-46d4-bddc-2f84cbe3ecab", "error": "Operation cannot be fulfilled on neo4jrestores.neo4j.neo4j.com \"test-restore-no-cluster\": StorageError: invalid object, Code: 4, Key: /registry/neo4j.neo4j.com/neo4jrestores/test-failure-1750934075035366000-1750934075036586000/test-restore-no-cluster, ResourceVersion: 0, AdditionalErrorMsg: Precondition failed: UID in precondition: 57171161-ab17-40e3-ab9f-e7e57a0a6260, UID in object meta: "}
  sigs.k8s.io/controller-runtime/pkg/internal/controller.(*Controller[...]).reconcileHandler
  	/Users/priyolahiri/go/pkg/mod/sigs.k8s.io/controller-runtime@v0.21.0/pkg/internal/controller/controller.go:353
  sigs.k8s.io/controller-runtime/pkg/internal/controller.(*Controller[...]).processNextWorkItem
  	/Users/priyolahiri/go/pkg/mod/sigs.k8s.io/controller-runtime@v0.21.0/pkg/internal/controller/controller.go:300
  sigs.k8s.io/controller-runtime/pkg/internal/controller.(*Controller[...]).Start.func2.1
  	/Users/priyolahiri/go/pkg/mod/sigs.k8s.io/controller-runtime@v0.21.0/pkg/internal/controller/controller.go:202
  2025-06-26T12:34:35+02:00	INFO	Neo4jRestore resource not found	{"controller": "neo4jrestore", "controllerGroup": "neo4j.neo4j.com", "controllerKind": "Neo4jRestore", "Neo4jRestore": {"name":"test-restore-no-backup","namespace":"test-failure-1750934075033706000-1750934075035488000"}, "namespace": "test-failure-1750934075033706000-1750934075035488000", "name": "test-restore-no-backup", "reconcileID": "9cea3289-2d9b-456a-a12b-9bfed88c7400"}
  2025-06-26T12:34:35+02:00	INFO	Neo4jRestore resource not found	{"controller": "neo4jrestore", "controllerGroup": "neo4j.neo4j.com", "controllerKind": "Neo4jRestore", "Neo4jRestore": {"name":"test-restore-no-cluster","namespace":"test-failure-1750934075035366000-1750934075036586000"}, "namespace": "test-failure-1750934075035366000-1750934075036586000", "name": "test-restore-no-cluster", "reconcileID": "c21ced27-3848-464b-a52d-d0057499fc36"}
  [38;5;243m<< Timeline[0m

  [38;5;214m[INTERRUPTED] Interrupted by Other Ginkgo Process[0m
  [38;5;214mIn [1m[It][0m[38;5;214m at: [1m/Users/priyolahiri/Code/neo4j-kubernetes-operator/test/integration/failure_scenarios_test.go:261[0m [38;5;243m@ 06/26/25 12:34:35.828[0m
[38;5;243m------------------------------[0m

[1m[38;5;9mGinkgo timed out waiting for all parallel procs to report back[0m
[38;5;243mTest suite:[0m integration (.)

This occurs if a parallel process exits before it reports its results to the
Ginkgo CLI.  The CLI will now print out all the stdout/stderr output it's
collected from the running processes.  However you may not see anything useful
in these logs because the individual test processes usually intercept output to
stdout/stderr in order to capture it in the spec reports.

You may want to try rerunning your test suite with
[38;5;246m--output-interceptor-mode=none[0m to see additional output here and debug your
suite.

[1mOutput from proc 1:[0m

[1mOutput from proc 2:[0m

[1mOutput from proc 3:[0m

[1mOutput from proc 4:[0m

[1mOutput from proc 5:[0m

[1mOutput from proc 6:[0m

[1mOutput from proc 7:[0m

[1mOutput from proc 8:[0m

[1mOutput from proc 9:[0m

[1mOutput from proc 10:[0m

[1mOutput from proc 11:[0m

[1mOutput from proc 12:[0m

[1mOutput from proc 13:[0m

** End **[38;5;9m[1mginkgo run[0m [38;5;9mfailed[0m
  Failed to combine cover profiles
  open /Users/priyolahiri/Code/neo4j-kubernetes-operator/integration_coverage-integration.out.1: no such file or directory
